[L20mm] loaded 7680 transitions (28.9s)
[L20mm / persistence] accuracy=0.0000 (reference floor; slateN row below is DEGENERATE, see docstring)
    averaged         lyapunov=+0.0328  mass_in_region=-0.0186  signed_mass=+0.0076  (30 goals)
[L20mm / random] accuracy=n/a (ranking-only floor)
    averaged         lyapunov=+0.0054  mass_in_region=-0.0019  signed_mass=+0.0006  (30 goals)
[L20mm / nfd_randlen] accuracy=0.4071  device=cpu  (10.9s)
    averaged         lyapunov=+0.8183  mass_in_region=+0.7246  signed_mass=+0.7599  (30 goals)
[L20mm / nfd_warped_randlen] accuracy=0.3476  device=cpu  (13.2s)
    averaged         lyapunov=+0.8161  mass_in_region=+0.7274  signed_mass=+0.7335  (30 goals)
[L20mm / nfd_warped_randlen_flipaug] accuracy=0.3496  device=cpu  (12.0s)
    averaged         lyapunov=+0.8286  mass_in_region=+0.7524  signed_mass=+0.7308  (30 goals)
[L20mm / nfd_warped_randlen_flipaug_epoch30] accuracy=0.3501  device=cpu  (13.0s)
    averaged         lyapunov=+0.8196  mass_in_region=+0.7235  signed_mass=+0.7337  (30 goals)
[L20mm / nfd_residual_warped_flipaug_randlen] accuracy=0.3839  device=cpu  (12.8s)
    averaged         lyapunov=+0.8308  mass_in_region=+0.7120  signed_mass=+0.7495  (30 goals)
[L20mm / nfd_residual_worldframe_noaug_ep43] accuracy=0.4322  device=cpu  (11.4s)
    averaged         lyapunov=+0.8611  mass_in_region=+0.7487  signed_mass=+0.7527  (30 goals)
[SwitchedLinearForesightPredictor] loaded Baselines/LinearForesight/runs/operators_res32.pt (6 bins, res=32, constraint=ridge, counts=[7420, 18330, 24925, 22275, 18680, 6666])
[L20mm / linear_switched_res32] accuracy=0.2617  device=cpu  (2.3s)
    averaged         lyapunov=+0.8350  mass_in_region=+0.7065  signed_mass=+0.7201  (30 goals)
[SwitchedLinearForesightPredictor] loaded Baselines/LinearForesight/runs/operators_res64.pt (6 bins, res=64, constraint=ridge, counts=[141, 384, 496, 422, 396, 161])
[L20mm / linear_switched_res64] accuracy=0.2418  device=cpu  (4.3s)
    averaged         lyapunov=+0.7860  mass_in_region=+0.6554  signed_mass=+0.6757  (30 goals)
[SingleLinearForesightPredictor] loaded Baselines/LinearForesight/runs/operators_res32.pt (res=32, fit on configs/dataset/genesis_overnight_randlen_train_all.yaml)
[L20mm / linear_single_res32] accuracy=0.0437  device=cpu  (2.3s)
    averaged         lyapunov=+0.5047  mass_in_region=+0.3616  signed_mass=+0.3574  (30 goals)
[SingleLinearForesightPredictor] loaded Baselines/LinearForesight/runs/operators_res64.pt (res=64, fit on configs/dataset/genesis_overnight_randlen_train_all.yaml)
[L20mm / linear_single_res64] accuracy=0.0280  device=cpu  (4.0s)
    averaged         lyapunov=+0.4110  mass_in_region=+0.3042  signed_mass=+0.3063  (30 goals)
[GNNPredictor] loaded Baselines/GNN/runs/ckpt_best.pth (epoch=300, val_mse=4.0153605207630484e-06, n_particles=20)
[L20mm / gnn_l20l40] accuracy=0.2783  device=cpu  (16.4s)
    averaged         lyapunov=+0.8437  mass_in_region=+0.7384  signed_mass=+0.7429  (30 goals)
[GNNPredictor] loaded Baselines/GNN/runs/randlen_train_all_n30/ckpt_best.pth (epoch=101, val_mse=5.661420293748055e-06, n_particles=30)
[L20mm / gnn_randlen_n30] accuracy=0.2416  device=cpu  (22.0s)
    averaged         lyapunov=+0.6820  mass_in_region=+0.5728  signed_mass=+0.5401  (30 goals)
[L40mm] loaded 7680 transitions (35.8s)
[L40mm / persistence] accuracy=0.0000 (reference floor; slateN row below is DEGENERATE, see docstring)
    averaged         lyapunov=-0.0254  mass_in_region=+0.0221  signed_mass=+0.0256  (30 goals)
[L40mm / random] accuracy=n/a (ranking-only floor)
    averaged         lyapunov=+0.0107  mass_in_region=+0.0029  signed_mass=+0.0049  (30 goals)
[L40mm / nfd_randlen] accuracy=0.5088  device=cpu  (11.2s)
    averaged         lyapunov=+0.8701  mass_in_region=+0.7082  signed_mass=+0.7868  (30 goals)
[L40mm / nfd_warped_randlen] accuracy=0.4589  device=cpu  (13.5s)
    averaged         lyapunov=+0.8321  mass_in_region=+0.7083  signed_mass=+0.7467  (30 goals)
[L40mm / nfd_warped_randlen_flipaug] accuracy=0.4431  device=cpu  (13.4s)
    averaged         lyapunov=+0.8104  mass_in_region=+0.6807  signed_mass=+0.7166  (30 goals)
[L40mm / nfd_warped_randlen_flipaug_epoch30] accuracy=0.4617  device=cpu  (13.1s)
    averaged         lyapunov=+0.8498  mass_in_region=+0.7393  signed_mass=+0.7652  (30 goals)
[L40mm / nfd_residual_warped_flipaug_randlen] accuracy=0.4690  device=cpu  (12.5s)
    averaged         lyapunov=+0.8499  mass_in_region=+0.7174  signed_mass=+0.7603  (30 goals)
[L40mm / nfd_residual_worldframe_noaug_ep43] accuracy=0.5247  device=cpu  (11.0s)
    averaged         lyapunov=+0.8484  mass_in_region=+0.7559  signed_mass=+0.8000  (30 goals)
[SwitchedLinearForesightPredictor] loaded Baselines/LinearForesight/runs/operators_res32.pt (6 bins, res=32, constraint=ridge, counts=[7420, 18330, 24925, 22275, 18680, 6666])
[L40mm / linear_switched_res32] accuracy=0.4373  device=cpu  (2.4s)
    averaged         lyapunov=+0.8810  mass_in_region=+0.7189  signed_mass=+0.7985  (30 goals)
[SwitchedLinearForesightPredictor] loaded Baselines/LinearForesight/runs/operators_res64.pt (6 bins, res=64, constraint=ridge, counts=[141, 384, 496, 422, 396, 161])
[L40mm / linear_switched_res64] accuracy=0.3708  device=cpu  (4.2s)
    averaged         lyapunov=+0.8417  mass_in_region=+0.7226  signed_mass=+0.7732  (30 goals)
[SingleLinearForesightPredictor] loaded Baselines/LinearForesight/runs/operators_res32.pt (res=32, fit on configs/dataset/genesis_overnight_randlen_train_all.yaml)
[L40mm / linear_single_res32] accuracy=0.3660  device=cpu  (2.2s)
    averaged         lyapunov=+0.7731  mass_in_region=+0.6501  signed_mass=+0.6982  (30 goals)
[SingleLinearForesightPredictor] loaded Baselines/LinearForesight/runs/operators_res64.pt (res=64, fit on configs/dataset/genesis_overnight_randlen_train_all.yaml)
[L40mm / linear_single_res64] accuracy=0.2987  device=cpu  (4.0s)
    averaged         lyapunov=+0.6955  mass_in_region=+0.5412  signed_mass=+0.5907  (30 goals)
[GNNPredictor] loaded Baselines/GNN/runs/ckpt_best.pth (epoch=300, val_mse=4.0153605207630484e-06, n_particles=20)
[L40mm / gnn_l20l40] accuracy=0.3127  device=cpu  (16.0s)
    averaged         lyapunov=+0.9017  mass_in_region=+0.7488  signed_mass=+0.8150  (30 goals)
[GNNPredictor] loaded Baselines/GNN/runs/randlen_train_all_n30/ckpt_best.pth (epoch=101, val_mse=5.661420293748055e-06, n_particles=30)
[L40mm / gnn_randlen_n30] accuracy=0.3250  device=cpu  (22.1s)
    averaged         lyapunov=+0.7825  mass_in_region=+0.6509  signed_mass=+0.6895  (30 goals)
[randlen_test] loaded 10751 transitions (53.7s)
[randlen_test / persistence] accuracy=0.0000 (reference floor; slateN row below is DEGENERATE, see docstring)
    averaged         lyapunov=-0.0566  mass_in_region=-0.0469  signed_mass=-0.0411  (30 goals)
[randlen_test / random] accuracy=n/a (ranking-only floor)
    averaged         lyapunov=-0.0196  mass_in_region=-0.0028  signed_mass=+0.0048  (30 goals)
[randlen_test / nfd_randlen] accuracy=0.4564  device=cpu  (13.3s)
    averaged         lyapunov=+0.9088  mass_in_region=+0.8706  signed_mass=+0.8526  (30 goals)
[randlen_test / nfd_warped_randlen] accuracy=0.4000  device=cpu  (16.0s)
    averaged         lyapunov=+0.9217  mass_in_region=+0.8832  signed_mass=+0.8473  (30 goals)
[randlen_test / nfd_warped_randlen_flipaug] accuracy=0.4086  device=cpu  (22.0s)
    averaged         lyapunov=+0.9287  mass_in_region=+0.8864  signed_mass=+0.8521  (30 goals)
[randlen_test / nfd_warped_randlen_flipaug_epoch30] accuracy=0.3879  device=cpu  (16.0s)
    averaged         lyapunov=+0.9182  mass_in_region=+0.8684  signed_mass=+0.8444  (30 goals)
[randlen_test / nfd_residual_warped_flipaug_randlen] accuracy=0.4622  device=cpu  (14.9s)
    averaged         lyapunov=+0.9323  mass_in_region=+0.8831  signed_mass=+0.8607  (30 goals)
[randlen_test / nfd_residual_worldframe_noaug_ep43] accuracy=0.4844  device=cpu  (13.1s)
    averaged         lyapunov=+0.9121  mass_in_region=+0.8881  signed_mass=+0.8888  (30 goals)
[SwitchedLinearForesightPredictor] loaded Baselines/LinearForesight/runs/operators_res32.pt (6 bins, res=32, constraint=ridge, counts=[7420, 18330, 24925, 22275, 18680, 6666])
[randlen_test / linear_switched_res32] accuracy=0.2478  device=cpu  (2.5s)
    averaged         lyapunov=+0.8534  mass_in_region=+0.7613  signed_mass=+0.7287  (30 goals)
[SwitchedLinearForesightPredictor] loaded Baselines/LinearForesight/runs/operators_res64.pt (6 bins, res=64, constraint=ridge, counts=[141, 384, 496, 422, 396, 161])
[randlen_test / linear_switched_res64] accuracy=0.2081  device=cpu  (4.6s)
    averaged         lyapunov=+0.6690  mass_in_region=+0.6730  signed_mass=+0.6938  (30 goals)
[SingleLinearForesightPredictor] loaded Baselines/LinearForesight/runs/operators_res32.pt (res=32, fit on configs/dataset/genesis_overnight_randlen_train_all.yaml)
[randlen_test / linear_single_res32] accuracy=0.1473  device=cpu  (2.4s)
    averaged         lyapunov=+0.6305  mass_in_region=+0.5087  signed_mass=+0.3214  (30 goals)
[SingleLinearForesightPredictor] loaded Baselines/LinearForesight/runs/operators_res64.pt (res=64, fit on configs/dataset/genesis_overnight_randlen_train_all.yaml)
[randlen_test / linear_single_res64] accuracy=0.0526  device=cpu  (4.6s)
    averaged         lyapunov=+0.4710  mass_in_region=+0.3275  signed_mass=+0.2741  (30 goals)
[GNNPredictor] loaded Baselines/GNN/runs/ckpt_best.pth (epoch=300, val_mse=4.0153605207630484e-06, n_particles=20)
[randlen_test / gnn_l20l40] accuracy=0.0712  device=cpu  (20.0s)
    averaged         lyapunov=+0.4798  mass_in_region=+0.3125  signed_mass=+0.3643  (30 goals)
[GNNPredictor] loaded Baselines/GNN/runs/randlen_train_all_n30/ckpt_best.pth (epoch=101, val_mse=5.661420293748055e-06, n_particles=30)
[randlen_test / gnn_randlen_n30] accuracy=0.1484  device=cpu  (27.7s)
    averaged         lyapunov=+0.6860  mass_in_region=+0.5093  signed_mass=+0.5116  (30 goals)

wrote experiments/EXP-0027-many-goal-benchmarks/artifacts/RUN-0001-slaten-many-goals/report.json
