train scattered_n20 10000 5s
train scattered_n50 10000 12s
train scattered_n100 10000 22s
train inbetween_n20 10000 6s
train inbetween_n50 10000 12s
train inbetween_n100 10000 23s
train piled_n20 10000 6s
train piled_n50 10000 13s
val scattered_n20 600 2s
val scattered_n50 600 2s
val scattered_n100 600 3s
val inbetween_n20 600 2s
val inbetween_n50 600 2s
val inbetween_n100 600 3s
val piled_n20 600 2s
val piled_n50 600 2s
saved
train scattered_n20 10000 6s
train scattered_n50 10000 11s
train scattered_n100 10000 21s
train inbetween_n20 10000 5s
train inbetween_n50 10000 11s
train inbetween_n100 10000 22s
train piled_n20 10000 6s
train piled_n50 10000 12s
val scattered_n20 600 1s
val scattered_n50 600 1s
val scattered_n100 600 2s
val inbetween_n20 600 1s
val inbetween_n50 600 1s
val inbetween_n100 600 2s
val piled_n20 600 1s
val piled_n50 600 1s
saved
