train scattered_n20 2359 3s
train scattered_n50 1722 2s
train scattered_n100 1211 6s
train inbetween_n20 2500 5s
train inbetween_n50 1402 6s
train inbetween_n100 1127 7s
train piled_n20 2500 5s
train piled_n50 2399 9s
val scattered_n20 106 1s
val scattered_n50 94 1s
val scattered_n100 80 1s
val inbetween_n20 120 1s
val inbetween_n50 101 1s
val inbetween_n100 72 1s
val piled_n20 120 1s
val piled_n50 120 1s
saved
train scattered_n20 2359 2s
train scattered_n50 1722 4s
train scattered_n100 1211 5s
train inbetween_n20 2500 2s
train inbetween_n50 1402 3s
train inbetween_n100 1127 4s
train piled_n20 2500 2s
train piled_n50 2399 5s
val scattered_n20 106 1s
val scattered_n50 94 1s
val scattered_n100 80 1s
val inbetween_n20 120 1s
val inbetween_n50 101 1s
val inbetween_n100 72 1s
val piled_n20 120 1s
val piled_n50 120 1s
saved
train scattered_n20 10000 5s
train scattered_n50 10000 10s
train scattered_n100 10000 19s
train inbetween_n20 10000 5s
train inbetween_n50 10000 11s
train inbetween_n100 10000 20s
train piled_n20 10000 5s
train piled_n50 10000 11s
val scattered_n20 600 1s
val scattered_n50 600 1s
val scattered_n100 600 2s
val inbetween_n20 600 1s
val inbetween_n50 600 1s
val inbetween_n100 600 2s
val piled_n20 600 1s
val piled_n50 600 1s
saved
train scattered_n20 10000 3s
train scattered_n50 10000 7s
train scattered_n100 10000 13s
train inbetween_n20 10000 3s
train inbetween_n50 10000 7s
train inbetween_n100 10000 13s
train piled_n20 10000 3s
train piled_n50 10000 7s
val scattered_n20 600 1s
val scattered_n50 600 1s
val scattered_n100 600 1s
val inbetween_n20 600 1s
val inbetween_n50 600 1s
val inbetween_n100 600 1s
val piled_n20 600 1s
val piled_n50 600 1s
saved
train scattered_n20 2359 4s
train scattered_n50 1722 5s
train scattered_n100 1211 6s
train inbetween_n20 2500 5s
train inbetween_n50 1402 5s
train inbetween_n100 1127 6s
train piled_n20 2500 6s
train piled_n50 2399 10s
val scattered_n20 106 1s
val scattered_n50 94 1s
val scattered_n100 80 1s
val inbetween_n20 120 1s
val inbetween_n50 101 1s
val inbetween_n100 72 1s
val piled_n20 120 1s
val piled_n50 120 1s
saved
train scattered_n20 2359 2s
train scattered_n50 1722 4s
train scattered_n100 1211 5s
train inbetween_n20 2500 2s
train inbetween_n50 1402 3s
train inbetween_n100 1127 4s
train piled_n20 2500 2s
train piled_n50 2399 5s
val scattered_n20 106 1s
val scattered_n50 94 1s
val scattered_n100 80 1s
val inbetween_n20 120 1s
val inbetween_n50 101 1s
val inbetween_n100 72 1s
val piled_n20 120 1s
val piled_n50 120 1s
saved
