train scattered_n20 10000 2s
train scattered_n50 10000 8s
train scattered_n100 10000 14s
train inbetween_n20 10000 4s
train inbetween_n50 10000 8s
train inbetween_n100 10000 15s
train piled_n20 10000 4s
train piled_n50 10000 9s
val scattered_n20 600 1s
val scattered_n50 600 1s
val scattered_n100 600 1s
val inbetween_n20 600 1s
val inbetween_n50 600 1s
val inbetween_n100 600 1s
val piled_n20 600 1s
val piled_n50 600 1s
saved
train scattered_n20 10000 4s
train scattered_n50 10000 8s
train scattered_n100 10000 24s
train inbetween_n20 10000 8s
train inbetween_n50 10000 19s
train inbetween_n100 10000 32s
train piled_n20 10000 8s
train piled_n50 10000 29s
val scattered_n20 600 3s
val scattered_n50 600 6s
val scattered_n100 600 7s
val inbetween_n20 600 3s
val inbetween_n50 600 5s
val inbetween_n100 600 8s
val piled_n20 600 4s
val piled_n50 600 9s
saved
train scattered_n20 10000 9s
train scattered_n50 10000 18s
train scattered_n100 10000 24s
train inbetween_n20 10000 6s
train inbetween_n50 10000 12s
train inbetween_n100 10000 22s
train piled_n20 10000 6s
train piled_n50 10000 10s
val scattered_n20 600 2s
val scattered_n50 600 2s
val scattered_n100 600 3s
val inbetween_n20 600 2s
val inbetween_n50 600 2s
val inbetween_n100 600 3s
val piled_n20 600 1s
val piled_n50 600 2s
saved
train scattered_n20 10000 6s
train scattered_n50 10000 10s
train scattered_n100 10000 19s
train inbetween_n20 10000 6s
train inbetween_n50 10000 11s
train inbetween_n100 10000 20s
train piled_n20 10000 6s
train piled_n50 10000 12s
val scattered_n20 600 2s
val scattered_n50 600 3s
val scattered_n100 600 3s
val inbetween_n20 600 2s
val inbetween_n50 600 3s
val inbetween_n100 600 4s
val piled_n20 600 2s
val piled_n50 600 4s
saved
