train scattered_n20 2362 7s
train scattered_n50 1765 8s
train scattered_n100 1203 10s
train inbetween_n20 2500 8s
train inbetween_n50 1441 8s
train inbetween_n100 1128 11s
train piled_n20 2500 7s
train piled_n50 2391 11s
val scattered_n20 120 2s
val scattered_n50 88 2s
val scattered_n100 64 2s
val inbetween_n20 120 2s
val inbetween_n50 92 2s
val inbetween_n100 75 2s
val piled_n20 120 2s
val piled_n50 120 2s
saved
train scattered_n20 2373 6s
train scattered_n50 1775 9s
train scattered_n100 1197 13s
train inbetween_n20 2500 9s
train inbetween_n50 1423 11s
train inbetween_n100 1140 12s
train piled_n20 2500 10s
train piled_n50 2424 16s
val scattered_n20 92 3s
val scattered_n50 74 3s
val scattered_n100 81 2s
val inbetween_n20 120 2s
val inbetween_n50 93 4s
val inbetween_n100 76 3s
val piled_n20 120 3s
val piled_n50 120 3s
saved
train scattered_n20 2360 6s
train scattered_n50 1741 6s
train scattered_n100 1196 10s
train inbetween_n20 2500 5s
train inbetween_n50 1435 6s
train inbetween_n100 1120 11s
train piled_n20 2500 6s
train piled_n50 2397 9s
val scattered_n20 92 2s
val scattered_n50 73 2s
val scattered_n100 96 3s
val inbetween_n20 120 2s
val inbetween_n50 80 3s
val inbetween_n100 81 3s
val piled_n20 120 2s
val piled_n50 113 2s
saved
train scattered_n20 2392 5s
train scattered_n50 1775 7s
train scattered_n100 1169 7s
train inbetween_n20 2500 5s
train inbetween_n50 1432 6s
train inbetween_n100 1145 10s
train piled_n20 2500 5s
train piled_n50 2440 11s
val scattered_n20 98 2s
val scattered_n50 74 2s
val scattered_n100 89 2s
val inbetween_n20 120 3s
val inbetween_n50 78 2s
val inbetween_n100 64 2s
val piled_n20 120 2s
val piled_n50 99 2s
saved
