[device] cuda
[data] loading train split...
[data] 768 train samples (pre-augmentation)
[data] 6144 train samples (x8 augmented)
[data] loading val split...
[data] 128 val samples
/home/alon/Code/pile_manipulation/experiments/EXP-0025-flow-warp-nfd-pilot/code/train_supervised_flow.py:182: UserWarning: Converting a tensor with requires_grad=True to a scalar may lead to unexpected behavior.
Consider using tensor.detach() first. (Triggered internally at /pytorch/torch/csrc/autograd/generated/python_variable_methods.cpp:836.)
  total_photo += float(photo_loss) * bs
[epoch 1/40] train photo=0.03922 flow=0.41044 bg=0.00000 | val photo=0.03670 flow=0.08452 bg=0.00000 (8.1s)
[epoch 2/40] train photo=0.03268 flow=0.05261 bg=0.00000 | val photo=0.02685 flow=0.02820 bg=0.00000 (14.1s)
[epoch 3/40] train photo=0.02402 flow=0.02347 bg=0.00000 | val photo=0.01914 flow=0.01785 bg=0.00000 (19.9s)
[epoch 4/40] train photo=0.01766 flow=0.01675 bg=0.00000 | val photo=0.01559 flow=0.01315 bg=0.00000 (25.5s)
[epoch 5/40] train photo=0.01528 flow=0.01446 bg=0.00000 | val photo=0.01409 flow=0.01205 bg=0.00000 (32.0s)
[epoch 6/40] train photo=0.01419 flow=0.01353 bg=0.00000 | val photo=0.01320 flow=0.01146 bg=0.00000 (39.1s)
[epoch 7/40] train photo=0.01348 flow=0.01301 bg=0.00000 | val photo=0.01235 flow=0.01080 bg=0.00000 (47.1s)
[epoch 8/40] train photo=0.01293 flow=0.01251 bg=0.00000 | val photo=0.01196 flow=0.01056 bg=0.00000 (53.2s)
[epoch 9/40] train photo=0.01247 flow=0.01225 bg=0.00000 | val photo=0.01137 flow=0.01034 bg=0.00000 (59.0s)
[epoch 10/40] train photo=0.01211 flow=0.01201 bg=0.00000 | val photo=0.01103 flow=0.01014 bg=0.00000 (65.4s)
[epoch 11/40] train photo=0.01183 flow=0.01186 bg=0.00000 | val photo=0.01079 flow=0.01012 bg=0.00000 (71.4s)
[epoch 12/40] train photo=0.01152 flow=0.01170 bg=0.00000 | val photo=0.01098 flow=0.01032 bg=0.00000 (77.7s)
[epoch 13/40] train photo=0.01130 flow=0.01158 bg=0.00000 | val photo=0.01036 flow=0.00981 bg=0.00000 (84.1s)
[epoch 14/40] train photo=0.01118 flow=0.01152 bg=0.00000 | val photo=0.01044 flow=0.00962 bg=0.00000 (90.0s)
[epoch 15/40] train photo=0.01100 flow=0.01140 bg=0.00000 | val photo=0.00993 flow=0.00975 bg=0.00000 (95.8s)
[epoch 16/40] train photo=0.01082 flow=0.01134 bg=0.00000 | val photo=0.01020 flow=0.00979 bg=0.00000 (101.9s)
[epoch 17/40] train photo=0.01071 flow=0.01128 bg=0.00000 | val photo=0.00981 flow=0.00951 bg=0.00000 (108.2s)
[epoch 18/40] train photo=0.01063 flow=0.01123 bg=0.00000 | val photo=0.00978 flow=0.00979 bg=0.00000 (114.3s)
[epoch 19/40] train photo=0.01052 flow=0.01118 bg=0.00000 | val photo=0.00969 flow=0.00945 bg=0.00000 (120.2s)
[epoch 20/40] train photo=0.01040 flow=0.01112 bg=0.00000 | val photo=0.00972 flow=0.00969 bg=0.00000 (129.3s)
[epoch 21/40] train photo=0.01030 flow=0.01107 bg=0.00000 | val photo=0.00962 flow=0.00953 bg=0.00000 (136.2s)
[epoch 22/40] train photo=0.01019 flow=0.01103 bg=0.00000 | val photo=0.00954 flow=0.00949 bg=0.00000 (143.8s)
[epoch 23/40] train photo=0.01020 flow=0.01105 bg=0.00000 | val photo=0.00953 flow=0.00936 bg=0.00000 (152.8s)
[epoch 24/40] train photo=0.01012 flow=0.01094 bg=0.00000 | val photo=0.00921 flow=0.00936 bg=0.00000 (160.6s)
[epoch 25/40] train photo=0.01002 flow=0.01092 bg=0.00000 | val photo=0.00943 flow=0.00942 bg=0.00000 (168.5s)
[epoch 26/40] train photo=0.00999 flow=0.01089 bg=0.00000 | val photo=0.00918 flow=0.00938 bg=0.00000 (173.1s)
[epoch 27/40] train photo=0.00995 flow=0.01086 bg=0.00000 | val photo=0.00941 flow=0.00934 bg=0.00000 (177.4s)
[epoch 28/40] train photo=0.00989 flow=0.01078 bg=0.00000 | val photo=0.00918 flow=0.00934 bg=0.00000 (182.2s)
[epoch 29/40] train photo=0.00984 flow=0.01079 bg=0.00000 | val photo=0.00921 flow=0.00921 bg=0.00000 (190.5s)
[epoch 30/40] train photo=0.00979 flow=0.01074 bg=0.00000 | val photo=0.00915 flow=0.00940 bg=0.00000 (198.2s)
[epoch 31/40] train photo=0.00971 flow=0.01070 bg=0.00000 | val photo=0.00909 flow=0.00922 bg=0.00000 (205.7s)
[epoch 32/40] train photo=0.00974 flow=0.01069 bg=0.00000 | val photo=0.00908 flow=0.00919 bg=0.00000 (212.1s)
[epoch 33/40] train photo=0.00969 flow=0.01070 bg=0.00000 | val photo=0.00894 flow=0.00935 bg=0.00000 (218.2s)
[epoch 34/40] train photo=0.00967 flow=0.01067 bg=0.00000 | val photo=0.00903 flow=0.00914 bg=0.00000 (224.7s)
[epoch 35/40] train photo=0.00959 flow=0.01060 bg=0.00000 | val photo=0.00897 flow=0.00917 bg=0.00000 (230.9s)
[epoch 36/40] train photo=0.00956 flow=0.01059 bg=0.00000 | val photo=0.00894 flow=0.00927 bg=0.00000 (238.7s)
[epoch 37/40] train photo=0.00948 flow=0.01056 bg=0.00000 | val photo=0.00899 flow=0.00934 bg=0.00000 (246.1s)
[epoch 38/40] train photo=0.00944 flow=0.01054 bg=0.00000 | val photo=0.00896 flow=0.00909 bg=0.00000 (253.0s)
[epoch 39/40] train photo=0.00940 flow=0.01050 bg=0.00000 | val photo=0.00892 flow=0.00913 bg=0.00000 (258.4s)
[epoch 40/40] train photo=0.00940 flow=0.01049 bg=0.00000 | val photo=0.00910 flow=0.00933 bg=0.00000 (264.0s)
[done] best_val=0.01805 saved to experiments/EXP-0025-flow-warp-nfd-pilot/runs/RUN-0012-supervised-flow-augmented
