[gpu_lock] 01:25:48 waiting for GPU lock: python Baselines/GNN/train/train_genesis_gnn_dyn.py --epochs 500 --batch-size 128 --out-dir Baselines/GNN/runs
[gpu_lock] 01:25:48 acquired; running: python Baselines/GNN/train/train_genesis_gnn_dyn.py --epochs 500 --batch-size 128 --out-dir Baselines/GNN/runs
train examples: 23040  val examples: 15360
model params: 38403  adj_thresh: 0.012
epoch    0  train_mse 4.037643e-04  val_mse 4.914299e-05  (2.8s elapsed)
epoch    1  train_mse 4.622061e-05  val_mse 4.159869e-05  (5.1s elapsed)
epoch    2  train_mse 2.919177e-05  val_mse 1.829011e-05  (7.4s elapsed)
epoch    3  train_mse 1.617718e-05  val_mse 1.458244e-05  (9.7s elapsed)
epoch    4  train_mse 1.432895e-05  val_mse 1.296629e-05  (12.0s elapsed)
epoch    5  train_mse 1.341196e-05  val_mse 1.318693e-05  (14.4s elapsed)
epoch    6  train_mse 1.328939e-05  val_mse 1.440022e-05  (16.7s elapsed)
epoch    7  train_mse 1.260611e-05  val_mse 1.322447e-05  (19.0s elapsed)
epoch    8  train_mse 1.295489e-05  val_mse 1.184038e-05  (21.4s elapsed)
epoch    9  train_mse 1.231936e-05  val_mse 1.171871e-05  (23.7s elapsed)
epoch   10  train_mse 1.246140e-05  val_mse 1.457674e-05  (26.0s elapsed)
epoch   11  train_mse 1.226442e-05  val_mse 1.320039e-05  (28.3s elapsed)
epoch   12  train_mse 1.218435e-05  val_mse 1.243845e-05  (30.6s elapsed)
epoch   13  train_mse 1.195590e-05  val_mse 1.137173e-05  (32.9s elapsed)
epoch   14  train_mse 1.156052e-05  val_mse 1.277634e-05  (35.2s elapsed)
epoch   15  train_mse 1.197252e-05  val_mse 1.174237e-05  (37.5s elapsed)
epoch   16  train_mse 1.185548e-05  val_mse 1.241733e-05  (39.8s elapsed)
epoch   17  train_mse 1.145598e-05  val_mse 1.155101e-05  (42.1s elapsed)
epoch   18  train_mse 1.158154e-05  val_mse 1.167071e-05  (44.5s elapsed)
epoch   19  train_mse 1.195010e-05  val_mse 1.157973e-05  (46.8s elapsed)
epoch   20  train_mse 1.135565e-05  val_mse 1.166391e-05  (49.1s elapsed)
epoch   21  train_mse 1.102524e-05  val_mse 1.135701e-05  (51.4s elapsed)
epoch   22  train_mse 1.108804e-05  val_mse 1.072022e-05  (53.8s elapsed)
epoch   23  train_mse 1.166702e-05  val_mse 1.023106e-05  (56.1s elapsed)
epoch   24  train_mse 1.097182e-05  val_mse 1.045844e-05  (58.4s elapsed)
epoch   25  train_mse 1.108985e-05  val_mse 1.086488e-05  (60.7s elapsed)
epoch   26  train_mse 1.107487e-05  val_mse 1.153915e-05  (63.0s elapsed)
epoch   27  train_mse 1.106496e-05  val_mse 1.259405e-05  (65.4s elapsed)
epoch   28  train_mse 1.081913e-05  val_mse 1.019123e-05  (67.7s elapsed)
epoch   29  train_mse 1.077734e-05  val_mse 1.203457e-05  (70.0s elapsed)
epoch   30  train_mse 1.070248e-05  val_mse 1.070484e-05  (72.4s elapsed)
epoch   31  train_mse 1.077996e-05  val_mse 1.132012e-05  (74.7s elapsed)
epoch   32  train_mse 1.077573e-05  val_mse 1.012248e-05  (77.0s elapsed)
epoch   33  train_mse 1.036324e-05  val_mse 1.248022e-05  (79.4s elapsed)
epoch   34  train_mse 1.062068e-05  val_mse 1.020647e-05  (81.7s elapsed)
epoch   35  train_mse 1.059173e-05  val_mse 1.044008e-05  (84.0s elapsed)
epoch   36  train_mse 1.043656e-05  val_mse 1.005328e-05  (86.3s elapsed)
epoch   37  train_mse 1.022174e-05  val_mse 1.143554e-05  (88.7s elapsed)
epoch   38  train_mse 1.025770e-05  val_mse 1.059260e-05  (91.1s elapsed)
epoch   39  train_mse 1.023500e-05  val_mse 1.016716e-05  (93.5s elapsed)
epoch   40  train_mse 1.031643e-05  val_mse 9.813797e-06  (95.9s elapsed)
epoch   41  train_mse 1.009334e-05  val_mse 9.942599e-06  (98.2s elapsed)
epoch   42  train_mse 9.922549e-06  val_mse 9.535823e-06  (100.5s elapsed)
epoch   43  train_mse 9.860076e-06  val_mse 1.024832e-05  (103.0s elapsed)
epoch   44  train_mse 9.893173e-06  val_mse 9.767321e-06  (105.4s elapsed)
epoch   45  train_mse 9.771507e-06  val_mse 9.502963e-06  (107.8s elapsed)
epoch   46  train_mse 9.946069e-06  val_mse 1.000994e-05  (110.2s elapsed)
epoch   47  train_mse 9.838014e-06  val_mse 9.357030e-06  (112.5s elapsed)
epoch   48  train_mse 9.608417e-06  val_mse 1.016980e-05  (115.0s elapsed)
epoch   49  train_mse 9.523339e-06  val_mse 9.724055e-06  (117.3s elapsed)
epoch   50  train_mse 9.343316e-06  val_mse 9.072593e-06  (119.7s elapsed)
epoch   51  train_mse 9.329211e-06  val_mse 9.474586e-06  (122.1s elapsed)
epoch   52  train_mse 9.370908e-06  val_mse 1.063918e-05  (124.6s elapsed)
epoch   53  train_mse 9.029759e-06  val_mse 8.801215e-06  (126.9s elapsed)
epoch   54  train_mse 8.915567e-06  val_mse 9.237246e-06  (129.3s elapsed)
epoch   55  train_mse 8.840578e-06  val_mse 9.159119e-06  (131.7s elapsed)
epoch   56  train_mse 8.777943e-06  val_mse 8.928180e-06  (134.0s elapsed)
epoch   57  train_mse 8.547919e-06  val_mse 8.498537e-06  (136.4s elapsed)
epoch   58  train_mse 8.486567e-06  val_mse 8.745594e-06  (138.8s elapsed)
epoch   59  train_mse 8.108185e-06  val_mse 8.252461e-06  (141.1s elapsed)
epoch   60  train_mse 8.084219e-06  val_mse 7.989700e-06  (143.5s elapsed)
epoch   61  train_mse 7.933087e-06  val_mse 7.588979e-06  (145.8s elapsed)
epoch   62  train_mse 8.006894e-06  val_mse 7.673295e-06  (148.2s elapsed)
epoch   63  train_mse 7.775051e-06  val_mse 7.720621e-06  (150.6s elapsed)
epoch   64  train_mse 7.660314e-06  val_mse 7.259805e-06  (153.0s elapsed)
epoch   65  train_mse 7.406590e-06  val_mse 7.266777e-06  (155.4s elapsed)
epoch   66  train_mse 7.046056e-06  val_mse 7.318370e-06  (157.7s elapsed)
epoch   67  train_mse 6.727112e-06  val_mse 6.343584e-06  (160.1s elapsed)
epoch   68  train_mse 6.459167e-06  val_mse 6.271618e-06  (162.5s elapsed)
epoch   69  train_mse 6.496498e-06  val_mse 5.995206e-06  (164.9s elapsed)
epoch   70  train_mse 6.084624e-06  val_mse 6.239890e-06  (167.3s elapsed)
epoch   71  train_mse 5.883565e-06  val_mse 5.502283e-06  (169.7s elapsed)
epoch   72  train_mse 5.800248e-06  val_mse 5.701240e-06  (172.1s elapsed)
epoch   73  train_mse 5.525398e-06  val_mse 5.652742e-06  (174.4s elapsed)
epoch   74  train_mse 5.920037e-06  val_mse 5.883372e-06  (176.8s elapsed)
epoch   75  train_mse 5.619543e-06  val_mse 5.579088e-06  (179.2s elapsed)
epoch   76  train_mse 5.673157e-06  val_mse 5.192310e-06  (181.6s elapsed)
epoch   77  train_mse 5.286204e-06  val_mse 5.226848e-06  (183.9s elapsed)
epoch   78  train_mse 5.154964e-06  val_mse 5.008319e-06  (186.3s elapsed)
epoch   79  train_mse 4.967553e-06  val_mse 5.545396e-06  (188.6s elapsed)
epoch   80  train_mse 4.927399e-06  val_mse 4.949962e-06  (191.0s elapsed)
epoch   81  train_mse 5.022890e-06  val_mse 5.063121e-06  (193.3s elapsed)
epoch   82  train_mse 4.704807e-06  val_mse 4.694016e-06  (195.6s elapsed)
epoch   83  train_mse 4.547610e-06  val_mse 4.504507e-06  (197.9s elapsed)
epoch   84  train_mse 4.691818e-06  val_mse 4.405811e-06  (200.2s elapsed)
epoch   85  train_mse 4.410687e-06  val_mse 4.447991e-06  (202.6s elapsed)
epoch   86  train_mse 4.411419e-06  val_mse 4.296914e-06  (204.9s elapsed)
epoch   87  train_mse 4.321995e-06  val_mse 4.322189e-06  (207.2s elapsed)
epoch   88  train_mse 4.331398e-06  val_mse 4.505190e-06  (209.6s elapsed)
epoch   89  train_mse 4.172749e-06  val_mse 4.291241e-06  (211.9s elapsed)
epoch   90  train_mse 4.170269e-06  val_mse 4.721396e-06  (214.3s elapsed)
epoch   91  train_mse 4.198353e-06  val_mse 4.411623e-06  (216.6s elapsed)
epoch   92  train_mse 4.197294e-06  val_mse 4.854913e-06  (219.0s elapsed)
epoch   93  train_mse 4.087662e-06  val_mse 4.321078e-06  (221.3s elapsed)
epoch   94  train_mse 3.997828e-06  val_mse 4.051393e-06  (223.7s elapsed)
epoch   95  train_mse 3.964167e-06  val_mse 3.920889e-06  (226.0s elapsed)
epoch   96  train_mse 3.980780e-06  val_mse 4.601636e-06  (228.3s elapsed)
epoch   97  train_mse 4.067247e-06  val_mse 4.188290e-06  (230.7s elapsed)
epoch   98  train_mse 3.939259e-06  val_mse 3.890332e-06  (233.0s elapsed)
epoch   99  train_mse 3.937749e-06  val_mse 4.009037e-06  (235.3s elapsed)
epoch  100  train_mse 3.597103e-06  val_mse 3.676948e-06  (237.7s elapsed)
epoch  101  train_mse 3.541517e-06  val_mse 3.702642e-06  (240.0s elapsed)
epoch  102  train_mse 3.535964e-06  val_mse 3.709575e-06  (242.3s elapsed)
epoch  103  train_mse 3.537795e-06  val_mse 3.704830e-06  (244.7s elapsed)
epoch  104  train_mse 3.532246e-06  val_mse 3.648654e-06  (247.0s elapsed)
epoch  105  train_mse 3.498713e-06  val_mse 3.763980e-06  (249.3s elapsed)
epoch  106  train_mse 3.544116e-06  val_mse 3.768156e-06  (251.7s elapsed)
epoch  107  train_mse 3.531799e-06  val_mse 3.657860e-06  (254.1s elapsed)
epoch  108  train_mse 3.511402e-06  val_mse 3.681632e-06  (256.4s elapsed)
epoch  109  train_mse 3.506649e-06  val_mse 3.602705e-06  (258.7s elapsed)
epoch  110  train_mse 3.519739e-06  val_mse 3.573881e-06  (261.0s elapsed)
epoch  111  train_mse 3.459066e-06  val_mse 3.618936e-06  (263.3s elapsed)
epoch  112  train_mse 3.482991e-06  val_mse 3.568976e-06  (265.7s elapsed)
epoch  113  train_mse 3.483434e-06  val_mse 3.651710e-06  (268.0s elapsed)
epoch  114  train_mse 3.464512e-06  val_mse 3.654236e-06  (270.3s elapsed)
epoch  115  train_mse 3.455901e-06  val_mse 3.594544e-06  (272.7s elapsed)
epoch  116  train_mse 3.470746e-06  val_mse 3.559657e-06  (275.0s elapsed)
epoch  117  train_mse 3.398428e-06  val_mse 3.680440e-06  (277.4s elapsed)
epoch  118  train_mse 3.416513e-06  val_mse 3.662281e-06  (279.7s elapsed)
epoch  119  train_mse 3.434451e-06  val_mse 3.703617e-06  (282.0s elapsed)
epoch  120  train_mse 3.359403e-06  val_mse 3.579217e-06  (284.4s elapsed)
epoch  121  train_mse 3.447412e-06  val_mse 3.692901e-06  (286.7s elapsed)
epoch  122  train_mse 3.374368e-06  val_mse 3.719875e-06  (289.1s elapsed)
epoch  123  train_mse 3.405090e-06  val_mse 3.524435e-06  (291.4s elapsed)
epoch  124  train_mse 3.375792e-06  val_mse 3.450311e-06  (293.8s elapsed)
epoch  125  train_mse 3.354882e-06  val_mse 3.504614e-06  (296.1s elapsed)
epoch  126  train_mse 3.341042e-06  val_mse 3.472222e-06  (298.5s elapsed)
epoch  127  train_mse 3.357396e-06  val_mse 3.592962e-06  (300.9s elapsed)
epoch  128  train_mse 3.321634e-06  val_mse 3.418511e-06  (303.2s elapsed)
epoch  129  train_mse 3.293736e-06  val_mse 3.520268e-06  (305.5s elapsed)
epoch  130  train_mse 3.274415e-06  val_mse 3.585783e-06  (307.9s elapsed)
epoch  131  train_mse 3.362887e-06  val_mse 3.538280e-06  (310.2s elapsed)
epoch  132  train_mse 3.289759e-06  val_mse 3.437116e-06  (312.6s elapsed)
epoch  133  train_mse 3.296900e-06  val_mse 3.618291e-06  (314.9s elapsed)
epoch  134  train_mse 3.351698e-06  val_mse 3.512148e-06  (317.3s elapsed)
epoch  135  train_mse 3.321099e-06  val_mse 3.407089e-06  (319.6s elapsed)
epoch  136  train_mse 3.232082e-06  val_mse 3.546230e-06  (322.0s elapsed)
epoch  137  train_mse 3.245217e-06  val_mse 3.419665e-06  (324.3s elapsed)
epoch  138  train_mse 3.258453e-06  val_mse 3.540384e-06  (326.6s elapsed)
epoch  139  train_mse 3.230299e-06  val_mse 3.496066e-06  (329.0s elapsed)
epoch  140  train_mse 3.252959e-06  val_mse 3.371558e-06  (331.3s elapsed)
epoch  141  train_mse 3.210890e-06  val_mse 3.466615e-06  (333.6s elapsed)
epoch  142  train_mse 3.245492e-06  val_mse 3.385543e-06  (336.0s elapsed)
epoch  143  train_mse 3.208430e-06  val_mse 3.443856e-06  (338.4s elapsed)
epoch  144  train_mse 3.221965e-06  val_mse 3.334902e-06  (340.7s elapsed)
epoch  145  train_mse 3.241772e-06  val_mse 3.468671e-06  (343.0s elapsed)
epoch  146  train_mse 3.244519e-06  val_mse 3.512085e-06  (345.4s elapsed)
epoch  147  train_mse 3.213063e-06  val_mse 3.419955e-06  (347.7s elapsed)
epoch  148  train_mse 3.168175e-06  val_mse 3.416602e-06  (350.0s elapsed)
epoch  149  train_mse 3.172030e-06  val_mse 3.433784e-06  (352.3s elapsed)
epoch  150  train_mse 3.138701e-06  val_mse 3.331056e-06  (354.7s elapsed)
epoch  151  train_mse 3.145164e-06  val_mse 3.429136e-06  (357.0s elapsed)
epoch  152  train_mse 3.146036e-06  val_mse 3.450350e-06  (359.4s elapsed)
epoch  153  train_mse 3.152739e-06  val_mse 3.468367e-06  (361.7s elapsed)
epoch  154  train_mse 3.159599e-06  val_mse 3.437425e-06  (364.0s elapsed)
epoch  155  train_mse 3.172530e-06  val_mse 3.439951e-06  (366.3s elapsed)
epoch  156  train_mse 3.179512e-06  val_mse 3.366189e-06  (368.6s elapsed)
epoch  157  train_mse 3.122113e-06  val_mse 3.449002e-06  (371.0s elapsed)
epoch  158  train_mse 3.158438e-06  val_mse 3.509264e-06  (373.3s elapsed)
epoch  159  train_mse 3.117693e-06  val_mse 3.279956e-06  (375.6s elapsed)
epoch  160  train_mse 3.142115e-06  val_mse 3.294678e-06  (377.9s elapsed)
epoch  161  train_mse 3.121911e-06  val_mse 3.352374e-06  (380.2s elapsed)
epoch  162  train_mse 3.114966e-06  val_mse 3.303717e-06  (382.5s elapsed)
epoch  163  train_mse 3.095234e-06  val_mse 3.377131e-06  (384.8s elapsed)
epoch  164  train_mse 3.108212e-06  val_mse 3.261586e-06  (387.1s elapsed)
epoch  165  train_mse 3.093513e-06  val_mse 3.360815e-06  (389.5s elapsed)
epoch  166  train_mse 3.120077e-06  val_mse 3.319221e-06  (391.8s elapsed)
epoch  167  train_mse 3.107996e-06  val_mse 3.378413e-06  (394.2s elapsed)
epoch  168  train_mse 3.079672e-06  val_mse 3.345965e-06  (396.5s elapsed)
epoch  169  train_mse 3.092167e-06  val_mse 3.271090e-06  (398.8s elapsed)
epoch  170  train_mse 3.067117e-06  val_mse 3.363331e-06  (401.1s elapsed)
epoch  171  train_mse 3.076821e-06  val_mse 3.481601e-06  (403.4s elapsed)
epoch  172  train_mse 3.099482e-06  val_mse 3.300425e-06  (405.8s elapsed)
epoch  173  train_mse 3.070090e-06  val_mse 3.265760e-06  (408.1s elapsed)
epoch  174  train_mse 3.055660e-06  val_mse 3.294881e-06  (410.4s elapsed)
epoch  175  train_mse 3.038640e-06  val_mse 3.334009e-06  (412.7s elapsed)
epoch  176  train_mse 3.054273e-06  val_mse 3.386647e-06  (415.1s elapsed)
epoch  177  train_mse 3.084014e-06  val_mse 3.380806e-06  (417.4s elapsed)
epoch  178  train_mse 3.031561e-06  val_mse 3.297015e-06  (419.7s elapsed)
epoch  179  train_mse 3.041647e-06  val_mse 3.305533e-06  (422.0s elapsed)
epoch  180  train_mse 3.044981e-06  val_mse 3.307001e-06  (424.4s elapsed)
epoch  181  train_mse 3.046957e-06  val_mse 3.274371e-06  (426.7s elapsed)
epoch  182  train_mse 3.014479e-06  val_mse 3.204461e-06  (429.0s elapsed)
epoch  183  train_mse 3.004129e-06  val_mse 3.283527e-06  (431.4s elapsed)
epoch  184  train_mse 3.021063e-06  val_mse 3.308232e-06  (433.7s elapsed)
epoch  185  train_mse 3.015015e-06  val_mse 3.265103e-06  (436.1s elapsed)
epoch  186  train_mse 3.008077e-06  val_mse 3.338481e-06  (438.4s elapsed)
epoch  187  train_mse 2.997221e-06  val_mse 3.214897e-06  (440.8s elapsed)
epoch  188  train_mse 2.994700e-06  val_mse 3.290561e-06  (443.1s elapsed)
epoch  189  train_mse 3.007546e-06  val_mse 3.403091e-06  (445.5s elapsed)
epoch  190  train_mse 2.985283e-06  val_mse 3.199298e-06  (447.8s elapsed)
epoch  191  train_mse 3.012333e-06  val_mse 3.437683e-06  (450.1s elapsed)
epoch  192  train_mse 3.000294e-06  val_mse 3.332278e-06  (452.4s elapsed)
epoch  193  train_mse 2.966963e-06  val_mse 3.211084e-06  (454.7s elapsed)
epoch  194  train_mse 2.959979e-06  val_mse 3.254274e-06  (457.1s elapsed)
epoch  195  train_mse 2.995236e-06  val_mse 3.293991e-06  (459.4s elapsed)
epoch  196  train_mse 2.987168e-06  val_mse 3.276463e-06  (461.7s elapsed)
epoch  197  train_mse 2.939677e-06  val_mse 3.292719e-06  (464.1s elapsed)
epoch  198  train_mse 2.953819e-06  val_mse 3.466113e-06  (466.4s elapsed)
epoch  199  train_mse 2.987684e-06  val_mse 3.411150e-06  (468.7s elapsed)
epoch  200  train_mse 2.797130e-06  val_mse 3.143683e-06  (471.0s elapsed)
epoch  201  train_mse 2.785828e-06  val_mse 3.120724e-06  (473.4s elapsed)
epoch  202  train_mse 2.784360e-06  val_mse 3.125839e-06  (475.7s elapsed)
epoch  203  train_mse 2.783381e-06  val_mse 3.146305e-06  (478.0s elapsed)
epoch  204  train_mse 2.769979e-06  val_mse 3.147976e-06  (480.4s elapsed)
epoch  205  train_mse 2.787278e-06  val_mse 3.145179e-06  (482.8s elapsed)
epoch  206  train_mse 2.780414e-06  val_mse 3.121834e-06  (485.1s elapsed)
epoch  207  train_mse 2.788393e-06  val_mse 3.137958e-06  (487.4s elapsed)
epoch  208  train_mse 2.785684e-06  val_mse 3.152835e-06  (489.9s elapsed)
epoch  209  train_mse 2.775302e-06  val_mse 3.174445e-06  (492.2s elapsed)
epoch  210  train_mse 2.775136e-06  val_mse 3.168319e-06  (494.6s elapsed)
epoch  211  train_mse 2.790858e-06  val_mse 3.147031e-06  (496.9s elapsed)
epoch  212  train_mse 2.781346e-06  val_mse 3.154221e-06  (499.2s elapsed)
epoch  213  train_mse 2.786910e-06  val_mse 3.195937e-06  (501.6s elapsed)
epoch  214  train_mse 2.752116e-06  val_mse 3.148677e-06  (504.0s elapsed)
epoch  215  train_mse 2.758039e-06  val_mse 3.154094e-06  (506.3s elapsed)
epoch  216  train_mse 2.761631e-06  val_mse 3.196597e-06  (508.6s elapsed)
epoch  217  train_mse 2.763392e-06  val_mse 3.252463e-06  (510.9s elapsed)
epoch  218  train_mse 2.753479e-06  val_mse 3.195253e-06  (513.2s elapsed)
epoch  219  train_mse 2.742912e-06  val_mse 3.196121e-06  (515.6s elapsed)
epoch  220  train_mse 2.756873e-06  val_mse 3.135740e-06  (517.9s elapsed)
epoch  221  train_mse 2.754735e-06  val_mse 3.125538e-06  (520.2s elapsed)
epoch  222  train_mse 2.734869e-06  val_mse 3.188568e-06  (522.5s elapsed)
epoch  223  train_mse 2.741920e-06  val_mse 3.163895e-06  (524.9s elapsed)
epoch  224  train_mse 2.733066e-06  val_mse 3.124997e-06  (527.3s elapsed)
epoch  225  train_mse 2.761225e-06  val_mse 3.174911e-06  (529.8s elapsed)
epoch  226  train_mse 2.762857e-06  val_mse 3.125917e-06  (532.2s elapsed)
epoch  227  train_mse 2.752171e-06  val_mse 3.131321e-06  (534.5s elapsed)
epoch  228  train_mse 2.717267e-06  val_mse 3.140701e-06  (538.0s elapsed)
epoch  229  train_mse 2.726828e-06  val_mse 3.209008e-06  (543.2s elapsed)
epoch  230  train_mse 2.747019e-06  val_mse 3.144940e-06  (547.3s elapsed)
epoch  231  train_mse 2.726745e-06  val_mse 3.103311e-06  (549.7s elapsed)
epoch  232  train_mse 2.715735e-06  val_mse 3.154518e-06  (552.0s elapsed)
epoch  233  train_mse 2.724788e-06  val_mse 3.172597e-06  (554.5s elapsed)
epoch  234  train_mse 2.739748e-06  val_mse 3.111666e-06  (556.8s elapsed)
epoch  235  train_mse 2.704923e-06  val_mse 3.100599e-06  (559.2s elapsed)
epoch  236  train_mse 2.715806e-06  val_mse 3.131746e-06  (561.6s elapsed)
epoch  237  train_mse 2.730470e-06  val_mse 3.144357e-06  (564.1s elapsed)
epoch  238  train_mse 2.741509e-06  val_mse 3.173896e-06  (566.5s elapsed)
epoch  239  train_mse 2.702791e-06  val_mse 3.120276e-06  (568.9s elapsed)
epoch  240  train_mse 2.719842e-06  val_mse 3.189911e-06  (571.3s elapsed)
epoch  241  train_mse 2.700078e-06  val_mse 3.204097e-06  (573.7s elapsed)
epoch  242  train_mse 2.709065e-06  val_mse 3.180450e-06  (576.1s elapsed)
epoch  243  train_mse 2.701439e-06  val_mse 3.141990e-06  (578.5s elapsed)
epoch  244  train_mse 2.694920e-06  val_mse 3.116149e-06  (580.9s elapsed)
epoch  245  train_mse 2.696602e-06  val_mse 3.163606e-06  (583.4s elapsed)
epoch  246  train_mse 2.698548e-06  val_mse 3.134904e-06  (585.8s elapsed)
epoch  247  train_mse 2.725556e-06  val_mse 3.193333e-06  (588.3s elapsed)
epoch  248  train_mse 2.686144e-06  val_mse 3.187671e-06  (590.7s elapsed)
epoch  249  train_mse 2.718459e-06  val_mse 3.200162e-06  (593.1s elapsed)
epoch  250  train_mse 2.682670e-06  val_mse 3.101178e-06  (595.5s elapsed)
epoch  251  train_mse 2.693616e-06  val_mse 3.122984e-06  (597.9s elapsed)
epoch  252  train_mse 2.670801e-06  val_mse 3.115374e-06  (600.3s elapsed)
epoch  253  train_mse 2.685162e-06  val_mse 3.112310e-06  (602.7s elapsed)
epoch  254  train_mse 2.676942e-06  val_mse 3.099604e-06  (605.2s elapsed)
epoch  255  train_mse 2.696109e-06  val_mse 3.162342e-06  (607.6s elapsed)
epoch  256  train_mse 2.664740e-06  val_mse 3.104595e-06  (610.0s elapsed)
epoch  257  train_mse 2.689968e-06  val_mse 3.172671e-06  (612.5s elapsed)
epoch  258  train_mse 2.689535e-06  val_mse 3.122635e-06  (614.9s elapsed)
epoch  259  train_mse 2.655002e-06  val_mse 3.135829e-06  (617.4s elapsed)
epoch  260  train_mse 2.671288e-06  val_mse 3.124468e-06  (619.8s elapsed)
epoch  261  train_mse 2.686788e-06  val_mse 3.134849e-06  (622.3s elapsed)
epoch  262  train_mse 2.686938e-06  val_mse 3.124320e-06  (624.7s elapsed)
epoch  263  train_mse 2.673106e-06  val_mse 3.116001e-06  (627.1s elapsed)
epoch  264  train_mse 2.680024e-06  val_mse 3.087391e-06  (629.6s elapsed)
epoch  265  train_mse 2.654013e-06  val_mse 3.149863e-06  (632.0s elapsed)
epoch  266  train_mse 2.661133e-06  val_mse 3.131845e-06  (634.4s elapsed)
epoch  267  train_mse 2.682998e-06  val_mse 3.201659e-06  (636.8s elapsed)
epoch  268  train_mse 2.659562e-06  val_mse 3.104708e-06  (639.1s elapsed)
epoch  269  train_mse 2.645594e-06  val_mse 3.139517e-06  (641.4s elapsed)
epoch  270  train_mse 2.660361e-06  val_mse 3.158218e-06  (643.8s elapsed)
epoch  271  train_mse 2.665158e-06  val_mse 3.081141e-06  (646.3s elapsed)
epoch  272  train_mse 2.636774e-06  val_mse 3.142618e-06  (648.8s elapsed)
epoch  273  train_mse 2.644594e-06  val_mse 3.097321e-06  (651.2s elapsed)
epoch  274  train_mse 2.643934e-06  val_mse 3.119857e-06  (653.6s elapsed)
epoch  275  train_mse 2.661140e-06  val_mse 3.147076e-06  (656.0s elapsed)
epoch  276  train_mse 2.635343e-06  val_mse 3.081455e-06  (659.1s elapsed)
epoch  277  train_mse 2.654759e-06  val_mse 3.220260e-06  (663.3s elapsed)
epoch  278  train_mse 2.651000e-06  val_mse 3.163179e-06  (665.7s elapsed)
epoch  279  train_mse 2.629944e-06  val_mse 3.122687e-06  (668.0s elapsed)
epoch  280  train_mse 2.647000e-06  val_mse 3.126972e-06  (670.3s elapsed)
epoch  281  train_mse 2.653257e-06  val_mse 3.183606e-06  (672.7s elapsed)
epoch  282  train_mse 2.628543e-06  val_mse 3.136412e-06  (675.0s elapsed)
epoch  283  train_mse 2.642274e-06  val_mse 3.099804e-06  (677.3s elapsed)
epoch  284  train_mse 2.627849e-06  val_mse 3.163728e-06  (679.7s elapsed)
epoch  285  train_mse 2.651919e-06  val_mse 3.103141e-06  (682.0s elapsed)
epoch  286  train_mse 2.643271e-06  val_mse 3.125535e-06  (684.4s elapsed)
epoch  287  train_mse 2.641150e-06  val_mse 3.138795e-06  (686.8s elapsed)
epoch  288  train_mse 2.649673e-06  val_mse 3.150095e-06  (689.2s elapsed)
epoch  289  train_mse 2.634536e-06  val_mse 3.111705e-06  (691.5s elapsed)
epoch  290  train_mse 2.640487e-06  val_mse 3.100458e-06  (693.9s elapsed)
epoch  291  train_mse 2.620709e-06  val_mse 3.095124e-06  (699.2s elapsed)
epoch  292  train_mse 2.632634e-06  val_mse 3.134299e-06  (704.4s elapsed)
epoch  293  train_mse 2.613899e-06  val_mse 3.128520e-06  (706.9s elapsed)
epoch  294  train_mse 2.628680e-06  val_mse 3.155507e-06  (709.3s elapsed)
epoch  295  train_mse 2.632293e-06  val_mse 3.128121e-06  (711.7s elapsed)
epoch  296  train_mse 2.620758e-06  val_mse 3.100800e-06  (714.3s elapsed)
epoch  297  train_mse 2.622724e-06  val_mse 3.154304e-06  (716.8s elapsed)
epoch  298  train_mse 2.621206e-06  val_mse 3.142748e-06  (719.2s elapsed)
epoch  299  train_mse 2.613580e-06  val_mse 3.142522e-06  (721.6s elapsed)
epoch  300  train_mse 2.535772e-06  val_mse 3.084809e-06  (724.0s elapsed)
epoch  301  train_mse 2.526800e-06  val_mse 3.063369e-06  (726.4s elapsed)
epoch  302  train_mse 2.526049e-06  val_mse 3.066475e-06  (728.7s elapsed)
epoch  303  train_mse 2.520459e-06  val_mse 3.072288e-06  (731.1s elapsed)
epoch  304  train_mse 2.528511e-06  val_mse 3.068294e-06  (733.5s elapsed)
epoch  305  train_mse 2.526704e-06  val_mse 3.087171e-06  (735.9s elapsed)
epoch  306  train_mse 2.527281e-06  val_mse 3.065158e-06  (738.3s elapsed)
epoch  307  train_mse 2.526798e-06  val_mse 3.082774e-06  (740.9s elapsed)
epoch  308  train_mse 2.528808e-06  val_mse 3.080077e-06  (743.4s elapsed)
epoch  309  train_mse 2.527454e-06  val_mse 3.077127e-06  (745.9s elapsed)
epoch  310  train_mse 2.524698e-06  val_mse 3.114208e-06  (748.3s elapsed)
epoch  311  train_mse 2.521174e-06  val_mse 3.072708e-06  (750.7s elapsed)
epoch  312  train_mse 2.517736e-06  val_mse 3.056698e-06  (753.1s elapsed)
epoch  313  train_mse 2.522795e-06  val_mse 3.085556e-06  (755.5s elapsed)
epoch  314  train_mse 2.521785e-06  val_mse 3.087537e-06  (757.8s elapsed)
epoch  315  train_mse 2.521820e-06  val_mse 3.110105e-06  (760.2s elapsed)
epoch  316  train_mse 2.513472e-06  val_mse 3.083835e-06  (762.6s elapsed)
epoch  317  train_mse 2.523672e-06  val_mse 3.066975e-06  (765.0s elapsed)
epoch  318  train_mse 2.509811e-06  val_mse 3.118461e-06  (767.4s elapsed)
epoch  319  train_mse 2.516613e-06  val_mse 3.061607e-06  (769.8s elapsed)
epoch  320  train_mse 2.507832e-06  val_mse 3.086744e-06  (772.2s elapsed)
epoch  321  train_mse 2.510273e-06  val_mse 3.122214e-06  (774.6s elapsed)
epoch  322  train_mse 2.509480e-06  val_mse 3.080690e-06  (776.9s elapsed)
epoch  323  train_mse 2.503541e-06  val_mse 3.113868e-06  (779.3s elapsed)
epoch  324  train_mse 2.517198e-06  val_mse 3.080692e-06  (781.6s elapsed)
epoch  325  train_mse 2.503191e-06  val_mse 3.064715e-06  (783.9s elapsed)
epoch  326  train_mse 2.510536e-06  val_mse 3.057745e-06  (786.3s elapsed)
epoch  327  train_mse 2.506377e-06  val_mse 3.088209e-06  (788.6s elapsed)
epoch  328  train_mse 2.501995e-06  val_mse 3.079269e-06  (791.0s elapsed)
epoch  329  train_mse 2.507774e-06  val_mse 3.096320e-06  (793.3s elapsed)
epoch  330  train_mse 2.503028e-06  val_mse 3.102005e-06  (795.6s elapsed)
epoch  331  train_mse 2.505571e-06  val_mse 3.084308e-06  (798.0s elapsed)
epoch  332  train_mse 2.505094e-06  val_mse 3.103973e-06  (800.3s elapsed)
epoch  333  train_mse 2.505332e-06  val_mse 3.085205e-06  (802.7s elapsed)
epoch  334  train_mse 2.513682e-06  val_mse 3.174873e-06  (805.0s elapsed)
epoch  335  train_mse 2.509236e-06  val_mse 3.114262e-06  (807.4s elapsed)
epoch  336  train_mse 2.502795e-06  val_mse 3.100025e-06  (809.7s elapsed)
epoch  337  train_mse 2.500834e-06  val_mse 3.071053e-06  (812.1s elapsed)
epoch  338  train_mse 2.498125e-06  val_mse 3.086205e-06  (814.4s elapsed)
epoch  339  train_mse 2.502150e-06  val_mse 3.081436e-06  (816.7s elapsed)
epoch  340  train_mse 2.493672e-06  val_mse 3.071683e-06  (819.1s elapsed)
epoch  341  train_mse 2.487915e-06  val_mse 3.091715e-06  (821.5s elapsed)
epoch  342  train_mse 2.498503e-06  val_mse 3.086322e-06  (823.8s elapsed)
epoch  343  train_mse 2.503053e-06  val_mse 3.091434e-06  (826.2s elapsed)
epoch  344  train_mse 2.492922e-06  val_mse 3.103785e-06  (828.6s elapsed)
epoch  345  train_mse 2.491627e-06  val_mse 3.067923e-06  (831.0s elapsed)
epoch  346  train_mse 2.483094e-06  val_mse 3.083835e-06  (833.4s elapsed)
epoch  347  train_mse 2.487223e-06  val_mse 3.068242e-06  (835.8s elapsed)
epoch  348  train_mse 2.495154e-06  val_mse 3.095811e-06  (838.2s elapsed)
epoch  349  train_mse 2.492738e-06  val_mse 3.080332e-06  (840.6s elapsed)
epoch  350  train_mse 2.484891e-06  val_mse 3.074067e-06  (843.2s elapsed)
epoch  351  train_mse 2.493164e-06  val_mse 3.079539e-06  (845.6s elapsed)
epoch  352  train_mse 2.485167e-06  val_mse 3.098188e-06  (848.0s elapsed)
epoch  353  train_mse 2.488553e-06  val_mse 3.132525e-06  (850.4s elapsed)
epoch  354  train_mse 2.487240e-06  val_mse 3.069924e-06  (852.8s elapsed)
epoch  355  train_mse 2.489417e-06  val_mse 3.080626e-06  (855.2s elapsed)
epoch  356  train_mse 2.488156e-06  val_mse 3.074227e-06  (857.6s elapsed)
epoch  357  train_mse 2.482229e-06  val_mse 3.097060e-06  (859.9s elapsed)
epoch  358  train_mse 2.482586e-06  val_mse 3.074135e-06  (862.2s elapsed)
epoch  359  train_mse 2.473269e-06  val_mse 3.075936e-06  (864.6s elapsed)
epoch  360  train_mse 2.480877e-06  val_mse 3.080274e-06  (867.0s elapsed)
epoch  361  train_mse 2.480229e-06  val_mse 3.085457e-06  (869.5s elapsed)
epoch  362  train_mse 2.480995e-06  val_mse 3.071083e-06  (871.9s elapsed)
epoch  363  train_mse 2.477131e-06  val_mse 3.106366e-06  (874.2s elapsed)
epoch  364  train_mse 2.486437e-06  val_mse 3.108926e-06  (876.6s elapsed)
epoch  365  train_mse 2.477642e-06  val_mse 3.080810e-06  (879.0s elapsed)
epoch  366  train_mse 2.492240e-06  val_mse 3.113994e-06  (881.4s elapsed)
epoch  367  train_mse 2.473612e-06  val_mse 3.057854e-06  (883.7s elapsed)
epoch  368  train_mse 2.478541e-06  val_mse 3.112336e-06  (886.1s elapsed)
epoch  369  train_mse 2.486379e-06  val_mse 3.112579e-06  (888.4s elapsed)
epoch  370  train_mse 2.477989e-06  val_mse 3.103433e-06  (890.8s elapsed)
epoch  371  train_mse 2.481770e-06  val_mse 3.080866e-06  (893.2s elapsed)
epoch  372  train_mse 2.476412e-06  val_mse 3.062644e-06  (895.5s elapsed)
epoch  373  train_mse 2.477120e-06  val_mse 3.097930e-06  (898.0s elapsed)
epoch  374  train_mse 2.476034e-06  val_mse 3.081760e-06  (900.4s elapsed)
epoch  375  train_mse 2.481501e-06  val_mse 3.079870e-06  (902.8s elapsed)
epoch  376  train_mse 2.467246e-06  val_mse 3.088314e-06  (905.2s elapsed)
epoch  377  train_mse 2.461774e-06  val_mse 3.095017e-06  (907.5s elapsed)
epoch  378  train_mse 2.462591e-06  val_mse 3.095570e-06  (910.0s elapsed)
epoch  379  train_mse 2.473073e-06  val_mse 3.093755e-06  (912.4s elapsed)
epoch  380  train_mse 2.480525e-06  val_mse 3.091542e-06  (914.8s elapsed)
epoch  381  train_mse 2.471860e-06  val_mse 3.098176e-06  (917.2s elapsed)
epoch  382  train_mse 2.475408e-06  val_mse 3.073644e-06  (919.6s elapsed)
epoch  383  train_mse 2.464317e-06  val_mse 3.070344e-06  (922.0s elapsed)
epoch  384  train_mse 2.466737e-06  val_mse 3.122954e-06  (924.4s elapsed)
epoch  385  train_mse 2.457423e-06  val_mse 3.070666e-06  (926.8s elapsed)
epoch  386  train_mse 2.457887e-06  val_mse 3.091315e-06  (929.3s elapsed)
epoch  387  train_mse 2.472489e-06  val_mse 3.099245e-06  (931.7s elapsed)
epoch  388  train_mse 2.461875e-06  val_mse 3.109954e-06  (934.1s elapsed)
epoch  389  train_mse 2.466158e-06  val_mse 3.151768e-06  (936.4s elapsed)
epoch  390  train_mse 2.467953e-06  val_mse 3.103246e-06  (938.8s elapsed)
epoch  391  train_mse 2.461603e-06  val_mse 3.149015e-06  (941.3s elapsed)
epoch  392  train_mse 2.461970e-06  val_mse 3.091567e-06  (943.8s elapsed)
epoch  393  train_mse 2.459813e-06  val_mse 3.092715e-06  (946.3s elapsed)
epoch  394  train_mse 2.461425e-06  val_mse 3.126795e-06  (948.7s elapsed)
epoch  395  train_mse 2.461551e-06  val_mse 3.084866e-06  (951.2s elapsed)
epoch  396  train_mse 2.461561e-06  val_mse 3.095330e-06  (953.6s elapsed)
epoch  397  train_mse 2.461404e-06  val_mse 3.084943e-06  (956.1s elapsed)
epoch  398  train_mse 2.456126e-06  val_mse 3.103688e-06  (958.5s elapsed)
epoch  399  train_mse 2.449624e-06  val_mse 3.082274e-06  (961.0s elapsed)
epoch  400  train_mse 2.409874e-06  val_mse 3.049355e-06  (963.4s elapsed)
epoch  401  train_mse 2.407575e-06  val_mse 3.069947e-06  (965.8s elapsed)
epoch  402  train_mse 2.408424e-06  val_mse 3.076889e-06  (968.2s elapsed)
epoch  403  train_mse 2.413911e-06  val_mse 3.093384e-06  (970.7s elapsed)
epoch  404  train_mse 2.408022e-06  val_mse 3.061750e-06  (973.2s elapsed)
epoch  405  train_mse 2.408345e-06  val_mse 3.077110e-06  (975.8s elapsed)
epoch  406  train_mse 2.406036e-06  val_mse 3.079023e-06  (978.2s elapsed)
epoch  407  train_mse 2.408330e-06  val_mse 3.078185e-06  (980.6s elapsed)
epoch  408  train_mse 2.408252e-06  val_mse 3.060362e-06  (983.0s elapsed)
epoch  409  train_mse 2.405662e-06  val_mse 3.065088e-06  (985.4s elapsed)
epoch  410  train_mse 2.401992e-06  val_mse 3.078069e-06  (987.9s elapsed)
epoch  411  train_mse 2.409277e-06  val_mse 3.068577e-06  (990.4s elapsed)
epoch  412  train_mse 2.405246e-06  val_mse 3.071279e-06  (992.8s elapsed)
epoch  413  train_mse 2.405320e-06  val_mse 3.056909e-06  (995.2s elapsed)
epoch  414  train_mse 2.408618e-06  val_mse 3.063075e-06  (997.7s elapsed)
epoch  415  train_mse 2.406176e-06  val_mse 3.090443e-06  (1000.2s elapsed)
epoch  416  train_mse 2.407431e-06  val_mse 3.105702e-06  (1002.6s elapsed)
epoch  417  train_mse 2.405094e-06  val_mse 3.099182e-06  (1005.1s elapsed)
epoch  418  train_mse 2.406819e-06  val_mse 3.072077e-06  (1007.5s elapsed)
epoch  419  train_mse 2.401495e-06  val_mse 3.063278e-06  (1010.1s elapsed)
epoch  420  train_mse 2.405000e-06  val_mse 3.058445e-06  (1012.5s elapsed)
epoch  421  train_mse 2.405772e-06  val_mse 3.078163e-06  (1015.1s elapsed)
epoch  422  train_mse 2.402169e-06  val_mse 3.080699e-06  (1017.6s elapsed)
epoch  423  train_mse 2.401124e-06  val_mse 3.075587e-06  (1020.0s elapsed)
epoch  424  train_mse 2.402674e-06  val_mse 3.069399e-06  (1022.4s elapsed)
epoch  425  train_mse 2.398779e-06  val_mse 3.092039e-06  (1024.8s elapsed)
epoch  426  train_mse 2.400837e-06  val_mse 3.097841e-06  (1027.3s elapsed)
epoch  427  train_mse 2.400723e-06  val_mse 3.084286e-06  (1029.7s elapsed)
epoch  428  train_mse 2.400219e-06  val_mse 3.068275e-06  (1032.2s elapsed)
epoch  429  train_mse 2.401597e-06  val_mse 3.075929e-06  (1034.6s elapsed)
epoch  430  train_mse 2.402127e-06  val_mse 3.068622e-06  (1037.1s elapsed)
epoch  431  train_mse 2.399372e-06  val_mse 3.096786e-06  (1039.6s elapsed)
epoch  432  train_mse 2.398126e-06  val_mse 3.059144e-06  (1042.1s elapsed)
epoch  433  train_mse 2.391113e-06  val_mse 3.071018e-06  (1044.5s elapsed)
epoch  434  train_mse 2.397381e-06  val_mse 3.072097e-06  (1046.9s elapsed)
epoch  435  train_mse 2.400107e-06  val_mse 3.072127e-06  (1049.3s elapsed)
epoch  436  train_mse 2.390056e-06  val_mse 3.072596e-06  (1051.8s elapsed)
epoch  437  train_mse 2.398552e-06  val_mse 3.106733e-06  (1054.3s elapsed)
epoch  438  train_mse 2.393633e-06  val_mse 3.078355e-06  (1056.7s elapsed)
epoch  439  train_mse 2.396462e-06  val_mse 3.060987e-06  (1059.2s elapsed)
epoch  440  train_mse 2.394883e-06  val_mse 3.074570e-06  (1061.7s elapsed)
epoch  441  train_mse 2.392509e-06  val_mse 3.072554e-06  (1064.2s elapsed)
epoch  442  train_mse 2.397230e-06  val_mse 3.077402e-06  (1066.6s elapsed)
epoch  443  train_mse 2.394219e-06  val_mse 3.062078e-06  (1069.0s elapsed)
epoch  444  train_mse 2.396467e-06  val_mse 3.082427e-06  (1071.4s elapsed)
epoch  445  train_mse 2.395083e-06  val_mse 3.082565e-06  (1073.8s elapsed)
epoch  446  train_mse 2.395095e-06  val_mse 3.067971e-06  (1076.3s elapsed)
epoch  447  train_mse 2.390829e-06  val_mse 3.070518e-06  (1078.7s elapsed)
epoch  448  train_mse 2.392249e-06  val_mse 3.074185e-06  (1081.1s elapsed)
epoch  449  train_mse 2.393959e-06  val_mse 3.065125e-06  (1083.5s elapsed)
epoch  450  train_mse 2.392032e-06  val_mse 3.065041e-06  (1085.9s elapsed)
epoch  451  train_mse 2.388075e-06  val_mse 3.070538e-06  (1088.6s elapsed)
epoch  452  train_mse 2.394943e-06  val_mse 3.075000e-06  (1091.0s elapsed)
epoch  453  train_mse 2.392622e-06  val_mse 3.073211e-06  (1093.5s elapsed)
epoch  454  train_mse 2.388354e-06  val_mse 3.071733e-06  (1096.0s elapsed)
epoch  455  train_mse 2.389970e-06  val_mse 3.084779e-06  (1098.4s elapsed)
epoch  456  train_mse 2.389031e-06  val_mse 3.065181e-06  (1100.8s elapsed)
epoch  457  train_mse 2.390915e-06  val_mse 3.101883e-06  (1103.2s elapsed)
epoch  458  train_mse 2.394639e-06  val_mse 3.076578e-06  (1105.7s elapsed)
epoch  459  train_mse 2.389597e-06  val_mse 3.090141e-06  (1108.2s elapsed)
epoch  460  train_mse 2.384800e-06  val_mse 3.089869e-06  (1110.6s elapsed)
epoch  461  train_mse 2.388030e-06  val_mse 3.068317e-06  (1113.1s elapsed)
epoch  462  train_mse 2.387754e-06  val_mse 3.071773e-06  (1115.7s elapsed)
epoch  463  train_mse 2.381459e-06  val_mse 3.081199e-06  (1118.2s elapsed)
epoch  464  train_mse 2.380421e-06  val_mse 3.075779e-06  (1120.6s elapsed)
epoch  465  train_mse 2.392240e-06  val_mse 3.078832e-06  (1123.1s elapsed)
epoch  466  train_mse 2.390042e-06  val_mse 3.070066e-06  (1125.5s elapsed)
epoch  467  train_mse 2.387144e-06  val_mse 3.088238e-06  (1127.9s elapsed)
epoch  468  train_mse 2.389996e-06  val_mse 3.118076e-06  (1130.4s elapsed)
epoch  469  train_mse 2.385780e-06  val_mse 3.072512e-06  (1133.0s elapsed)
epoch  470  train_mse 2.382657e-06  val_mse 3.072331e-06  (1135.4s elapsed)
epoch  471  train_mse 2.384708e-06  val_mse 3.059166e-06  (1137.9s elapsed)
epoch  472  train_mse 2.384605e-06  val_mse 3.070194e-06  (1140.3s elapsed)
epoch  473  train_mse 2.385572e-06  val_mse 3.088222e-06  (1142.8s elapsed)
epoch  474  train_mse 2.382603e-06  val_mse 3.094447e-06  (1145.2s elapsed)
epoch  475  train_mse 2.382608e-06  val_mse 3.070953e-06  (1147.7s elapsed)
epoch  476  train_mse 2.386366e-06  val_mse 3.084676e-06  (1150.1s elapsed)
epoch  477  train_mse 2.377848e-06  val_mse 3.089472e-06  (1152.6s elapsed)
epoch  478  train_mse 2.384065e-06  val_mse 3.059528e-06  (1155.0s elapsed)
epoch  479  train_mse 2.381211e-06  val_mse 3.075878e-06  (1157.4s elapsed)
epoch  480  train_mse 2.380165e-06  val_mse 3.078642e-06  (1159.9s elapsed)
epoch  481  train_mse 2.379388e-06  val_mse 3.078186e-06  (1162.4s elapsed)
epoch  482  train_mse 2.378841e-06  val_mse 3.081937e-06  (1164.8s elapsed)
epoch  483  train_mse 2.378740e-06  val_mse 3.095539e-06  (1167.3s elapsed)
epoch  484  train_mse 2.376448e-06  val_mse 3.069365e-06  (1169.7s elapsed)
epoch  485  train_mse 2.378909e-06  val_mse 3.074262e-06  (1172.2s elapsed)
epoch  486  train_mse 2.377908e-06  val_mse 3.077752e-06  (1174.6s elapsed)
epoch  487  train_mse 2.373908e-06  val_mse 3.059581e-06  (1177.0s elapsed)
epoch  488  train_mse 2.376568e-06  val_mse 3.079554e-06  (1179.5s elapsed)
epoch  489  train_mse 2.382701e-06  val_mse 3.080084e-06  (1182.0s elapsed)
epoch  490  train_mse 2.374595e-06  val_mse 3.074461e-06  (1184.4s elapsed)
epoch  491  train_mse 2.375501e-06  val_mse 3.074464e-06  (1186.8s elapsed)
epoch  492  train_mse 2.377093e-06  val_mse 3.079435e-06  (1189.3s elapsed)
epoch  493  train_mse 2.375921e-06  val_mse 3.079975e-06  (1191.7s elapsed)
epoch  494  train_mse 2.380443e-06  val_mse 3.076669e-06  (1194.1s elapsed)
epoch  495  train_mse 2.379304e-06  val_mse 3.086307e-06  (1196.5s elapsed)
epoch  496  train_mse 2.375931e-06  val_mse 3.085305e-06  (1198.9s elapsed)
epoch  497  train_mse 2.374109e-06  val_mse 3.080366e-06  (1201.3s elapsed)
epoch  498  train_mse 2.376347e-06  val_mse 3.065166e-06  (1203.8s elapsed)
epoch  499  train_mse 2.380681e-06  val_mse 3.067493e-06  (1206.2s elapsed)
done. best val_mse=3.049355e-06  total time 1206.3s
