  loading SCATTERED monolayer (L040, n50) ...
loaded 8 episodes; kept 2560 full-length pushes, dropped 0 truncated (0.0%)
  loaded 2560 transitions

=== SCATTERED monolayer (L040, n50)  (N=2560 transitions, 8 episodes, res=32 crop=1.0 blur=1.0, band=+/-4.0px) ===
  col offset   mean delta    fold sd
       -15.5     -0.00000    0.00001
       -14.5      0.00000    0.00002
       -13.5      0.00001    0.00003
       -12.5      0.00001    0.00003
       -11.5      0.00010    0.00009
       -10.5      0.00046    0.00018
        -9.5      0.00173    0.00037
        -8.5      0.00614    0.00092
        -7.5      0.01329    0.00142
        -6.5      0.00813    0.00185
        -5.5     -0.02790    0.00429
        -4.5     -0.04484    0.00452
        -3.5     -0.04108    0.00614
        -2.5     -0.03693    0.00749
        -1.5     -0.03560    0.00739
        -0.5     -0.03624    0.00807
         0.5     -0.03648    0.00740
         1.5     -0.03787    0.00706
         2.5     -0.04205    0.00636
         3.5     -0.04728    0.00576
         4.5     -0.04036    0.00567
         5.5      0.10091    0.00772
         6.5      0.15163    0.01646
         7.5      0.06981    0.01538
         8.5      0.02538    0.00856
         9.5      0.00894    0.00357
        10.5      0.00299    0.00160
        11.5      0.00121    0.00076
        12.5      0.00055    0.00051
        13.5      0.00023    0.00026
        14.5      0.00003    0.00004
        15.5      0.00000    0.00004
peak depletion  at col offset +3.5: -0.04728  (fold sd 0.00576)
peak deposition at col offset +6.5: 0.15163  (fold sd 0.01646)
  loading PILED cubes (n20, 2-layer heap) ...
loaded 16 episodes; kept 4840 full-length pushes, dropped 280 truncated (5.5%)
  loaded 4840 transitions

=== PILED cubes (n20, 2-layer heap)  (N=4840 transitions, 16 episodes, res=32 crop=1.0 blur=1.0, band=+/-4.0px) ===
  col offset   mean delta    fold sd
       -15.5      0.00013    0.00006
       -14.5      0.00013    0.00003
       -13.5      0.00018    0.00013
       -12.5      0.00022    0.00017
       -11.5      0.00032    0.00025
       -10.5      0.00043    0.00014
        -9.5      0.00070    0.00017
        -8.5      0.00091    0.00019
        -7.5      0.00111    0.00022
        -6.5      0.00139    0.00030
        -5.5      0.00179    0.00041
        -4.5      0.00125    0.00036
        -3.5     -0.00314    0.00096
        -2.5     -0.02642    0.00169
        -1.5     -0.14735    0.00087
        -0.5     -0.25770    0.00261
         0.5     -0.30284    0.00421
         1.5     -0.30392    0.00397
         2.5     -0.17625    0.00116
         3.5      0.22459    0.00401
         4.5      0.34033    0.00426
         5.5      0.29041    0.00398
         6.5      0.18497    0.00274
         7.5      0.08435    0.00233
         8.5      0.02933    0.00137
         9.5      0.00789    0.00033
        10.5      0.00187    0.00010
        11.5      0.00047    0.00017
        12.5      0.00016    0.00009
        13.5      0.00013    0.00015
        14.5      0.00005    0.00006
        15.5      0.00003    0.00004
peak depletion  at col offset +1.5: -0.30392  (fold sd 0.00397)
peak deposition at col offset +4.5: 0.34033  (fold sd 0.00426)
