loaded 8 episodes; kept 2560 full-length pushes, dropped 0 truncated (0.0%)
loaded 8 episodes; kept 2560 full-length pushes, dropped 0 truncated (0.0%)
loaded 8 episodes; kept 2560 full-length pushes, dropped 0 truncated (0.0%)

### granularity n20 scattered blind 40mm FULL  res=32 blur=1.0 M=2560 (1920 train / 640 val, 8 episodes)

--- target = mask-delta ---
  mean-delta (0 params)        dim=    0  explained over mean-delta = 0.0000  (by construction)
  mask only                    dim= 1024  explained over mean-delta = 0.5223
  height only                  dim= 1024  explained over mean-delta = 0.4432
  density only                 dim= 1024  explained over mean-delta = 0.4426
  mask + height (2 channel)    dim= 2048  explained over mean-delta = 0.4707
  mask + density (2 channel)   dim= 2048  explained over mean-delta = 0.4710
  mask+height+density (3ch)    dim= 3072  explained over mean-delta = 0.4305

--- target = density-delta ---
  mean-delta (0 params)        dim=    0  explained over mean-delta = 0.0000  (by construction)
  mask only                    dim= 1024  explained over mean-delta = 0.6896
  height only                  dim= 1024  explained over mean-delta = 0.8294
  density only                 dim= 1024  explained over mean-delta = 0.8317
  mask + height (2 channel)    dim= 2048  explained over mean-delta = 0.8095
  mask + density (2 channel)   dim= 2048  explained over mean-delta = 0.8119
  mask+height+density (3ch)    dim= 3072  explained over mean-delta = 0.8206
