cache: Baselines/GNN/runs/gnn_randlen_L20mm_dv_cache.pt  goal=ind-stripe-thin-pile  provenance=a0f116d3 dirty=False
20 slates used (sizes: [128])

=== slateK: fraction of the oracle's advantage over a random pick ===
model                  K=2        K=4        K=8        K=16       K=32       K=64       K=128    
persistence            -0.002±0.010  -0.001±0.008  -0.004±0.007  -0.002±0.006  -0.001±0.004  -0.000±0.004  -0.037±0.116
mean-delta             0.305±0.037  0.362±0.054  0.306±0.067  0.196±0.082  0.098±0.082  0.062±0.070  0.076±0.073
linear                 0.469±0.030  0.579±0.038  0.559±0.051  0.525±0.058  0.491±0.067  0.454±0.092  0.411±0.133
gnn                    0.462±0.035  0.593±0.039  0.639±0.039  0.644±0.047  0.610±0.063  0.573±0.085  0.583±0.135
oracle                 1.000±0.000  1.000±0.000  1.000±0.000  1.000±0.000  1.000±0.000  1.000±0.000  1.000±0.000

=== regret_dv (chosen - best, Lyapunov units; lower better) ===
model                  K=2        K=4        K=8        K=16       K=32       K=64       K=128    
persistence            0.0367     0.0673     0.0963     0.1230     0.1476     0.1699     0.1901   
mean-delta             0.0201     0.0424     0.0698     0.1031     0.1374     0.1635     0.1775   
linear                 0.0120     0.0258     0.0424     0.0592     0.0760     0.0935     0.1112   
gnn                    0.0113     0.0212     0.0309     0.0422     0.0568     0.0731     0.0830   
oracle                 0.0000     0.0000     0.0000     0.0000     0.0000     0.0000     0.0000   

=== pick_pctile (fraction of the subset better than the pick) ===
model                  K=2        K=4        K=8        K=16       K=32       K=64       K=128    
persistence            0.241      0.360      0.421      0.451      0.466      0.473      0.509    
mean-delta             0.167      0.246      0.293      0.344      0.389      0.397      0.361    
linear                 0.128      0.172      0.185      0.182      0.170      0.164      0.168    
gnn                    0.129      0.168      0.164      0.148      0.143      0.145      0.127    
oracle                 0.000      0.000      0.000      0.000      0.000      0.000      0.000    

=== paired differences (per slate; sem is the floor, not the sd) ===

  gnn - linear
       K      mean       sd      sem       t     wins  ties
       2   -0.0076   0.0958   0.0214   -0.36    9/20      0
       4   +0.0147   0.1084   0.0242    0.61   12/20      0
       8   +0.0797   0.1318   0.0295    2.70   13/20      0
      16   +0.1185   0.1567   0.0350    3.38   14/20      0
      32   +0.1183   0.1859   0.0416    2.85   14/20      0
      64   +0.1195   0.2355   0.0527    2.27   15/20      0
     128   +0.1718   0.3427   0.0766    2.24   12/20      2

  oracle - linear
       K      mean       sd      sem       t     wins  ties
       2   +0.5307   0.0698   0.0156   34.00   20/20      0
       4   +0.4213   0.0894   0.0200   21.07   20/20      0
       8   +0.4407   0.1194   0.0267   16.51   20/20      0
      16   +0.4749   0.1372   0.0307   15.48   20/20      0
      32   +0.5086   0.1576   0.0352   14.43   20/20      0
      64   +0.5465   0.2174   0.0486   11.24   20/20      0
     128   +0.5889   0.3135   0.0701    8.40   19/20      1

  linear - mean-delta
       K      mean       sd      sem       t     wins  ties
       2   +0.1646   0.0838   0.0187    8.78   20/20      0
       4   +0.2168   0.1293   0.0289    7.50   20/20      0
       8   +0.2535   0.1575   0.0352    7.20   20/20      0
      16   +0.3295   0.1991   0.0445    7.40   20/20      0
      32   +0.3930   0.2183   0.0488    8.05   20/20      0
      64   +0.3919   0.2438   0.0545    7.19   20/20      0
     128   +0.3352   0.3695   0.0826    4.06   15/20      3

=== bivariate-normal extrapolation (validate on K<=31 first) ===
  mean within-slate Pearson rho: mean-delta=+0.398, linear=+0.670, gnn=+0.702, oracle=+0.992

  model                  K=2        K=4        K=8        K=16       K=32       K=64       K=128      K=64       K=128      K=256      K=1000   
  mean-delta             0.261      0.352      0.383      0.392      0.396      0.399      0.401      0.399      0.401      0.401      0.401    
  linear                 0.466      0.602      0.642      0.655      0.662      0.666      0.668      0.666      0.668      0.669      0.671    
  gnn                    0.495      0.634      0.674      0.687      0.693      0.697      0.699      0.697      0.699      0.701      0.703    
  oracle                 1.000      1.000      1.000      1.000      1.000      1.000      1.000      1.000      1.000      1.000      1.000    

wrote Baselines/GNN/runs/gnn_randlen_L20mm_kcurve_sampled_ind-stripe-thin-pile.json
