cache: Baselines/GNN/runs/gnn_randlen_indist_mixed_dv_cache.pt  goal=corner  provenance=652fce1f dirty=False
5 slates used (sizes: [128])

=== slateK: fraction of the oracle's advantage over a random pick ===
model                  K=2        K=4        K=8        K=16       K=32       K=64       K=128    
persistence            -0.002±0.016  0.012±0.024  0.009±0.027  0.009±0.023  0.007±0.019  0.008±0.015  -0.279±0.362
mean-delta             0.425±0.036  0.632±0.053  0.662±0.079  0.618±0.092  0.558±0.084  0.492±0.119  0.360±0.197
linear                 0.680±0.019  0.840±0.014  0.868±0.030  0.862±0.042  0.832±0.061  0.787±0.091  0.699±0.122
gnn                    0.884±0.014  0.968±0.005  0.977±0.004  0.977±0.008  0.973±0.012  0.974±0.011  0.962±0.032
oracle                 1.000±0.000  1.000±0.000  1.000±0.000  1.000±0.000  1.000±0.000  1.000±0.000  1.000±0.000

=== regret_dv (chosen - best, Lyapunov units; lower better) ===
model                  K=2        K=4        K=8        K=16       K=32       K=64       K=128    
persistence            0.0182     0.0289     0.0385     0.0480     0.0563     0.0625     0.0876   
mean-delta             0.0067     0.0086     0.0127     0.0192     0.0259     0.0323     0.0433   
linear                 0.0019     0.0027     0.0040     0.0060     0.0090     0.0125     0.0192   
gnn                    0.0002     0.0004     0.0005     0.0008     0.0012     0.0014     0.0027   
oracle                 0.0000     0.0000     0.0000     0.0000     0.0000     0.0000     0.0000   

=== pick_pctile (fraction of the subset better than the pick) ===
model                  K=2        K=4        K=8        K=16       K=32       K=64       K=128    
persistence            0.247      0.366      0.427      0.456      0.472      0.479      0.700    
mean-delta             0.142      0.175      0.175      0.168      0.165      0.176      0.231    
linear                 0.079      0.091      0.079      0.062      0.054      0.054      0.056    
gnn                    0.029      0.030      0.022      0.016      0.013      0.010      0.006    
oracle                 0.000      0.000      0.000      0.000      0.000      0.000      0.000    

=== paired differences (per slate; sem is the floor, not the sd) ===

  gnn - linear
       K      mean       sd      sem       t     wins  ties
       2   +0.2038   0.0330   0.0148   13.81    5/5       0
       4   +0.1271   0.0209   0.0093   13.60    5/5       0
       8   +0.1094   0.0402   0.0180    6.09    5/5       0
      16   +0.1153   0.0493   0.0221    5.23    5/5       0
      32   +0.1416   0.0703   0.0315    4.50    5/5       0
      64   +0.1866   0.1070   0.0479    3.90    5/5       0
     128   +0.2628   0.1615   0.0722    3.64    5/5       0

  oracle - linear
       K      mean       sd      sem       t     wins  ties
       2   +0.3201   0.0247   0.0110   28.98    5/5       0
       4   +0.1595   0.0180   0.0081   19.78    5/5       0
       8   +0.1320   0.0397   0.0178    7.43    5/5       0
      16   +0.1379   0.0547   0.0244    5.64    5/5       0
      32   +0.1684   0.0828   0.0370    4.55    5/5       0
      64   +0.2128   0.1181   0.0528    4.03    5/5       0
     128   +0.3011   0.1591   0.0712    4.23    5/5       0

  linear - mean-delta
       K      mean       sd      sem       t     wins  ties
       2   +0.2549   0.0271   0.0121   21.05    5/5       0
       4   +0.2082   0.0605   0.0271    7.69    5/5       0
       8   +0.2060   0.0906   0.0405    5.08    5/5       0
      16   +0.2441   0.1024   0.0458    5.33    5/5       0
      32   +0.2735   0.0983   0.0440    6.22    5/5       0
      64   +0.2953   0.1266   0.0566    5.22    5/5       0
     128   +0.3388   0.3643   0.1629    2.08    4/5       0

=== bivariate-normal extrapolation (validate on K<=31 first) ===
  mean within-slate Pearson rho: mean-delta=+0.523, linear=+0.853, gnn=+0.978, oracle=+0.992

  model                  K=2        K=4        K=8        K=16       K=32       K=64       K=128      K=64       K=128      K=256      K=1000   
  mean-delta             0.349      0.464      0.502      0.513      0.518      0.521      0.524      0.521      0.524      0.524      0.525    
  linear                 0.650      0.793      0.827      0.838      0.844      0.847      0.848      0.847      0.848      0.850      0.852    
  gnn                    0.868      0.958      0.970      0.973      0.975      0.976      0.976      0.976      0.976      0.977      0.977    
  oracle                 1.000      1.000      1.000      1.000      1.000      1.000      1.000      1.000      1.000      1.000      1.000    

wrote Baselines/GNN/runs/gnn_randlen_indist_mixed_kcurve_sampled_corner.json
