cache=Baselines/GNN/runs/gnn_randlen_indist_mixed_dv_cache.pt goal=corner n_slates=5 provenance=652fce1f dirty=False

=== slateK_exact (closed form) ===
model            K=2        K=4        K=8        K=16       K=32       K=64       K=128    
persistence      0.0523     0.0995     0.1326     0.1325     0.1229     0.1243     0.0546   
mean-delta       0.6219     0.7060     0.6820     0.6170     0.5507     0.4821     0.3600   
linear           0.8954     0.9031     0.8957     0.8720     0.8332     0.7878     0.6989   
gnn              0.9871     0.9865     0.9851     0.9818     0.9765     0.9749     0.9616   
oracle           1.0000     1.0000     1.0000     1.0000     1.0000     1.0000     1.0000   

=== worstK (adversarial pool) ===
model            K=2        K=4        K=8        K=16       K=32       K=64       K=128    
persistence      3.4437     3.4437     3.4437     3.4437     3.3725     3.2985     0.9454   
mean-delta       2.5731     2.5731     2.5233     2.2854     2.0672     1.3577     0.6400   
linear           1.4025     1.4025     1.3325     1.0682     1.0395     0.9242     0.3011   
gnn              0.4734     0.4734     0.4211     0.4038     0.3005     0.2576     -0.0018  
oracle           0.0000     0.0000     0.0000     0.0000     0.0000     0.0000     -0.0785  

=== rank_profile (true percentile of the model's r-th pick) ===
model            r=1       r=2       r=3       r=4       r=8       r=16      r=32      r=64      r=128   
persistence      0.502     0.325     0.417     0.661     0.348     0.594     0.389     0.367     0.447   
mean-delta       0.231     0.114     0.139     0.167     0.239     0.177     0.286     0.494     0.789   
linear           0.056     0.031     0.117     0.050     0.119     0.244     0.208     0.487     0.988   
gnn              0.006     0.011     0.033     0.023     0.053     0.125     0.258     0.461     0.992   
oracle           0.000     0.008     0.016     0.023     0.055     0.117     0.242     0.491     0.992   

=== paired slateK_exact differences ===

  gnn - linear
    K=   2 mean=+0.0918 sem=0.0082 t=+11.15 wins=5/5 ties=0
    K=   4 mean=+0.0834 sem=0.0122 t=+6.82 wins=5/5 ties=0
    K=   8 mean=+0.0894 sem=0.0170 t=+5.25 wins=5/5 ties=0
    K=  16 mean=+0.1097 sem=0.0220 t=+4.99 wins=5/5 ties=0
    K=  32 mean=+0.1433 sem=0.0342 t=+4.19 wins=5/5 ties=0
    K=  64 mean=+0.1871 sem=0.0487 t=+3.84 wins=5/5 ties=0
    K= 128 mean=+0.2628 sem=0.0722 t=+3.64 wins=5/5 ties=0

  oracle - linear
    K=   2 mean=+0.1046 sem=0.0089 t=+11.75 wins=5/5 ties=0
    K=   4 mean=+0.0969 sem=0.0127 t=+7.65 wins=5/5 ties=0
    K=   8 mean=+0.1043 sem=0.0181 t=+5.77 wins=5/5 ties=0
    K=  16 mean=+0.1280 sem=0.0248 t=+5.15 wins=5/5 ties=0
    K=  32 mean=+0.1668 sem=0.0396 t=+4.21 wins=5/5 ties=0
    K=  64 mean=+0.2122 sem=0.0534 t=+3.97 wins=5/5 ties=0
    K= 128 mean=+0.3011 sem=0.0712 t=+4.23 wins=5/5 ties=0

  linear - mean-delta
    K=   2 mean=+0.2735 sem=0.0189 t=+14.43 wins=5/5 ties=0
    K=   4 mean=+0.1971 sem=0.0253 t=+7.78 wins=5/5 ties=0
    K=   8 mean=+0.2137 sem=0.0422 t=+5.07 wins=5/5 ties=0
    K=  16 mean=+0.2551 sem=0.0469 t=+5.43 wins=5/5 ties=0
    K=  32 mean=+0.2825 sem=0.0454 t=+6.22 wins=5/5 ties=0
    K=  64 mean=+0.3057 sem=0.0591 t=+5.17 wins=5/5 ties=0
    K= 128 mean=+0.3388 sem=0.1629 t=+2.08 wins=4/5 ties=0

wrote Baselines/GNN/runs/gnn_randlen_indist_mixed_kcurve_exact_corner.json
