cache=Baselines/GNN/runs/gnn_randlen_L20mm_dv_cache.pt goal=corner n_slates=20 provenance=a0f116d3 dirty=False

=== slateK_exact (closed form) ===
model            K=2        K=4        K=8        K=16       K=32       K=64       K=128    
persistence      0.0099     0.0051     -0.0077    -0.0151    -0.0222    -0.0535    -0.1111  
mean-delta       0.6615     0.6805     0.6367     0.5971     0.5541     0.4944     0.4144   
linear           0.9192     0.9336     0.9481     0.9566     0.9524     0.9460     0.9521   
gnn              0.9310     0.9357     0.9480     0.9525     0.9515     0.9529     0.9588   
oracle           1.0000     1.0000     1.0000     1.0000     1.0000     1.0000     1.0000   

=== worstK (adversarial pool) ===
model            K=2        K=4        K=8        K=16       K=32       K=64       K=128    
persistence      2.5942     2.5942     2.5879     2.5816     2.5775     2.5336     1.1111   
mean-delta       1.8260     1.8260     1.8260     1.7119     1.4997     1.3079     0.5856   
linear           1.0758     1.0595     1.0566     0.8960     0.7074     0.4418     0.0099   
gnn              0.8233     0.8233     0.7902     0.7534     0.7318     0.5738     -0.0048  
oracle           0.0000     0.0000     0.0000     0.0000     0.0000     -0.0000    -0.0754  

=== rank_profile (true percentile of the model's r-th pick) ===
model            r=1       r=2       r=3       r=4       r=8       r=16      r=32      r=64      r=128   
persistence      0.504     0.490     0.467     0.487     0.443     0.438     0.405     0.525     0.459   
mean-delta       0.189     0.150     0.134     0.125     0.187     0.264     0.334     0.386     0.502   
linear           0.006     0.022     0.023     0.033     0.054     0.147     0.353     0.493     0.979   
gnn              0.005     0.018     0.029     0.038     0.066     0.157     0.295     0.411     0.986   
oracle           0.000     0.008     0.016     0.023     0.055     0.117     0.242     0.458     0.992   

=== paired slateK_exact differences ===

  gnn - linear
    K=   2 mean=+0.0118 sem=0.0071 t=+1.67 wins=15/20 ties=0
    K=   4 mean=+0.0021 sem=0.0065 t=+0.32 wins=13/20 ties=0
    K=   8 mean=-0.0000 sem=0.0051 t=-0.00 wins=11/20 ties=0
    K=  16 mean=-0.0041 sem=0.0053 t=-0.77 wins=7/20 ties=0
    K=  32 mean=-0.0009 sem=0.0074 t=-0.12 wins=9/20 ties=0
    K=  64 mean=+0.0069 sem=0.0114 t=+0.61 wins=11/20 ties=0
    K= 128 mean=+0.0066 sem=0.0219 t=+0.30 wins=4/20 ties=13

  oracle - linear
    K=   2 mean=+0.0808 sem=0.0050 t=+16.03 wins=20/20 ties=0
    K=   4 mean=+0.0664 sem=0.0049 t=+13.52 wins=20/20 ties=0
    K=   8 mean=+0.0519 sem=0.0042 t=+12.36 wins=20/20 ties=0
    K=  16 mean=+0.0434 sem=0.0055 t=+7.92 wins=20/20 ties=0
    K=  32 mean=+0.0476 sem=0.0083 t=+5.73 wins=20/20 ties=0
    K=  64 mean=+0.0540 sem=0.0115 t=+4.71 wins=20/20 ties=0
    K= 128 mean=+0.0479 sem=0.0163 t=+2.93 wins=8/20 ties=12

  linear - mean-delta
    K=   2 mean=+0.2577 sem=0.0089 t=+28.86 wins=20/20 ties=0
    K=   4 mean=+0.2531 sem=0.0141 t=+17.91 wins=20/20 ties=0
    K=   8 mean=+0.3114 sem=0.0209 t=+14.90 wins=20/20 ties=0
    K=  16 mean=+0.3594 sem=0.0287 t=+12.54 wins=20/20 ties=0
    K=  32 mean=+0.3983 sem=0.0361 t=+11.04 wins=20/20 ties=0
    K=  64 mean=+0.4515 sem=0.0467 t=+9.67 wins=20/20 ties=0
    K= 128 mean=+0.5377 sem=0.0746 t=+7.20 wins=18/20 ties=1

wrote Baselines/GNN/runs/gnn_randlen_L20mm_kcurve_exact_corner.json
