cache: Baselines/GNN/runs/gnn_randlen_indist_mixed_dv_cache.pt  goal=ind-stripe-thin-pile  provenance=652fce1f dirty=False
5 slates used (sizes: [128])

=== slateK: fraction of the oracle's advantage over a random pick ===
model                  K=2        K=4        K=8        K=16       K=32       K=64       K=128    
persistence            -0.007±0.013  0.025±0.011  0.016±0.009  0.014±0.010  0.008±0.007  0.005±0.004  -0.049±0.263
mean-delta             0.388±0.076  0.480±0.098  0.523±0.064  0.503±0.037  0.439±0.070  0.320±0.092  0.090±0.084
linear                 0.587±0.027  0.697±0.038  0.708±0.043  0.704±0.029  0.686±0.063  0.618±0.136  0.533±0.221
gnn                    0.664±0.049  0.792±0.071  0.820±0.060  0.818±0.058  0.822±0.087  0.843±0.095  0.873±0.070
oracle                 1.000±0.000  1.000±0.000  1.000±0.000  1.000±0.000  1.000±0.000  1.000±0.000  1.000±0.000

=== regret_dv (chosen - best, Lyapunov units; lower better) ===
model                  K=2        K=4        K=8        K=16       K=32       K=64       K=128    
persistence            0.0240     0.0428     0.0623     0.0829     0.1034     0.1224     0.1449   
mean-delta             0.0101     0.0185     0.0275     0.0401     0.0569     0.0826     0.1248   
linear                 0.0047     0.0094     0.0161     0.0229     0.0317     0.0458     0.0623   
gnn                    0.0032     0.0058     0.0089     0.0128     0.0157     0.0174     0.0168   
oracle                 0.0000     0.0000     0.0000     0.0000     0.0000     0.0000     0.0000   

=== pick_pctile (fraction of the subset better than the pick) ===
model                  K=2        K=4        K=8        K=16       K=32       K=64       K=128    
persistence            0.235      0.346      0.404      0.433      0.448      0.456      0.478    
mean-delta             0.143      0.195      0.202      0.197      0.204      0.250      0.369    
linear                 0.097      0.133      0.137      0.113      0.090      0.079      0.064    
gnn                    0.079      0.096      0.088      0.073      0.062      0.050      0.011    
oracle                 0.000      0.000      0.000      0.000      0.000      0.000      0.000    

=== paired differences (per slate; sem is the floor, not the sd) ===

  gnn - linear
       K      mean       sd      sem       t     wins  ties
       2   +0.0773   0.0772   0.0345    2.24    4/5       0
       4   +0.0943   0.0823   0.0368    2.56    4/5       0
       8   +0.1119   0.0683   0.0305    3.66    5/5       0
      16   +0.1135   0.0679   0.0304    3.74    4/5       0
      32   +0.1358   0.1105   0.0494    2.75    4/5       0
      64   +0.2254   0.1677   0.0750    3.00    5/5       0
     128   +0.3394   0.3121   0.1396    2.43    4/5       0

  oracle - linear
       K      mean       sd      sem       t     wins  ties
       2   +0.4133   0.0348   0.0156   26.54    5/5       0
       4   +0.3027   0.0488   0.0218   13.88    5/5       0
       8   +0.2920   0.0544   0.0243   12.01    5/5       0
      16   +0.2956   0.0379   0.0169   17.45    5/5       0
      32   +0.3139   0.0811   0.0363    8.66    5/5       0
      64   +0.3823   0.1707   0.0764    5.01    5/5       0
     128   +0.4667   0.2969   0.1328    3.52    5/5       0

  linear - mean-delta
       K      mean       sd      sem       t     wins  ties
       2   +0.1984   0.0682   0.0305    6.51    5/5       0
       4   +0.2168   0.1747   0.0781    2.78    5/5       0
       8   +0.1849   0.1286   0.0575    3.22    5/5       0
      16   +0.2017   0.0505   0.0226    8.94    5/5       0
      32   +0.2470   0.0604   0.0270    9.15    5/5       0
      64   +0.2977   0.1184   0.0529    5.62    5/5       0
     128   +0.4432   0.3275   0.1465    3.03    5/5       0

=== bivariate-normal extrapolation (validate on K<=31 first) ===
  mean within-slate Pearson rho: mean-delta=+0.528, linear=+0.776, gnn=+0.837, oracle=+0.992

  model                  K=2        K=4        K=8        K=16       K=32       K=64       K=128      K=64       K=128      K=256      K=1000   
  mean-delta             0.353      0.469      0.507      0.517      0.523      0.527      0.529      0.527      0.529      0.529      0.530    
  linear                 0.565      0.709      0.747      0.760      0.765      0.769      0.771      0.769      0.771      0.773      0.775    
  gnn                    0.630      0.775      0.810      0.822      0.827      0.831      0.832      0.831      0.832      0.834      0.836    
  oracle                 1.000      1.000      1.000      1.000      1.000      1.000      1.000      1.000      1.000      1.000      1.000    

wrote Baselines/GNN/runs/gnn_randlen_indist_mixed_kcurve_sampled_indstripethinpile.json
