cache=Baselines/GNN/runs/gnn_randlen_indist_scattered_dv_cache.pt goal=ind-stripe-thin-pile n_slates=5 provenance=652fce1f dirty=False

=== slateK_exact (closed form) ===
model            K=2        K=4        K=8        K=16       K=32       K=64       K=128    
persistence      0.0323     0.0127     -0.0023    -0.0158    -0.0340    -0.0606    -0.1500  
mean-delta       0.5630     0.4567     0.3433     0.2405     0.1669     0.1075     0.0335   
linear           0.7643     0.6894     0.6024     0.5200     0.4482     0.4156     0.4944   
gnn              0.7734     0.7521     0.7469     0.7664     0.8060     0.8567     0.8604   
oracle           1.0000     1.0000     1.0000     1.0000     1.0000     1.0000     1.0000   

=== worstK (adversarial pool) ===
model            K=2        K=4        K=8        K=16       K=32       K=64       K=128    
persistence      1.3652     1.3652     1.3652     1.3652     1.3652     1.3652     1.1500   
mean-delta       1.2896     1.2896     1.2896     1.2896     1.2896     1.2896     0.9665   
linear           1.1254     1.1254     1.1254     1.1254     1.1254     1.1254     0.5056   
gnn              0.8303     0.8303     0.8193     0.8193     0.8193     0.8193     -0.0310  
oracle           0.0000     0.0000     0.0000     0.0000     0.0000     0.0000     -0.2429  

=== rank_profile (true percentile of the model's r-th pick) ===
model            r=1       r=2       r=3       r=4       r=8       r=16      r=32      r=64      r=128   
persistence      0.481     0.275     0.233     0.522     0.348     0.527     0.263     0.300     0.445   
mean-delta       0.317     0.252     0.297     0.202     0.253     0.267     0.472     0.322     0.825   
linear           0.061     0.191     0.205     0.284     0.163     0.283     0.273     0.241     0.720   
gnn              0.014     0.013     0.086     0.242     0.083     0.278     0.272     0.483     0.834   
oracle           0.000     0.008     0.016     0.023     0.053     0.117     0.233     0.400     0.836   

=== paired slateK_exact differences ===

  gnn - linear
    K=   2 mean=+0.0091 sem=0.0355 t=+0.26 wins=2/5 ties=0
    K=   4 mean=+0.0628 sem=0.0451 t=+1.39 wins=4/5 ties=0
    K=   8 mean=+0.1445 sem=0.0534 t=+2.70 wins=4/5 ties=0
    K=  16 mean=+0.2464 sem=0.0731 t=+3.37 wins=5/5 ties=0
    K=  32 mean=+0.3578 sem=0.1057 t=+3.38 wins=5/5 ties=0
    K=  64 mean=+0.4412 sem=0.1392 t=+3.17 wins=5/5 ties=0
    K= 128 mean=+0.3660 sem=0.1853 t=+1.98 wins=3/5 ties=1

  oracle - linear
    K=   2 mean=+0.2357 sem=0.0439 t=+5.36 wins=5/5 ties=0
    K=   4 mean=+0.3106 sem=0.0406 t=+7.64 wins=5/5 ties=0
    K=   8 mean=+0.3976 sem=0.0366 t=+10.88 wins=5/5 ties=0
    K=  16 mean=+0.4800 sem=0.0435 t=+11.02 wins=5/5 ties=0
    K=  32 mean=+0.5518 sem=0.0649 t=+8.50 wins=5/5 ties=0
    K=  64 mean=+0.5844 sem=0.0890 t=+6.57 wins=5/5 ties=0
    K= 128 mean=+0.5056 sem=0.1251 t=+4.04 wins=5/5 ties=0

  linear - mean-delta
    K=   2 mean=+0.2014 sem=0.0433 t=+4.65 wins=5/5 ties=0
    K=   4 mean=+0.2326 sem=0.0408 t=+5.71 wins=5/5 ties=0
    K=   8 mean=+0.2590 sem=0.0420 t=+6.17 wins=5/5 ties=0
    K=  16 mean=+0.2795 sem=0.0547 t=+5.11 wins=5/5 ties=0
    K=  32 mean=+0.2814 sem=0.0818 t=+3.44 wins=5/5 ties=0
    K=  64 mean=+0.3080 sem=0.1129 t=+2.73 wins=5/5 ties=0
    K= 128 mean=+0.4609 sem=0.1598 t=+2.88 wins=4/5 ties=1

wrote Baselines/GNN/runs/gnn_randlen_indist_scattered_kcurve_exact_indstripethinpile.json
