[gpu_lock] 20:00:52 seeking 1 of 3 slots: /home/alon/anaconda3/envs/pme/bin/python Baselines/GNN/train/train_genesis_gnn_dyn.py --epochs 500 --batch-size 128 --out-dir Baselines/GNN/runs/gnn_randlen --train-roots Genesis/data/overnight_randlen_train/mixed_n20,Genesis/data/overnight_randlen_train/piled_n20,Genesis/data/overnight_randlen_train/scattered_n20 --val-roots Genesis/data/overnight_randlen_test/mixed_n20,Genesis/data/overnight_randlen_test/piled_n20,Genesis/data/overnight_randlen_test/scattered_n20
[gpu_lock] 20:00:52 acquired slot 1; running: /home/alon/anaconda3/envs/pme/bin/python Baselines/GNN/train/train_genesis_gnn_dyn.py --epochs 500 --batch-size 128 --out-dir Baselines/GNN/runs/gnn_randlen --train-roots Genesis/data/overnight_randlen_train/mixed_n20,Genesis/data/overnight_randlen_train/piled_n20,Genesis/data/overnight_randlen_train/scattered_n20 --val-roots Genesis/data/overnight_randlen_test/mixed_n20,Genesis/data/overnight_randlen_test/piled_n20,Genesis/data/overnight_randlen_test/scattered_n20
train examples: 69120  val examples: 7680
model params: 38403  adj_thresh: 0.012
epoch    0  train_mse 7.130922e-05  val_mse 8.759310e-06  (3.9s elapsed)
epoch    1  train_mse 8.964273e-06  val_mse 7.787298e-06  (7.5s elapsed)
epoch    2  train_mse 8.748470e-06  val_mse 9.222501e-06  (11.1s elapsed)
epoch    3  train_mse 8.524213e-06  val_mse 9.401960e-06  (17.1s elapsed)
epoch    4  train_mse 8.344082e-06  val_mse 7.787884e-06  (24.3s elapsed)
epoch    5  train_mse 8.106785e-06  val_mse 8.324905e-06  (31.2s elapsed)
epoch    6  train_mse 7.800228e-06  val_mse 8.116025e-06  (38.4s elapsed)
epoch    7  train_mse 7.776678e-06  val_mse 7.071887e-06  (45.6s elapsed)
epoch    8  train_mse 7.543539e-06  val_mse 7.642020e-06  (52.7s elapsed)
epoch    9  train_mse 7.410685e-06  val_mse 7.264617e-06  (59.9s elapsed)
epoch   10  train_mse 7.331657e-06  val_mse 7.280966e-06  (66.8s elapsed)
epoch   11  train_mse 7.359651e-06  val_mse 7.006958e-06  (73.9s elapsed)
epoch   12  train_mse 7.233837e-06  val_mse 7.040107e-06  (80.9s elapsed)
epoch   13  train_mse 7.229006e-06  val_mse 7.051636e-06  (88.1s elapsed)
epoch   14  train_mse 7.123448e-06  val_mse 7.062469e-06  (95.1s elapsed)
epoch   15  train_mse 7.185528e-06  val_mse 6.968406e-06  (102.1s elapsed)
epoch   16  train_mse 7.106800e-06  val_mse 6.809957e-06  (109.1s elapsed)
epoch   17  train_mse 7.072887e-06  val_mse 6.672429e-06  (116.3s elapsed)
epoch   18  train_mse 7.057223e-06  val_mse 6.963144e-06  (123.4s elapsed)
epoch   19  train_mse 6.994557e-06  val_mse 6.872554e-06  (130.5s elapsed)
epoch   20  train_mse 7.003719e-06  val_mse 6.878346e-06  (137.6s elapsed)
epoch   21  train_mse 6.946716e-06  val_mse 6.671187e-06  (144.8s elapsed)
epoch   22  train_mse 6.894052e-06  val_mse 6.822062e-06  (151.9s elapsed)
epoch   23  train_mse 6.818967e-06  val_mse 6.523868e-06  (159.2s elapsed)
epoch   24  train_mse 6.749711e-06  val_mse 6.570608e-06  (166.1s elapsed)
epoch   25  train_mse 6.680487e-06  val_mse 6.745764e-06  (173.1s elapsed)
epoch   26  train_mse 6.561421e-06  val_mse 6.377967e-06  (180.6s elapsed)
epoch   27  train_mse 6.520643e-06  val_mse 6.462661e-06  (188.2s elapsed)
epoch   28  train_mse 6.427860e-06  val_mse 6.138827e-06  (195.7s elapsed)
epoch   29  train_mse 6.296430e-06  val_mse 6.209280e-06  (203.6s elapsed)
epoch   30  train_mse 6.196249e-06  val_mse 6.079284e-06  (211.7s elapsed)
epoch   31  train_mse 6.082346e-06  val_mse 5.889567e-06  (219.1s elapsed)
epoch   32  train_mse 6.013534e-06  val_mse 5.831968e-06  (226.3s elapsed)
epoch   33  train_mse 5.895343e-06  val_mse 5.806271e-06  (233.3s elapsed)
epoch   34  train_mse 5.738194e-06  val_mse 5.590091e-06  (240.7s elapsed)
epoch   35  train_mse 5.568643e-06  val_mse 5.181171e-06  (247.7s elapsed)
epoch   36  train_mse 5.196974e-06  val_mse 4.752459e-06  (255.1s elapsed)
epoch   37  train_mse 4.920147e-06  val_mse 4.745484e-06  (262.5s elapsed)
epoch   38  train_mse 4.744698e-06  val_mse 4.503800e-06  (269.7s elapsed)
epoch   39  train_mse 4.632832e-06  val_mse 4.673941e-06  (276.8s elapsed)
epoch   40  train_mse 4.557149e-06  val_mse 4.540992e-06  (283.9s elapsed)
epoch   41  train_mse 4.483567e-06  val_mse 4.473330e-06  (291.3s elapsed)
epoch   42  train_mse 4.429976e-06  val_mse 4.466093e-06  (298.7s elapsed)
epoch   43  train_mse 4.411760e-06  val_mse 4.200307e-06  (306.0s elapsed)
epoch   44  train_mse 4.331925e-06  val_mse 4.550079e-06  (312.5s elapsed)
epoch   45  train_mse 4.315231e-06  val_mse 4.303859e-06  (321.0s elapsed)
epoch   46  train_mse 4.301143e-06  val_mse 4.227023e-06  (328.5s elapsed)
epoch   47  train_mse 4.274594e-06  val_mse 4.177937e-06  (336.1s elapsed)
epoch   48  train_mse 4.240379e-06  val_mse 4.056843e-06  (343.6s elapsed)
epoch   49  train_mse 4.232722e-06  val_mse 4.098743e-06  (351.1s elapsed)
epoch   50  train_mse 4.205496e-06  val_mse 4.368426e-06  (358.1s elapsed)
epoch   51  train_mse 4.189298e-06  val_mse 4.111543e-06  (365.0s elapsed)
epoch   52  train_mse 4.223145e-06  val_mse 4.119344e-06  (372.1s elapsed)
epoch   53  train_mse 4.175258e-06  val_mse 4.234703e-06  (379.1s elapsed)
epoch   54  train_mse 4.132431e-06  val_mse 4.050869e-06  (386.2s elapsed)
epoch   55  train_mse 4.133337e-06  val_mse 4.097965e-06  (393.3s elapsed)
epoch   56  train_mse 4.112750e-06  val_mse 4.324129e-06  (400.4s elapsed)
epoch   57  train_mse 4.084236e-06  val_mse 4.210350e-06  (407.4s elapsed)
epoch   58  train_mse 4.075561e-06  val_mse 4.006509e-06  (414.4s elapsed)
epoch   59  train_mse 4.039658e-06  val_mse 3.912739e-06  (421.4s elapsed)
epoch   60  train_mse 4.049478e-06  val_mse 3.985136e-06  (428.4s elapsed)
epoch   61  train_mse 4.047039e-06  val_mse 3.974162e-06  (435.5s elapsed)
epoch   62  train_mse 4.041292e-06  val_mse 3.996332e-06  (442.5s elapsed)
epoch   63  train_mse 4.082708e-06  val_mse 4.013626e-06  (449.5s elapsed)
epoch   64  train_mse 4.006479e-06  val_mse 3.988795e-06  (456.6s elapsed)
epoch   65  train_mse 4.025973e-06  val_mse 4.305064e-06  (463.7s elapsed)
epoch   66  train_mse 3.997605e-06  val_mse 4.065338e-06  (470.8s elapsed)
epoch   67  train_mse 3.973895e-06  val_mse 3.908790e-06  (477.8s elapsed)
epoch   68  train_mse 3.981210e-06  val_mse 4.218028e-06  (485.1s elapsed)
epoch   69  train_mse 3.986341e-06  val_mse 4.071611e-06  (492.1s elapsed)
epoch   70  train_mse 3.964924e-06  val_mse 4.381319e-06  (499.1s elapsed)
epoch   71  train_mse 3.963686e-06  val_mse 3.957302e-06  (506.1s elapsed)
epoch   72  train_mse 3.954325e-06  val_mse 3.923091e-06  (513.3s elapsed)
epoch   73  train_mse 3.929134e-06  val_mse 4.058390e-06  (520.5s elapsed)
epoch   74  train_mse 3.927327e-06  val_mse 3.858057e-06  (527.5s elapsed)
epoch   75  train_mse 3.978548e-06  val_mse 3.976306e-06  (534.6s elapsed)
epoch   76  train_mse 3.900779e-06  val_mse 3.976798e-06  (541.6s elapsed)
epoch   77  train_mse 3.919214e-06  val_mse 3.894117e-06  (548.6s elapsed)
epoch   78  train_mse 3.898921e-06  val_mse 3.875921e-06  (555.8s elapsed)
epoch   79  train_mse 3.897408e-06  val_mse 3.860854e-06  (562.9s elapsed)
epoch   80  train_mse 3.871681e-06  val_mse 3.908065e-06  (569.9s elapsed)
epoch   81  train_mse 3.876265e-06  val_mse 3.853183e-06  (577.3s elapsed)
epoch   82  train_mse 3.864301e-06  val_mse 3.859148e-06  (584.4s elapsed)
epoch   83  train_mse 3.897088e-06  val_mse 3.742559e-06  (591.5s elapsed)
epoch   84  train_mse 3.856961e-06  val_mse 3.913193e-06  (598.3s elapsed)
epoch   85  train_mse 3.879151e-06  val_mse 3.791612e-06  (605.3s elapsed)
epoch   86  train_mse 3.864765e-06  val_mse 4.082987e-06  (611.5s elapsed)
epoch   87  train_mse 3.834224e-06  val_mse 3.878899e-06  (617.9s elapsed)
epoch   88  train_mse 3.847010e-06  val_mse 4.001251e-06  (624.8s elapsed)
epoch   89  train_mse 3.822694e-06  val_mse 3.885276e-06  (631.9s elapsed)
epoch   90  train_mse 3.829373e-06  val_mse 3.718552e-06  (638.9s elapsed)
epoch   91  train_mse 3.811395e-06  val_mse 3.762887e-06  (645.9s elapsed)
epoch   92  train_mse 3.801593e-06  val_mse 3.870968e-06  (652.9s elapsed)
epoch   93  train_mse 3.832344e-06  val_mse 3.908429e-06  (659.9s elapsed)
epoch   94  train_mse 3.815810e-06  val_mse 3.810572e-06  (666.9s elapsed)
epoch   95  train_mse 3.804345e-06  val_mse 4.012391e-06  (674.0s elapsed)
epoch   96  train_mse 3.818320e-06  val_mse 3.728988e-06  (681.0s elapsed)
epoch   97  train_mse 3.797080e-06  val_mse 3.846369e-06  (688.1s elapsed)
epoch   98  train_mse 3.810758e-06  val_mse 3.827466e-06  (695.0s elapsed)
epoch   99  train_mse 3.785699e-06  val_mse 3.869903e-06  (702.1s elapsed)
epoch  100  train_mse 3.578710e-06  val_mse 3.644583e-06  (709.3s elapsed)
epoch  101  train_mse 3.552963e-06  val_mse 3.630558e-06  (716.3s elapsed)
epoch  102  train_mse 3.563461e-06  val_mse 3.622412e-06  (723.3s elapsed)
epoch  103  train_mse 3.560761e-06  val_mse 3.613929e-06  (730.3s elapsed)
epoch  104  train_mse 3.537222e-06  val_mse 3.661438e-06  (737.3s elapsed)
epoch  105  train_mse 3.540557e-06  val_mse 3.639012e-06  (744.3s elapsed)
epoch  106  train_mse 3.538036e-06  val_mse 3.635881e-06  (751.3s elapsed)
epoch  107  train_mse 3.534534e-06  val_mse 3.606886e-06  (758.2s elapsed)
epoch  108  train_mse 3.518323e-06  val_mse 3.621341e-06  (765.3s elapsed)
epoch  109  train_mse 3.524527e-06  val_mse 3.676201e-06  (772.4s elapsed)
epoch  110  train_mse 3.523656e-06  val_mse 3.672311e-06  (779.4s elapsed)
epoch  111  train_mse 3.516722e-06  val_mse 3.704424e-06  (786.5s elapsed)
epoch  112  train_mse 3.502351e-06  val_mse 3.577757e-06  (793.4s elapsed)
epoch  113  train_mse 3.500623e-06  val_mse 3.707418e-06  (800.4s elapsed)
epoch  114  train_mse 3.504414e-06  val_mse 3.627860e-06  (807.5s elapsed)
epoch  115  train_mse 3.498335e-06  val_mse 3.642209e-06  (814.5s elapsed)
epoch  116  train_mse 3.491835e-06  val_mse 3.618535e-06  (821.5s elapsed)
epoch  117  train_mse 3.489167e-06  val_mse 3.632371e-06  (828.6s elapsed)
epoch  118  train_mse 3.501665e-06  val_mse 3.620327e-06  (835.7s elapsed)
epoch  119  train_mse 3.479977e-06  val_mse 3.643013e-06  (842.7s elapsed)
epoch  120  train_mse 3.475162e-06  val_mse 3.573088e-06  (849.7s elapsed)
epoch  121  train_mse 3.471102e-06  val_mse 3.603179e-06  (856.8s elapsed)
epoch  122  train_mse 3.467595e-06  val_mse 3.674767e-06  (863.8s elapsed)
epoch  123  train_mse 3.474758e-06  val_mse 3.577593e-06  (870.9s elapsed)
epoch  124  train_mse 3.487809e-06  val_mse 3.667219e-06  (877.9s elapsed)
epoch  125  train_mse 3.467905e-06  val_mse 3.553443e-06  (884.9s elapsed)
epoch  126  train_mse 3.445423e-06  val_mse 3.587225e-06  (891.9s elapsed)
epoch  127  train_mse 3.458739e-06  val_mse 3.610232e-06  (898.2s elapsed)
epoch  128  train_mse 3.470546e-06  val_mse 3.586192e-06  (905.2s elapsed)
epoch  129  train_mse 3.460750e-06  val_mse 3.596569e-06  (912.3s elapsed)
epoch  130  train_mse 3.475201e-06  val_mse 3.587580e-06  (919.4s elapsed)
epoch  131  train_mse 3.444381e-06  val_mse 3.562426e-06  (926.4s elapsed)
epoch  132  train_mse 3.447830e-06  val_mse 3.693792e-06  (933.5s elapsed)
epoch  133  train_mse 3.440332e-06  val_mse 3.572376e-06  (940.4s elapsed)
epoch  134  train_mse 3.454028e-06  val_mse 3.644654e-06  (947.5s elapsed)
epoch  135  train_mse 3.431650e-06  val_mse 3.623170e-06  (954.5s elapsed)
epoch  136  train_mse 3.454177e-06  val_mse 3.701073e-06  (961.5s elapsed)
epoch  137  train_mse 3.429236e-06  val_mse 3.600401e-06  (968.5s elapsed)
epoch  138  train_mse 3.422842e-06  val_mse 3.724406e-06  (975.6s elapsed)
epoch  139  train_mse 3.442491e-06  val_mse 3.575595e-06  (982.6s elapsed)
epoch  140  train_mse 3.418295e-06  val_mse 3.649630e-06  (989.6s elapsed)
epoch  141  train_mse 3.426403e-06  val_mse 3.606300e-06  (996.7s elapsed)
epoch  142  train_mse 3.435001e-06  val_mse 3.585083e-06  (1003.7s elapsed)
epoch  143  train_mse 3.427592e-06  val_mse 3.615593e-06  (1010.9s elapsed)
epoch  144  train_mse 3.411463e-06  val_mse 3.569148e-06  (1017.9s elapsed)
epoch  145  train_mse 3.423760e-06  val_mse 3.628799e-06  (1024.9s elapsed)
epoch  146  train_mse 3.434182e-06  val_mse 3.586207e-06  (1031.9s elapsed)
epoch  147  train_mse 3.408916e-06  val_mse 3.605524e-06  (1039.0s elapsed)
epoch  148  train_mse 3.412151e-06  val_mse 3.604610e-06  (1046.1s elapsed)
epoch  149  train_mse 3.427215e-06  val_mse 3.595971e-06  (1053.1s elapsed)
epoch  150  train_mse 3.396126e-06  val_mse 3.625993e-06  (1060.1s elapsed)
epoch  151  train_mse 3.401609e-06  val_mse 3.612467e-06  (1067.1s elapsed)
epoch  152  train_mse 3.398016e-06  val_mse 3.631723e-06  (1074.1s elapsed)
epoch  153  train_mse 3.396992e-06  val_mse 3.675022e-06  (1081.0s elapsed)
epoch  154  train_mse 3.411773e-06  val_mse 3.561699e-06  (1088.0s elapsed)
epoch  155  train_mse 3.398867e-06  val_mse 3.598139e-06  (1095.0s elapsed)
epoch  156  train_mse 3.392165e-06  val_mse 3.594791e-06  (1102.1s elapsed)
epoch  157  train_mse 3.395119e-06  val_mse 3.661152e-06  (1109.1s elapsed)
epoch  158  train_mse 3.396679e-06  val_mse 3.630958e-06  (1116.2s elapsed)
epoch  159  train_mse 3.375698e-06  val_mse 3.548157e-06  (1123.3s elapsed)
epoch  160  train_mse 3.399967e-06  val_mse 3.634500e-06  (1130.3s elapsed)
epoch  161  train_mse 3.378114e-06  val_mse 3.599860e-06  (1137.4s elapsed)
epoch  162  train_mse 3.394297e-06  val_mse 3.621327e-06  (1144.4s elapsed)
epoch  163  train_mse 3.367565e-06  val_mse 3.621355e-06  (1151.6s elapsed)
epoch  164  train_mse 3.369803e-06  val_mse 3.618165e-06  (1158.6s elapsed)
epoch  165  train_mse 3.379552e-06  val_mse 3.562130e-06  (1165.7s elapsed)
epoch  166  train_mse 3.382897e-06  val_mse 3.617692e-06  (1172.9s elapsed)
epoch  167  train_mse 3.379216e-06  val_mse 3.521104e-06  (1179.7s elapsed)
epoch  168  train_mse 3.370405e-06  val_mse 3.553482e-06  (1186.1s elapsed)
epoch  169  train_mse 3.351741e-06  val_mse 3.578670e-06  (1193.1s elapsed)
epoch  170  train_mse 3.377834e-06  val_mse 3.611794e-06  (1200.0s elapsed)
epoch  171  train_mse 3.377915e-06  val_mse 3.730331e-06  (1207.0s elapsed)
epoch  172  train_mse 3.361757e-06  val_mse 3.765119e-06  (1214.1s elapsed)
epoch  173  train_mse 3.349971e-06  val_mse 3.554251e-06  (1221.1s elapsed)
epoch  174  train_mse 3.360618e-06  val_mse 3.621043e-06  (1228.2s elapsed)
epoch  175  train_mse 3.367648e-06  val_mse 3.597259e-06  (1235.1s elapsed)
epoch  176  train_mse 3.371062e-06  val_mse 3.651604e-06  (1242.1s elapsed)
epoch  177  train_mse 3.342867e-06  val_mse 3.562898e-06  (1249.1s elapsed)
epoch  178  train_mse 3.349567e-06  val_mse 3.602367e-06  (1256.1s elapsed)
epoch  179  train_mse 3.358926e-06  val_mse 3.622023e-06  (1263.0s elapsed)
epoch  180  train_mse 3.352553e-06  val_mse 3.595100e-06  (1270.0s elapsed)
epoch  181  train_mse 3.334533e-06  val_mse 3.704587e-06  (1277.1s elapsed)
epoch  182  train_mse 3.340880e-06  val_mse 3.583854e-06  (1284.0s elapsed)
epoch  183  train_mse 3.354665e-06  val_mse 3.662656e-06  (1291.0s elapsed)
epoch  184  train_mse 3.355340e-06  val_mse 3.577977e-06  (1298.1s elapsed)
epoch  185  train_mse 3.341695e-06  val_mse 3.617051e-06  (1305.0s elapsed)
epoch  186  train_mse 3.346863e-06  val_mse 3.597565e-06  (1312.0s elapsed)
epoch  187  train_mse 3.348548e-06  val_mse 3.601148e-06  (1319.0s elapsed)
epoch  188  train_mse 3.356268e-06  val_mse 3.594459e-06  (1325.9s elapsed)
epoch  189  train_mse 3.334731e-06  val_mse 3.536329e-06  (1332.9s elapsed)
epoch  190  train_mse 3.343281e-06  val_mse 3.611353e-06  (1340.0s elapsed)
epoch  191  train_mse 3.332857e-06  val_mse 3.628503e-06  (1346.9s elapsed)
epoch  192  train_mse 3.334628e-06  val_mse 3.582007e-06  (1353.9s elapsed)
epoch  193  train_mse 3.334737e-06  val_mse 3.655505e-06  (1361.0s elapsed)
epoch  194  train_mse 3.340098e-06  val_mse 3.578617e-06  (1368.0s elapsed)
epoch  195  train_mse 3.321886e-06  val_mse 3.604514e-06  (1374.9s elapsed)
epoch  196  train_mse 3.332592e-06  val_mse 3.613341e-06  (1382.0s elapsed)
epoch  197  train_mse 3.339211e-06  val_mse 3.773665e-06  (1389.0s elapsed)
epoch  198  train_mse 3.332143e-06  val_mse 3.580720e-06  (1396.1s elapsed)
epoch  199  train_mse 3.321164e-06  val_mse 3.565765e-06  (1403.2s elapsed)
epoch  200  train_mse 3.197803e-06  val_mse 3.531700e-06  (1410.3s elapsed)
epoch  201  train_mse 3.180766e-06  val_mse 3.509756e-06  (1417.3s elapsed)
epoch  202  train_mse 3.177995e-06  val_mse 3.497162e-06  (1424.2s elapsed)
epoch  203  train_mse 3.176186e-06  val_mse 3.487257e-06  (1431.3s elapsed)
epoch  204  train_mse 3.177101e-06  val_mse 3.500535e-06  (1438.3s elapsed)
epoch  205  train_mse 3.168211e-06  val_mse 3.565266e-06  (1445.3s elapsed)
epoch  206  train_mse 3.168199e-06  val_mse 3.501927e-06  (1452.3s elapsed)
epoch  207  train_mse 3.170186e-06  val_mse 3.496921e-06  (1459.3s elapsed)
epoch  208  train_mse 3.166241e-06  val_mse 3.506238e-06  (1465.9s elapsed)
epoch  209  train_mse 3.166593e-06  val_mse 3.507625e-06  (1472.6s elapsed)
epoch  210  train_mse 3.161551e-06  val_mse 3.525876e-06  (1479.6s elapsed)
epoch  211  train_mse 3.168398e-06  val_mse 3.517000e-06  (1486.7s elapsed)
epoch  212  train_mse 3.174953e-06  val_mse 3.501369e-06  (1493.6s elapsed)
epoch  213  train_mse 3.146959e-06  val_mse 3.512864e-06  (1500.6s elapsed)
epoch  214  train_mse 3.156571e-06  val_mse 3.535334e-06  (1507.7s elapsed)
epoch  215  train_mse 3.147305e-06  val_mse 3.529710e-06  (1514.8s elapsed)
epoch  216  train_mse 3.158056e-06  val_mse 3.588240e-06  (1521.8s elapsed)
epoch  217  train_mse 3.169820e-06  val_mse 3.568273e-06  (1528.9s elapsed)
epoch  218  train_mse 3.154024e-06  val_mse 3.516474e-06  (1535.9s elapsed)
epoch  219  train_mse 3.141044e-06  val_mse 3.527632e-06  (1542.9s elapsed)
epoch  220  train_mse 3.147689e-06  val_mse 3.540722e-06  (1550.0s elapsed)
epoch  221  train_mse 3.156084e-06  val_mse 3.552821e-06  (1556.8s elapsed)
epoch  222  train_mse 3.142322e-06  val_mse 3.509017e-06  (1563.8s elapsed)
epoch  223  train_mse 3.143115e-06  val_mse 3.540773e-06  (1570.7s elapsed)
epoch  224  train_mse 3.140466e-06  val_mse 3.486122e-06  (1577.7s elapsed)
epoch  225  train_mse 3.139048e-06  val_mse 3.576891e-06  (1584.7s elapsed)
epoch  226  train_mse 3.140041e-06  val_mse 3.489806e-06  (1591.7s elapsed)
epoch  227  train_mse 3.141219e-06  val_mse 3.526068e-06  (1598.8s elapsed)
epoch  228  train_mse 3.138458e-06  val_mse 3.512252e-06  (1605.7s elapsed)
epoch  229  train_mse 3.142255e-06  val_mse 3.542524e-06  (1612.7s elapsed)
epoch  230  train_mse 3.143755e-06  val_mse 3.558232e-06  (1619.7s elapsed)
epoch  231  train_mse 3.135667e-06  val_mse 3.532157e-06  (1626.7s elapsed)
epoch  232  train_mse 3.134019e-06  val_mse 3.517952e-06  (1633.9s elapsed)
epoch  233  train_mse 3.131455e-06  val_mse 3.546080e-06  (1640.9s elapsed)
epoch  234  train_mse 3.132767e-06  val_mse 3.549859e-06  (1648.0s elapsed)
epoch  235  train_mse 3.128354e-06  val_mse 3.545312e-06  (1655.2s elapsed)
epoch  236  train_mse 3.135370e-06  val_mse 3.542597e-06  (1662.1s elapsed)
epoch  237  train_mse 3.137531e-06  val_mse 3.578280e-06  (1669.1s elapsed)
epoch  238  train_mse 3.118342e-06  val_mse 3.553735e-06  (1676.2s elapsed)
epoch  239  train_mse 3.125565e-06  val_mse 3.515348e-06  (1683.2s elapsed)
epoch  240  train_mse 3.124710e-06  val_mse 3.583086e-06  (1690.2s elapsed)
epoch  241  train_mse 3.121329e-06  val_mse 3.539574e-06  (1697.2s elapsed)
epoch  242  train_mse 3.120292e-06  val_mse 3.601981e-06  (1704.2s elapsed)
epoch  243  train_mse 3.123296e-06  val_mse 3.536153e-06  (1711.1s elapsed)
epoch  244  train_mse 3.116034e-06  val_mse 3.514483e-06  (1718.1s elapsed)
epoch  245  train_mse 3.126958e-06  val_mse 3.564035e-06  (1725.1s elapsed)
epoch  246  train_mse 3.121051e-06  val_mse 3.592665e-06  (1732.0s elapsed)
epoch  247  train_mse 3.120188e-06  val_mse 3.541481e-06  (1739.0s elapsed)
epoch  248  train_mse 3.111555e-06  val_mse 3.534793e-06  (1745.9s elapsed)
epoch  249  train_mse 3.110139e-06  val_mse 3.513004e-06  (1752.6s elapsed)
epoch  250  train_mse 3.106093e-06  val_mse 3.592368e-06  (1759.5s elapsed)
epoch  251  train_mse 3.112902e-06  val_mse 3.500723e-06  (1766.6s elapsed)
epoch  252  train_mse 3.114444e-06  val_mse 3.543273e-06  (1773.6s elapsed)
epoch  253  train_mse 3.117530e-06  val_mse 3.547450e-06  (1780.7s elapsed)
epoch  254  train_mse 3.101131e-06  val_mse 3.540759e-06  (1787.6s elapsed)
epoch  255  train_mse 3.104852e-06  val_mse 3.526739e-06  (1794.6s elapsed)
epoch  256  train_mse 3.124078e-06  val_mse 3.542718e-06  (1801.7s elapsed)
epoch  257  train_mse 3.111018e-06  val_mse 3.591245e-06  (1808.7s elapsed)
epoch  258  train_mse 3.105967e-06  val_mse 3.628769e-06  (1815.6s elapsed)
epoch  259  train_mse 3.101513e-06  val_mse 3.552155e-06  (1822.7s elapsed)
epoch  260  train_mse 3.105668e-06  val_mse 3.523765e-06  (1829.8s elapsed)
epoch  261  train_mse 3.109977e-06  val_mse 3.611523e-06  (1836.7s elapsed)
epoch  262  train_mse 3.094387e-06  val_mse 3.578397e-06  (1843.6s elapsed)
epoch  263  train_mse 3.099907e-06  val_mse 3.542122e-06  (1850.5s elapsed)
epoch  264  train_mse 3.115164e-06  val_mse 3.542293e-06  (1857.6s elapsed)
epoch  265  train_mse 3.098407e-06  val_mse 3.545008e-06  (1864.6s elapsed)
epoch  266  train_mse 3.093979e-06  val_mse 3.535104e-06  (1871.6s elapsed)
epoch  267  train_mse 3.093506e-06  val_mse 3.530171e-06  (1878.6s elapsed)
epoch  268  train_mse 3.124611e-06  val_mse 3.516120e-06  (1885.6s elapsed)
epoch  269  train_mse 3.106427e-06  val_mse 3.552295e-06  (1892.6s elapsed)
epoch  270  train_mse 3.084165e-06  val_mse 3.533234e-06  (1899.6s elapsed)
epoch  271  train_mse 3.096630e-06  val_mse 3.559808e-06  (1906.6s elapsed)
epoch  272  train_mse 3.093956e-06  val_mse 3.517404e-06  (1913.6s elapsed)
epoch  273  train_mse 3.088535e-06  val_mse 3.555060e-06  (1920.6s elapsed)
epoch  274  train_mse 3.091952e-06  val_mse 3.551771e-06  (1927.7s elapsed)
epoch  275  train_mse 3.091868e-06  val_mse 3.538529e-06  (1934.6s elapsed)
epoch  276  train_mse 3.082259e-06  val_mse 3.539363e-06  (1941.7s elapsed)
epoch  277  train_mse 3.092374e-06  val_mse 3.620772e-06  (1948.8s elapsed)
epoch  278  train_mse 3.096840e-06  val_mse 3.539089e-06  (1955.8s elapsed)
epoch  279  train_mse 3.087035e-06  val_mse 3.577854e-06  (1962.9s elapsed)
epoch  280  train_mse 3.082995e-06  val_mse 3.547157e-06  (1970.0s elapsed)
epoch  281  train_mse 3.081980e-06  val_mse 3.530141e-06  (1976.9s elapsed)
epoch  282  train_mse 3.086416e-06  val_mse 3.568326e-06  (1983.9s elapsed)
epoch  283  train_mse 3.091236e-06  val_mse 3.527306e-06  (1991.0s elapsed)
epoch  284  train_mse 3.082415e-06  val_mse 3.533975e-06  (1998.0s elapsed)
epoch  285  train_mse 3.083377e-06  val_mse 3.558907e-06  (2005.1s elapsed)
epoch  286  train_mse 3.074865e-06  val_mse 3.638848e-06  (2012.1s elapsed)
epoch  287  train_mse 3.077898e-06  val_mse 3.541739e-06  (2019.1s elapsed)
epoch  288  train_mse 3.088630e-06  val_mse 3.640657e-06  (2026.1s elapsed)
epoch  289  train_mse 3.085338e-06  val_mse 3.534816e-06  (2033.1s elapsed)
epoch  290  train_mse 3.081257e-06  val_mse 3.573875e-06  (2039.3s elapsed)
epoch  291  train_mse 3.072374e-06  val_mse 3.532218e-06  (2045.7s elapsed)
epoch  292  train_mse 3.081514e-06  val_mse 3.637665e-06  (2052.6s elapsed)
epoch  293  train_mse 3.081488e-06  val_mse 3.588101e-06  (2059.7s elapsed)
epoch  294  train_mse 3.078139e-06  val_mse 3.521745e-06  (2066.6s elapsed)
epoch  295  train_mse 3.076947e-06  val_mse 3.574530e-06  (2073.8s elapsed)
epoch  296  train_mse 3.081676e-06  val_mse 3.569026e-06  (2080.8s elapsed)
epoch  297  train_mse 3.063841e-06  val_mse 3.555885e-06  (2087.9s elapsed)
epoch  298  train_mse 3.063069e-06  val_mse 3.633113e-06  (2094.8s elapsed)
epoch  299  train_mse 3.093617e-06  val_mse 3.544826e-06  (2101.7s elapsed)
epoch  300  train_mse 2.995558e-06  val_mse 3.525162e-06  (2108.7s elapsed)
epoch  301  train_mse 2.988589e-06  val_mse 3.534888e-06  (2115.8s elapsed)
epoch  302  train_mse 2.983507e-06  val_mse 3.531052e-06  (2122.7s elapsed)
epoch  303  train_mse 2.983508e-06  val_mse 3.530169e-06  (2129.7s elapsed)
epoch  304  train_mse 2.979940e-06  val_mse 3.540299e-06  (2136.7s elapsed)
epoch  305  train_mse 2.981196e-06  val_mse 3.550101e-06  (2143.6s elapsed)
epoch  306  train_mse 2.987886e-06  val_mse 3.555610e-06  (2150.6s elapsed)
epoch  307  train_mse 2.984617e-06  val_mse 3.533470e-06  (2157.6s elapsed)
epoch  308  train_mse 2.981323e-06  val_mse 3.535189e-06  (2164.5s elapsed)
epoch  309  train_mse 2.978568e-06  val_mse 3.560346e-06  (2171.6s elapsed)
epoch  310  train_mse 2.974587e-06  val_mse 3.518150e-06  (2178.6s elapsed)
epoch  311  train_mse 2.981345e-06  val_mse 3.507013e-06  (2185.6s elapsed)
epoch  312  train_mse 2.975841e-06  val_mse 3.544188e-06  (2192.7s elapsed)
epoch  313  train_mse 2.975370e-06  val_mse 3.533445e-06  (2199.7s elapsed)
epoch  314  train_mse 2.977955e-06  val_mse 3.552432e-06  (2206.8s elapsed)
epoch  315  train_mse 2.972924e-06  val_mse 3.547964e-06  (2213.9s elapsed)
epoch  316  train_mse 2.973539e-06  val_mse 3.540345e-06  (2220.8s elapsed)
epoch  317  train_mse 2.974800e-06  val_mse 3.543275e-06  (2227.8s elapsed)
epoch  318  train_mse 2.971297e-06  val_mse 3.530718e-06  (2234.9s elapsed)
epoch  319  train_mse 2.974154e-06  val_mse 3.566965e-06  (2241.9s elapsed)
epoch  320  train_mse 2.967139e-06  val_mse 3.574495e-06  (2248.9s elapsed)
epoch  321  train_mse 2.971672e-06  val_mse 3.538670e-06  (2255.9s elapsed)
epoch  322  train_mse 2.962460e-06  val_mse 3.541763e-06  (2262.9s elapsed)
epoch  323  train_mse 2.969528e-06  val_mse 3.532385e-06  (2269.9s elapsed)
epoch  324  train_mse 2.970182e-06  val_mse 3.554398e-06  (2276.9s elapsed)
epoch  325  train_mse 2.968188e-06  val_mse 3.558332e-06  (2283.8s elapsed)
epoch  326  train_mse 2.967185e-06  val_mse 3.544028e-06  (2290.9s elapsed)
epoch  327  train_mse 2.959825e-06  val_mse 3.547196e-06  (2297.9s elapsed)
epoch  328  train_mse 2.963077e-06  val_mse 3.587660e-06  (2304.9s elapsed)
epoch  329  train_mse 2.962264e-06  val_mse 3.573740e-06  (2311.9s elapsed)
epoch  330  train_mse 2.962871e-06  val_mse 3.568039e-06  (2319.0s elapsed)
epoch  331  train_mse 2.958651e-06  val_mse 3.564318e-06  (2325.2s elapsed)
epoch  332  train_mse 2.963597e-06  val_mse 3.558624e-06  (2331.4s elapsed)
epoch  333  train_mse 2.959542e-06  val_mse 3.547304e-06  (2338.4s elapsed)
epoch  334  train_mse 2.953991e-06  val_mse 3.553906e-06  (2345.3s elapsed)
epoch  335  train_mse 2.959338e-06  val_mse 3.566520e-06  (2352.3s elapsed)
epoch  336  train_mse 2.956738e-06  val_mse 3.540358e-06  (2359.3s elapsed)
epoch  337  train_mse 2.958838e-06  val_mse 3.555204e-06  (2366.2s elapsed)
epoch  338  train_mse 2.956873e-06  val_mse 3.594287e-06  (2373.2s elapsed)
epoch  339  train_mse 2.953789e-06  val_mse 3.546920e-06  (2380.3s elapsed)
epoch  340  train_mse 2.956915e-06  val_mse 3.561100e-06  (2387.4s elapsed)
epoch  341  train_mse 2.948535e-06  val_mse 3.575447e-06  (2394.4s elapsed)
epoch  342  train_mse 2.956589e-06  val_mse 3.550702e-06  (2401.4s elapsed)
epoch  343  train_mse 2.955325e-06  val_mse 3.556960e-06  (2408.6s elapsed)
epoch  344  train_mse 2.950125e-06  val_mse 3.542440e-06  (2415.7s elapsed)
epoch  345  train_mse 2.954537e-06  val_mse 3.562553e-06  (2422.6s elapsed)
epoch  346  train_mse 2.947384e-06  val_mse 3.583395e-06  (2429.6s elapsed)
epoch  347  train_mse 2.946767e-06  val_mse 3.576610e-06  (2436.6s elapsed)
epoch  348  train_mse 2.957329e-06  val_mse 3.552718e-06  (2443.6s elapsed)
epoch  349  train_mse 2.949100e-06  val_mse 3.566550e-06  (2450.7s elapsed)
epoch  350  train_mse 2.948322e-06  val_mse 3.551273e-06  (2457.7s elapsed)
epoch  351  train_mse 2.949588e-06  val_mse 3.590633e-06  (2464.7s elapsed)
epoch  352  train_mse 2.949237e-06  val_mse 3.554969e-06  (2471.8s elapsed)
epoch  353  train_mse 2.950278e-06  val_mse 3.564453e-06  (2478.9s elapsed)
epoch  354  train_mse 2.949123e-06  val_mse 3.551852e-06  (2486.0s elapsed)
epoch  355  train_mse 2.947263e-06  val_mse 3.544365e-06  (2493.1s elapsed)
epoch  356  train_mse 2.946728e-06  val_mse 3.555344e-06  (2500.1s elapsed)
epoch  357  train_mse 2.946523e-06  val_mse 3.589197e-06  (2507.1s elapsed)
epoch  358  train_mse 2.946729e-06  val_mse 3.554611e-06  (2514.0s elapsed)
epoch  359  train_mse 2.947031e-06  val_mse 3.561711e-06  (2521.1s elapsed)
epoch  360  train_mse 2.939488e-06  val_mse 3.551080e-06  (2528.1s elapsed)
epoch  361  train_mse 2.944009e-06  val_mse 3.517687e-06  (2535.1s elapsed)
epoch  362  train_mse 2.940707e-06  val_mse 3.571579e-06  (2542.1s elapsed)
epoch  363  train_mse 2.943259e-06  val_mse 3.570534e-06  (2549.3s elapsed)
epoch  364  train_mse 2.939460e-06  val_mse 3.565775e-06  (2556.3s elapsed)
epoch  365  train_mse 2.946376e-06  val_mse 3.561299e-06  (2563.2s elapsed)
epoch  366  train_mse 2.936666e-06  val_mse 3.569789e-06  (2570.2s elapsed)
epoch  367  train_mse 2.936033e-06  val_mse 3.578056e-06  (2577.2s elapsed)
epoch  368  train_mse 2.945412e-06  val_mse 3.548641e-06  (2584.2s elapsed)
epoch  369  train_mse 2.936536e-06  val_mse 3.602246e-06  (2591.2s elapsed)
epoch  370  train_mse 2.930209e-06  val_mse 3.572751e-06  (2598.3s elapsed)
epoch  371  train_mse 2.939019e-06  val_mse 3.552450e-06  (2605.3s elapsed)
epoch  372  train_mse 2.933130e-06  val_mse 3.557751e-06  (2611.4s elapsed)
epoch  373  train_mse 2.934856e-06  val_mse 3.604028e-06  (2618.6s elapsed)
epoch  374  train_mse 2.944273e-06  val_mse 3.589619e-06  (2625.6s elapsed)
epoch  375  train_mse 2.933164e-06  val_mse 3.555821e-06  (2632.6s elapsed)
epoch  376  train_mse 2.935130e-06  val_mse 3.594826e-06  (2639.7s elapsed)
epoch  377  train_mse 2.930649e-06  val_mse 3.561322e-06  (2646.7s elapsed)
epoch  378  train_mse 2.930439e-06  val_mse 3.571545e-06  (2653.7s elapsed)
epoch  379  train_mse 2.938992e-06  val_mse 3.570633e-06  (2660.6s elapsed)
epoch  380  train_mse 2.931123e-06  val_mse 3.568460e-06  (2667.5s elapsed)
epoch  381  train_mse 2.932065e-06  val_mse 3.585719e-06  (2674.5s elapsed)
epoch  382  train_mse 2.930032e-06  val_mse 3.578723e-06  (2681.6s elapsed)
epoch  383  train_mse 2.934441e-06  val_mse 3.558839e-06  (2688.7s elapsed)
epoch  384  train_mse 2.923468e-06  val_mse 3.578319e-06  (2695.7s elapsed)
epoch  385  train_mse 2.930170e-06  val_mse 3.567472e-06  (2702.7s elapsed)
epoch  386  train_mse 2.927442e-06  val_mse 3.575073e-06  (2709.7s elapsed)
epoch  387  train_mse 2.924986e-06  val_mse 3.572734e-06  (2716.7s elapsed)
epoch  388  train_mse 2.932349e-06  val_mse 3.569181e-06  (2723.7s elapsed)
epoch  389  train_mse 2.927084e-06  val_mse 3.571795e-06  (2730.8s elapsed)
epoch  390  train_mse 2.939283e-06  val_mse 3.562201e-06  (2737.7s elapsed)
epoch  391  train_mse 2.936449e-06  val_mse 3.581314e-06  (2744.9s elapsed)
epoch  392  train_mse 2.926320e-06  val_mse 3.580164e-06  (2751.9s elapsed)
epoch  393  train_mse 2.930496e-06  val_mse 3.563835e-06  (2758.9s elapsed)
epoch  394  train_mse 2.918768e-06  val_mse 3.589405e-06  (2766.0s elapsed)
epoch  395  train_mse 2.924655e-06  val_mse 3.622338e-06  (2773.1s elapsed)
epoch  396  train_mse 2.921305e-06  val_mse 3.576540e-06  (2780.1s elapsed)
epoch  397  train_mse 2.922736e-06  val_mse 3.566626e-06  (2787.1s elapsed)
epoch  398  train_mse 2.923847e-06  val_mse 3.595802e-06  (2794.3s elapsed)
epoch  399  train_mse 2.920286e-06  val_mse 3.545823e-06  (2801.5s elapsed)
epoch  400  train_mse 2.883080e-06  val_mse 3.590599e-06  (2808.6s elapsed)
epoch  401  train_mse 2.880039e-06  val_mse 3.584561e-06  (2815.6s elapsed)
epoch  402  train_mse 2.879359e-06  val_mse 3.576126e-06  (2822.5s elapsed)
epoch  403  train_mse 2.875924e-06  val_mse 3.578101e-06  (2829.5s elapsed)
epoch  404  train_mse 2.875468e-06  val_mse 3.578797e-06  (2836.7s elapsed)
epoch  405  train_mse 2.878923e-06  val_mse 3.585561e-06  (2843.7s elapsed)
epoch  406  train_mse 2.874758e-06  val_mse 3.592938e-06  (2850.7s elapsed)
epoch  407  train_mse 2.874515e-06  val_mse 3.569784e-06  (2857.6s elapsed)
epoch  408  train_mse 2.873081e-06  val_mse 3.571286e-06  (2864.7s elapsed)
epoch  409  train_mse 2.878804e-06  val_mse 3.567472e-06  (2871.8s elapsed)
epoch  410  train_mse 2.874265e-06  val_mse 3.577846e-06  (2878.8s elapsed)
epoch  411  train_mse 2.875990e-06  val_mse 3.563557e-06  (2885.8s elapsed)
epoch  412  train_mse 2.872364e-06  val_mse 3.572835e-06  (2892.7s elapsed)
epoch  413  train_mse 2.872664e-06  val_mse 3.594694e-06  (2898.8s elapsed)
epoch  414  train_mse 2.869305e-06  val_mse 3.566842e-06  (2905.7s elapsed)
epoch  415  train_mse 2.872804e-06  val_mse 3.581917e-06  (2912.7s elapsed)
epoch  416  train_mse 2.871856e-06  val_mse 3.576626e-06  (2919.8s elapsed)
epoch  417  train_mse 2.875010e-06  val_mse 3.601897e-06  (2926.8s elapsed)
epoch  418  train_mse 2.872065e-06  val_mse 3.581362e-06  (2933.8s elapsed)
epoch  419  train_mse 2.867969e-06  val_mse 3.588109e-06  (2940.8s elapsed)
epoch  420  train_mse 2.870321e-06  val_mse 3.606827e-06  (2947.7s elapsed)
epoch  421  train_mse 2.866722e-06  val_mse 3.593135e-06  (2954.9s elapsed)
epoch  422  train_mse 2.867990e-06  val_mse 3.598193e-06  (2962.0s elapsed)
epoch  423  train_mse 2.869034e-06  val_mse 3.596262e-06  (2969.0s elapsed)
epoch  424  train_mse 2.870351e-06  val_mse 3.584904e-06  (2976.1s elapsed)
epoch  425  train_mse 2.868438e-06  val_mse 3.597575e-06  (2983.2s elapsed)
epoch  426  train_mse 2.868293e-06  val_mse 3.586778e-06  (2990.2s elapsed)
epoch  427  train_mse 2.865525e-06  val_mse 3.587810e-06  (2997.1s elapsed)
epoch  428  train_mse 2.864791e-06  val_mse 3.564656e-06  (3004.1s elapsed)
epoch  429  train_mse 2.868949e-06  val_mse 3.586269e-06  (3011.1s elapsed)
epoch  430  train_mse 2.867765e-06  val_mse 3.582145e-06  (3018.1s elapsed)
epoch  431  train_mse 2.865821e-06  val_mse 3.603056e-06  (3025.2s elapsed)
epoch  432  train_mse 2.866419e-06  val_mse 3.572574e-06  (3032.3s elapsed)
epoch  433  train_mse 2.864737e-06  val_mse 3.578462e-06  (3039.3s elapsed)
epoch  434  train_mse 2.864680e-06  val_mse 3.574429e-06  (3046.3s elapsed)
epoch  435  train_mse 2.865262e-06  val_mse 3.601039e-06  (3053.3s elapsed)
epoch  436  train_mse 2.862699e-06  val_mse 3.606784e-06  (3060.3s elapsed)
epoch  437  train_mse 2.864474e-06  val_mse 3.581765e-06  (3067.2s elapsed)
epoch  438  train_mse 2.861638e-06  val_mse 3.581795e-06  (3074.1s elapsed)
epoch  439  train_mse 2.862552e-06  val_mse 3.579111e-06  (3081.1s elapsed)
epoch  440  train_mse 2.861489e-06  val_mse 3.587186e-06  (3088.2s elapsed)
epoch  441  train_mse 2.863095e-06  val_mse 3.592348e-06  (3095.2s elapsed)
epoch  442  train_mse 2.861083e-06  val_mse 3.579684e-06  (3102.3s elapsed)
epoch  443  train_mse 2.859048e-06  val_mse 3.599040e-06  (3109.2s elapsed)
epoch  444  train_mse 2.860861e-06  val_mse 3.588501e-06  (3116.1s elapsed)
epoch  445  train_mse 2.860538e-06  val_mse 3.586632e-06  (3123.1s elapsed)
epoch  446  train_mse 2.863319e-06  val_mse 3.579829e-06  (3130.1s elapsed)
epoch  447  train_mse 2.859835e-06  val_mse 3.576960e-06  (3137.2s elapsed)
epoch  448  train_mse 2.862426e-06  val_mse 3.600883e-06  (3144.1s elapsed)
epoch  449  train_mse 2.859124e-06  val_mse 3.578770e-06  (3151.0s elapsed)
epoch  450  train_mse 2.858928e-06  val_mse 3.578445e-06  (3158.0s elapsed)
epoch  451  train_mse 2.855589e-06  val_mse 3.600535e-06  (3164.9s elapsed)
epoch  452  train_mse 2.859573e-06  val_mse 3.586687e-06  (3171.9s elapsed)
epoch  453  train_mse 2.858794e-06  val_mse 3.579546e-06  (3178.8s elapsed)
epoch  454  train_mse 2.858871e-06  val_mse 3.600606e-06  (3184.9s elapsed)
epoch  455  train_mse 2.858229e-06  val_mse 3.616054e-06  (3191.4s elapsed)
epoch  456  train_mse 2.859381e-06  val_mse 3.589921e-06  (3198.3s elapsed)
epoch  457  train_mse 2.859266e-06  val_mse 3.587582e-06  (3205.3s elapsed)
epoch  458  train_mse 2.857993e-06  val_mse 3.583082e-06  (3212.3s elapsed)
epoch  459  train_mse 2.855610e-06  val_mse 3.605730e-06  (3219.4s elapsed)
epoch  460  train_mse 2.860306e-06  val_mse 3.591486e-06  (3226.5s elapsed)
epoch  461  train_mse 2.855624e-06  val_mse 3.603910e-06  (3233.6s elapsed)
epoch  462  train_mse 2.854488e-06  val_mse 3.594045e-06  (3240.5s elapsed)
epoch  463  train_mse 2.854687e-06  val_mse 3.594346e-06  (3247.6s elapsed)
epoch  464  train_mse 2.855707e-06  val_mse 3.592868e-06  (3254.6s elapsed)
epoch  465  train_mse 2.854890e-06  val_mse 3.576016e-06  (3261.7s elapsed)
epoch  466  train_mse 2.853300e-06  val_mse 3.608426e-06  (3268.7s elapsed)
epoch  467  train_mse 2.853371e-06  val_mse 3.587333e-06  (3275.8s elapsed)
epoch  468  train_mse 2.854479e-06  val_mse 3.600800e-06  (3282.9s elapsed)
epoch  469  train_mse 2.854139e-06  val_mse 3.597011e-06  (3289.9s elapsed)
epoch  470  train_mse 2.853523e-06  val_mse 3.593478e-06  (3297.0s elapsed)
epoch  471  train_mse 2.853120e-06  val_mse 3.582528e-06  (3303.9s elapsed)
epoch  472  train_mse 2.850973e-06  val_mse 3.595019e-06  (3310.9s elapsed)
epoch  473  train_mse 2.853632e-06  val_mse 3.587720e-06  (3317.9s elapsed)
epoch  474  train_mse 2.854675e-06  val_mse 3.607718e-06  (3325.0s elapsed)
epoch  475  train_mse 2.849095e-06  val_mse 3.603328e-06  (3332.1s elapsed)
epoch  476  train_mse 2.856285e-06  val_mse 3.607992e-06  (3339.1s elapsed)
epoch  477  train_mse 2.851994e-06  val_mse 3.597471e-06  (3346.2s elapsed)
epoch  478  train_mse 2.853625e-06  val_mse 3.596398e-06  (3353.2s elapsed)
epoch  479  train_mse 2.853205e-06  val_mse 3.582603e-06  (3360.3s elapsed)
epoch  480  train_mse 2.852075e-06  val_mse 3.589531e-06  (3367.2s elapsed)
epoch  481  train_mse 2.851653e-06  val_mse 3.606134e-06  (3374.2s elapsed)
epoch  482  train_mse 2.850096e-06  val_mse 3.600484e-06  (3381.2s elapsed)
epoch  483  train_mse 2.846145e-06  val_mse 3.591848e-06  (3388.3s elapsed)
epoch  484  train_mse 2.849526e-06  val_mse 3.601908e-06  (3395.3s elapsed)
epoch  485  train_mse 2.850571e-06  val_mse 3.609892e-06  (3402.4s elapsed)
epoch  486  train_mse 2.851025e-06  val_mse 3.590596e-06  (3409.4s elapsed)
epoch  487  train_mse 2.850251e-06  val_mse 3.582381e-06  (3416.5s elapsed)
epoch  488  train_mse 2.848307e-06  val_mse 3.599944e-06  (3423.4s elapsed)
epoch  489  train_mse 2.847771e-06  val_mse 3.599835e-06  (3430.5s elapsed)
epoch  490  train_mse 2.844850e-06  val_mse 3.585582e-06  (3437.6s elapsed)
epoch  491  train_mse 2.849559e-06  val_mse 3.588353e-06  (3444.5s elapsed)
epoch  492  train_mse 2.846344e-06  val_mse 3.593261e-06  (3451.6s elapsed)
epoch  493  train_mse 2.846270e-06  val_mse 3.609694e-06  (3458.6s elapsed)
epoch  494  train_mse 2.849536e-06  val_mse 3.598899e-06  (3465.6s elapsed)
epoch  495  train_mse 2.845046e-06  val_mse 3.601436e-06  (3471.8s elapsed)
epoch  496  train_mse 2.845504e-06  val_mse 3.591695e-06  (3478.9s elapsed)
epoch  497  train_mse 2.843845e-06  val_mse 3.612666e-06  (3485.9s elapsed)
epoch  498  train_mse 2.845744e-06  val_mse 3.606756e-06  (3492.8s elapsed)
epoch  499  train_mse 2.846548e-06  val_mse 3.576052e-06  (3499.8s elapsed)
done. best val_mse=3.486122e-06  total time 3499.8s
