cache: Baselines/GNN/runs/gnn_randlen_indist_piled_dv_cache.pt  goal=corner  provenance=652fce1f dirty=False
5 slates used (sizes: [128])

=== slateK: fraction of the oracle's advantage over a random pick ===
model                  K=2        K=4        K=8        K=16       K=32       K=64       K=128    
persistence            -0.003±0.018  0.003±0.015  0.003±0.012  0.006±0.011  0.008±0.008  0.005±0.007  0.033±0.070
mean-delta             0.446±0.048  0.566±0.054  0.576±0.046  0.498±0.092  0.421±0.127  0.349±0.125  0.339±0.083
linear                 0.634±0.037  0.767±0.038  0.765±0.047  0.688±0.092  0.593±0.133  0.492±0.169  0.484±0.253
gnn                    0.814±0.026  0.912±0.016  0.936±0.015  0.944±0.010  0.945±0.018  0.932±0.029  0.943±0.076
oracle                 1.000±0.000  1.000±0.000  1.000±0.000  1.000±0.000  1.000±0.000  1.000±0.000  1.000±0.000

=== regret_dv (chosen - best, Lyapunov units; lower better) ===
model                  K=2        K=4        K=8        K=16       K=32       K=64       K=128    
persistence            0.0115     0.0200     0.0286     0.0377     0.0464     0.0543     0.0594   
mean-delta             0.0046     0.0080     0.0130     0.0206     0.0285     0.0364     0.0411   
linear                 0.0019     0.0034     0.0061     0.0115     0.0186     0.0270     0.0316   
gnn                    0.0004     0.0008     0.0012     0.0016     0.0023     0.0036     0.0045   
oracle                 0.0000     0.0000     0.0000     0.0000     0.0000     0.0000     0.0000   

=== pick_pctile (fraction of the subset better than the pick) ===
model                  K=2        K=4        K=8        K=16       K=32       K=64       K=128    
persistence            0.244      0.364      0.425      0.454      0.468      0.476      0.416    
mean-delta             0.135      0.174      0.173      0.174      0.173      0.170      0.111    
linear                 0.089      0.107      0.103      0.109      0.121      0.136      0.116    
gnn                    0.045      0.054      0.041      0.026      0.016      0.011      0.005    
oracle                 0.000      0.000      0.000      0.000      0.000      0.000      0.000    

=== paired differences (per slate; sem is the floor, not the sd) ===

  gnn - linear
       K      mean       sd      sem       t     wins  ties
       2   +0.1799   0.0743   0.0332    5.42    5/5       0
       4   +0.1450   0.0580   0.0259    5.59    5/5       0
       8   +0.1714   0.0592   0.0265    6.47    5/5       0
      16   +0.2557   0.1095   0.0490    5.22    5/5       0
      32   +0.3523   0.1648   0.0737    4.78    5/5       0
      64   +0.4399   0.2211   0.0989    4.45    5/5       0
     128   +0.4593   0.3630   0.1623    2.83    4/5       0

  oracle - linear
       K      mean       sd      sem       t     wins  ties
       2   +0.3663   0.0506   0.0226   16.19    5/5       0
       4   +0.2333   0.0521   0.0233   10.02    5/5       0
       8   +0.2350   0.0615   0.0275    8.55    5/5       0
      16   +0.3116   0.1166   0.0522    5.97    5/5       0
      32   +0.4069   0.1722   0.0770    5.28    5/5       0
      64   +0.5077   0.2129   0.0952    5.33    5/5       0
     128   +0.5164   0.3263   0.1459    3.54    4/5       1

  linear - mean-delta
       K      mean       sd      sem       t     wins  ties
       2   +0.1873   0.1028   0.0460    4.08    5/5       0
       4   +0.2004   0.0808   0.0361    5.55    5/5       0
       8   +0.1894   0.1061   0.0474    3.99    5/5       0
      16   +0.1904   0.2094   0.0936    2.03    4/5       0
      32   +0.1721   0.2918   0.1305    1.32    3/5       0
      64   +0.1432   0.3109   0.1390    1.03    3/5       0
     128   +0.1448   0.3806   0.1702    0.85    2/5       1

=== bivariate-normal extrapolation (validate on K<=31 first) ===
  mean within-slate Pearson rho: mean-delta=+0.539, linear=+0.746, gnn=+0.956, oracle=+0.992

  model                  K=2        K=4        K=8        K=16       K=32       K=64       K=128      K=64       K=128      K=256      K=1000   
  mean-delta             0.361      0.478      0.517      0.527      0.534      0.537      0.539      0.537      0.539      0.540      0.541    
  linear                 0.536      0.679      0.718      0.730      0.737      0.741      0.742      0.741      0.742      0.745      0.747    
  gnn                    0.810      0.923      0.942      0.947      0.950      0.951      0.952      0.951      0.952      0.953      0.954    
  oracle                 1.000      1.000      1.000      1.000      1.000      1.000      1.000      1.000      1.000      1.000      1.000    

wrote Baselines/GNN/runs/gnn_randlen_indist_piled_kcurve_sampled_corner.json
