cache: Baselines/GNN/runs/gnn_randlen_indist_scattered_dv_cache.pt  goal=corner  provenance=652fce1f dirty=False
5 slates used (sizes: [128])

=== slateK: fraction of the oracle's advantage over a random pick ===
model                  K=2        K=4        K=8        K=16       K=32       K=64       K=128    
persistence            0.003±0.013  0.006±0.013  0.003±0.009  0.001±0.004  0.001±0.005  0.001±0.004  0.113±0.088
mean-delta             0.429±0.079  0.589±0.098  0.611±0.115  0.592±0.122  0.555±0.144  0.524±0.192  0.538±0.281
linear                 0.637±0.048  0.779±0.038  0.773±0.044  0.740±0.061  0.705±0.107  0.684±0.165  0.651±0.234
gnn                    0.834±0.039  0.929±0.022  0.939±0.017  0.940±0.018  0.938±0.021  0.911±0.032  0.838±0.104
oracle                 1.000±0.000  1.000±0.000  1.000±0.000  1.000±0.000  1.000±0.000  1.000±0.000  1.000±0.000

=== regret_dv (chosen - best, Lyapunov units; lower better) ===
model                  K=2        K=4        K=8        K=16       K=32       K=64       K=128    
persistence            0.0114     0.0192     0.0265     0.0333     0.0392     0.0441     0.0441   
mean-delta             0.0042     0.0065     0.0098     0.0134     0.0176     0.0214     0.0233   
linear                 0.0016     0.0030     0.0055     0.0084     0.0116     0.0142     0.0177   
gnn                    0.0003     0.0006     0.0011     0.0016     0.0023     0.0041     0.0083   
oracle                 0.0000     0.0000     0.0000     0.0000     0.0000     0.0000     0.0000   

=== pick_pctile (fraction of the subset better than the pick) ===
model                  K=2        K=4        K=8        K=16       K=32       K=64       K=128    
persistence            0.243      0.363      0.425      0.455      0.470      0.477      0.406    
mean-delta             0.139      0.172      0.171      0.160      0.160      0.163      0.150    
linear                 0.088      0.104      0.103      0.098      0.095      0.088      0.069    
gnn                    0.040      0.046      0.041      0.033      0.025      0.022      0.025    
oracle                 0.000      0.000      0.000      0.000      0.000      0.000      0.000    

=== paired differences (per slate; sem is the floor, not the sd) ===

  gnn - linear
       K      mean       sd      sem       t     wins  ties
       2   +0.1969   0.0373   0.0167   11.79    5/5       0
       4   +0.1506   0.0348   0.0156    9.67    5/5       0
       8   +0.1666   0.0627   0.0280    5.94    5/5       0
      16   +0.1992   0.0895   0.0400    4.98    5/5       0
      32   +0.2325   0.1538   0.0688    3.38    5/5       0
      64   +0.2269   0.2474   0.1107    2.05    5/5       0
     128   +0.1868   0.3579   0.1601    1.17    2/5       0

  oracle - linear
       K      mean       sd      sem       t     wins  ties
       2   +0.3632   0.0663   0.0297   12.25    5/5       0
       4   +0.2212   0.0496   0.0222    9.98    5/5       0
       8   +0.2274   0.0573   0.0256    8.88    5/5       0
      16   +0.2595   0.0788   0.0352    7.36    5/5       0
      32   +0.2949   0.1389   0.0621    4.75    5/5       0
      64   +0.3161   0.2252   0.1007    3.14    5/5       0
     128   +0.3490   0.3075   0.1375    2.54    5/5       0

  linear - mean-delta
       K      mean       sd      sem       t     wins  ties
       2   +0.2078   0.0564   0.0252    8.24    5/5       0
       4   +0.1896   0.0888   0.0397    4.78    5/5       0
       8   +0.1613   0.1021   0.0457    3.53    5/5       0
      16   +0.1485   0.1179   0.0527    2.82    5/5       0
      32   +0.1503   0.2109   0.0943    1.59    4/5       0
      64   +0.1598   0.3972   0.1776    0.90    4/5       0
     128   +0.1126   0.5401   0.2415    0.47    2/5       2

=== bivariate-normal extrapolation (validate on K<=31 first) ===
  mean within-slate Pearson rho: mean-delta=+0.539, linear=+0.786, gnn=+0.957, oracle=+0.992

  model                  K=2        K=4        K=8        K=16       K=32       K=64       K=128      K=64       K=128      K=256      K=1000   
  mean-delta             0.361      0.479      0.517      0.528      0.534      0.538      0.540      0.538      0.540      0.540      0.541    
  linear                 0.576      0.720      0.757      0.770      0.776      0.780      0.782      0.780      0.782      0.784      0.786    
  gnn                    0.813      0.924      0.943      0.948      0.951      0.953      0.954      0.953      0.954      0.954      0.955    
  oracle                 1.000      1.000      1.000      1.000      1.000      1.000      1.000      1.000      1.000      1.000      1.000    

wrote Baselines/GNN/runs/gnn_randlen_indist_scattered_kcurve_sampled_corner.json
