cache=Baselines/GNN/runs/gnn_randlen_indist_mixed_dv_cache.pt goal=ind-stripe-thin-pile n_slates=5 provenance=652fce1f dirty=False

=== slateK_exact (closed form) ===
model            K=2        K=4        K=8        K=16       K=32       K=64       K=128    
persistence      0.0287     0.0299     0.0328     0.0308     0.0402     0.0464     0.0504   
mean-delta       0.5702     0.5689     0.5589     0.5150     0.4413     0.3233     0.0900   
linear           0.8049     0.7823     0.7539     0.7290     0.6869     0.6103     0.5333   
gnn              0.8601     0.8620     0.8526     0.8435     0.8422     0.8509     0.8727   
oracle           1.0000     1.0000     1.0000     1.0000     1.0000     1.0000     1.0000   

=== worstK (adversarial pool) ===
model            K=2        K=4        K=8        K=16       K=32       K=64       K=128    
persistence      1.6576     1.6576     1.6576     1.6576     1.6576     1.6141     0.9496   
mean-delta       1.3054     1.3054     1.3054     1.3054     1.3054     1.3054     0.9100   
linear           1.1373     1.1373     1.1373     1.1373     1.1176     1.0348     0.4667   
gnn              1.0102     1.0102     1.0102     1.0102     1.0102     0.8855     0.1231   
oracle           0.0000     0.0000     0.0000     0.0000     0.0000     0.0000     -0.0960  

=== rank_profile (true percentile of the model's r-th pick) ===
model            r=1       r=2       r=3       r=4       r=8       r=16      r=32      r=64      r=128   
persistence      0.473     0.427     0.506     0.312     0.342     0.595     0.431     0.452     0.478   
mean-delta       0.369     0.106     0.153     0.094     0.091     0.291     0.548     0.464     0.948   
linear           0.064     0.083     0.173     0.070     0.172     0.258     0.325     0.347     0.897   
gnn              0.011     0.138     0.041     0.053     0.139     0.148     0.244     0.263     0.945   
oracle           0.000     0.008     0.016     0.023     0.055     0.116     0.236     0.341     0.984   

=== paired slateK_exact differences ===

  gnn - linear
    K=   2 mean=+0.0551 sem=0.0275 t=+2.01 wins=4/5 ties=0
    K=   4 mean=+0.0797 sem=0.0207 t=+3.84 wins=5/5 ties=0
    K=   8 mean=+0.0987 sem=0.0170 t=+5.82 wins=5/5 ties=0
    K=  16 mean=+0.1145 sem=0.0240 t=+4.77 wins=5/5 ties=0
    K=  32 mean=+0.1553 sem=0.0478 t=+3.25 wins=5/5 ties=0
    K=  64 mean=+0.2406 sem=0.0736 t=+3.27 wins=5/5 ties=0
    K= 128 mean=+0.3394 sem=0.1396 t=+2.43 wins=4/5 ties=0

  oracle - linear
    K=   2 mean=+0.1951 sem=0.0145 t=+13.47 wins=5/5 ties=0
    K=   4 mean=+0.2177 sem=0.0172 t=+12.62 wins=5/5 ties=0
    K=   8 mean=+0.2461 sem=0.0181 t=+13.60 wins=5/5 ties=0
    K=  16 mean=+0.2710 sem=0.0204 t=+13.31 wins=5/5 ties=0
    K=  32 mean=+0.3131 sem=0.0409 t=+7.66 wins=5/5 ties=0
    K=  64 mean=+0.3897 sem=0.0775 t=+5.03 wins=5/5 ties=0
    K= 128 mean=+0.4667 sem=0.1328 t=+3.52 wins=5/5 ties=0

  linear - mean-delta
    K=   2 mean=+0.2347 sem=0.0669 t=+3.51 wins=5/5 ties=0
    K=   4 mean=+0.2134 sem=0.0717 t=+2.98 wins=5/5 ties=0
    K=   8 mean=+0.1950 sem=0.0482 t=+4.05 wins=5/5 ties=0
    K=  16 mean=+0.2140 sem=0.0200 t=+10.73 wins=5/5 ties=0
    K=  32 mean=+0.2456 sem=0.0261 t=+9.40 wins=5/5 ties=0
    K=  64 mean=+0.2870 sem=0.0538 t=+5.34 wins=5/5 ties=0
    K= 128 mean=+0.4432 sem=0.1465 t=+3.03 wins=5/5 ties=0

wrote Baselines/GNN/runs/gnn_randlen_indist_mixed_kcurve_exact_indstripethinpile.json
