cache=Baselines/GNN/runs/gnn_randlen_L40mm_dv_cache.pt goal=corner n_slates=20 provenance=a0f116d3 dirty=False

=== slateK_exact (closed form) ===
model            K=2        K=4        K=8        K=16       K=32       K=64       K=128    
persistence      -0.0224    -0.0417    -0.0536    -0.0575    -0.0480    -0.0038    0.1322   
mean-delta       0.8231     0.8532     0.8491     0.8320     0.8004     0.7625     0.7325   
linear           0.9737     0.9794     0.9806     0.9792     0.9787     0.9812     0.9887   
gnn              0.9845     0.9892     0.9900     0.9877     0.9854     0.9850     0.9873   
oracle           1.0000     1.0000     1.0000     1.0000     1.0000     1.0000     1.0000   

=== worstK (adversarial pool) ===
model            K=2        K=4        K=8        K=16       K=32       K=64       K=128    
persistence      2.6099     2.6099     2.6099     2.6032     2.5955     2.5427     0.8674   
mean-delta       1.5953     1.5953     1.5883     1.4857     1.3448     1.1756     0.2675   
linear           0.6785     0.6785     0.6785     0.6677     0.6601     0.5135     0.0048   
gnn              0.5805     0.5805     0.5732     0.5645     0.4816     0.3920     0.0062   
oracle           -0.0001    -0.0001    -0.0001    -0.0001    -0.0001    -0.0001    -0.0082  

=== rank_profile (true percentile of the model's r-th pick) ===
model            r=1       r=2       r=3       r=4       r=8       r=16      r=32      r=64      r=128   
persistence      0.427     0.561     0.623     0.506     0.487     0.441     0.596     0.423     0.473   
mean-delta       0.182     0.174     0.141     0.152     0.157     0.143     0.243     0.581     0.683   
linear           0.011     0.027     0.026     0.054     0.065     0.136     0.245     0.507     0.988   
gnn              0.011     0.020     0.027     0.049     0.061     0.111     0.235     0.500     0.985   
oracle           0.000     0.005     0.015     0.022     0.055     0.117     0.242     0.492     0.992   

=== paired slateK_exact differences ===

  gnn - linear
    K=   2 mean=+0.0108 sem=0.0011 t=+10.18 wins=20/20 ties=0
    K=   4 mean=+0.0098 sem=0.0008 t=+11.66 wins=20/20 ties=0
    K=   8 mean=+0.0094 sem=0.0008 t=+11.78 wins=20/20 ties=0
    K=  16 mean=+0.0085 sem=0.0010 t=+8.44 wins=20/20 ties=0
    K=  32 mean=+0.0066 sem=0.0020 t=+3.39 wins=17/20 ties=0
    K=  64 mean=+0.0038 sem=0.0029 t=+1.30 wins=13/20 ties=0
    K= 128 mean=-0.0014 sem=0.0041 t=-0.33 wins=4/20 ties=14

  oracle - linear
    K=   2 mean=+0.0263 sem=0.0010 t=+26.59 wins=20/20 ties=0
    K=   4 mean=+0.0206 sem=0.0007 t=+29.20 wins=20/20 ties=0
    K=   8 mean=+0.0194 sem=0.0008 t=+24.50 wins=20/20 ties=0
    K=  16 mean=+0.0208 sem=0.0015 t=+14.00 wins=20/20 ties=0
    K=  32 mean=+0.0213 sem=0.0024 t=+9.05 wins=20/20 ties=0
    K=  64 mean=+0.0188 sem=0.0036 t=+5.23 wins=20/20 ties=0
    K= 128 mean=+0.0113 sem=0.0052 t=+2.18 wins=10/20 ties=10

  linear - mean-delta
    K=   2 mean=+0.1506 sem=0.0076 t=+19.77 wins=20/20 ties=0
    K=   4 mean=+0.1261 sem=0.0055 t=+22.93 wins=20/20 ties=0
    K=   8 mean=+0.1315 sem=0.0059 t=+22.47 wins=20/20 ties=0
    K=  16 mean=+0.1472 sem=0.0090 t=+16.43 wins=20/20 ties=0
    K=  32 mean=+0.1783 sem=0.0137 t=+13.00 wins=20/20 ties=0
    K=  64 mean=+0.2187 sem=0.0197 t=+11.07 wins=20/20 ties=0
    K= 128 mean=+0.2562 sem=0.0280 t=+9.15 wins=19/20 ties=1

wrote Baselines/GNN/runs/gnn_randlen_L40mm_kcurve_exact_corner.json
