cache: Baselines/GNN/runs/gnn_randlen_indist_scattered_dv_cache.pt  goal=ind-stripe-thin-pile  provenance=652fce1f dirty=False
5 slates used (sizes: [128])

=== slateK: fraction of the oracle's advantage over a random pick ===
model                  K=2        K=4        K=8        K=16       K=32       K=64       K=128    
persistence            0.021±0.016  0.026±0.018  0.025±0.020  0.013±0.007  0.008±0.005  0.007±0.006  -0.050±0.042
mean-delta             0.360±0.100  0.368±0.103  0.327±0.090  0.237±0.081  0.164±0.078  0.107±0.106  0.033±0.124
linear                 0.509±0.084  0.549±0.073  0.559±0.062  0.512±0.055  0.464±0.087  0.429±0.145  0.494±0.218
gnn                    0.564±0.047  0.611±0.052  0.641±0.047  0.695±0.056  0.764±0.086  0.850±0.089  0.860±0.111
oracle                 1.000±0.000  1.000±0.000  1.000±0.000  1.000±0.000  1.000±0.000  1.000±0.000  1.000±0.000

=== regret_dv (chosen - best, Lyapunov units; lower better) ===
model                  K=2        K=4        K=8        K=16       K=32       K=64       K=128    
persistence            0.0121     0.0261     0.0444     0.0642     0.0842     0.1042     0.1335   
mean-delta             0.0055     0.0145     0.0296     0.0495     0.0709     0.0935     0.1194   
linear                 0.0030     0.0085     0.0181     0.0316     0.0476     0.0642     0.0715   
gnn                    0.0029     0.0065     0.0111     0.0151     0.0163     0.0133     0.0139   
oracle                 0.0000     0.0000     0.0000     0.0000     0.0000     0.0000     0.0000   

=== pick_pctile (fraction of the subset better than the pick) ===
model                  K=2        K=4        K=8        K=16       K=32       K=64       K=128    
persistence            0.186      0.279      0.328      0.350      0.364      0.369      0.384    
mean-delta             0.123      0.188      0.223      0.246      0.265      0.287      0.317    
linear                 0.094      0.142      0.149      0.145      0.139      0.125      0.061    
gnn                    0.084      0.120      0.118      0.101      0.071      0.035      0.014    
oracle                 0.000      0.000      0.000      0.000      0.000      0.000      0.000    

=== paired differences (per slate; sem is the floor, not the sd) ===

  gnn - linear
       K      mean       sd      sem       t     wins  ties
       2   +0.0544   0.0923   0.0413    1.32    4/5       0
       4   +0.0623   0.1178   0.0527    1.18    3/5       0
       8   +0.0821   0.1251   0.0559    1.47    4/5       0
      16   +0.1826   0.1302   0.0582    3.14    5/5       0
      32   +0.3002   0.1910   0.0854    3.51    5/5       0
      64   +0.4212   0.2810   0.1257    3.35    5/5       0
     128   +0.3660   0.4143   0.1853    1.98    3/5       1

  oracle - linear
       K      mean       sd      sem       t     wins  ties
       2   +0.4907   0.1146   0.0512    9.58    5/5       0
       4   +0.4509   0.1000   0.0447   10.09    5/5       0
       8   +0.4413   0.0782   0.0350   12.62    5/5       0
      16   +0.4879   0.0686   0.0307   15.91    5/5       0
      32   +0.5360   0.1115   0.0498   10.75    5/5       0
      64   +0.5708   0.1875   0.0839    6.81    5/5       0
     128   +0.5056   0.2798   0.1251    4.04    5/5       0

  linear - mean-delta
       K      mean       sd      sem       t     wins  ties
       2   +0.1495   0.0790   0.0353    4.23    5/5       0
       4   +0.1813   0.0850   0.0380    4.77    5/5       0
       8   +0.2313   0.0876   0.0392    5.90    5/5       0
      16   +0.2755   0.1058   0.0473    5.82    5/5       0
      32   +0.3002   0.1559   0.0697    4.31    5/5       0
      64   +0.3224   0.2510   0.1122    2.87    5/5       0
     128   +0.4609   0.3574   0.1598    2.88    4/5       1

=== bivariate-normal extrapolation (validate on K<=31 first) ===
  mean within-slate Pearson rho: mean-delta=+0.415, linear=+0.636, gnn=+0.760, oracle=+0.992

  model                  K=2        K=4        K=8        K=16       K=32       K=64       K=128      K=64       K=128      K=256      K=1000   
  mean-delta             0.272      0.367      0.399      0.408      0.412      0.416      0.417      0.416      0.417      0.417      0.417    
  linear                 0.438      0.570      0.609      0.623      0.630      0.634      0.636      0.634      0.636      0.637      0.638    
  gnn                    0.549      0.692      0.731      0.744      0.750      0.754      0.755      0.754      0.755      0.758      0.760    
  oracle                 1.000      1.000      1.000      1.000      1.000      1.000      1.000      1.000      1.000      1.000      1.000    

wrote Baselines/GNN/runs/gnn_randlen_indist_scattered_kcurve_sampled_indstripethinpile.json
