cache: Baselines/GNN/runs/gnn_randlen_indist_dv_cache.pt  goal=corner  provenance=a0f116d3 dirty=True
15 slates used (sizes: [128])

=== slateK: fraction of the oracle's advantage over a random pick ===
model                  K=2        K=4        K=8        K=16       K=32       K=64       K=128    
persistence            -0.002±0.010  0.002±0.012  0.003±0.011  0.003±0.009  0.001±0.008  0.002±0.007  -0.044±0.154
mean-delta             0.438±0.031  0.605±0.039  0.618±0.050  0.567±0.063  0.512±0.076  0.457±0.097  0.412±0.130
linear                 0.640±0.024  0.793±0.025  0.795±0.035  0.760±0.054  0.708±0.080  0.654±0.105  0.611±0.132
gnn                    0.839±0.024  0.935±0.016  0.950±0.013  0.955±0.011  0.953±0.012  0.939±0.020  0.914±0.050
oracle                 1.000±0.000  1.000±0.000  1.000±0.000  1.000±0.000  1.000±0.000  1.000±0.000  1.000±0.000

=== regret_dv (chosen - best, Lyapunov units; lower better) ===
model                  K=2        K=4        K=8        K=16       K=32       K=64       K=128    
persistence            0.0136     0.0226     0.0312     0.0398     0.0474     0.0537     0.0637   
mean-delta             0.0051     0.0075     0.0118     0.0178     0.0240     0.0299     0.0359   
linear                 0.0018     0.0030     0.0053     0.0087     0.0132     0.0179     0.0228   
gnn                    0.0003     0.0006     0.0010     0.0013     0.0019     0.0030     0.0052   
oracle                 0.0000     0.0000     0.0000     0.0000     0.0000     0.0000     0.0000   

=== pick_pctile (fraction of the subset better than the pick) ===
model                  K=2        K=4        K=8        K=16       K=32       K=64       K=128    
persistence            0.245      0.365      0.426      0.457      0.472      0.480      0.507    
mean-delta             0.137      0.172      0.173      0.167      0.166      0.169      0.164    
linear                 0.088      0.102      0.097      0.091      0.090      0.093      0.080    
gnn                    0.039      0.045      0.036      0.025      0.018      0.015      0.012    
oracle                 0.000      0.000      0.000      0.000      0.000      0.000      0.000    

=== paired differences (per slate; sem is the floor, not the sd) ===

  gnn - linear
       K      mean       sd      sem       t     wins  ties
       2   +0.1993   0.0405   0.0105   19.06   15/15      0
       4   +0.1412   0.0381   0.0098   14.35   15/15      0
       8   +0.1547   0.0579   0.0149   10.35   15/15      0
      16   +0.1953   0.0985   0.0254    7.68   15/15      0
      32   +0.2451   0.1580   0.0408    6.01   15/15      0
      64   +0.2845   0.2181   0.0563    5.05   15/15      0
     128   +0.3030   0.3095   0.0799    3.79   11/15      0

  oracle - linear
       K      mean       sd      sem       t     wins  ties
       2   +0.3605   0.0485   0.0125   28.80   15/15      0
       4   +0.2065   0.0504   0.0130   15.88   15/15      0
       8   +0.2051   0.0705   0.0182   11.27   15/15      0
      16   +0.2404   0.1090   0.0281    8.55   15/15      0
      32   +0.2923   0.1648   0.0425    6.87   15/15      0
      64   +0.3455   0.2168   0.0560    6.17   15/15      0
     128   +0.3888   0.2717   0.0701    5.54   14/15      1

  linear - mean-delta
       K      mean       sd      sem       t     wins  ties
       2   +0.2016   0.0648   0.0167   12.06   15/15      0
       4   +0.1885   0.0669   0.0173   10.92   15/15      0
       8   +0.1766   0.0877   0.0227    7.79   15/15      0
      16   +0.1924   0.1374   0.0355    5.42   15/15      0
      32   +0.1957   0.2058   0.0531    3.68   12/15      0
      64   +0.1973   0.2885   0.0745    2.65   12/15      0
     128   +0.1987   0.4164   0.1075    1.85    8/15      3

=== bivariate-normal extrapolation (validate on K<=31 first) ===
  mean within-slate Pearson rho: mean-delta=+0.534, linear=+0.795, gnn=+0.964, oracle=+0.992

  model                  K=2        K=4        K=8        K=16       K=32       K=64       K=128      K=64       K=128      K=256      K=1000   
  mean-delta             0.357      0.474      0.512      0.522      0.529      0.532      0.534      0.532      0.534      0.535      0.536    
  linear                 0.585      0.729      0.767      0.780      0.785      0.789      0.791      0.789      0.791      0.793      0.795    
  gnn                    0.827      0.934      0.951      0.956      0.959      0.960      0.961      0.960      0.961      0.961      0.962    
  oracle                 1.000      1.000      1.000      1.000      1.000      1.000      1.000      1.000      1.000      1.000      1.000    

wrote Baselines/GNN/runs/gnn_randlen_indist_kcurve_sampled.json
