cache: Baselines/NFD/runs/nfd_randlen_indist_dv_cache.pt  goal=corner  provenance=a0f116d3 dirty=True
15 slates used (sizes: [128])

=== slateK: fraction of the oracle's advantage over a random pick ===
model                  K=2        K=4        K=8        K=16       K=32       K=64       K=128    
persistence            -0.002±0.010  0.002±0.012  0.003±0.011  0.003±0.009  0.001±0.008  0.002±0.007  -0.044±0.154
mean-delta             0.438±0.031  0.605±0.039  0.618±0.050  0.567±0.063  0.512±0.076  0.457±0.097  0.412±0.130
linear                 0.640±0.024  0.793±0.025  0.795±0.035  0.760±0.054  0.708±0.080  0.654±0.105  0.611±0.132
nfd_unet3ch            0.784±0.036  0.892±0.034  0.920±0.027  0.934±0.021  0.941±0.021  0.944±0.022  0.948±0.036
oracle                 1.000±0.000  1.000±0.000  1.000±0.000  1.000±0.000  1.000±0.000  1.000±0.000  1.000±0.000

=== regret_dv (chosen - best, Lyapunov units; lower better) ===
model                  K=2        K=4        K=8        K=16       K=32       K=64       K=128    
persistence            0.0136     0.0226     0.0312     0.0398     0.0474     0.0537     0.0637   
mean-delta             0.0051     0.0075     0.0118     0.0178     0.0240     0.0299     0.0359   
linear                 0.0018     0.0030     0.0053     0.0087     0.0132     0.0179     0.0228   
nfd_unet3ch            0.0006     0.0012     0.0016     0.0020     0.0024     0.0028     0.0033   
oracle                 0.0000     0.0000     0.0000     0.0000     0.0000     0.0000     0.0000   

=== pick_pctile (fraction of the subset better than the pick) ===
model                  K=2        K=4        K=8        K=16       K=32       K=64       K=128    
persistence            0.245      0.365      0.426      0.457      0.472      0.480      0.507    
mean-delta             0.137      0.172      0.173      0.167      0.166      0.169      0.164    
linear                 0.088      0.102      0.097      0.091      0.090      0.093      0.080    
nfd_unet3ch            0.052      0.063      0.051      0.035      0.023      0.016      0.010    
oracle                 0.000      0.000      0.000      0.000      0.000      0.000      0.000    

=== paired differences (per slate; sem is the floor, not the sd) ===

  nfd_unet3ch - linear
       K      mean       sd      sem       t     wins  ties
       2   +0.1450   0.0618   0.0159    9.09   15/15      0
       4   +0.0981   0.0659   0.0170    5.76   14/15      0
       8   +0.1249   0.0834   0.0215    5.80   14/15      0
      16   +0.1742   0.1166   0.0301    5.79   15/15      0
      32   +0.2329   0.1783   0.0460    5.06   14/15      0
      64   +0.2896   0.2361   0.0610    4.75   15/15      0
     128   +0.3373   0.3048   0.0787    4.29   12/15      0

  oracle - linear
       K      mean       sd      sem       t     wins  ties
       2   +0.3605   0.0485   0.0125   28.80   15/15      0
       4   +0.2065   0.0504   0.0130   15.88   15/15      0
       8   +0.2051   0.0705   0.0182   11.27   15/15      0
      16   +0.2404   0.1090   0.0281    8.55   15/15      0
      32   +0.2923   0.1648   0.0425    6.87   15/15      0
      64   +0.3455   0.2168   0.0560    6.17   15/15      0
     128   +0.3888   0.2717   0.0701    5.54   14/15      1

  linear - mean-delta
       K      mean       sd      sem       t     wins  ties
       2   +0.2016   0.0648   0.0167   12.06   15/15      0
       4   +0.1885   0.0669   0.0173   10.92   15/15      0
       8   +0.1766   0.0877   0.0227    7.79   15/15      0
      16   +0.1924   0.1374   0.0355    5.42   15/15      0
      32   +0.1957   0.2058   0.0531    3.68   12/15      0
      64   +0.1973   0.2885   0.0745    2.65   12/15      0
     128   +0.1987   0.4164   0.1075    1.85    8/15      3

=== bivariate-normal extrapolation (validate on K<=31 first) ===
  mean within-slate Pearson rho: mean-delta=+0.534, linear=+0.795, nfd_unet3ch=+0.954, oracle=+0.992

  model                  K=2        K=4        K=8        K=16       K=32       K=64       K=128      K=64       K=128      K=256      K=1000   
  mean-delta             0.357      0.474      0.512      0.522      0.529      0.532      0.534      0.532      0.534      0.535      0.536    
  linear                 0.585      0.729      0.767      0.780      0.785      0.789      0.791      0.789      0.791      0.793      0.795    
  nfd_unet3ch            0.807      0.920      0.940      0.945      0.948      0.950      0.951      0.950      0.951      0.951      0.953    
  oracle                 1.000      1.000      1.000      1.000      1.000      1.000      1.000      1.000      1.000      1.000      1.000    

wrote Baselines/NFD/runs/nfd_randlen_indist_kcurve_sampled.json
