cache: Baselines/NFD/runs/nfd_randlen_indist_piled_dv_cache.pt  goal=corner  provenance=652fce1f dirty=False
5 slates used (sizes: [128])

=== slateK: fraction of the oracle's advantage over a random pick ===
model                  K=2        K=4        K=8        K=16       K=32       K=64       K=128    
persistence            -0.003±0.018  0.003±0.015  0.003±0.012  0.006±0.011  0.008±0.008  0.005±0.007  0.033±0.070
mean-delta             0.446±0.048  0.566±0.054  0.576±0.046  0.498±0.092  0.421±0.127  0.349±0.125  0.339±0.083
linear                 0.634±0.037  0.767±0.038  0.765±0.047  0.688±0.092  0.593±0.133  0.492±0.169  0.484±0.253
nfd_unet3ch            0.729±0.045  0.845±0.050  0.890±0.049  0.930±0.028  0.964±0.016  0.973±0.019  0.990±0.014
oracle                 1.000±0.000  1.000±0.000  1.000±0.000  1.000±0.000  1.000±0.000  1.000±0.000  1.000±0.000

=== regret_dv (chosen - best, Lyapunov units; lower better) ===
model                  K=2        K=4        K=8        K=16       K=32       K=64       K=128    
persistence            0.0115     0.0200     0.0286     0.0377     0.0464     0.0543     0.0594   
mean-delta             0.0046     0.0080     0.0130     0.0206     0.0285     0.0364     0.0411   
linear                 0.0019     0.0034     0.0061     0.0115     0.0186     0.0270     0.0316   
nfd_unet3ch            0.0009     0.0016     0.0019     0.0017     0.0013     0.0013     0.0005   
oracle                 0.0000     0.0000     0.0000     0.0000     0.0000     0.0000     0.0000   

=== pick_pctile (fraction of the subset better than the pick) ===
model                  K=2        K=4        K=8        K=16       K=32       K=64       K=128    
persistence            0.244      0.364      0.425      0.454      0.468      0.476      0.416    
mean-delta             0.135      0.174      0.173      0.174      0.173      0.170      0.111    
linear                 0.089      0.107      0.103      0.109      0.121      0.136      0.116    
nfd_unet3ch            0.066      0.079      0.062      0.035      0.013      0.005      0.003    
oracle                 0.000      0.000      0.000      0.000      0.000      0.000      0.000    

=== paired differences (per slate; sem is the floor, not the sd) ===

  nfd_unet3ch - linear
       K      mean       sd      sem       t     wins  ties
       2   +0.0955   0.1025   0.0459    2.08    4/5       0
       4   +0.0784   0.0891   0.0398    1.97    4/5       0
       8   +0.1248   0.1099   0.0492    2.54    4/5       0
      16   +0.2419   0.1292   0.0578    4.19    5/5       0
      32   +0.3711   0.1647   0.0737    5.04    5/5       0
      64   +0.4808   0.2136   0.0955    5.03    5/5       0
     128   +0.5068   0.3454   0.1545    3.28    4/5       0

  oracle - linear
       K      mean       sd      sem       t     wins  ties
       2   +0.3663   0.0506   0.0226   16.19    5/5       0
       4   +0.2333   0.0521   0.0233   10.02    5/5       0
       8   +0.2350   0.0615   0.0275    8.55    5/5       0
      16   +0.3116   0.1166   0.0522    5.97    5/5       0
      32   +0.4069   0.1722   0.0770    5.28    5/5       0
      64   +0.5077   0.2129   0.0952    5.33    5/5       0
     128   +0.5164   0.3263   0.1459    3.54    4/5       1

  linear - mean-delta
       K      mean       sd      sem       t     wins  ties
       2   +0.1873   0.1028   0.0460    4.08    5/5       0
       4   +0.2004   0.0808   0.0361    5.55    5/5       0
       8   +0.1894   0.1061   0.0474    3.99    5/5       0
      16   +0.1904   0.2094   0.0936    2.03    4/5       0
      32   +0.1721   0.2918   0.1305    1.32    3/5       0
      64   +0.1432   0.3109   0.1390    1.03    3/5       0
     128   +0.1448   0.3806   0.1702    0.85    2/5       1

=== bivariate-normal extrapolation (validate on K<=31 first) ===
  mean within-slate Pearson rho: mean-delta=+0.539, linear=+0.746, nfd_unet3ch=+0.934, oracle=+0.992

  model                  K=2        K=4        K=8        K=16       K=32       K=64       K=128      K=64       K=128      K=256      K=1000   
  mean-delta             0.361      0.478      0.517      0.527      0.534      0.537      0.539      0.537      0.539      0.540      0.541    
  linear                 0.536      0.679      0.718      0.730      0.737      0.741      0.742      0.741      0.742      0.745      0.747    
  nfd_unet3ch            0.767      0.891      0.915      0.923      0.927      0.929      0.930      0.929      0.930      0.931      0.932    
  oracle                 1.000      1.000      1.000      1.000      1.000      1.000      1.000      1.000      1.000      1.000      1.000    

wrote Baselines/NFD/runs/nfd_randlen_indist_piled_kcurve_sampled_corner.json
