cache: Baselines/NFD/runs/nfd_randlen_L40mm_dv_cache.pt  goal=corner  provenance=a0f116d3 dirty=False
20 slates used (sizes: [128])

=== slateK: fraction of the oracle's advantage over a random pick ===
model                  K=2        K=4        K=8        K=16       K=32       K=64       K=128    
persistence            -0.004±0.012  0.001±0.010  -0.001±0.007  -0.001±0.007  -0.001±0.007  -0.001±0.007  -0.239±0.310
mean-delta             0.615±0.015  0.808±0.010  0.836±0.011  0.828±0.018  0.799±0.028  0.761±0.038  0.732±0.053
linear                 0.853±0.007  0.964±0.003  0.976±0.002  0.978±0.003  0.978±0.004  0.981±0.007  0.989±0.010
nfd_unet3ch            0.891±0.009  0.975±0.004  0.988±0.002  0.989±0.003  0.987±0.003  0.984±0.007  0.982±0.014
oracle                 1.000±0.000  1.000±0.000  1.000±0.000  1.000±0.000  1.000±0.000  1.000±0.000  1.000±0.000

=== regret_dv (chosen - best, Lyapunov units; lower better) ===
model                  K=2        K=4        K=8        K=16       K=32       K=64       K=128    
persistence            0.0519     0.0903     0.1147     0.1270     0.1327     0.1357     0.1717   
mean-delta             0.0090     0.0133     0.0176     0.0216     0.0270     0.0330     0.0375   
linear                 0.0013     0.0018     0.0022     0.0026     0.0028     0.0026     0.0016   
nfd_unet3ch            0.0008     0.0011     0.0011     0.0013     0.0017     0.0022     0.0025   
oracle                 0.0000     0.0000     0.0000     0.0000     0.0000     0.0000     0.0000   

=== pick_pctile (fraction of the subset better than the pick) ===
model                  K=2        K=4        K=8        K=16       K=32       K=64       K=128    
persistence            0.251      0.375      0.438      0.470      0.485      0.492      0.595    
mean-delta             0.096      0.109      0.116      0.127      0.146      0.167      0.182    
linear                 0.037      0.036      0.032      0.029      0.024      0.018      0.011    
nfd_unet3ch            0.027      0.025      0.021      0.019      0.018      0.015      0.013    
oracle                 0.000      0.000      0.000      0.000      0.000      0.000      0.000    

=== paired differences (per slate; sem is the floor, not the sd) ===

  nfd_unet3ch - linear
       K      mean       sd      sem       t     wins  ties
       2   +0.0375   0.0245   0.0055    6.84   18/20      0
       4   +0.0113   0.0110   0.0025    4.61   15/20      0
       8   +0.0116   0.0072   0.0016    7.17   19/20      0
      16   +0.0111   0.0078   0.0017    6.35   19/20      0
      32   +0.0083   0.0097   0.0022    3.86   17/20      0
      64   +0.0030   0.0162   0.0036    0.83   15/20      0
     128   -0.0064   0.0273   0.0061   -1.05    2/20     14

  oracle - linear
       K      mean       sd      sem       t     wins  ties
       2   +0.1468   0.0161   0.0036   40.87   20/20      0
       4   +0.0362   0.0059   0.0013   27.48   20/20      0
       8   +0.0236   0.0041   0.0009   26.05   20/20      0
      16   +0.0219   0.0069   0.0015   14.14   20/20      0
      32   +0.0215   0.0103   0.0023    9.33   20/20      0
      64   +0.0189   0.0160   0.0036    5.29   20/20      0
     128   +0.0113   0.0232   0.0052    2.18   10/20     10

  linear - mean-delta
       K      mean       sd      sem       t     wins  ties
       2   +0.2382   0.0341   0.0076   31.24   20/20      0
       4   +0.1558   0.0224   0.0050   31.05   20/20      0
       8   +0.1400   0.0272   0.0061   23.01   20/20      0
      16   +0.1498   0.0411   0.0092   16.30   20/20      0
      32   +0.1800   0.0628   0.0140   12.81   20/20      0
      64   +0.2200   0.0890   0.0199   11.06   20/20      0
     128   +0.2562   0.1252   0.0280    9.15   19/20      1

=== bivariate-normal extrapolation (validate on K<=31 first) ===
  mean within-slate Pearson rho: mean-delta=+0.795, linear=+0.954, nfd_unet3ch=+0.975, oracle=+0.992

  model                  K=2        K=4        K=8        K=16       K=32       K=64       K=128      K=64       K=128      K=256      K=1000   
  mean-delta             0.584      0.729      0.766      0.779      0.785      0.789      0.790      0.789      0.790      0.793      0.795    
  linear                 0.806      0.920      0.939      0.945      0.948      0.949      0.950      0.949      0.950      0.951      0.952    
  nfd_unet3ch            0.858      0.952      0.966      0.969      0.971      0.972      0.973      0.972      0.973      0.973      0.974    
  oracle                 1.000      1.000      1.000      1.000      1.000      1.000      1.000      1.000      1.000      1.000      1.000    

wrote Baselines/NFD/runs/nfd_randlen_L40mm_kcurve_sampled_corner.json
