cache: Baselines/NFD/runs/nfd_randlen_indist_mixed_dv_cache.pt  goal=ind-stripe-thin-pile  provenance=652fce1f dirty=False
5 slates used (sizes: [128])

=== slateK: fraction of the oracle's advantage over a random pick ===
model                  K=2        K=4        K=8        K=16       K=32       K=64       K=128    
persistence            -0.007±0.013  0.025±0.011  0.016±0.009  0.014±0.010  0.008±0.007  0.005±0.004  -0.049±0.263
mean-delta             0.388±0.076  0.480±0.098  0.523±0.064  0.503±0.037  0.439±0.070  0.320±0.092  0.090±0.084
linear                 0.587±0.027  0.697±0.038  0.708±0.043  0.704±0.029  0.686±0.063  0.618±0.136  0.533±0.221
nfd_unet3ch            0.771±0.015  0.873±0.024  0.896±0.011  0.902±0.014  0.896±0.024  0.906±0.032  0.919±0.091
oracle                 1.000±0.000  1.000±0.000  1.000±0.000  1.000±0.000  1.000±0.000  1.000±0.000  1.000±0.000

=== regret_dv (chosen - best, Lyapunov units; lower better) ===
model                  K=2        K=4        K=8        K=16       K=32       K=64       K=128    
persistence            0.0240     0.0428     0.0623     0.0829     0.1034     0.1224     0.1449   
mean-delta             0.0101     0.0185     0.0275     0.0401     0.0569     0.0826     0.1248   
linear                 0.0047     0.0094     0.0161     0.0229     0.0317     0.0458     0.0623   
nfd_unet3ch            0.0016     0.0031     0.0048     0.0067     0.0093     0.0109     0.0110   
oracle                 0.0000     0.0000     0.0000     0.0000     0.0000     0.0000     0.0000   

=== pick_pctile (fraction of the subset better than the pick) ===
model                  K=2        K=4        K=8        K=16       K=32       K=64       K=128    
persistence            0.235      0.346      0.404      0.433      0.448      0.456      0.478    
mean-delta             0.143      0.195      0.202      0.197      0.204      0.250      0.369    
linear                 0.097      0.133      0.137      0.113      0.090      0.079      0.064    
nfd_unet3ch            0.053      0.066      0.060      0.042      0.029      0.016      0.006    
oracle                 0.000      0.000      0.000      0.000      0.000      0.000      0.000    

=== paired differences (per slate; sem is the floor, not the sd) ===

  nfd_unet3ch - linear
       K      mean       sd      sem       t     wins  ties
       2   +0.1847   0.0420   0.0188    9.84    5/5       0
       4   +0.1759   0.0384   0.0172   10.25    5/5       0
       8   +0.1881   0.0493   0.0220    8.54    5/5       0
      16   +0.1972   0.0518   0.0232    8.52    5/5       0
      32   +0.2099   0.0812   0.0363    5.78    5/5       0
      64   +0.2886   0.1903   0.0851    3.39    5/5       0
     128   +0.3855   0.3260   0.1458    2.64    5/5       0

  oracle - linear
       K      mean       sd      sem       t     wins  ties
       2   +0.4133   0.0348   0.0156   26.54    5/5       0
       4   +0.3027   0.0488   0.0218   13.88    5/5       0
       8   +0.2920   0.0544   0.0243   12.01    5/5       0
      16   +0.2956   0.0379   0.0169   17.45    5/5       0
      32   +0.3139   0.0811   0.0363    8.66    5/5       0
      64   +0.3823   0.1707   0.0764    5.01    5/5       0
     128   +0.4667   0.2969   0.1328    3.52    5/5       0

  linear - mean-delta
       K      mean       sd      sem       t     wins  ties
       2   +0.1984   0.0682   0.0305    6.51    5/5       0
       4   +0.2168   0.1747   0.0781    2.78    5/5       0
       8   +0.1849   0.1286   0.0575    3.22    5/5       0
      16   +0.2017   0.0505   0.0226    8.94    5/5       0
      32   +0.2470   0.0604   0.0270    9.15    5/5       0
      64   +0.2977   0.1184   0.0529    5.62    5/5       0
     128   +0.4432   0.3275   0.1465    3.03    5/5       0

=== bivariate-normal extrapolation (validate on K<=31 first) ===
  mean within-slate Pearson rho: mean-delta=+0.528, linear=+0.776, nfd_unet3ch=+0.924, oracle=+0.992

  model                  K=2        K=4        K=8        K=16       K=32       K=64       K=128      K=64       K=128      K=256      K=1000   
  mean-delta             0.353      0.469      0.507      0.517      0.523      0.527      0.529      0.527      0.529      0.529      0.530    
  linear                 0.565      0.709      0.747      0.760      0.765      0.769      0.771      0.769      0.771      0.773      0.775    
  nfd_unet3ch            0.748      0.878      0.903      0.912      0.916      0.918      0.919      0.918      0.919      0.920      0.922    
  oracle                 1.000      1.000      1.000      1.000      1.000      1.000      1.000      1.000      1.000      1.000      1.000    

wrote Baselines/NFD/runs/nfd_randlen_indist_mixed_kcurve_sampled_indstripethinpile.json
