cache: Baselines/NFD/runs/nfd_randlen_indist_piled_dv_cache.pt  goal=ind-stripe-thin-pile  provenance=652fce1f dirty=False
5 slates used (sizes: [128])

=== slateK: fraction of the oracle's advantage over a random pick ===
model                  K=2        K=4        K=8        K=16       K=32       K=64       K=128    
persistence            -0.008±0.016  -0.007±0.013  -0.002±0.021  0.002±0.007  -0.003±0.007  -0.003±0.005  -0.026±0.040
mean-delta             0.279±0.086  0.370±0.087  0.374±0.078  0.243±0.063  0.105±0.047  0.029±0.057  0.017±0.079
linear                 0.411±0.117  0.530±0.112  0.532±0.095  0.439±0.103  0.349±0.134  0.279±0.186  0.220±0.281
nfd_unet3ch            0.615±0.060  0.750±0.072  0.834±0.056  0.863±0.038  0.876±0.041  0.889±0.049  0.923±0.116
oracle                 1.000±0.000  1.000±0.000  1.000±0.000  1.000±0.000  1.000±0.000  1.000±0.000  1.000±0.000

=== regret_dv (chosen - best, Lyapunov units; lower better) ===
model                  K=2        K=4        K=8        K=16       K=32       K=64       K=128    
persistence            0.0113     0.0228     0.0389     0.0566     0.0740     0.0889     0.1039   
mean-delta             0.0045     0.0111     0.0248     0.0447     0.0667     0.0856     0.0988   
linear                 0.0024     0.0071     0.0167     0.0300     0.0460     0.0615     0.0764   
nfd_unet3ch            0.0007     0.0018     0.0037     0.0057     0.0075     0.0091     0.0090   
oracle                 0.0000     0.0000     0.0000     0.0000     0.0000     0.0000     0.0000   

=== pick_pctile (fraction of the subset better than the pick) ===
model                  K=2        K=4        K=8        K=16       K=32       K=64       K=128    
persistence            0.217      0.322      0.375      0.401      0.415      0.423      0.386    
mean-delta             0.154      0.218      0.245      0.281      0.327      0.392      0.498    
linear                 0.126      0.179      0.188      0.189      0.187      0.190      0.212    
nfd_unet3ch            0.082      0.102      0.078      0.044      0.025      0.015      0.005    
oracle                 0.000      0.000      0.000      0.000      0.000      0.000      0.000    

=== paired differences (per slate; sem is the floor, not the sd) ===

  nfd_unet3ch - linear
       K      mean       sd      sem       t     wins  ties
       2   +0.2043   0.1193   0.0533    3.83    5/5       0
       4   +0.2192   0.0807   0.0361    6.07    5/5       0
       8   +0.3019   0.0681   0.0305    9.91    5/5       0
      16   +0.4237   0.0908   0.0406   10.44    5/5       0
      32   +0.5271   0.1289   0.0577    9.14    5/5       0
      64   +0.6103   0.2718   0.1216    5.02    5/5       0
     128   +0.7032   0.5458   0.2441    2.88    4/5       0

  oracle - linear
       K      mean       sd      sem       t     wins  ties
       2   +0.5891   0.1591   0.0712    8.28    5/5       0
       4   +0.4696   0.1438   0.0643    7.30    5/5       0
       8   +0.4676   0.1276   0.0571    8.20    5/5       0
      16   +0.5610   0.1389   0.0621    9.03    5/5       0
      32   +0.6513   0.1742   0.0779    8.36    5/5       0
      64   +0.7210   0.2565   0.1147    6.29    5/5       0
     128   +0.7805   0.3797   0.1698    4.60    5/5       0

  linear - mean-delta
       K      mean       sd      sem       t     wins  ties
       2   +0.1317   0.1048   0.0469    2.81    5/5       0
       4   +0.1601   0.0836   0.0374    4.28    5/5       0
       8   +0.1582   0.0553   0.0247    6.40    5/5       0
      16   +0.1962   0.0747   0.0334    5.88    5/5       0
      32   +0.2442   0.1368   0.0612    3.99    5/5       0
      64   +0.2497   0.2275   0.1018    2.45    5/5       0
     128   +0.2022   0.3856   0.1724    1.17    3/5       1

=== bivariate-normal extrapolation (validate on K<=31 first) ===
  mean within-slate Pearson rho: mean-delta=+0.432, linear=+0.626, nfd_unet3ch=+0.880, oracle=+0.992

  model                  K=2        K=4        K=8        K=16       K=32       K=64       K=128      K=64       K=128      K=256      K=1000   
  mean-delta             0.284      0.382      0.415      0.424      0.429      0.432      0.434      0.432      0.434      0.434      0.434    
  linear                 0.430      0.560      0.599      0.613      0.620      0.623      0.625      0.623      0.625      0.626      0.628    
  nfd_unet3ch            0.685      0.824      0.856      0.866      0.871      0.874      0.876      0.874      0.876      0.877      0.879    
  oracle                 1.000      1.000      1.000      1.000      1.000      1.000      1.000      1.000      1.000      1.000      1.000    

wrote Baselines/NFD/runs/nfd_randlen_indist_piled_kcurve_sampled_indstripethinpile.json
