cache=Baselines/NFD/runs/nfd_randlen_indist_dv_cache.pt goal=corner n_slates=15 provenance=a0f116d3 dirty=True

=== slateK_exact (closed form) ===
model            K=2        K=4        K=8        K=16       K=32       K=64       K=128    
persistence      0.0305     0.0478     0.0680     0.0747     0.0748     0.0752     0.0576   
mean-delta       0.6133     0.6568     0.6177     0.5570     0.5008     0.4476     0.4124   
linear           0.8550     0.8560     0.8206     0.7673     0.7052     0.6494     0.6112   
nfd_unet3ch      0.9513     0.9469     0.9481     0.9486     0.9461     0.9452     0.9485   
oracle           1.0000     1.0000     1.0000     1.0000     1.0000     1.0000     1.0000   

=== worstK (adversarial pool) ===
model            K=2        K=4        K=8        K=16       K=32       K=64       K=128    
persistence      2.8358     2.8358     2.8358     2.8358     2.7698     2.7394     0.9424   
mean-delta       2.1140     2.0855     2.0259     1.9180     1.7791     1.3684     0.5876   
linear           1.3552     1.3552     1.2991     1.1480     1.0881     0.9190     0.3888   
nfd_unet3ch      0.6047     0.5840     0.5722     0.5567     0.5258     0.5020     -0.0498  
oracle           0.0000     0.0000     0.0000     0.0000     0.0000     0.0000     -0.1322  

=== rank_profile (true percentile of the model's r-th pick) ===
model            r=1       r=2       r=3       r=4       r=8       r=16      r=32      r=64      r=128   
persistence      0.470     0.433     0.538     0.492     0.381     0.569     0.518     0.396     0.490   
mean-delta       0.164     0.198     0.177     0.182     0.230     0.297     0.343     0.536     0.789   
linear           0.080     0.121     0.096     0.141     0.110     0.199     0.199     0.516     0.974   
nfd_unet3ch      0.010     0.031     0.027     0.027     0.133     0.193     0.269     0.421     0.990   
oracle           0.000     0.008     0.016     0.023     0.055     0.117     0.242     0.431     0.992   

=== paired slateK_exact differences ===

  nfd_unet3ch - linear
    K=   2 mean=+0.0963 sem=0.0111 t=+8.70 wins=15/15 ties=0
    K=   4 mean=+0.0910 sem=0.0147 t=+6.17 wins=14/15 ties=0
    K=   8 mean=+0.1275 sem=0.0209 t=+6.10 wins=15/15 ties=0
    K=  16 mean=+0.1813 sem=0.0321 t=+5.65 wins=15/15 ties=0
    K=  32 mean=+0.2409 sem=0.0482 t=+5.00 wins=14/15 ties=0
    K=  64 mean=+0.2958 sem=0.0628 t=+4.71 wins=14/15 ties=0
    K= 128 mean=+0.3373 sem=0.0787 t=+4.29 wins=12/15 ties=0

  oracle - linear
    K=   2 mean=+0.1450 sem=0.0120 t=+12.06 wins=15/15 ties=0
    K=   4 mean=+0.1440 sem=0.0135 t=+10.66 wins=15/15 ties=0
    K=   8 mean=+0.1794 sem=0.0200 t=+8.97 wins=15/15 ties=0
    K=  16 mean=+0.2327 sem=0.0302 t=+7.70 wins=15/15 ties=0
    K=  32 mean=+0.2948 sem=0.0438 t=+6.73 wins=15/15 ties=0
    K=  64 mean=+0.3506 sem=0.0568 t=+6.18 wins=15/15 ties=0
    K= 128 mean=+0.3888 sem=0.0701 t=+5.54 wins=14/15 ties=1

  linear - mean-delta
    K=   2 mean=+0.2417 sem=0.0171 t=+14.17 wins=15/15 ties=0
    K=   4 mean=+0.1991 sem=0.0205 t=+9.70 wins=15/15 ties=0
    K=   8 mean=+0.2029 sem=0.0284 t=+7.16 wins=15/15 ties=0
    K=  16 mean=+0.2104 sem=0.0385 t=+5.46 wins=14/15 ties=0
    K=  32 mean=+0.2044 sem=0.0534 t=+3.83 wins=12/15 ties=0
    K=  64 mean=+0.2017 sem=0.0739 t=+2.73 wins=12/15 ties=0
    K= 128 mean=+0.1987 sem=0.1075 t=+1.85 wins=8/15 ties=3

wrote Baselines/NFD/runs/nfd_randlen_indist_kcurve_exact.json
