cache=Baselines/NFD/runs/nfd_randlen_indist_piled_dv_cache.pt goal=ind-stripe-thin-pile n_slates=5 provenance=652fce1f dirty=False

=== slateK_exact (closed form) ===
model            K=2        K=4        K=8        K=16       K=32       K=64       K=128    
persistence      -0.0430    -0.0293    -0.0136    -0.0053    -0.0070    -0.0227    -0.0060  
mean-delta       0.6001     0.4941     0.3502     0.2076     0.0929     0.0282     0.0173   
linear           0.7674     0.6750     0.5561     0.4475     0.3549     0.2781     0.2195   
nfd_unet3ch      0.9312     0.9142     0.8961     0.8911     0.8953     0.8975     0.9227   
oracle           1.0000     1.0000     1.0000     1.0000     1.0000     1.0000     1.0000   

=== worstK (adversarial pool) ===
model            K=2        K=4        K=8        K=16       K=32       K=64       K=128    
persistence      1.4058     1.4058     1.4058     1.4058     1.4058     1.4058     1.0060   
mean-delta       1.2332     1.2332     1.2332     1.2332     1.2332     1.2332     0.9827   
linear           1.0448     1.0448     1.0448     1.0448     1.0112     1.0112     0.7805   
nfd_unet3ch      0.5379     0.5379     0.5379     0.5379     0.5341     0.5340     -0.0594  
oracle           0.0000     0.0000     0.0000     0.0000     0.0000     0.0000     -0.1646  

=== rank_profile (true percentile of the model's r-th pick) ===
model            r=1       r=2       r=3       r=4       r=8       r=16      r=32      r=64      r=128   
persistence      0.323     0.372     0.716     0.258     0.620     0.552     0.263     0.236     0.333   
mean-delta       0.498     0.286     0.302     0.334     0.369     0.092     0.458     0.505     0.783   
linear           0.212     0.130     0.247     0.208     0.341     0.317     0.220     0.431     0.795   
nfd_unet3ch      0.005     0.022     0.050     0.023     0.075     0.109     0.209     0.256     0.933   
oracle           0.000     0.008     0.016     0.023     0.053     0.116     0.237     0.397     0.942   

=== paired slateK_exact differences ===

  nfd_unet3ch - linear
    K=   2 mean=+0.1638 sem=0.0225 t=+7.28 wins=5/5 ties=0
    K=   4 mean=+0.2393 sem=0.0260 t=+9.20 wins=5/5 ties=0
    K=   8 mean=+0.3401 sem=0.0354 t=+9.62 wins=5/5 ties=0
    K=  16 mean=+0.4436 sem=0.0452 t=+9.82 wins=5/5 ties=0
    K=  32 mean=+0.5404 sem=0.0680 t=+7.95 wins=5/5 ties=0
    K=  64 mean=+0.6194 sem=0.1274 t=+4.86 wins=5/5 ties=0
    K= 128 mean=+0.7032 sem=0.2441 t=+2.88 wins=4/5 ties=0

  oracle - linear
    K=   2 mean=+0.2326 sem=0.0338 t=+6.88 wins=5/5 ties=0
    K=   4 mean=+0.3250 sem=0.0416 t=+7.81 wins=5/5 ties=0
    K=   8 mean=+0.4439 sem=0.0553 t=+8.02 wins=5/5 ties=0
    K=  16 mean=+0.5525 sem=0.0675 t=+8.18 wins=5/5 ties=0
    K=  32 mean=+0.6451 sem=0.0829 t=+7.78 wins=5/5 ties=0
    K=  64 mean=+0.7219 sem=0.1150 t=+6.28 wins=5/5 ties=0
    K= 128 mean=+0.7805 sem=0.1698 t=+4.60 wins=5/5 ties=0

  linear - mean-delta
    K=   2 mean=+0.1673 sem=0.0452 t=+3.70 wins=5/5 ties=0
    K=   4 mean=+0.1809 sem=0.0418 t=+4.32 wins=5/5 ties=0
    K=   8 mean=+0.2059 sem=0.0491 t=+4.20 wins=5/5 ties=0
    K=  16 mean=+0.2399 sem=0.0584 t=+4.11 wins=5/5 ties=0
    K=  32 mean=+0.2621 sem=0.0699 t=+3.75 wins=5/5 ties=0
    K=  64 mean=+0.2499 sem=0.1033 t=+2.42 wins=5/5 ties=0
    K= 128 mean=+0.2022 sem=0.1724 t=+1.17 wins=3/5 ties=1

wrote Baselines/NFD/runs/nfd_randlen_indist_piled_kcurve_exact_indstripethinpile.json
