cache: Baselines/NFD/runs/nfd_randlen_L40mm_dv_cache.pt  goal=ind-stripe-thin-pile  provenance=a0f116d3 dirty=False
20 slates used (sizes: [128])

=== slateK: fraction of the oracle's advantage over a random pick ===
model                  K=2        K=4        K=8        K=16       K=32       K=64       K=128    
persistence            0.010±0.011  0.002±0.008  -0.001±0.008  -0.001±0.006  -0.000±0.005  -0.000±0.004  0.047±0.185
mean-delta             0.448±0.034  0.487±0.047  0.436±0.052  0.396±0.054  0.416±0.064  0.508±0.097  0.675±0.163
linear                 0.562±0.023  0.604±0.031  0.558±0.049  0.500±0.070  0.464±0.085  0.440±0.110  0.392±0.169
nfd_unet3ch            0.690±0.021  0.807±0.016  0.814±0.020  0.788±0.031  0.764±0.045  0.754±0.069  0.778±0.117
oracle                 1.000±0.000  1.000±0.000  1.000±0.000  1.000±0.000  1.000±0.000  1.000±0.000  1.000±0.000

=== regret_dv (chosen - best, Lyapunov units; lower better) ===
model                  K=2        K=4        K=8        K=16       K=32       K=64       K=128    
persistence            0.0548     0.1049     0.1465     0.1806     0.2083     0.2313     0.2360   
mean-delta             0.0219     0.0518     0.0842     0.1103     0.1203     0.1099     0.0758   
linear                 0.0149     0.0361     0.0616     0.0880     0.1105     0.1316     0.1593   
nfd_unet3ch            0.0071     0.0150     0.0250     0.0373     0.0486     0.0554     0.0509   
oracle                 0.0000     0.0000     0.0000     0.0000     0.0000     0.0000     0.0000   

=== pick_pctile (fraction of the subset better than the pick) ===
model                  K=2        K=4        K=8        K=16       K=32       K=64       K=128    
persistence            0.242      0.364      0.426      0.458      0.473      0.480      0.456    
mean-delta             0.135      0.204      0.242      0.256      0.241      0.194      0.115    
linear                 0.107      0.161      0.195      0.218      0.225      0.225      0.235    
nfd_unet3ch            0.076      0.093      0.091      0.088      0.084      0.078      0.064    
oracle                 0.000      0.000      0.000      0.000      0.000      0.000      0.000    

=== paired differences (per slate; sem is the floor, not the sd) ===

  nfd_unet3ch - linear
       K      mean       sd      sem       t     wins  ties
       2   +0.1279   0.0477   0.0107   12.00   20/20      0
       4   +0.2031   0.0694   0.0155   13.09   20/20      0
       8   +0.2556   0.1153   0.0258    9.91   20/20      0
      16   +0.2879   0.1658   0.0371    7.77   20/20      0
      32   +0.2992   0.1976   0.0442    6.77   18/20      0
      64   +0.3142   0.2570   0.0575    5.47   18/20      0
     128   +0.3863   0.4570   0.1022    3.78   15/20      3

  oracle - linear
       K      mean       sd      sem       t     wins  ties
       2   +0.4383   0.0537   0.0120   36.50   20/20      0
       4   +0.3962   0.0719   0.0161   24.64   20/20      0
       8   +0.4419   0.1132   0.0253   17.45   20/20      0
      16   +0.4998   0.1627   0.0364   13.74   20/20      0
      32   +0.5356   0.1985   0.0444   12.07   20/20      0
      64   +0.5602   0.2569   0.0574    9.75   20/20      0
     128   +0.6085   0.3938   0.0881    6.91   19/20      1

  linear - mean-delta
       K      mean       sd      sem       t     wins  ties
       2   +0.1140   0.0758   0.0169    6.73   20/20      0
       4   +0.1167   0.1172   0.0262    4.46   15/20      0
       8   +0.1217   0.1491   0.0333    3.65   15/20      0
      16   +0.1044   0.1912   0.0427    2.44   12/20      0
      32   +0.0485   0.2273   0.0508    0.95   12/20      0
      64   -0.0680   0.2931   0.0655   -1.04   11/20      0
     128   -0.2838   0.4631   0.1036   -2.74    3/20      4

=== bivariate-normal extrapolation (validate on K<=31 first) ===
  mean within-slate Pearson rho: mean-delta=+0.602, linear=+0.709, nfd_unet3ch=+0.847, oracle=+0.992

  model                  K=2        K=4        K=8        K=16       K=32       K=64       K=128      K=64       K=128      K=256      K=1000   
  mean-delta             0.411      0.538      0.577      0.589      0.597      0.600      0.602      0.600      0.602      0.602      0.604    
  linear                 0.501      0.641      0.681      0.693      0.700      0.704      0.706      0.704      0.706      0.708      0.710    
  nfd_unet3ch            0.642      0.785      0.820      0.831      0.837      0.840      0.842      0.840      0.842      0.844      0.846    
  oracle                 1.000      1.000      1.000      1.000      1.000      1.000      1.000      1.000      1.000      1.000      1.000    

wrote Baselines/NFD/runs/nfd_randlen_L40mm_kcurve_sampled_ind-stripe-thin-pile.json
