cache: Baselines/NFD/runs/nfd_randlen_L20mm_dv_cache.pt  goal=corner  provenance=a0f116d3 dirty=False
20 slates used (sizes: [128])

=== slateK: fraction of the oracle's advantage over a random pick ===
model                  K=2        K=4        K=8        K=16       K=32       K=64       K=128    
persistence            0.005±0.012  0.005±0.010  0.003±0.008  0.003±0.007  0.002±0.006  0.002±0.005  -0.094±0.225
mean-delta             0.457±0.024  0.601±0.026  0.608±0.038  0.588±0.054  0.552±0.068  0.494±0.085  0.414±0.132
linear                 0.718±0.021  0.867±0.014  0.920±0.010  0.947±0.010  0.951±0.015  0.946±0.020  0.952±0.031
nfd_unet3ch            0.779±0.017  0.899±0.015  0.944±0.010  0.967±0.005  0.974±0.008  0.968±0.015  0.960±0.032
oracle                 1.000±0.000  1.000±0.000  1.000±0.000  1.000±0.000  1.000±0.000  1.000±0.000  1.000±0.000

=== regret_dv (chosen - best, Lyapunov units; lower better) ===
model                  K=2        K=4        K=8        K=16       K=32       K=64       K=128    
persistence            0.0118     0.0206     0.0295     0.0377     0.0445     0.0496     0.0571   
mean-delta             0.0039     0.0065     0.0109     0.0157     0.0207     0.0261     0.0322   
linear                 0.0010     0.0014     0.0015     0.0016     0.0020     0.0026     0.0025   
nfd_unet3ch            0.0007     0.0010     0.0010     0.0009     0.0010     0.0015     0.0021   
oracle                 0.0000     0.0000     0.0000     0.0000     0.0000     0.0000     0.0000   

=== pick_pctile (fraction of the subset better than the pick) ===
model                  K=2        K=4        K=8        K=16       K=32       K=64       K=128    
persistence            0.240      0.361      0.422      0.452      0.467      0.475      0.495    
mean-delta             0.131      0.169      0.171      0.162      0.157      0.164      0.189    
linear                 0.068      0.070      0.046      0.025      0.015      0.011      0.006    
nfd_unet3ch            0.053      0.057      0.035      0.018      0.010      0.007      0.005    
oracle                 0.000      0.000      0.000      0.000      0.000      0.000      0.000    

=== paired differences (per slate; sem is the floor, not the sd) ===

  nfd_unet3ch - linear
       K      mean       sd      sem       t     wins  ties
       2   +0.0603   0.0441   0.0099    6.11   18/20      0
       4   +0.0314   0.0388   0.0087    3.62   17/20      0
       8   +0.0242   0.0263   0.0059    4.10   18/20      0
      16   +0.0206   0.0209   0.0047    4.41   19/20      0
      32   +0.0233   0.0284   0.0063    3.68   17/20      0
      64   +0.0222   0.0368   0.0082    2.70   15/20      0
     128   +0.0080   0.0811   0.0181    0.44    4/20     13

  oracle - linear
       K      mean       sd      sem       t     wins  ties
       2   +0.2815   0.0495   0.0111   25.45   20/20      0
       4   +0.1326   0.0335   0.0075   17.71   20/20      0
       8   +0.0802   0.0230   0.0051   15.60   20/20      0
      16   +0.0532   0.0240   0.0054    9.89   20/20      0
      32   +0.0494   0.0349   0.0078    6.33   20/20      0
      64   +0.0541   0.0474   0.0106    5.10   20/20      0
     128   +0.0479   0.0730   0.0163    2.93    8/20     12

  linear - mean-delta
       K      mean       sd      sem       t     wins  ties
       2   +0.2614   0.0389   0.0087   30.07   20/20      0
       4   +0.2667   0.0487   0.0109   24.49   20/20      0
       8   +0.3115   0.0816   0.0182   17.07   20/20      0
      16   +0.3585   0.1231   0.0275   13.03   20/20      0
      32   +0.3990   0.1593   0.0356   11.20   20/20      0
      64   +0.4519   0.2075   0.0464    9.74   20/20      0
     128   +0.5377   0.3338   0.0746    7.20   18/20      1

=== bivariate-normal extrapolation (validate on K<=31 first) ===
  mean within-slate Pearson rho: mean-delta=+0.498, linear=+0.877, nfd_unet3ch=+0.933, oracle=+0.992

  model                  K=2        K=4        K=8        K=16       K=32       K=64       K=128      K=64       K=128      K=256      K=1000   
  mean-delta             0.331      0.442      0.479      0.488      0.494      0.497      0.500      0.497      0.500      0.500      0.500    
  linear                 0.681      0.820      0.853      0.863      0.868      0.871      0.872      0.871      0.872      0.874      0.876    
  nfd_unet3ch            0.765      0.890      0.914      0.922      0.925      0.927      0.929      0.927      0.929      0.929      0.931    
  oracle                 1.000      1.000      1.000      1.000      1.000      1.000      1.000      1.000      1.000      1.000      1.000    

wrote Baselines/NFD/runs/nfd_randlen_L20mm_kcurve_sampled_corner.json
