cache: Baselines/NFD/runs/nfd_randlen_L20mm_dv_cache.pt  goal=ind-stripe-thin-pile  provenance=a0f116d3 dirty=False
20 slates used (sizes: [128])

=== slateK: fraction of the oracle's advantage over a random pick ===
model                  K=2        K=4        K=8        K=16       K=32       K=64       K=128    
persistence            -0.002±0.010  -0.001±0.008  -0.004±0.007  -0.002±0.006  -0.001±0.004  -0.000±0.004  -0.037±0.116
mean-delta             0.305±0.037  0.362±0.054  0.306±0.067  0.196±0.082  0.098±0.082  0.062±0.070  0.076±0.073
linear                 0.469±0.030  0.579±0.038  0.559±0.051  0.525±0.058  0.491±0.067  0.454±0.092  0.411±0.133
nfd_unet3ch            0.608±0.030  0.734±0.033  0.774±0.030  0.781±0.029  0.773±0.044  0.758±0.079  0.763±0.133
oracle                 1.000±0.000  1.000±0.000  1.000±0.000  1.000±0.000  1.000±0.000  1.000±0.000  1.000±0.000

=== regret_dv (chosen - best, Lyapunov units; lower better) ===
model                  K=2        K=4        K=8        K=16       K=32       K=64       K=128    
persistence            0.0367     0.0673     0.0963     0.1230     0.1476     0.1699     0.1901   
mean-delta             0.0201     0.0424     0.0698     0.1031     0.1374     0.1635     0.1775   
linear                 0.0120     0.0258     0.0424     0.0592     0.0760     0.0935     0.1112   
nfd_unet3ch            0.0062     0.0115     0.0173     0.0241     0.0313     0.0389     0.0412   
oracle                 0.0000     0.0000     0.0000     0.0000     0.0000     0.0000     0.0000   

=== pick_pctile (fraction of the subset better than the pick) ===
model                  K=2        K=4        K=8        K=16       K=32       K=64       K=128    
persistence            0.241      0.360      0.421      0.451      0.466      0.473      0.509    
mean-delta             0.167      0.246      0.293      0.344      0.389      0.397      0.361    
linear                 0.128      0.172      0.185      0.182      0.170      0.164      0.168    
nfd_unet3ch            0.094      0.116      0.108      0.091      0.075      0.069      0.067    
oracle                 0.000      0.000      0.000      0.000      0.000      0.000      0.000    

=== paired differences (per slate; sem is the floor, not the sd) ===

  nfd_unet3ch - linear
       K      mean       sd      sem       t     wins  ties
       2   +0.1386   0.0775   0.0173    7.99   20/20      0
       4   +0.1549   0.1057   0.0236    6.55   17/20      0
       8   +0.2147   0.1313   0.0294    7.32   19/20      0
      16   +0.2555   0.1575   0.0352    7.26   18/20      0
      32   +0.2815   0.2143   0.0479    5.87   18/20      0
      64   +0.3040   0.3272   0.0732    4.16   16/20      0
     128   +0.3520   0.4676   0.1046    3.37   16/20      1

  oracle - linear
       K      mean       sd      sem       t     wins  ties
       2   +0.5307   0.0698   0.0156   34.00   20/20      0
       4   +0.4213   0.0894   0.0200   21.07   20/20      0
       8   +0.4407   0.1194   0.0267   16.51   20/20      0
      16   +0.4749   0.1372   0.0307   15.48   20/20      0
      32   +0.5086   0.1576   0.0352   14.43   20/20      0
      64   +0.5465   0.2174   0.0486   11.24   20/20      0
     128   +0.5889   0.3135   0.0701    8.40   19/20      1

  linear - mean-delta
       K      mean       sd      sem       t     wins  ties
       2   +0.1646   0.0838   0.0187    8.78   20/20      0
       4   +0.2168   0.1293   0.0289    7.50   20/20      0
       8   +0.2535   0.1575   0.0352    7.20   20/20      0
      16   +0.3295   0.1991   0.0445    7.40   20/20      0
      32   +0.3930   0.2183   0.0488    8.05   20/20      0
      64   +0.3919   0.2438   0.0545    7.19   20/20      0
     128   +0.3352   0.3695   0.0826    4.06   15/20      3

=== bivariate-normal extrapolation (validate on K<=31 first) ===
  mean within-slate Pearson rho: mean-delta=+0.398, linear=+0.670, nfd_unet3ch=+0.822, oracle=+0.992

  model                  K=2        K=4        K=8        K=16       K=32       K=64       K=128      K=64       K=128      K=256      K=1000   
  mean-delta             0.261      0.352      0.383      0.392      0.396      0.399      0.401      0.399      0.401      0.401      0.401    
  linear                 0.466      0.602      0.642      0.655      0.662      0.666      0.668      0.666      0.668      0.669      0.671    
  nfd_unet3ch            0.613      0.757      0.794      0.806      0.812      0.815      0.817      0.815      0.817      0.819      0.821    
  oracle                 1.000      1.000      1.000      1.000      1.000      1.000      1.000      1.000      1.000      1.000      1.000    

wrote Baselines/NFD/runs/nfd_randlen_L20mm_kcurve_sampled_ind-stripe-thin-pile.json
