cache=runs_expB/n20_L20mm_sharp_dv_cache.pt goal=ind-stripe-thin-pile n_slates=20 provenance=eb390fd2 dirty=True

=== slateK_exact (closed form) ===
model            K=4        K=8        K=16       K=32       K=64       K=128    
persistence      0.0078     0.0000     -0.0015    -0.0037    -0.0098    -0.0324  
mean-delta       0.6486     0.6635     0.6671     0.6787     0.7008     0.7237   
linear           0.8322     0.8307     0.8275     0.8190     0.8023     0.7693   
UNet             0.8221     0.8089     0.7906     0.7714     0.7530     0.7244   
oracle           1.0000     1.0000     1.0000     1.0000     1.0000     1.0000   

=== worstK (adversarial pool) ===
model            K=4        K=8        K=16       K=32       K=64       K=128    
persistence      2.1325     2.1325     2.1286     2.1115     2.0089     1.0324   
mean-delta       1.3598     1.3566     1.3566     1.3446     1.2896     0.2574   
linear           1.0207     1.0207     1.0207     0.9682     0.9268     0.2163   
UNet             1.1059     1.0937     1.0937     1.0784     0.9681     0.2366   
oracle           0.0000     0.0000     0.0000     0.0000     0.0000     -0.1134  

=== rank_profile (true percentile of the model's r-th pick) ===
model            r=1       r=2       r=3       r=4       r=8       r=16      r=32      r=64      r=128   
persistence      0.477     0.443     0.448     0.575     0.459     0.463     0.454     0.545     0.483   
mean-delta       0.048     0.074     0.114     0.122     0.202     0.273     0.414     0.545     0.964   
linear           0.028     0.036     0.082     0.073     0.091     0.241     0.341     0.406     0.978   
UNet             0.075     0.065     0.060     0.107     0.163     0.200     0.300     0.434     0.982   
oracle           0.000     0.007     0.015     0.023     0.055     0.116     0.239     0.421     0.992   

=== paired slateK_exact differences ===

  UNet - linear
    K=   4 mean=-0.0101 sem=0.0108 t=-0.93 wins=10/20 ties=0
    K=   8 mean=-0.0218 sem=0.0135 t=-1.61 wins=6/20 ties=0
    K=  16 mean=-0.0370 sem=0.0148 t=-2.50 wins=5/20 ties=0
    K=  32 mean=-0.0476 sem=0.0169 t=-2.82 wins=7/20 ties=0
    K=  64 mean=-0.0492 sem=0.0291 t=-1.69 wins=6/20 ties=0
    K= 128 mean=-0.0449 sem=0.0651 t=-0.69 wins=6/20 ties=9

  oracle - linear
    K=   4 mean=+0.1678 sem=0.0110 t=+15.19 wins=20/20 ties=0
    K=   8 mean=+0.1693 sem=0.0118 t=+14.32 wins=20/20 ties=0
    K=  16 mean=+0.1725 sem=0.0141 t=+12.19 wins=20/20 ties=0
    K=  32 mean=+0.1810 sem=0.0181 t=+10.01 wins=20/20 ties=0
    K=  64 mean=+0.1977 sem=0.0255 t=+7.75 wins=20/20 ties=0
    K= 128 mean=+0.2307 sem=0.0445 t=+5.18 wins=15/20 ties=5

  linear - mean-delta
    K=   4 mean=+0.1836 sem=0.0232 t=+7.93 wins=20/20 ties=0
    K=   8 mean=+0.1672 sem=0.0194 t=+8.61 wins=20/20 ties=0
    K=  16 mean=+0.1605 sem=0.0214 t=+7.50 wins=19/20 ties=0
    K=  32 mean=+0.1403 sem=0.0244 t=+5.75 wins=18/20 ties=0
    K=  64 mean=+0.1015 sem=0.0319 t=+3.19 wins=15/20 ties=0
    K= 128 mean=+0.0456 sem=0.0528 t=+0.86 wins=5/20 ties=10

wrote runs_expB/survey/B_stripe_kexact.json
