[gpu_lock] 02:03:46 seeking 1 of 3 slots: python Baselines/SchenckCNN/train_schenck.py --epochs 100 --ckpt-every 10 --out Baselines/SchenckCNN/runs/schenck.pth
[gpu_lock] 02:03:46 acquired slot 1; running: python Baselines/SchenckCNN/train_schenck.py --epochs 100 --ckpt-every 10 --out Baselines/SchenckCNN/runs/schenck.pth
device=cuda
loaded pooled train: 23040 transitions, grid 64x64 (96.0s)
built inputs: x=(23040, 4, 64, 64) y=(23040, 64, 64) (2.4s)
model: 139937 params, in_channels=4, 16 conv layers @ width 32
epoch   1/100  loss=0.017176  (30.3s)
epoch   2/100  loss=0.012666  (28.5s)
epoch   3/100  loss=0.009299  (29.3s)
epoch   4/100  loss=0.008141  (29.1s)
epoch   5/100  loss=0.007614  (27.4s)
epoch   6/100  loss=0.007235  (28.9s)
epoch   7/100  loss=0.007010  (28.7s)
epoch   8/100  loss=0.006814  (29.5s)
epoch   9/100  loss=0.006675  (28.9s)
epoch  10/100  loss=0.006570  (28.5s)
  wrote checkpoint -> Baselines/SchenckCNN/runs/schenck.pth
epoch  11/100  loss=0.006448  (28.7s)
epoch  12/100  loss=0.006418  (28.5s)
epoch  13/100  loss=0.006309  (26.4s)
epoch  14/100  loss=0.006257  (28.5s)
epoch  15/100  loss=0.006189  (28.3s)
epoch  16/100  loss=0.006113  (28.5s)
epoch  17/100  loss=0.006103  (28.3s)
epoch  18/100  loss=0.006033  (28.5s)
epoch  19/100  loss=0.005972  (28.3s)
epoch  20/100  loss=0.005961  (26.5s)
  wrote checkpoint -> Baselines/SchenckCNN/runs/schenck.pth
epoch  21/100  loss=0.005888  (28.1s)
epoch  22/100  loss=0.005869  (28.2s)
epoch  23/100  loss=0.005813  (28.1s)
epoch  24/100  loss=0.005797  (28.2s)
epoch  25/100  loss=0.005774  (28.2s)
epoch  26/100  loss=0.005747  (28.1s)
epoch  27/100  loss=0.005714  (27.9s)
epoch  28/100  loss=0.005688  (26.2s)
epoch  29/100  loss=0.005679  (28.0s)
epoch  30/100  loss=0.005634  (28.0s)
  wrote checkpoint -> Baselines/SchenckCNN/runs/schenck.pth
epoch  31/100  loss=0.005600  (28.0s)
epoch  32/100  loss=0.005586  (28.1s)
epoch  33/100  loss=0.005584  (28.0s)
epoch  34/100  loss=0.005558  (28.8s)
epoch  35/100  loss=0.005533  (26.9s)
epoch  36/100  loss=0.005519  (35.0s)
epoch  37/100  loss=0.005502  (28.0s)
epoch  38/100  loss=0.005480  (27.9s)
epoch  39/100  loss=0.005467  (28.1s)
epoch  40/100  loss=0.005456  (28.8s)
  wrote checkpoint -> Baselines/SchenckCNN/runs/schenck.pth
epoch  41/100  loss=0.005431  (28.1s)
epoch  42/100  loss=0.005422  (28.0s)
epoch  43/100  loss=0.005407  (26.2s)
epoch  44/100  loss=0.005402  (29.4s)
epoch  45/100  loss=0.005390  (28.8s)
epoch  46/100  loss=0.005353  (28.8s)
epoch  47/100  loss=0.005356  (38.6s)
epoch  48/100  loss=0.005335  (28.0s)
epoch  49/100  loss=0.005335  (27.8s)
epoch  50/100  loss=0.005292  (26.3s)
  wrote checkpoint -> Baselines/SchenckCNN/runs/schenck.pth
epoch  51/100  loss=0.005301  (27.5s)
epoch  52/100  loss=0.005279  (27.7s)
epoch  53/100  loss=0.005285  (27.6s)
epoch  54/100  loss=0.005262  (27.7s)
epoch  55/100  loss=0.005257  (27.6s)
epoch  56/100  loss=0.005241  (27.6s)
epoch  57/100  loss=0.005235  (27.6s)
epoch  58/100  loss=0.005211  (26.0s)
epoch  59/100  loss=0.005215  (27.6s)
epoch  60/100  loss=0.005190  (27.6s)
  wrote checkpoint -> Baselines/SchenckCNN/runs/schenck.pth
epoch  61/100  loss=0.005196  (27.5s)
epoch  62/100  loss=0.005176  (27.4s)
epoch  63/100  loss=0.005155  (27.4s)
epoch  64/100  loss=0.005153  (27.4s)
epoch  65/100  loss=0.005137  (26.3s)
epoch  66/100  loss=0.005124  (26.6s)
epoch  67/100  loss=0.005129  (27.4s)
epoch  68/100  loss=0.005126  (27.3s)
epoch  69/100  loss=0.005195  (27.2s)
epoch  70/100  loss=0.005129  (27.3s)
  wrote checkpoint -> Baselines/SchenckCNN/runs/schenck.pth
epoch  71/100  loss=0.005095  (27.3s)
epoch  72/100  loss=0.005079  (27.3s)
epoch  73/100  loss=0.005086  (25.6s)
epoch  74/100  loss=0.005071  (27.2s)
epoch  75/100  loss=0.005065  (27.2s)
epoch  76/100  loss=0.005045  (27.2s)
epoch  77/100  loss=0.005054  (27.2s)
epoch  78/100  loss=0.005030  (27.2s)
epoch  79/100  loss=0.005029  (27.2s)
epoch  80/100  loss=0.005018  (27.1s)
  wrote checkpoint -> Baselines/SchenckCNN/runs/schenck.pth
epoch  81/100  loss=0.005022  (25.6s)
epoch  82/100  loss=0.005004  (27.2s)
epoch  83/100  loss=0.005000  (27.2s)
epoch  84/100  loss=0.005014  (27.1s)
epoch  85/100  loss=0.004978  (27.1s)
epoch  86/100  loss=0.004981  (27.2s)
epoch  87/100  loss=0.004963  (27.1s)
epoch  88/100  loss=0.004961  (25.4s)
epoch  89/100  loss=0.004951  (27.1s)
epoch  90/100  loss=0.004949  (27.1s)
  wrote checkpoint -> Baselines/SchenckCNN/runs/schenck.pth
epoch  91/100  loss=0.004939  (27.2s)
epoch  92/100  loss=0.004931  (27.1s)
epoch  93/100  loss=0.004926  (27.1s)
epoch  94/100  loss=0.004918  (27.1s)
epoch  95/100  loss=0.004919  (27.1s)
epoch  96/100  loss=0.004892  (25.4s)
epoch  97/100  loss=0.004957  (27.1s)
epoch  98/100  loss=0.004901  (27.1s)
epoch  99/100  loss=0.004882  (27.1s)
epoch 100/100  loss=0.004888  (27.1s)
  wrote checkpoint -> Baselines/SchenckCNN/runs/schenck.pth
done.
