[device] cuda
[data] loading train split...
[data] 768 train samples (pre-augmentation)
[data] 6144 train samples (x8 augmented)
[data] loading val split...
[data] 128 val samples
/home/alon/Code/pile_manipulation/experiments/EXP-0025-flow-warp-nfd-pilot/code/train_supervised_flow.py:182: UserWarning: Converting a tensor with requires_grad=True to a scalar may lead to unexpected behavior.
Consider using tensor.detach() first. (Triggered internally at /pytorch/torch/csrc/autograd/generated/python_variable_methods.cpp:836.)
  total_photo += float(photo_loss) * bs
[epoch 1/40] train photo=0.02996 flow=0.11386 bg=0.05759 | val photo=0.02619 flow=0.03288 bg=0.03715 (11.8s)
[epoch 2/40] train photo=0.02176 flow=0.02357 bg=0.03175 | val photo=0.01539 flow=0.01670 bg=0.02739 (21.1s)
[epoch 3/40] train photo=0.01489 flow=0.01597 bg=0.02553 | val photo=0.01319 flow=0.01393 bg=0.02265 (28.8s)
[epoch 4/40] train photo=0.01339 flow=0.01419 bg=0.02134 | val photo=0.01271 flow=0.01258 bg=0.01891 (34.9s)
[epoch 5/40] train photo=0.01267 flow=0.01326 bg=0.01748 | val photo=0.01211 flow=0.01196 bg=0.01607 (42.6s)
[epoch 6/40] train photo=0.01216 flow=0.01277 bg=0.01479 | val photo=0.01147 flow=0.01175 bg=0.01359 (48.5s)
[epoch 7/40] train photo=0.01178 flow=0.01236 bg=0.01291 | val photo=0.01240 flow=0.01211 bg=0.01220 (54.0s)
[epoch 8/40] train photo=0.01148 flow=0.01215 bg=0.01165 | val photo=0.01157 flow=0.01138 bg=0.01130 (59.9s)
[epoch 9/40] train photo=0.01127 flow=0.01191 bg=0.01083 | val photo=0.01106 flow=0.01109 bg=0.01057 (67.7s)
[epoch 10/40] train photo=0.01106 flow=0.01171 bg=0.01048 | val photo=0.01080 flow=0.01093 bg=0.01032 (75.6s)
[epoch 11/40] train photo=0.01091 flow=0.01154 bg=0.01023 | val photo=0.01054 flow=0.01074 bg=0.01021 (83.2s)
[epoch 12/40] train photo=0.01080 flow=0.01139 bg=0.01026 | val photo=0.01030 flow=0.01080 bg=0.01004 (90.5s)
[epoch 13/40] train photo=0.01069 flow=0.01124 bg=0.01036 | val photo=0.01073 flow=0.01074 bg=0.01046 (96.4s)
[epoch 14/40] train photo=0.01059 flow=0.01107 bg=0.01062 | val photo=0.01062 flow=0.01060 bg=0.01070 (103.7s)
[epoch 15/40] train photo=0.01050 flow=0.01091 bg=0.01067 | val photo=0.01116 flow=0.01094 bg=0.01087 (110.2s)
[epoch 16/40] train photo=0.01040 flow=0.01073 bg=0.01064 | val photo=0.01000 flow=0.01033 bg=0.01037 (117.4s)
[epoch 17/40] train photo=0.01034 flow=0.01057 bg=0.01059 | val photo=0.01019 flow=0.01031 bg=0.01044 (125.3s)
[epoch 18/40] train photo=0.01023 flow=0.01038 bg=0.01050 | val photo=0.00995 flow=0.01013 bg=0.01064 (132.0s)
[epoch 19/40] train photo=0.01019 flow=0.01015 bg=0.01106 | val photo=0.01000 flow=0.00978 bg=0.01116 (138.5s)
[epoch 20/40] train photo=0.01009 flow=0.00990 bg=0.01103 | val photo=0.01027 flow=0.00990 bg=0.01101 (144.8s)
[epoch 21/40] train photo=0.01004 flow=0.00974 bg=0.01058 | val photo=0.00981 flow=0.00969 bg=0.01007 (150.4s)
[epoch 22/40] train photo=0.00995 flow=0.00961 bg=0.01041 | val photo=0.00984 flow=0.00964 bg=0.01061 (157.4s)
[epoch 23/40] train photo=0.00986 flow=0.00948 bg=0.01032 | val photo=0.01047 flow=0.01020 bg=0.01023 (161.7s)
[epoch 24/40] train photo=0.00976 flow=0.00941 bg=0.00983 | val photo=0.00943 flow=0.00936 bg=0.00986 (166.8s)
[epoch 25/40] train photo=0.00969 flow=0.00931 bg=0.00945 | val photo=0.00975 flow=0.00905 bg=0.00948 (175.5s)
[epoch 26/40] train photo=0.00964 flow=0.00926 bg=0.00913 | val photo=0.00959 flow=0.00911 bg=0.00886 (181.4s)
[epoch 27/40] train photo=0.00958 flow=0.00918 bg=0.00887 | val photo=0.00957 flow=0.00925 bg=0.00812 (187.0s)
[epoch 28/40] train photo=0.00953 flow=0.00912 bg=0.00844 | val photo=0.00994 flow=0.00927 bg=0.00850 (194.0s)
[epoch 29/40] train photo=0.00943 flow=0.00906 bg=0.00827 | val photo=0.00933 flow=0.00888 bg=0.00842 (202.1s)
[epoch 30/40] train photo=0.00942 flow=0.00898 bg=0.00806 | val photo=0.00929 flow=0.00878 bg=0.00780 (210.1s)
[epoch 31/40] train photo=0.00929 flow=0.00892 bg=0.00776 | val photo=0.00992 flow=0.00915 bg=0.00773 (217.7s)
[epoch 32/40] train photo=0.00925 flow=0.00882 bg=0.00747 | val photo=0.00915 flow=0.00874 bg=0.00737 (226.8s)
[epoch 33/40] train photo=0.00920 flow=0.00876 bg=0.00724 | val photo=0.00908 flow=0.00871 bg=0.00656 (234.1s)
[epoch 34/40] train photo=0.00914 flow=0.00871 bg=0.00682 | val photo=0.00889 flow=0.00872 bg=0.00641 (241.2s)
[epoch 35/40] train photo=0.00910 flow=0.00856 bg=0.00671 | val photo=0.00899 flow=0.00855 bg=0.00660 (248.7s)
[epoch 36/40] train photo=0.00902 flow=0.00836 bg=0.00661 | val photo=0.00932 flow=0.00814 bg=0.00670 (254.5s)
[epoch 37/40] train photo=0.00897 flow=0.00796 bg=0.00670 | val photo=0.00899 flow=0.00757 bg=0.00687 (260.9s)
[epoch 38/40] train photo=0.00889 flow=0.00758 bg=0.00676 | val photo=0.00902 flow=0.00725 bg=0.00692 (266.8s)
[epoch 39/40] train photo=0.00883 flow=0.00722 bg=0.00701 | val photo=0.00925 flow=0.00700 bg=0.00721 (273.6s)
[epoch 40/40] train photo=0.00879 flow=0.00695 bg=0.00723 | val photo=0.00859 flow=0.00669 bg=0.00740 (280.7s)
[done] best_val=0.01564 saved to experiments/EXP-0025-flow-warp-nfd-pilot/runs/RUN-0013-supervised-flow-masked-penalty-augmented
