Config: Baselines/NFD/configs/nfd_train_flow_largedisp24_L20mm_pilot.yaml
Device: cuda
Training on cuda, epochs 0→40, log_dir=Baselines/NFD/runs/flow_largedisp24_L20mm_pilot
Train: 768  Val: 128  Test: 128
Epoch    1: trn=0.034524  val=0.030328  iou=0.0270  chg_mse=0.534191  best=1
Epoch    2: trn=0.029438  val=0.028618  iou=0.0306  chg_mse=0.535503  best=2
Epoch    3: trn=0.028340  val=0.027853  iou=0.0398  chg_mse=0.537174  best=3
Epoch    4: trn=0.027721  val=0.027346  iou=0.0531  chg_mse=0.545086  best=4
Epoch    5: trn=0.027164  val=0.026806  iou=0.0769  chg_mse=0.547776  best=5
Epoch    6: trn=0.026345  val=0.025933  iou=0.1110  chg_mse=0.574421  best=6
Epoch    7: trn=0.025099  val=0.024025  iou=0.1790  chg_mse=0.600413  best=7
Epoch    8: trn=0.022746  val=0.020625  iou=0.3266  chg_mse=0.673024  best=8
Epoch    9: trn=0.019840  val=0.018513  iou=0.4107  chg_mse=0.721308  best=9
Epoch   10: trn=0.018297  val=0.016877  iou=0.4747  chg_mse=0.755970  best=10
Epoch   11: trn=0.017480  val=0.016423  iou=0.4959  chg_mse=0.770417  best=11
Epoch   12: trn=0.017036  val=0.016098  iou=0.5128  chg_mse=0.776871  best=12
Epoch   13: trn=0.016695  val=0.015876  iou=0.5202  chg_mse=0.777558  best=13
Epoch   14: trn=0.016389  val=0.015406  iou=0.5273  chg_mse=0.772995  best=14
Epoch   15: trn=0.016057  val=0.015065  iou=0.5402  chg_mse=0.775057  best=15
Epoch   16: trn=0.015762  val=0.014792  iou=0.5501  chg_mse=0.771091  best=16
Epoch   17: trn=0.015493  val=0.014670  iou=0.5460  chg_mse=0.760949  best=17
Epoch   18: trn=0.015309  val=0.014391  iou=0.5550  chg_mse=0.755489  best=18
Epoch   19: trn=0.015088  val=0.014080  iou=0.5647  chg_mse=0.751996  best=19
Epoch   20: trn=0.014939  val=0.014021  iou=0.5641  chg_mse=0.746331  best=20
Epoch   21: trn=0.014790  val=0.014026  iou=0.5695  chg_mse=0.749605  best=20
Epoch   22: trn=0.014679  val=0.013858  iou=0.5708  chg_mse=0.738642  best=22
Epoch   23: trn=0.014573  val=0.013826  iou=0.5750  chg_mse=0.744780  best=23
Epoch   24: trn=0.014452  val=0.013792  iou=0.5764  chg_mse=0.749250  best=24
Epoch   25: trn=0.014391  val=0.013653  iou=0.5824  chg_mse=0.754630  best=25
Epoch   26: trn=0.014275  val=0.013602  iou=0.5825  chg_mse=0.748703  best=26
Epoch   27: trn=0.014212  val=0.013600  iou=0.5825  chg_mse=0.749948  best=27
Epoch   28: trn=0.014107  val=0.013531  iou=0.5847  chg_mse=0.751482  best=28
Epoch   29: trn=0.014040  val=0.013569  iou=0.5837  chg_mse=0.749876  best=28
Epoch   30: trn=0.013992  val=0.013535  iou=0.5822  chg_mse=0.754540  best=28
Epoch   31: trn=0.013904  val=0.013512  iou=0.5821  chg_mse=0.746421  best=31
Epoch   32: trn=0.013828  val=0.013464  iou=0.5817  chg_mse=0.740359  best=32
Epoch   33: trn=0.013748  val=0.013478  iou=0.5832  chg_mse=0.749675  best=32
Epoch   34: trn=0.013682  val=0.013458  iou=0.5823  chg_mse=0.746959  best=34
Epoch   35: trn=0.013624  val=0.013284  iou=0.5918  chg_mse=0.755191  best=35
Epoch   36: trn=0.013559  val=0.013166  iou=0.5910  chg_mse=0.744181  best=36
Epoch   37: trn=0.013418  val=0.013134  iou=0.5870  chg_mse=0.726884  best=37
Epoch   38: trn=0.013321  val=0.012901  iou=0.5936  chg_mse=0.722357  best=38
Epoch   39: trn=0.013203  val=0.012824  iou=0.5929  chg_mse=0.709914  best=39
Epoch   40: trn=0.012998  val=0.012437  iou=0.6043  chg_mse=0.697213  best=40

=== Test metrics ===
  prob_mse: 0.013237
  zero_mse: 0.027576
  copy_mse: 0.014353
  hard_iou: 0.567871
  hard_dice: 0.696553
  changed_mse: 0.676809
  changed_copy_mse: 1.000000
  changed_pixel_frac: 0.014353

=== Training complete ===
  Best val loss : 0.012437  (epoch 40)
  Model card    : Baselines/NFD/runs/flow_largedisp24_L20mm_pilot/model_card.yaml
  Log dir       : Baselines/NFD/runs/flow_largedisp24_L20mm_pilot
