[38;5;159m[Genesis] [01:46:02] [INFO] [38;5;121m╭───────────────────────────────────────────────╮[0m[38;5;159m[0m
[38;5;159m[Genesis] [01:46:02] [INFO] [38;5;121m│┈┉┈┉┈┉┈┉┈┉┈┉┈┉┈┉┈┉┈[0m[38;5;159m [38;5;121m[1m[3mGenesis[0m[38;5;159m [38;5;121m┈┉┈┉┈┉┈┉┈┉┈┉┈┉┈┉┈┉┈│[0m[38;5;159m[0m
[38;5;159m[Genesis] [01:46:02] [INFO] [38;5;121m╰───────────────────────────────────────────────╯[0m[38;5;159m[0m
[38;5;159m[Genesis] [01:46:03] [INFO] Running on [38;5;121m[4m[NVIDIA GeForce RTX 4070 Laptop GPU][0m[38;5;159m with backend [38;5;121m[4mgs.cuda[0m[38;5;159m. Device memory: [38;5;121m[4m7.62[0m[38;5;159m GB.[0m
[38;5;159m[Genesis] [01:46:03] [INFO] 🚀 Genesis initialized. 🔖 version: [38;5;121m[4m1.3.3[0m[38;5;159m, 🎨 theme: [38;5;121m[4mdark[0m[38;5;159m, 🌱 seed: [38;5;121m[4mNone[0m[38;5;159m, 🐛 debug: [38;5;121m[4mFalse[0m[38;5;159m, 📏 precision: [38;5;121m[4m32[0m[38;5;159m, 🔥 performance: [38;5;121m[4mTrue[0m[38;5;159m, 💬 verbose: [38;5;121m[4mINFO[0m[38;5;159m[0m
[38;5;159m[Genesis] [01:46:08] [INFO] Scene [38;5;121m[3m<f48688f>[0m[38;5;159m created.[0m
[38;5;159m[Genesis] [01:46:08] [INFO] Adding [38;5;121m<gs.engine.entities.RigidEntity>[0m[38;5;159m. idx: [38;5;121m0[0m[38;5;159m, uid: [38;5;121m[3m<c9d8048>[0m[38;5;159m, morph: [38;5;121m<gs.morphs.Plane>[0m[38;5;159m, material: [38;5;121m<gs.materials.Rigid>[0m[38;5;159m.[0m
[38;5;159m[Genesis] [01:46:08] [INFO] Adding [38;5;121m<gs.engine.entities.RigidEntity>[0m[38;5;159m. idx: [38;5;121m1[0m[38;5;159m, uid: [38;5;121m[3m<b3c70ea>[0m[38;5;159m, morph: [38;5;121m<gs.morphs.Box>[0m[38;5;159m, material: [38;5;121m<gs.materials.Rigid>[0m[38;5;159m.[0m
[38;5;159m[Genesis] [01:46:08] [INFO] Adding [38;5;121m<gs.engine.entities.RigidEntity>[0m[38;5;159m. idx: [38;5;121m2[0m[38;5;159m, uid: [38;5;121m[3m<72f0ec4>[0m[38;5;159m, morph: [38;5;121m<gs.morphs.Box>[0m[38;5;159m, material: [38;5;121m<gs.materials.Rigid>[0m[38;5;159m.[0m
[38;5;159m[Genesis] [01:46:08] [INFO] Adding [38;5;121m<gs.engine.entities.RigidEntity>[0m[38;5;159m. idx: [38;5;121m3[0m[38;5;159m, uid: [38;5;121m[3m<ad43125>[0m[38;5;159m, morph: [38;5;121m<gs.morphs.Box>[0m[38;5;159m, material: [38;5;121m<gs.materials.Rigid>[0m[38;5;159m.[0m
[38;5;159m[Genesis] [01:46:08] [INFO] Adding [38;5;121m<gs.engine.entities.RigidEntity>[0m[38;5;159m. idx: [38;5;121m4[0m[38;5;159m, uid: [38;5;121m[3m<980b54c>[0m[38;5;159m, morph: [38;5;121m<gs.morphs.Box>[0m[38;5;159m, material: [38;5;121m<gs.materials.Rigid>[0m[38;5;159m.[0m
[38;5;159m[Genesis] [01:46:08] [INFO] Adding [38;5;121m<gs.engine.entities.RigidEntity>[0m[38;5;159m. idx: [38;5;121m5[0m[38;5;159m, uid: [38;5;121m[3m<76f0a89>[0m[38;5;159m, morph: [38;5;121m<gs.morphs.Box>[0m[38;5;159m, material: [38;5;121m<gs.materials.Rigid>[0m[38;5;159m.[0m
[38;5;159m[Genesis] [01:46:08] [INFO] Adding [38;5;121m<gs.engine.entities.RigidEntity>[0m[38;5;159m. idx: [38;5;121m6[0m[38;5;159m, uid: [38;5;121m[3m<eb633f2>[0m[38;5;159m, morph: [38;5;121m<gs.morphs.Box>[0m[38;5;159m, material: [38;5;121m<gs.materials.Rigid>[0m[38;5;159m.[0m
[38;5;159m[Genesis] [01:46:08] [INFO] Adding [38;5;121m<gs.engine.entities.RigidEntity>[0m[38;5;159m. idx: [38;5;121m7[0m[38;5;159m, uid: [38;5;121m[3m<0bb7531>[0m[38;5;159m, morph: [38;5;121m<gs.morphs.Box>[0m[38;5;159m, material: [38;5;121m<gs.materials.Rigid>[0m[38;5;159m.[0m
[38;5;159m[Genesis] [01:46:08] [INFO] Adding [38;5;121m<gs.engine.entities.RigidEntity>[0m[38;5;159m. idx: [38;5;121m8[0m[38;5;159m, uid: [38;5;121m[3m<0fb5c92>[0m[38;5;159m, morph: [38;5;121m<gs.morphs.Box>[0m[38;5;159m, material: [38;5;121m<gs.materials.Rigid>[0m[38;5;159m.[0m
[38;5;159m[Genesis] [01:46:08] [INFO] Adding [38;5;121m<gs.engine.entities.RigidEntity>[0m[38;5;159m. idx: [38;5;121m9[0m[38;5;159m, uid: [38;5;121m[3m<dcf3700>[0m[38;5;159m, morph: [38;5;121m<gs.morphs.Box>[0m[38;5;159m, material: [38;5;121m<gs.materials.Rigid>[0m[38;5;159m.[0m
[38;5;159m[Genesis] [01:46:08] [INFO] Adding [38;5;121m<gs.engine.entities.RigidEntity>[0m[38;5;159m. idx: [38;5;121m10[0m[38;5;159m, uid: [38;5;121m[3m<0bfc18d>[0m[38;5;159m, morph: [38;5;121m<gs.morphs.Box>[0m[38;5;159m, material: [38;5;121m<gs.materials.Rigid>[0m[38;5;159m.[0m
[38;5;159m[Genesis] [01:46:08] [INFO] Adding [38;5;121m<gs.engine.entities.RigidEntity>[0m[38;5;159m. idx: [38;5;121m11[0m[38;5;159m, uid: [38;5;121m[3m<16ca541>[0m[38;5;159m, morph: [38;5;121m<gs.morphs.Box>[0m[38;5;159m, material: [38;5;121m<gs.materials.Rigid>[0m[38;5;159m.[0m
[38;5;159m[Genesis] [01:46:08] [INFO] Adding [38;5;121m<gs.engine.entities.RigidEntity>[0m[38;5;159m. idx: [38;5;121m12[0m[38;5;159m, uid: [38;5;121m[3m<4cbe595>[0m[38;5;159m, morph: [38;5;121m<gs.morphs.Box>[0m[38;5;159m, material: [38;5;121m<gs.materials.Rigid>[0m[38;5;159m.[0m
[38;5;159m[Genesis] [01:46:08] [INFO] Adding [38;5;121m<gs.engine.entities.RigidEntity>[0m[38;5;159m. idx: [38;5;121m13[0m[38;5;159m, uid: [38;5;121m[3m<43393a8>[0m[38;5;159m, morph: [38;5;121m<gs.morphs.Box>[0m[38;5;159m, material: [38;5;121m<gs.materials.Rigid>[0m[38;5;159m.[0m
[38;5;159m[Genesis] [01:46:08] [INFO] Adding [38;5;121m<gs.engine.entities.RigidEntity>[0m[38;5;159m. idx: [38;5;121m14[0m[38;5;159m, uid: [38;5;121m[3m<d7da4e1>[0m[38;5;159m, morph: [38;5;121m<gs.morphs.Box>[0m[38;5;159m, material: [38;5;121m<gs.materials.Rigid>[0m[38;5;159m.[0m
[38;5;159m[Genesis] [01:46:08] [INFO] Adding [38;5;121m<gs.engine.entities.RigidEntity>[0m[38;5;159m. idx: [38;5;121m15[0m[38;5;159m, uid: [38;5;121m[3m<bf1a974>[0m[38;5;159m, morph: [38;5;121m<gs.morphs.Box>[0m[38;5;159m, material: [38;5;121m<gs.materials.Rigid>[0m[38;5;159m.[0m
[38;5;159m[Genesis] [01:46:08] [INFO] Adding [38;5;121m<gs.engine.entities.RigidEntity>[0m[38;5;159m. idx: [38;5;121m16[0m[38;5;159m, uid: [38;5;121m[3m<f13e651>[0m[38;5;159m, morph: [38;5;121m<gs.morphs.Box>[0m[38;5;159m, material: [38;5;121m<gs.materials.Rigid>[0m[38;5;159m.[0m
[38;5;159m[Genesis] [01:46:08] [INFO] Adding [38;5;121m<gs.engine.entities.RigidEntity>[0m[38;5;159m. idx: [38;5;121m17[0m[38;5;159m, uid: [38;5;121m[3m<cd2c7a5>[0m[38;5;159m, morph: [38;5;121m<gs.morphs.Box>[0m[38;5;159m, material: [38;5;121m<gs.materials.Rigid>[0m[38;5;159m.[0m
[38;5;159m[Genesis] [01:46:08] [INFO] Adding [38;5;121m<gs.engine.entities.RigidEntity>[0m[38;5;159m. idx: [38;5;121m18[0m[38;5;159m, uid: [38;5;121m[3m<1834ed9>[0m[38;5;159m, morph: [38;5;121m<gs.morphs.Box>[0m[38;5;159m, material: [38;5;121m<gs.materials.Rigid>[0m[38;5;159m.[0m
[38;5;159m[Genesis] [01:46:08] [INFO] Adding [38;5;121m<gs.engine.entities.RigidEntity>[0m[38;5;159m. idx: [38;5;121m19[0m[38;5;159m, uid: [38;5;121m[3m<ba8320e>[0m[38;5;159m, morph: [38;5;121m<gs.morphs.Box>[0m[38;5;159m, material: [38;5;121m<gs.materials.Rigid>[0m[38;5;159m.[0m
[38;5;159m[Genesis] [01:46:08] [INFO] Adding [38;5;121m<gs.engine.entities.RigidEntity>[0m[38;5;159m. idx: [38;5;121m20[0m[38;5;159m, uid: [38;5;121m[3m<f51820c>[0m[38;5;159m, morph: [38;5;121m<gs.morphs.Box>[0m[38;5;159m, material: [38;5;121m<gs.materials.Rigid>[0m[38;5;159m.[0m
[38;5;159m[Genesis] [01:46:08] [INFO] Adding [38;5;121m<gs.engine.entities.RigidEntity>[0m[38;5;159m. idx: [38;5;121m21[0m[38;5;159m, uid: [38;5;121m[3m<dc6b354>[0m[38;5;159m, morph: [38;5;121m<gs.morphs.Box>[0m[38;5;159m, material: [38;5;121m<gs.materials.Rigid>[0m[38;5;159m.[0m
[38;5;159m[Genesis] [01:46:08] [INFO] Adding [38;5;121m<gs.engine.entities.RigidEntity>[0m[38;5;159m. idx: [38;5;121m22[0m[38;5;159m, uid: [38;5;121m[3m<7de5049>[0m[38;5;159m, morph: [38;5;121m<gs.morphs.Box>[0m[38;5;159m, material: [38;5;121m<gs.materials.Rigid>[0m[38;5;159m.[0m
[38;5;159m[Genesis] [01:46:08] [INFO] Adding [38;5;121m<gs.engine.entities.RigidEntity>[0m[38;5;159m. idx: [38;5;121m23[0m[38;5;159m, uid: [38;5;121m[3m<304551a>[0m[38;5;159m, morph: [38;5;121m<gs.morphs.Box>[0m[38;5;159m, material: [38;5;121m<gs.materials.Rigid>[0m[38;5;159m.[0m
[38;5;159m[Genesis] [01:46:08] [INFO] Adding [38;5;121m<gs.engine.entities.RigidEntity>[0m[38;5;159m. idx: [38;5;121m24[0m[38;5;159m, uid: [38;5;121m[3m<d0bfa07>[0m[38;5;159m, morph: [38;5;121m<gs.morphs.Box>[0m[38;5;159m, material: [38;5;121m<gs.materials.Rigid>[0m[38;5;159m.[0m
[38;5;159m[Genesis] [01:46:08] [INFO] Adding [38;5;121m<gs.engine.entities.RigidEntity>[0m[38;5;159m. idx: [38;5;121m25[0m[38;5;159m, uid: [38;5;121m[3m<e7d52c2>[0m[38;5;159m, morph: [38;5;121m<gs.morphs.Box>[0m[38;5;159m, material: [38;5;121m<gs.materials.Rigid>[0m[38;5;159m.[0m
[38;5;159m[Genesis] [01:46:08] [INFO] Adding [38;5;121m<gs.engine.entities.RigidEntity>[0m[38;5;159m. idx: [38;5;121m26[0m[38;5;159m, uid: [38;5;121m[3m<c249089>[0m[38;5;159m, morph: [38;5;121m<gs.morphs.Box>[0m[38;5;159m, material: [38;5;121m<gs.materials.Rigid>[0m[38;5;159m.[0m
Generated 20 particles out of 20
[38;5;159m[Genesis] [01:46:08] [INFO] Building scene [38;5;121m[3m<f48688f>[0m[38;5;159m...[0m
[38;5;159m[Genesis] [01:46:16] [INFO] Compiling simulation kernels...[0m
[38;5;159m[Genesis] [01:46:59] [INFO] Building visualizer...[0m
libEGL warning: egl: failed to create dri2 screen
libEGL warning: egl: failed to create dri2 screen
WARNING pile-aware: 14/96 pushes cannot travel their requested length even from a clamped start, and were shortened - those transitions are NOT at the requested length. (Callers that redraw on a short push, e.g. binned_slate_collection.py, handle this themselves; check realized = ||stop-start||.)
scatter1 S1_pile: sample 0.09s sim 71s | raw len [0.0,20.0]mm perp_err max 1.52 | moved>1mm mean 1.56
WARNING pile-aware: 27/96 pushes cannot travel their requested length even from a clamped start, and were shortened - those transitions are NOT at the requested length. (Callers that redraw on a short push, e.g. binned_slate_collection.py, handle this themselves; check realized = ||stop-start||.)
scatter1 S2_pile_relaxed: sample 0.01s sim 65s | raw len [0.0,20.0]mm perp_err max 1.54 | moved>1mm mean 1.33
scatter1 S3_placement_perp: sample 0.27s sim 67s | raw len [20.0,20.0]mm perp_err max 3.58e-07 | moved>1mm mean 0.75
scatter1 S4_blind_perp: sample 0.02s sim 69s | raw len [20.0,20.0]mm perp_err max 3.58e-07 | moved>1mm mean 1.07
WARNING pile-aware: 23/96 pushes cannot travel their requested length even from a clamped start, and were shortened - those transitions are NOT at the requested length. (Callers that redraw on a short push, e.g. binned_slate_collection.py, handle this themselves; check realized = ||stop-start||.)
scatter2 S1_pile: sample 0.02s sim 92s | raw len [0.0,20.0]mm perp_err max 1.42 | moved>1mm mean 1.70
WARNING pile-aware: 23/96 pushes cannot travel their requested length even from a clamped start, and were shortened - those transitions are NOT at the requested length. (Callers that redraw on a short push, e.g. binned_slate_collection.py, handle this themselves; check realized = ||stop-start||.)
scatter2 S2_pile_relaxed: sample 0.02s sim 98s | raw len [0.0,20.0]mm perp_err max 1.54 | moved>1mm mean 1.84
scatter2 S3_placement_perp: sample 0.12s sim 113s | raw len [20.0,20.0]mm perp_err max 3.58e-07 | moved>1mm mean 1.32
scatter2 S4_blind_perp: sample 0.02s sim 85s | raw len [20.0,20.0]mm perp_err max 3.58e-07 | moved>1mm mean 1.48
WARNING pile-aware: 19/96 pushes cannot travel their requested length even from a clamped start, and were shortened - those transitions are NOT at the requested length. (Callers that redraw on a short push, e.g. binned_slate_collection.py, handle this themselves; check realized = ||stop-start||.)
scatter3 S1_pile: sample 0.01s sim 69s | raw len [0.0,20.0]mm perp_err max 1.48 | moved>1mm mean 1.54
WARNING pile-aware: 21/96 pushes cannot travel their requested length even from a clamped start, and were shortened - those transitions are NOT at the requested length. (Callers that redraw on a short push, e.g. binned_slate_collection.py, handle this themselves; check realized = ||stop-start||.)
scatter3 S2_pile_relaxed: sample 0.02s sim 77s | raw len [0.0,20.0]mm perp_err max 1.56 | moved>1mm mean 1.64
scatter3 S3_placement_perp: sample 0.14s sim 85s | raw len [20.0,20.0]mm perp_err max 3.58e-07 | moved>1mm mean 1.00
scatter3 S4_blind_perp: sample 0.01s sim 83s | raw len [20.0,20.0]mm perp_err max 3.58e-07 | moved>1mm mean 1.45
WARNING pile-aware: 12/96 pushes cannot travel their requested length even from a clamped start, and were shortened - those transitions are NOT at the requested length. (Callers that redraw on a short push, e.g. binned_slate_collection.py, handle this themselves; check realized = ||stop-start||.)
scatter4 S1_pile: sample 0.02s sim 73s | raw len [0.0,20.0]mm perp_err max 1.57 | moved>1mm mean 2.06
WARNING pile-aware: 17/96 pushes cannot travel their requested length even from a clamped start, and were shortened - those transitions are NOT at the requested length. (Callers that redraw on a short push, e.g. binned_slate_collection.py, handle this themselves; check realized = ||stop-start||.)
scatter4 S2_pile_relaxed: sample 0.01s sim 80s | raw len [0.0,20.0]mm perp_err max 1.57 | moved>1mm mean 1.93
scatter4 S3_placement_perp: sample 0.11s sim 74s | raw len [20.0,20.0]mm perp_err max 3.58e-07 | moved>1mm mean 1.44
scatter4 S4_blind_perp: sample 0.01s sim 70s | raw len [20.0,20.0]mm perp_err max 3.58e-07 | moved>1mm mean 1.74
WARNING pile-aware: 14/96 pushes cannot travel their requested length even from a clamped start, and were shortened - those transitions are NOT at the requested length. (Callers that redraw on a short push, e.g. binned_slate_collection.py, handle this themselves; check realized = ||stop-start||.)
scatter5 S1_pile: sample 0.01s sim 56s | raw len [0.0,20.0]mm perp_err max 1.5 | moved>1mm mean 1.54
WARNING pile-aware: 24/96 pushes cannot travel their requested length even from a clamped start, and were shortened - those transitions are NOT at the requested length. (Callers that redraw on a short push, e.g. binned_slate_collection.py, handle this themselves; check realized = ||stop-start||.)
scatter5 S2_pile_relaxed: sample 0.01s sim 88s | raw len [0.0,20.0]mm perp_err max 1.52 | moved>1mm mean 1.71
scatter5 S3_placement_perp: sample 0.09s sim 52s | raw len [20.0,20.0]mm perp_err max 3.58e-07 | moved>1mm mean 0.93
scatter5 S4_blind_perp: sample 0.01s sim 75s | raw len [20.0,20.0]mm perp_err max 3.58e-07 | moved>1mm mean 1.41
WARNING pile-aware: 10/96 pushes cannot travel their requested length even from a clamped start, and were shortened - those transitions are NOT at the requested length. (Callers that redraw on a short push, e.g. binned_slate_collection.py, handle this themselves; check realized = ||stop-start||.)
scatter6 S1_pile: sample 0.01s sim 73s | raw len [0.0,20.0]mm perp_err max 1.53 | moved>1mm mean 1.83
WARNING pile-aware: 16/96 pushes cannot travel their requested length even from a clamped start, and were shortened - those transitions are NOT at the requested length. (Callers that redraw on a short push, e.g. binned_slate_collection.py, handle this themselves; check realized = ||stop-start||.)
scatter6 S2_pile_relaxed: sample 0.01s sim 77s | raw len [0.0,20.0]mm perp_err max 1.25 | moved>1mm mean 2.10
scatter6 S3_placement_perp: sample 0.10s sim 68s | raw len [20.0,20.0]mm perp_err max 3.58e-07 | moved>1mm mean 2.01
scatter6 S4_blind_perp: sample 0.01s sim 75s | raw len [20.0,20.0]mm perp_err max 3.58e-07 | moved>1mm mean 2.47
WARNING pile-aware: 14/96 pushes cannot travel their requested length even from a clamped start, and were shortened - those transitions are NOT at the requested length. (Callers that redraw on a short push, e.g. binned_slate_collection.py, handle this themselves; check realized = ||stop-start||.)
scatter7 S1_pile: sample 0.03s sim 71s | raw len [0.0,20.0]mm perp_err max 1.57 | moved>1mm mean 1.60
WARNING pile-aware: 25/96 pushes cannot travel their requested length even from a clamped start, and were shortened - those transitions are NOT at the requested length. (Callers that redraw on a short push, e.g. binned_slate_collection.py, handle this themselves; check realized = ||stop-start||.)
scatter7 S2_pile_relaxed: sample 0.02s sim 79s | raw len [0.0,20.0]mm perp_err max 1.56 | moved>1mm mean 1.30
scatter7 S3_placement_perp: sample 0.10s sim 62s | raw len [20.0,20.0]mm perp_err max 3.58e-07 | moved>1mm mean 1.74
scatter7 S4_blind_perp: sample 0.01s sim 94s | raw len [20.0,20.0]mm perp_err max 3.58e-07 | moved>1mm mean 2.30
WARNING pile-aware: 19/96 pushes cannot travel their requested length even from a clamped start, and were shortened - those transitions are NOT at the requested length. (Callers that redraw on a short push, e.g. binned_slate_collection.py, handle this themselves; check realized = ||stop-start||.)
scatter8 S1_pile: sample 0.02s sim 74s | raw len [0.0,20.0]mm perp_err max 1.56 | moved>1mm mean 1.30
WARNING pile-aware: 20/96 pushes cannot travel their requested length even from a clamped start, and were shortened - those transitions are NOT at the requested length. (Callers that redraw on a short push, e.g. binned_slate_collection.py, handle this themselves; check realized = ||stop-start||.)
