[38;5;159m[Genesis] [01:46:02] [INFO] [38;5;121m╭───────────────────────────────────────────────╮[0m[38;5;159m[0m
[38;5;159m[Genesis] [01:46:02] [INFO] [38;5;121m│┈┉┈┉┈┉┈┉┈┉┈┉┈┉┈┉┈┉┈[0m[38;5;159m [38;5;121m[1m[3mGenesis[0m[38;5;159m [38;5;121m┈┉┈┉┈┉┈┉┈┉┈┉┈┉┈┉┈┉┈│[0m[38;5;159m[0m
[38;5;159m[Genesis] [01:46:02] [INFO] [38;5;121m╰───────────────────────────────────────────────╯[0m[38;5;159m[0m
[38;5;159m[Genesis] [01:46:03] [INFO] Running on [38;5;121m[4m[NVIDIA GeForce RTX 4070 Laptop GPU][0m[38;5;159m with backend [38;5;121m[4mgs.cuda[0m[38;5;159m. Device memory: [38;5;121m[4m7.62[0m[38;5;159m GB.[0m
[38;5;159m[Genesis] [01:46:03] [INFO] 🚀 Genesis initialized. 🔖 version: [38;5;121m[4m1.3.3[0m[38;5;159m, 🎨 theme: [38;5;121m[4mdark[0m[38;5;159m, 🌱 seed: [38;5;121m[4mNone[0m[38;5;159m, 🐛 debug: [38;5;121m[4mFalse[0m[38;5;159m, 📏 precision: [38;5;121m[4m32[0m[38;5;159m, 🔥 performance: [38;5;121m[4mTrue[0m[38;5;159m, 💬 verbose: [38;5;121m[4mINFO[0m[38;5;159m[0m
[38;5;159m[Genesis] [01:46:08] [INFO] Scene [38;5;121m[3m<1808586>[0m[38;5;159m created.[0m
[38;5;159m[Genesis] [01:46:08] [INFO] Adding [38;5;121m<gs.engine.entities.RigidEntity>[0m[38;5;159m. idx: [38;5;121m0[0m[38;5;159m, uid: [38;5;121m[3m<0db170c>[0m[38;5;159m, morph: [38;5;121m<gs.morphs.Plane>[0m[38;5;159m, material: [38;5;121m<gs.materials.Rigid>[0m[38;5;159m.[0m
[38;5;159m[Genesis] [01:46:08] [INFO] Adding [38;5;121m<gs.engine.entities.RigidEntity>[0m[38;5;159m. idx: [38;5;121m1[0m[38;5;159m, uid: [38;5;121m[3m<e779c44>[0m[38;5;159m, morph: [38;5;121m<gs.morphs.Box>[0m[38;5;159m, material: [38;5;121m<gs.materials.Rigid>[0m[38;5;159m.[0m
[38;5;159m[Genesis] [01:46:08] [INFO] Adding [38;5;121m<gs.engine.entities.RigidEntity>[0m[38;5;159m. idx: [38;5;121m2[0m[38;5;159m, uid: [38;5;121m[3m<a64054e>[0m[38;5;159m, morph: [38;5;121m<gs.morphs.Box>[0m[38;5;159m, material: [38;5;121m<gs.materials.Rigid>[0m[38;5;159m.[0m
[38;5;159m[Genesis] [01:46:08] [INFO] Adding [38;5;121m<gs.engine.entities.RigidEntity>[0m[38;5;159m. idx: [38;5;121m3[0m[38;5;159m, uid: [38;5;121m[3m<35329bc>[0m[38;5;159m, morph: [38;5;121m<gs.morphs.Box>[0m[38;5;159m, material: [38;5;121m<gs.materials.Rigid>[0m[38;5;159m.[0m
[38;5;159m[Genesis] [01:46:08] [INFO] Adding [38;5;121m<gs.engine.entities.RigidEntity>[0m[38;5;159m. idx: [38;5;121m4[0m[38;5;159m, uid: [38;5;121m[3m<1e5fe85>[0m[38;5;159m, morph: [38;5;121m<gs.morphs.Box>[0m[38;5;159m, material: [38;5;121m<gs.materials.Rigid>[0m[38;5;159m.[0m
[38;5;159m[Genesis] [01:46:08] [INFO] Adding [38;5;121m<gs.engine.entities.RigidEntity>[0m[38;5;159m. idx: [38;5;121m5[0m[38;5;159m, uid: [38;5;121m[3m<792db6c>[0m[38;5;159m, morph: [38;5;121m<gs.morphs.Box>[0m[38;5;159m, material: [38;5;121m<gs.materials.Rigid>[0m[38;5;159m.[0m
[38;5;159m[Genesis] [01:46:08] [INFO] Adding [38;5;121m<gs.engine.entities.RigidEntity>[0m[38;5;159m. idx: [38;5;121m6[0m[38;5;159m, uid: [38;5;121m[3m<e04d130>[0m[38;5;159m, morph: [38;5;121m<gs.morphs.Box>[0m[38;5;159m, material: [38;5;121m<gs.materials.Rigid>[0m[38;5;159m.[0m
[38;5;159m[Genesis] [01:46:08] [INFO] Adding [38;5;121m<gs.engine.entities.RigidEntity>[0m[38;5;159m. idx: [38;5;121m7[0m[38;5;159m, uid: [38;5;121m[3m<6005ced>[0m[38;5;159m, morph: [38;5;121m<gs.morphs.Box>[0m[38;5;159m, material: [38;5;121m<gs.materials.Rigid>[0m[38;5;159m.[0m
[38;5;159m[Genesis] [01:46:08] [INFO] Adding [38;5;121m<gs.engine.entities.RigidEntity>[0m[38;5;159m. idx: [38;5;121m8[0m[38;5;159m, uid: [38;5;121m[3m<426e0b5>[0m[38;5;159m, morph: [38;5;121m<gs.morphs.Box>[0m[38;5;159m, material: [38;5;121m<gs.materials.Rigid>[0m[38;5;159m.[0m
[38;5;159m[Genesis] [01:46:08] [INFO] Adding [38;5;121m<gs.engine.entities.RigidEntity>[0m[38;5;159m. idx: [38;5;121m9[0m[38;5;159m, uid: [38;5;121m[3m<1c3d842>[0m[38;5;159m, morph: [38;5;121m<gs.morphs.Box>[0m[38;5;159m, material: [38;5;121m<gs.materials.Rigid>[0m[38;5;159m.[0m
[38;5;159m[Genesis] [01:46:08] [INFO] Adding [38;5;121m<gs.engine.entities.RigidEntity>[0m[38;5;159m. idx: [38;5;121m10[0m[38;5;159m, uid: [38;5;121m[3m<6b7d001>[0m[38;5;159m, morph: [38;5;121m<gs.morphs.Box>[0m[38;5;159m, material: [38;5;121m<gs.materials.Rigid>[0m[38;5;159m.[0m
[38;5;159m[Genesis] [01:46:08] [INFO] Adding [38;5;121m<gs.engine.entities.RigidEntity>[0m[38;5;159m. idx: [38;5;121m11[0m[38;5;159m, uid: [38;5;121m[3m<702ca98>[0m[38;5;159m, morph: [38;5;121m<gs.morphs.Box>[0m[38;5;159m, material: [38;5;121m<gs.materials.Rigid>[0m[38;5;159m.[0m
[38;5;159m[Genesis] [01:46:08] [INFO] Adding [38;5;121m<gs.engine.entities.RigidEntity>[0m[38;5;159m. idx: [38;5;121m12[0m[38;5;159m, uid: [38;5;121m[3m<1491749>[0m[38;5;159m, morph: [38;5;121m<gs.morphs.Box>[0m[38;5;159m, material: [38;5;121m<gs.materials.Rigid>[0m[38;5;159m.[0m
[38;5;159m[Genesis] [01:46:08] [INFO] Adding [38;5;121m<gs.engine.entities.RigidEntity>[0m[38;5;159m. idx: [38;5;121m13[0m[38;5;159m, uid: [38;5;121m[3m<600096a>[0m[38;5;159m, morph: [38;5;121m<gs.morphs.Box>[0m[38;5;159m, material: [38;5;121m<gs.materials.Rigid>[0m[38;5;159m.[0m
[38;5;159m[Genesis] [01:46:08] [INFO] Adding [38;5;121m<gs.engine.entities.RigidEntity>[0m[38;5;159m. idx: [38;5;121m14[0m[38;5;159m, uid: [38;5;121m[3m<211426e>[0m[38;5;159m, morph: [38;5;121m<gs.morphs.Box>[0m[38;5;159m, material: [38;5;121m<gs.materials.Rigid>[0m[38;5;159m.[0m
[38;5;159m[Genesis] [01:46:08] [INFO] Adding [38;5;121m<gs.engine.entities.RigidEntity>[0m[38;5;159m. idx: [38;5;121m15[0m[38;5;159m, uid: [38;5;121m[3m<b801b89>[0m[38;5;159m, morph: [38;5;121m<gs.morphs.Box>[0m[38;5;159m, material: [38;5;121m<gs.materials.Rigid>[0m[38;5;159m.[0m
[38;5;159m[Genesis] [01:46:08] [INFO] Adding [38;5;121m<gs.engine.entities.RigidEntity>[0m[38;5;159m. idx: [38;5;121m16[0m[38;5;159m, uid: [38;5;121m[3m<54141ad>[0m[38;5;159m, morph: [38;5;121m<gs.morphs.Box>[0m[38;5;159m, material: [38;5;121m<gs.materials.Rigid>[0m[38;5;159m.[0m
[38;5;159m[Genesis] [01:46:08] [INFO] Adding [38;5;121m<gs.engine.entities.RigidEntity>[0m[38;5;159m. idx: [38;5;121m17[0m[38;5;159m, uid: [38;5;121m[3m<7c50d43>[0m[38;5;159m, morph: [38;5;121m<gs.morphs.Box>[0m[38;5;159m, material: [38;5;121m<gs.materials.Rigid>[0m[38;5;159m.[0m
[38;5;159m[Genesis] [01:46:08] [INFO] Adding [38;5;121m<gs.engine.entities.RigidEntity>[0m[38;5;159m. idx: [38;5;121m18[0m[38;5;159m, uid: [38;5;121m[3m<22f42ec>[0m[38;5;159m, morph: [38;5;121m<gs.morphs.Box>[0m[38;5;159m, material: [38;5;121m<gs.materials.Rigid>[0m[38;5;159m.[0m
[38;5;159m[Genesis] [01:46:08] [INFO] Adding [38;5;121m<gs.engine.entities.RigidEntity>[0m[38;5;159m. idx: [38;5;121m19[0m[38;5;159m, uid: [38;5;121m[3m<b94dde2>[0m[38;5;159m, morph: [38;5;121m<gs.morphs.Box>[0m[38;5;159m, material: [38;5;121m<gs.materials.Rigid>[0m[38;5;159m.[0m
[38;5;159m[Genesis] [01:46:08] [INFO] Adding [38;5;121m<gs.engine.entities.RigidEntity>[0m[38;5;159m. idx: [38;5;121m20[0m[38;5;159m, uid: [38;5;121m[3m<62d1e86>[0m[38;5;159m, morph: [38;5;121m<gs.morphs.Box>[0m[38;5;159m, material: [38;5;121m<gs.materials.Rigid>[0m[38;5;159m.[0m
[38;5;159m[Genesis] [01:46:08] [INFO] Adding [38;5;121m<gs.engine.entities.RigidEntity>[0m[38;5;159m. idx: [38;5;121m21[0m[38;5;159m, uid: [38;5;121m[3m<6356541>[0m[38;5;159m, morph: [38;5;121m<gs.morphs.Box>[0m[38;5;159m, material: [38;5;121m<gs.materials.Rigid>[0m[38;5;159m.[0m
[38;5;159m[Genesis] [01:46:08] [INFO] Adding [38;5;121m<gs.engine.entities.RigidEntity>[0m[38;5;159m. idx: [38;5;121m22[0m[38;5;159m, uid: [38;5;121m[3m<0a3aeeb>[0m[38;5;159m, morph: [38;5;121m<gs.morphs.Box>[0m[38;5;159m, material: [38;5;121m<gs.materials.Rigid>[0m[38;5;159m.[0m
[38;5;159m[Genesis] [01:46:08] [INFO] Adding [38;5;121m<gs.engine.entities.RigidEntity>[0m[38;5;159m. idx: [38;5;121m23[0m[38;5;159m, uid: [38;5;121m[3m<d41b1d0>[0m[38;5;159m, morph: [38;5;121m<gs.morphs.Box>[0m[38;5;159m, material: [38;5;121m<gs.materials.Rigid>[0m[38;5;159m.[0m
[38;5;159m[Genesis] [01:46:08] [INFO] Adding [38;5;121m<gs.engine.entities.RigidEntity>[0m[38;5;159m. idx: [38;5;121m24[0m[38;5;159m, uid: [38;5;121m[3m<038a034>[0m[38;5;159m, morph: [38;5;121m<gs.morphs.Box>[0m[38;5;159m, material: [38;5;121m<gs.materials.Rigid>[0m[38;5;159m.[0m
[38;5;159m[Genesis] [01:46:08] [INFO] Adding [38;5;121m<gs.engine.entities.RigidEntity>[0m[38;5;159m. idx: [38;5;121m25[0m[38;5;159m, uid: [38;5;121m[3m<83e6413>[0m[38;5;159m, morph: [38;5;121m<gs.morphs.Box>[0m[38;5;159m, material: [38;5;121m<gs.materials.Rigid>[0m[38;5;159m.[0m
[38;5;159m[Genesis] [01:46:08] [INFO] Adding [38;5;121m<gs.engine.entities.RigidEntity>[0m[38;5;159m. idx: [38;5;121m26[0m[38;5;159m, uid: [38;5;121m[3m<b627fb4>[0m[38;5;159m, morph: [38;5;121m<gs.morphs.Box>[0m[38;5;159m, material: [38;5;121m<gs.materials.Rigid>[0m[38;5;159m.[0m
Generated 20 particles out of 20
[38;5;159m[Genesis] [01:46:08] [INFO] Building scene [38;5;121m[3m<1808586>[0m[38;5;159m...[0m
[38;5;159m[Genesis] [01:46:16] [INFO] Compiling simulation kernels...[0m
[38;5;159m[Genesis] [01:46:58] [INFO] Building visualizer...[0m
libEGL warning: egl: failed to create dri2 screen
libEGL warning: egl: failed to create dri2 screen
WARNING pile-aware: 37/96 pushes cannot travel their requested length even from a clamped start, and were shortened - those transitions are NOT at the requested length. (Callers that redraw on a short push, e.g. binned_slate_collection.py, handle this themselves; check realized = ||stop-start||.)
clump0 S1_pile: sample 0.09s sim 93s | raw len [0.0,20.0]mm perp_err max 1.53 | moved>1mm mean 8.75
WARNING pile-aware: 48/96 pushes cannot travel their requested length even from a clamped start, and were shortened - those transitions are NOT at the requested length. (Callers that redraw on a short push, e.g. binned_slate_collection.py, handle this themselves; check realized = ||stop-start||.)
clump0 S2_pile_relaxed: sample 0.01s sim 84s | raw len [0.0,20.0]mm perp_err max 1.55 | moved>1mm mean 7.31
clump0 S3_placement_perp: sample 0.26s sim 79s | raw len [20.0,20.0]mm perp_err max 3.58e-07 | moved>1mm mean 0.89
clump0 S4_blind_perp: sample 0.01s sim 92s | raw len [20.0,20.0]mm perp_err max 3.58e-07 | moved>1mm mean 2.45
WARNING pile-aware: 30/96 pushes cannot travel their requested length even from a clamped start, and were shortened - those transitions are NOT at the requested length. (Callers that redraw on a short push, e.g. binned_slate_collection.py, handle this themselves; check realized = ||stop-start||.)
clump1 S1_pile: sample 0.01s sim 108s | raw len [0.0,20.0]mm perp_err max 1.57 | moved>1mm mean 5.03
WARNING pile-aware: 31/96 pushes cannot travel their requested length even from a clamped start, and were shortened - those transitions are NOT at the requested length. (Callers that redraw on a short push, e.g. binned_slate_collection.py, handle this themselves; check realized = ||stop-start||.)
clump1 S2_pile_relaxed: sample 0.02s sim 180s | raw len [0.0,20.0]mm perp_err max 1.56 | moved>1mm mean 4.74
clump1 S3_placement_perp: sample 0.09s sim 64s | raw len [20.0,20.0]mm perp_err max 3.58e-07 | moved>1mm mean 1.29
clump1 S4_blind_perp: sample 0.01s sim 85s | raw len [20.0,20.0]mm perp_err max 3.58e-07 | moved>1mm mean 2.03
WARNING pile-aware: 18/96 pushes cannot travel their requested length even from a clamped start, and were shortened - those transitions are NOT at the requested length. (Callers that redraw on a short push, e.g. binned_slate_collection.py, handle this themselves; check realized = ||stop-start||.)
clump2 S1_pile: sample 0.02s sim 217s | raw len [0.0,20.0]mm perp_err max 1.53 | moved>1mm mean 11.72
WARNING pile-aware: 25/96 pushes cannot travel their requested length even from a clamped start, and were shortened - those transitions are NOT at the requested length. (Callers that redraw on a short push, e.g. binned_slate_collection.py, handle this themselves; check realized = ||stop-start||.)
clump2 S2_pile_relaxed: sample 0.02s sim 101s | raw len [0.0,20.0]mm perp_err max 1.57 | moved>1mm mean 11.00
clump2 S3_placement_perp: sample 0.11s sim 116s | raw len [20.0,20.0]mm perp_err max 3.58e-07 | moved>1mm mean 3.45
clump2 S4_blind_perp: sample 0.01s sim 72s | raw len [20.0,20.0]mm perp_err max 3.58e-07 | moved>1mm mean 6.12
WARNING pile-aware: 35/96 pushes cannot travel their requested length even from a clamped start, and were shortened - those transitions are NOT at the requested length. (Callers that redraw on a short push, e.g. binned_slate_collection.py, handle this themselves; check realized = ||stop-start||.)
clump3 S1_pile: sample 0.01s sim 89s | raw len [0.0,20.0]mm perp_err max 1.56 | moved>1mm mean 5.44
WARNING pile-aware: 35/96 pushes cannot travel their requested length even from a clamped start, and were shortened - those transitions are NOT at the requested length. (Callers that redraw on a short push, e.g. binned_slate_collection.py, handle this themselves; check realized = ||stop-start||.)
clump3 S2_pile_relaxed: sample 0.03s sim 87s | raw len [0.0,20.0]mm perp_err max 1.49 | moved>1mm mean 5.38
clump3 S3_placement_perp: sample 0.09s sim 81s | raw len [20.0,20.0]mm perp_err max 3.58e-07 | moved>1mm mean 2.12
clump3 S4_blind_perp: sample 0.01s sim 94s | raw len [20.0,20.0]mm perp_err max 3.58e-07 | moved>1mm mean 3.01
WARNING pile-aware: 25/96 pushes cannot travel their requested length even from a clamped start, and were shortened - those transitions are NOT at the requested length. (Callers that redraw on a short push, e.g. binned_slate_collection.py, handle this themselves; check realized = ||stop-start||.)
clump4 S1_pile: sample 0.02s sim 78s | raw len [0.0,20.0]mm perp_err max 1.49 | moved>1mm mean 6.73
WARNING pile-aware: 29/96 pushes cannot travel their requested length even from a clamped start, and were shortened - those transitions are NOT at the requested length. (Callers that redraw on a short push, e.g. binned_slate_collection.py, handle this themselves; check realized = ||stop-start||.)
clump4 S2_pile_relaxed: sample 0.01s sim 141s | raw len [0.0,20.0]mm perp_err max 1.56 | moved>1mm mean 6.94
clump4 S3_placement_perp: sample 0.09s sim 90s | raw len [20.0,20.0]mm perp_err max 3.58e-07 | moved>1mm mean 3.25
clump4 S4_blind_perp: sample 0.01s sim 76s | raw len [20.0,20.0]mm perp_err max 3.58e-07 | moved>1mm mean 3.39
WARNING pile-aware: 51/96 pushes cannot travel their requested length even from a clamped start, and were shortened - those transitions are NOT at the requested length. (Callers that redraw on a short push, e.g. binned_slate_collection.py, handle this themselves; check realized = ||stop-start||.)
clump5 S1_pile: sample 0.02s sim 191s | raw len [0.0,20.0]mm perp_err max 1.56 | moved>1mm mean 8.08
WARNING pile-aware: 43/96 pushes cannot travel their requested length even from a clamped start, and were shortened - those transitions are NOT at the requested length. (Callers that redraw on a short push, e.g. binned_slate_collection.py, handle this themselves; check realized = ||stop-start||.)
