[device] cuda
[data] loading train split...
[data] 768 train samples
[data] loading val split...
[data] 128 val samples
/home/alon/Code/pile_manipulation/experiments/EXP-0025-flow-warp-nfd-pilot/code/train_supervised_flow.py:168: UserWarning: Converting a tensor with requires_grad=True to a scalar may lead to unexpected behavior.
Consider using tensor.detach() first. (Triggered internally at /pytorch/torch/csrc/autograd/generated/python_variable_methods.cpp:836.)
  total_photo += float(photo_loss) * bs
[epoch 1/40] train photo=0.03979 flow=0.56589 bg=0.00000 | val photo=0.03407 flow=0.08235 bg=0.00000 (1.4s)
[epoch 2/40] train photo=0.03999 flow=0.42412 bg=0.00000 | val photo=0.03873 flow=0.17243 bg=0.00000 (1.8s)
[epoch 3/40] train photo=0.04000 flow=0.30991 bg=0.00000 | val photo=0.04042 flow=0.23882 bg=0.00000 (2.4s)
[epoch 4/40] train photo=0.03972 flow=0.21790 bg=0.00000 | val photo=0.03946 flow=0.18373 bg=0.00000 (3.1s)
[epoch 5/40] train photo=0.03910 flow=0.15004 bg=0.00000 | val photo=0.03818 flow=0.12311 bg=0.00000 (4.0s)
[epoch 6/40] train photo=0.03861 flow=0.10269 bg=0.00000 | val photo=0.03748 flow=0.08809 bg=0.00000 (5.3s)
[epoch 7/40] train photo=0.03789 flow=0.08035 bg=0.00000 | val photo=0.03709 flow=0.07101 bg=0.00000 (6.4s)
[epoch 8/40] train photo=0.03714 flow=0.07039 bg=0.00000 | val photo=0.03593 flow=0.06330 bg=0.00000 (7.2s)
[epoch 9/40] train photo=0.03609 flow=0.06555 bg=0.00000 | val photo=0.03464 flow=0.05961 bg=0.00000 (8.0s)
[epoch 10/40] train photo=0.03463 flow=0.06235 bg=0.00000 | val photo=0.03303 flow=0.05683 bg=0.00000 (9.6s)
[epoch 11/40] train photo=0.03339 flow=0.05975 bg=0.00000 | val photo=0.03207 flow=0.05444 bg=0.00000 (10.7s)
[epoch 12/40] train photo=0.03232 flow=0.05737 bg=0.00000 | val photo=0.03121 flow=0.05234 bg=0.00000 (12.3s)
[epoch 13/40] train photo=0.03152 flow=0.05520 bg=0.00000 | val photo=0.03036 flow=0.05026 bg=0.00000 (13.1s)
[epoch 14/40] train photo=0.03078 flow=0.05301 bg=0.00000 | val photo=0.02954 flow=0.04819 bg=0.00000 (13.9s)
[epoch 15/40] train photo=0.02993 flow=0.05067 bg=0.00000 | val photo=0.02898 flow=0.04600 bg=0.00000 (15.1s)
[epoch 16/40] train photo=0.02915 flow=0.04805 bg=0.00000 | val photo=0.02844 flow=0.04346 bg=0.00000 (15.9s)
[epoch 17/40] train photo=0.02829 flow=0.04478 bg=0.00000 | val photo=0.02745 flow=0.04032 bg=0.00000 (16.5s)
[epoch 18/40] train photo=0.02753 flow=0.04144 bg=0.00000 | val photo=0.02644 flow=0.03712 bg=0.00000 (17.0s)
[epoch 19/40] train photo=0.02670 flow=0.03816 bg=0.00000 | val photo=0.02545 flow=0.03410 bg=0.00000 (17.6s)
[epoch 20/40] train photo=0.02580 flow=0.03477 bg=0.00000 | val photo=0.02465 flow=0.03106 bg=0.00000 (18.4s)
[epoch 21/40] train photo=0.02492 flow=0.03131 bg=0.00000 | val photo=0.02383 flow=0.02792 bg=0.00000 (20.0s)
[epoch 22/40] train photo=0.02386 flow=0.02803 bg=0.00000 | val photo=0.02282 flow=0.02485 bg=0.00000 (20.8s)
[epoch 23/40] train photo=0.02262 flow=0.02496 bg=0.00000 | val photo=0.02154 flow=0.02220 bg=0.00000 (22.2s)
[epoch 24/40] train photo=0.02121 flow=0.02239 bg=0.00000 | val photo=0.02013 flow=0.01998 bg=0.00000 (23.4s)
[epoch 25/40] train photo=0.01974 flow=0.02050 bg=0.00000 | val photo=0.01881 flow=0.01856 bg=0.00000 (24.1s)
[epoch 26/40] train photo=0.01857 flow=0.01902 bg=0.00000 | val photo=0.01794 flow=0.01734 bg=0.00000 (24.8s)
[epoch 27/40] train photo=0.01764 flow=0.01786 bg=0.00000 | val photo=0.01717 flow=0.01632 bg=0.00000 (25.5s)
[epoch 28/40] train photo=0.01693 flow=0.01678 bg=0.00000 | val photo=0.01654 flow=0.01553 bg=0.00000 (26.4s)
[epoch 29/40] train photo=0.01634 flow=0.01598 bg=0.00000 | val photo=0.01601 flow=0.01487 bg=0.00000 (27.6s)
[epoch 30/40] train photo=0.01589 flow=0.01533 bg=0.00000 | val photo=0.01556 flow=0.01430 bg=0.00000 (28.8s)
[epoch 31/40] train photo=0.01549 flow=0.01476 bg=0.00000 | val photo=0.01521 flow=0.01365 bg=0.00000 (29.8s)
[epoch 32/40] train photo=0.01511 flow=0.01421 bg=0.00000 | val photo=0.01480 flow=0.01322 bg=0.00000 (31.0s)
[epoch 33/40] train photo=0.01480 flow=0.01380 bg=0.00000 | val photo=0.01460 flow=0.01280 bg=0.00000 (31.9s)
[epoch 34/40] train photo=0.01451 flow=0.01342 bg=0.00000 | val photo=0.01421 flow=0.01259 bg=0.00000 (32.8s)
[epoch 35/40] train photo=0.01428 flow=0.01314 bg=0.00000 | val photo=0.01417 flow=0.01212 bg=0.00000 (33.7s)
[epoch 36/40] train photo=0.01409 flow=0.01288 bg=0.00000 | val photo=0.01375 flow=0.01216 bg=0.00000 (34.3s)
[epoch 37/40] train photo=0.01379 flow=0.01252 bg=0.00000 | val photo=0.01355 flow=0.01203 bg=0.00000 (35.0s)
[epoch 38/40] train photo=0.01366 flow=0.01232 bg=0.00000 | val photo=0.01363 flow=0.01155 bg=0.00000 (36.1s)
[epoch 39/40] train photo=0.01345 flow=0.01210 bg=0.00000 | val photo=0.01331 flow=0.01151 bg=0.00000 (36.8s)
[epoch 40/40] train photo=0.01332 flow=0.01185 bg=0.00000 | val photo=0.01322 flow=0.01117 bg=0.00000 (37.4s)
[done] best_val=0.02439 saved to experiments/EXP-0025-flow-warp-nfd-pilot/runs/RUN-0008-supervised-flow
