scan overnight_randlen
  {"total_rows": 109056, "n20_rows": 76800, "n20_single_layer_rows": 66698, "n20_multilayer_rows": 10102, "n20_sl_start_and_end": 66695, "n20_sl_clump_rows": 1610, "n20_sl_scatter_rows": 65088, "clump_frac_sl_quantiles": [0.0, 0.1, 0.3], "clump_frac_ml_quantiles": [0.1, 0.2, 0.45], "length_mm_min_mean_max": [0.01, 40.39, 80.0], "perp_frac_0p1deg": 1.0, "perp_frac_2deg": 1.0, "rows_exact20": 216, "rows_18_22": 4293, "sl_exact20": 191, "sl_18_22": 3738, "sl_exact20_perp0p1": 191, "sl_exact20_perp2": 191, "sl_18_22_perp2": 3738, "sl_clump_exact20_perp2": 4, "sl_clump_18_22_perp2": 80, "chain_links": 57600, "chain_links_narrow_exact20": 1, "chain_links_narrow_18_22": 147, "path": "/home/alon/Code/pile_manipulation/Genesis/data/overnight_randlen/**/*_data.pt", "files": 213, "link_frac_per_file_mean": 1.0, "particle_counts_rows": {"20": 76800, "50": 32256}, "scan_s": 2.0}
scan Sean_n20
  {"total_rows": 76800, "n20_rows": 76800, "n20_single_layer_rows": 55278, "n20_multilayer_rows": 21522, "n20_sl_start_and_end": 55260, "n20_sl_clump_rows": 9945, "n20_sl_scatter_rows": 45333, "clump_frac_sl_quantiles": [0.0, 0.1, 0.65], "clump_frac_ml_quantiles": [0.2, 0.6, 0.9], "length_mm_min_mean_max": [0.05, 43.57, 70.01], "perp_frac_0p1deg": 1.0, "perp_frac_2deg": 1.0, "rows_exact20": 147, "rows_18_22": 3268, "sl_exact20": 103, "sl_18_22": 2424, "sl_exact20_perp0p1": 103, "sl_exact20_perp2": 103, "sl_18_22_perp2": 2424, "sl_clump_exact20_perp2": 16, "sl_clump_18_22_perp2": 215, "chain_links": 57600, "chain_links_narrow_exact20": 1, "chain_links_narrow_18_22": 325, "path": "/home/alon/Code/pile_manipulation/Genesis/data/Sean/*/*/cube/n20/**/*_data.pt", "files": 150, "link_frac_per_file_mean": 1.0, "particle_counts_rows": {"20": 76800}, "scan_s": 1.8}
scan cube_spectrum_n20
  {"total_rows": 5120, "n20_rows": 5120, "n20_single_layer_rows": 4, "n20_multilayer_rows": 5116, "n20_sl_start_and_end": 4, "n20_sl_clump_rows": 0, "n20_sl_scatter_rows": 4, "clump_frac_sl_quantiles": [0.13, 0.225, 0.32], "clump_frac_ml_quantiles": [0.85, 0.95, 1.0], "length_mm_min_mean_max": [0.0, 19.36, 20.01], "perp_frac_0p1deg": 0.9814, "perp_frac_2deg": 0.9824, "rows_exact20": 4840, "rows_18_22": 4863, "sl_exact20": 4, "sl_18_22": 4, "sl_exact20_perp0p1": 4, "sl_exact20_perp2": 4, "sl_18_22_perp2": 4, "sl_clump_exact20_perp2": 0, "sl_clump_18_22_perp2": 0, "chain_links": 4096, "chain_links_narrow_exact20": 1, "chain_links_narrow_18_22": 1, "path": "/home/alon/Code/pile_manipulation/Genesis/data/cube_spectrum/n20/*_data.pt", "files": 16, "link_frac_per_file_mean": 1.0, "particle_counts_rows": {"20": 5120}, "scan_s": 0.2}
scan granularity_n20
  {"total_rows": 5120, "n20_rows": 5120, "n20_single_layer_rows": 5120, "n20_multilayer_rows": 0, "n20_sl_start_and_end": 5120, "n20_sl_clump_rows": 1, "n20_sl_scatter_rows": 5119, "clump_frac_sl_quantiles": [0.0, 0.0, 0.15], "clump_frac_ml_quantiles": null, "length_mm_min_mean_max": [0.0, 36.25, 40.01], "perp_frac_0p1deg": 0.9367, "perp_frac_2deg": 0.94, "rows_exact20": 2, "rows_18_22": 36, "sl_exact20": 2, "sl_18_22": 36, "sl_exact20_perp0p1": 2, "sl_exact20_perp2": 2, "sl_18_22_perp2": 36, "sl_clump_exact20_perp2": 0, "sl_clump_18_22_perp2": 0, "chain_links": 4096, "chain_links_narrow_exact20": 0, "chain_links_narrow_18_22": 0, "path": "/home/alon/Code/pile_manipulation/Genesis/data/granularity/*20/**/*_data.pt", "files": 16, "link_frac_per_file_mean": 1.0, "particle_counts_rows": {"20": 5120}, "scan_s": 0.1}
scan corl_cube_n20_size0.005
  {"total_rows": 1991, "n20_rows": 1991, "n20_single_layer_rows": 1991, "n20_multilayer_rows": 0, "n20_sl_start_and_end": 1991, "n20_sl_clump_rows": 0, "n20_sl_scatter_rows": 1991, "clump_frac_sl_quantiles": [0.0, 0.0, 0.0], "clump_frac_ml_quantiles": null, "length_mm_min_mean_max": [0.27, 30.28, 77.75], "perp_frac_0p1deg": 0.0, "perp_frac_2deg": 0.0357, "rows_exact20": 12, "rows_18_22": 180, "sl_exact20": 12, "sl_18_22": 180, "sl_exact20_perp0p1": 0, "sl_exact20_perp2": 0, "sl_18_22_perp2": 6, "sl_clump_exact20_perp2": 0, "sl_clump_18_22_perp2": 0, "chain_links": 955, "chain_links_narrow_exact20": 0, "chain_links_narrow_18_22": 0, "path": "/home/alon/Code/pile_manipulation/Genesis/data/corl/cube/n20/size0.005/*_data.pt", "files": 100, "link_frac_per_file_mean": 0.96, "particle_counts_rows": {"20": 1991}, "scan_s": 0.4}
scan corl_limited_size0.005
  {"total_rows": 1951, "n20_rows": 0, "path": "/home/alon/Code/pile_manipulation/Genesis/data/corl_limited/cubes/size0.005/*_data.pt", "files": 100, "link_frac_per_file_mean": null, "particle_counts_rows": {"50": 1951}, "scan_s": 0.4}
scan dinowm_test_n20
  {"total_rows": 400, "n20_rows": 400, "n20_single_layer_rows": 400, "n20_multilayer_rows": 0, "n20_sl_start_and_end": 400, "n20_sl_clump_rows": 0, "n20_sl_scatter_rows": 400, "clump_frac_sl_quantiles": [0.0, 0.0, 0.2], "clump_frac_ml_quantiles": null, "length_mm_min_mean_max": [0.06, 40.22, 87.48], "perp_frac_0p1deg": 0.0, "perp_frac_2deg": 0.0225, "rows_exact20": 0, "rows_18_22": 15, "sl_exact20": 0, "sl_18_22": 15, "sl_exact20_perp0p1": 0, "sl_exact20_perp2": 0, "sl_18_22_perp2": 2, "sl_clump_exact20_perp2": 0, "sl_clump_18_22_perp2": 0, "chain_links": 380, "chain_links_narrow_exact20": 0, "chain_links_narrow_18_22": 0, "path": "/home/alon/Code/pile_manipulation/Genesis/data/dinowm_test/cube/n20/**/*_data.pt", "files": 5, "link_frac_per_file_mean": 1.0, "particle_counts_rows": {"20": 400}, "scan_s": 0.1}
scan slates/n20_heap_5mm
Traceback (most recent call last):
  File "/home/alon/Code/pile_manipulation/experiments/EXP-0047-narrow-domain-inventory/code/inventory.py", line 268, in <module>
    main()
  File "/home/alon/Code/pile_manipulation/experiments/EXP-0047-narrow-domain-inventory/code/inventory.py", line 249, in main
    acc, phys, meta = scan_manifest_slates(arg)
  File "/home/alon/Code/pile_manipulation/experiments/EXP-0047-narrow-domain-inventory/code/inventory.py", line 168, in scan_manifest_slates
    by = {(b["slate_idx"], b["step_idx"]): b["batch_idx"] for b in m["batches"]}
  File "/home/alon/Code/pile_manipulation/experiments/EXP-0047-narrow-domain-inventory/code/inventory.py", line 168, in <dictcomp>
    by = {(b["slate_idx"], b["step_idx"]): b["batch_idx"] for b in m["batches"]}
KeyError: 'slate_idx'
skip overnight_randlen
skip Sean_n20
skip cube_spectrum_n20
skip granularity_n20
skip corl_cube_n20_size0.005
skip corl_limited_size0.005
skip dinowm_test_n20
scan slates/n20_heap_5mm
  {"total_rows": 1408, "n20_rows": 1408, "n20_single_layer_rows": 0, "n20_multilayer_rows": 1408, "n20_sl_start_and_end": 0, "n20_sl_clump_rows": 0, "n20_sl_scatter_rows": 0, "clump_frac_sl_quantiles": null, "clump_frac_ml_quantiles": [0.95, 1.0, 1.0], "length_mm_min_mean_max": [16.07, 20.01, 20.01], "perp_frac_0p1deg": 1.0, "perp_frac_2deg": 1.0, "rows_exact20": 1406, "rows_18_22": 1407, "sl_exact20": 0, "sl_18_22": 0, "sl_exact20_perp0p1": 0, "sl_exact20_perp2": 0, "sl_18_22_perp2": 0, "sl_clump_exact20_perp2": 0, "sl_clump_18_22_perp2": 0, "chain_links": 0, "chain_links_narrow_exact20": 0, "chain_links_narrow_18_22": 0, "path": "/home/alon/Code/pile_manipulation/Genesis/data/slates/n20_heap_5mm", "particle_counts_rows": {"20": 1408}, "scan_s": 0.2}
scan slates_multistep/n20_L10mm
  {"total_rows": 19200, "n20_rows": 19200, "n20_single_layer_rows": 0, "n20_multilayer_rows": 19200, "n20_sl_start_and_end": 0, "n20_sl_clump_rows": 0, "n20_sl_scatter_rows": 0, "clump_frac_sl_quantiles": null, "clump_frac_ml_quantiles": [0.9, 0.95, 1.0], "length_mm_min_mean_max": [10.01, 10.01, 10.01], "perp_frac_0p1deg": 1.0, "perp_frac_2deg": 1.0, "rows_exact20": 0, "rows_18_22": 0, "sl_exact20": 0, "sl_18_22": 0, "sl_exact20_perp0p1": 0, "sl_exact20_perp2": 0, "sl_18_22_perp2": 0, "sl_clump_exact20_perp2": 0, "sl_clump_18_22_perp2": 0, "chain_links": 12800, "chain_links_narrow_exact20": 0, "chain_links_narrow_18_22": 0, "path": "/home/alon/Code/pile_manipulation/Genesis/data/slates_multistep/n20_L10mm", "particle_counts_rows": {"20": 19200}, "scan_s": 0.7}
scan slates_multistep/n20_L20mm
  {"total_rows": 19200, "n20_rows": 19200, "n20_single_layer_rows": 0, "n20_multilayer_rows": 19200, "n20_sl_start_and_end": 0, "n20_sl_clump_rows": 0, "n20_sl_scatter_rows": 0, "clump_frac_sl_quantiles": null, "clump_frac_ml_quantiles": [0.9, 0.95, 1.0], "length_mm_min_mean_max": [20.01, 20.01, 20.01], "perp_frac_0p1deg": 1.0, "perp_frac_2deg": 1.0, "rows_exact20": 19200, "rows_18_22": 19200, "sl_exact20": 0, "sl_18_22": 0, "sl_exact20_perp0p1": 0, "sl_exact20_perp2": 0, "sl_18_22_perp2": 0, "sl_clump_exact20_perp2": 0, "sl_clump_18_22_perp2": 0, "chain_links": 12797, "chain_links_narrow_exact20": 0, "chain_links_narrow_18_22": 0, "path": "/home/alon/Code/pile_manipulation/Genesis/data/slates_multistep/n20_L20mm", "particle_counts_rows": {"20": 19200}, "scan_s": 0.7}
scan slates_multistep/n20_L40mm
  {"total_rows": 19200, "n20_rows": 19200, "n20_single_layer_rows": 2, "n20_multilayer_rows": 19198, "n20_sl_start_and_end": 2, "n20_sl_clump_rows": 0, "n20_sl_scatter_rows": 2, "clump_frac_sl_quantiles": [0.265, 0.325, 0.385], "clump_frac_ml_quantiles": [0.9, 0.95, 1.0], "length_mm_min_mean_max": [39.98, 40.01, 40.01], "perp_frac_0p1deg": 1.0, "perp_frac_2deg": 1.0, "rows_exact20": 0, "rows_18_22": 0, "sl_exact20": 0, "sl_18_22": 0, "sl_exact20_perp0p1": 0, "sl_exact20_perp2": 0, "sl_18_22_perp2": 0, "sl_clump_exact20_perp2": 0, "sl_clump_18_22_perp2": 0, "chain_links": 12791, "chain_links_narrow_exact20": 0, "chain_links_narrow_18_22": 0, "path": "/home/alon/Code/pile_manipulation/Genesis/data/slates_multistep/n20_L40mm", "particle_counts_rows": {"20": 19200}, "scan_s": 1.1}
scan slates_binned/n20_scatter_s160a128_L20-70mm_fric03_dens1000_PARTIAL
  {"total_rows": 7616, "n20_rows": 7616, "n20_single_layer_rows": 7616, "n20_multilayer_rows": 0, "n20_sl_start_and_end": 7616, "n20_sl_clump_rows": 0, "n20_sl_scatter_rows": 7616, "clump_frac_sl_quantiles": [0.0, 0.0, 0.0], "clump_frac_ml_quantiles": null, "length_mm_min_mean_max": [20.0, 29.55, 40.01], "perp_frac_0p1deg": 1.0, "perp_frac_2deg": 1.0, "rows_exact20": 36, "rows_18_22": 815, "sl_exact20": 36, "sl_18_22": 815, "sl_exact20_perp0p1": 36, "sl_exact20_perp2": 36, "sl_18_22_perp2": 815, "sl_clump_exact20_perp2": 0, "sl_clump_18_22_perp2": 0, "chain_links": 0, "chain_links_narrow_exact20": 0, "chain_links_narrow_18_22": 0, "path": "/home/alon/Code/pile_manipulation/Genesis/data/slates_binned/n20_scatter_s160a128_L20-70mm_fric03_dens1000_PARTIAL", "particle_counts_rows": {"20": 7616}, "scan_s": 0.1}
scan slates_binned/n20_scatter_s160a128_L20-70mm_randlenphys
  {"total_rows": 20480, "n20_rows": 20480, "n20_single_layer_rows": 20480, "n20_multilayer_rows": 0, "n20_sl_start_and_end": 20479, "n20_sl_clump_rows": 0, "n20_sl_scatter_rows": 20480, "clump_frac_sl_quantiles": [0.0, 0.0, 0.0], "clump_frac_ml_quantiles": null, "length_mm_min_mean_max": [20.0, 44.76, 70.01], "perp_frac_0p1deg": 1.0, "perp_frac_2deg": 1.0, "rows_exact20": 36, "rows_18_22": 815, "sl_exact20": 36, "sl_18_22": 815, "sl_exact20_perp0p1": 36, "sl_exact20_perp2": 36, "sl_18_22_perp2": 815, "sl_clump_exact20_perp2": 0, "sl_clump_18_22_perp2": 0, "chain_links": 0, "chain_links_narrow_exact20": 0, "chain_links_narrow_18_22": 0, "path": "/home/alon/Code/pile_manipulation/Genesis/data/slates_binned/n20_scatter_s160a128_L20-70mm_randlenphys", "particle_counts_rows": {"20": 20480}, "scan_s": 0.2}
scan slates_binned/n20_scatter_s20a1000_L20-70mm
  {"total_rows": 20000, "n20_rows": 20000, "n20_single_layer_rows": 20000, "n20_multilayer_rows": 0, "n20_sl_start_and_end": 20000, "n20_sl_clump_rows": 0, "n20_sl_scatter_rows": 20000, "clump_frac_sl_quantiles": [0.0, 0.0, 0.0], "clump_frac_ml_quantiles": null, "length_mm_min_mean_max": [18.16, 45.0, 70.01], "perp_frac_0p1deg": 1.0, "perp_frac_2deg": 1.0, "rows_exact20": 40, "rows_18_22": 855, "sl_exact20": 40, "sl_18_22": 855, "sl_exact20_perp0p1": 40, "sl_exact20_perp2": 40, "sl_18_22_perp2": 855, "sl_clump_exact20_perp2": 0, "sl_clump_18_22_perp2": 0, "chain_links": 0, "chain_links_narrow_exact20": 0, "chain_links_narrow_18_22": 0, "path": "/home/alon/Code/pile_manipulation/Genesis/data/slates_binned/n20_scatter_s20a1000_L20-70mm", "particle_counts_rows": {"20": 20000}, "scan_s": 0.1}
scan DS-0007
  {"total_rows": 19719, "n20_rows": 19719, "n20_single_layer_rows": 12950, "n20_multilayer_rows": 6769, "n20_sl_start_and_end": 12949, "n20_sl_clump_rows": 16, "n20_sl_scatter_rows": 12934, "clump_frac_sl_quantiles": [0.0, 0.0, 0.1], "clump_frac_ml_quantiles": [0.1, 0.2, 0.4], "length_mm_min_mean_max": [0.13, 43.23, 69.99], "perp_frac_0p1deg": 1.0, "perp_frac_2deg": 1.0, "rows_exact20": 32, "rows_18_22": 852, "sl_exact20": 21, "sl_18_22": 594, "sl_exact20_perp0p1": 21, "sl_exact20_perp2": 21, "sl_18_22_perp2": 594, "sl_clump_exact20_perp2": 0, "sl_clump_18_22_perp2": 1, "chain_links": 0, "chain_links_narrow_exact20": 0, "chain_links_narrow_18_22": 0, "path": "/home/alon/Code/pile_manipulation/datasets/DS-0007-sean-same-state-pools/data", "shards_n20": {"inbetween_n20.pt": 6391, "piled_n20.pt": 6418, "scattered_n20.pt": 6910}, "note": "derived subset of Sean (same rows); not additional data
