loading baseline predictor: Baselines/NFD/runs/nfd_3ch_randlen/unet_best.pth
loading warped predictor:   Baselines/NFD/runs/nfd_warped_randlen_flipaug/unet_best.pth
  baseline model params on device: cpu
  warped model params on device: cpu

=== corpus: randlen_test ===
  loaded 10751 transitions, grid 64x64, 123.0s
  baseline predict: 22.8s, devices seen: {'cpu'}
  warped   predict: 21.7s, devices seen: {'cpu'}
  wall-distance mm: min 6.5 p10 14.1 p50 31.3 p90 51.6 max 63.8
  push-length  mm: min 0.1 p10 16.7 p50 38.8 p90 64.2 max 80.0
  Pearson corr(wall_distance_mm, push_length_mm) = 0.104

  --- stratified by WALL DISTANCE (mm), 5 quantile bins ---

  bin   n         wall_dist_mm      base_acc  warp_acc   delta       boot_sem  95%CI
    0  2151   [    6.5,   21.5] mean=   13.7     0.4559    0.3931   -0.0629    0.0030  [-0.0687,-0.0569]
    1  2243   [   21.5,   27.0] mean=   25.1     0.4356    0.3878   -0.0478    0.0025  [-0.0526,-0.0430]
    2  2057   [   27.0,   36.4] mean=   31.5     0.4559    0.4218   -0.0340    0.0020  [-0.0379,-0.0303]
    3  2150   [   36.4,   45.9] mean=   41.1     0.4628    0.4170   -0.0458    0.0021  [-0.0499,-0.0416]
    4  2150   [   45.9,   63.8] mean=   52.3     0.4712    0.4219   -0.0493    0.0021  [-0.0534,-0.0455]

  --- stratified by PUSH LENGTH (mm), 5 quantile bins (confound check) ---

  bin   n          push_len_mm      base_acc  warp_acc   delta       boot_sem  95%CI
    0  2151   [    0.1,   23.5] mean=   14.8     0.4051    0.2599   -0.1453    0.0061  [-0.1574,-0.1337]
    1  2150   [   23.5,   33.3] mean=   28.3     0.4506    0.3918   -0.0587    0.0025  [-0.0636,-0.0540]
    2  2150   [   33.3,   44.3] mean=   38.8     0.4634    0.4247   -0.0387    0.0019  [-0.0425,-0.0351]
    3  2150   [   44.3,   56.9] mean=   50.4     0.4717    0.4452   -0.0266    0.0014  [-0.0294,-0.0238]
    4  2150   [   56.9,   80.0] mean=   65.0     0.4691    0.4565   -0.0127    0.0011  [-0.0148,-0.0105]

  --- WITHIN push-length band 2 (n=2150, range [33.3,44.3] mm), re-stratified by wall distance ---

  bin   n         wall_dist_mm      base_acc  warp_acc   delta       boot_sem  95%CI
    0   430   [    6.5,   23.0] mean=   15.1     0.4695    0.4262   -0.0433    0.0042  [-0.0520,-0.0353]
    1   430   [   23.0,   29.2] mean=   26.2     0.4476    0.4178   -0.0299    0.0039  [-0.0379,-0.0225]
    2   430   [   29.2,   39.8] mean=   34.2     0.4541    0.4195   -0.0347    0.0040  [-0.0426,-0.0270]
    3   430   [   39.9,   49.7] mean=   44.9     0.4755    0.4359   -0.0396    0.0040  [-0.0476,-0.0321]
    4   430   [   49.7,   63.7] mean=   55.0     0.4699    0.4238   -0.0461    0.0045  [-0.0554,-0.0378]

  overall: baseline_acc=0.4564 warped_acc=0.4086 delta=-0.0479 boot_sem=0.0011 95%CI=[-0.0500,-0.0458]

wrote raw output -> experiments/EXP-0022-warped-nfd-push-frame/artifacts/RUN-0020-flipaug-length-profile/length_profile.json
