loaded 11659/12032 rows after exclusion (96.9% kept) from 47 files
interaction set: mean 7.21 / median 5.0 / max 20 cubes per row
saved experiments/EXP-0059-retrieval-transition-model/artifacts/bank_train_v2_curated.pt (9.3 MB)
moved-cube-count histogram:
   1 moved:  2205  ( 18.9%)
   2 moved:  2172  ( 18.6%)
   3 moved:  1254  ( 10.8%)
   4 moved:   742  (  6.4%)
   5 moved:   496  (  4.3%)
   6 moved:   407  (  3.5%)
   7 moved:   307  (  2.6%)
   8 moved:   298  (  2.6%)
   9 moved:   309  (  2.7%)
  10 moved:   356  (  3.1%)
  11 moved:   326  (  2.8%)
  12 moved:   310  (  2.7%)
  13 moved:   281  (  2.4%)
  14 moved:   290  (  2.5%)
  15 moved:   306  (  2.6%)
  16 moved:   278  (  2.4%)
  17 moved:   228  (  2.0%)
  18 moved:   253  (  2.2%)
  19 moved:   246  (  2.1%)
  20 moved:   595  (  5.1%)
