timed nfd_3ch_randlen: 1:4.0ms 2:3.8ms 4:3.9ms 8:3.9ms 16:3.9ms 32:4.9ms 64:4.9ms 128:6.7ms
timed nfd_warped_randlen: 1:8.3ms 2:8.2ms 4:8.3ms 8:8.0ms 16:7.8ms 32:7.8ms 64:8.8ms 128:10.7ms
timed nfd_warped_randlen_flipaug: 1:8.0ms 2:7.7ms 4:7.4ms 8:7.9ms 16:8.7ms 32:8.6ms 64:9.2ms 128:11.1ms
timed nfd_warped_randlen_flipaug_epoch30: 1:7.8ms 2:7.5ms 4:7.5ms 8:7.5ms 16:7.5ms 32:7.9ms 64:8.2ms 128:10.4ms
timed nfd_residual_warped_flipaug_randlen: 1:6.3ms 2:6.1ms 4:6.8ms 8:6.5ms 16:6.3ms 32:7.7ms 64:8.7ms 128:9.7ms
timed nfd_residual_worldframe_noaug_ep43: 1:4.3ms 2:4.2ms 4:4.5ms 8:4.7ms 16:5.0ms 32:5.5ms 64:5.2ms 128:6.9ms
timed nfd_3ch_finetuned: 1:4.0ms 2:3.9ms 4:5.0ms 8:4.4ms 16:4.4ms 32:4.6ms 64:4.7ms 128:6.0ms
timed linear_switched_hard: 1:4.8ms 2:7.9ms 4:11.5ms 8:14.9ms 16:18.0ms 32:17.0ms 64:16.9ms 128:18.1ms

== lyapunov: budgets (ref nfd_3ch_randlen m) [8, 16, 32, 64, 128] = ['3.9ms', '3.9ms', '4.9ms', '4.9ms', '6.7ms']
  nfd_residual_worldframe_noaug_ep43       n=[1, 1, 13, 12, 117]  capture [-0.001, -0.001, 0.518, 0.506, 0.755]
  nfd_3ch_randlen                          n=[1, 1, 64, 31, 128]  capture [-0.001, -0.001, 0.692, 0.624, 0.745]
  nfd_3ch_finetuned                        n=[1, 1, 3, 3, 128]  capture [-0.001, -0.001, 0.21, 0.21, 0.512]
  nfd_residual_warped_flipaug_randlen      n=[1, 1, 1, 1, 3]  capture [-0.001, -0.001, -0.001, -0.001, 0.282]
  nfd_warped_randlen                       n=[1, 1, 1, 1, 1]  capture [-0.001, -0.001, -0.001, -0.001, -0.001]
  nfd_warped_randlen_flipaug               n=[1, 1, 1, 1, 1]  capture [-0.001, -0.001, -0.001, -0.001, -0.001]
  nfd_warped_randlen_flipaug_epoch30       n=[1, 1, 1, 1, 1]  capture [-0.001, -0.001, -0.001, -0.001, -0.001]
  linear_switched_hard                     n=[1, 1, 1, 1, 1]  capture [-0.001, -0.001, -0.001, -0.001, -0.001]
  ensemble_nfd                             n=[1, 1, 1, 1, 1]  capture [-0.001, -0.001, -0.001, -0.001, -0.001]
  ensemble_nfd5                            n=[1, 1, 1, 1, 1]  capture [-0.001, -0.001, -0.001, -0.001, -0.001]
  ensemble_nfd m=8: n_ens 1 vs nfd_residual_warped_flipaug_randlen n 1: +0.000 [0. 0.]; best here nfd_3ch_randlen +0.000 [0. 0.]
  ensemble_nfd m=16: n_ens 1 vs nfd_residual_warped_flipaug_randlen n 1: +0.000 [0. 0.]; best here nfd_3ch_randlen +0.000 [0. 0.]
  ensemble_nfd m=32: n_ens 1 vs nfd_residual_warped_flipaug_randlen n 1: +0.000 [0. 0.]; best here nfd_3ch_randlen -0.693 [-0.705 -0.68 ]
  ensemble_nfd m=64: n_ens 1 vs nfd_residual_warped_flipaug_randlen n 1: +0.000 [0. 0.]; best here nfd_3ch_randlen -0.625 [-0.636 -0.613]
  ensemble_nfd m=128: n_ens 1 vs nfd_residual_warped_flipaug_randlen n 3: -0.282 [-0.289 -0.276]; best here nfd_residual_worldframe_noaug_ep43 -0.756 [-0.771 -0.741]
  ensemble_nfd5 m=8: n_ens 1 vs nfd_residual_warped_flipaug_randlen n 1: +0.000 [0. 0.]; best here nfd_3ch_randlen +0.000 [0. 0.]
  ensemble_nfd5 m=16: n_ens 1 vs nfd_residual_warped_flipaug_randlen n 1: +0.000 [0. 0.]; best here nfd_3ch_randlen +0.000 [0. 0.]
  ensemble_nfd5 m=32: n_ens 1 vs nfd_residual_warped_flipaug_randlen n 1: +0.000 [0. 0.]; best here nfd_3ch_randlen -0.693 [-0.705 -0.68 ]
  ensemble_nfd5 m=64: n_ens 1 vs nfd_residual_warped_flipaug_randlen n 1: +0.000 [0. 0.]; best here nfd_3ch_randlen -0.625 [-0.635 -0.613]
  ensemble_nfd5 m=128: n_ens 1 vs nfd_residual_warped_flipaug_randlen n 3: -0.282 [-0.289 -0.276]; best here nfd_residual_worldframe_noaug_ep43 -0.756 [-0.771 -0.739]

== mass_in_region: budgets (ref nfd_3ch_randlen m) [8, 16, 32, 64, 128] = ['3.9ms', '3.9ms', '4.9ms', '4.9ms', '6.7ms']
  nfd_residual_worldframe_noaug_ep43       n=[1, 1, 13, 12, 117]  capture [0.001, 0.001, 0.463, 0.451, 0.76]
  nfd_3ch_randlen                          n=[1, 1, 64, 31, 128]  capture [0.001, 0.001, 0.647, 0.563, 0.716]
  nfd_3ch_finetuned                        n=[1, 1, 3, 3, 128]  capture [0.001, 0.001, 0.177, 0.177, 0.617]
  nfd_residual_warped_flipaug_randlen      n=[1, 1, 1, 1, 3]  capture [0.001, 0.001, 0.001, 0.001, 0.21]
  nfd_warped_randlen                       n=[1, 1, 1, 1, 1]  capture [0.001, 0.001, 0.001, 0.001, 0.001]
  nfd_warped_randlen_flipaug               n=[1, 1, 1, 1, 1]  capture [0.001, 0.001, 0.001, 0.001, 0.001]
  nfd_warped_randlen_flipaug_epoch30       n=[1, 1, 1, 1, 1]  capture [0.001, 0.001, 0.001, 0.001, 0.001]
  linear_switched_hard                     n=[1, 1, 1, 1, 1]  capture [0.001, 0.001, 0.001, 0.001, 0.001]
  ensemble_nfd                             n=[1, 1, 1, 1, 1]  capture [0.001, 0.001, 0.001, 0.001, 0.001]
  ensemble_nfd5                            n=[1, 1, 1, 1, 1]  capture [0.001, 0.001, 0.001, 0.001, 0.001]
  ensemble_nfd m=8: n_ens 1 vs nfd_residual_worldframe_noaug_ep43 n 1: +0.000 [0. 0.]; best here nfd_3ch_randlen +0.000 [0. 0.]
  ensemble_nfd m=16: n_ens 1 vs nfd_residual_worldframe_noaug_ep43 n 1: +0.000 [0. 0.]; best here nfd_3ch_randlen +0.000 [0. 0.]
  ensemble_nfd m=32: n_ens 1 vs nfd_residual_worldframe_noaug_ep43 n 13: -0.463 [-0.467 -0.458]; best here nfd_3ch_randlen -0.646 [-0.655 -0.637]
  ensemble_nfd m=64: n_ens 1 vs nfd_residual_worldframe_noaug_ep43 n 12: -0.450 [-0.454 -0.445]; best here nfd_3ch_randlen -0.563 [-0.569 -0.556]
  ensemble_nfd m=128: n_ens 1 vs nfd_residual_worldframe_noaug_ep43 n 117: -0.760 [-0.77 -0.75]; best here nfd_residual_worldframe_noaug_ep43 -0.760 [-0.77 -0.75]
  ensemble_nfd5 m=8: n_ens 1 vs nfd_residual_worldframe_noaug_ep43 n 1: +0.000 [0. 0.]; best here nfd_3ch_randlen +0.000 [0. 0.]
  ensemble_nfd5 m=16: n_ens 1 vs nfd_residual_worldframe_noaug_ep43 n 1: +0.000 [0. 0.]; best here nfd_3ch_randlen +0.000 [0. 0.]
  ensemble_nfd5 m=32: n_ens 1 vs nfd_residual_worldframe_noaug_ep43 n 13: -0.463 [-0.467 -0.458]; best here nfd_3ch_randlen -0.646 [-0.654 -0.638]
  ensemble_nfd5 m=64: n_ens 1 vs nfd_residual_worldframe_noaug_ep43 n 12: -0.450 [-0.455 -0.445]; best here nfd_3ch_randlen -0.563 [-0.569 -0.556]
  ensemble_nfd5 m=128: n_ens 1 vs nfd_residual_worldframe_noaug_ep43 n 117: -0.760 [-0.77 -0.75]; best here nfd_residual_worldframe_noaug_ep43 -0.760 [-0.77 -0.75]
wrote /home/alon/Code/pile_manipulation/experiments/EXP-0030-state-superiority-ds0005/results/budget_matched.json
