50/1230 files, 0s: inbetween_n100 133 pools
100/1230 files, 0s: inbetween_n100 250 pools
150/1230 files, 0s: inbetween_n100 361 pools
200/1230 files, 1s: inbetween_n100 481 pools
250/1230 files, 1s: inbetween_n100 606 pools
300/1230 files, 1s: inbetween_n100 656 pools, inbetween_n20 479 pools
350/1230 files, 1s: inbetween_n100 656 pools, inbetween_n20 799 pools, inbetween_n50 176 pools
400/1230 files, 1s: inbetween_n100 656 pools, inbetween_n20 799 pools, inbetween_n50 471 pools
450/1230 files, 2s: inbetween_n100 656 pools, inbetween_n20 799 pools, inbetween_n50 758 pools
500/1230 files, 2s: inbetween_n100 656 pools, inbetween_n20 799 pools, inbetween_n50 788 pools, piled_n100 0 pools
550/1230 files, 2s: inbetween_n100 656 pools, inbetween_n20 799 pools, inbetween_n50 788 pools, piled_n100 0 pools, piled_n20 720 pools
600/1230 files, 2s: inbetween_n100 656 pools, inbetween_n20 799 pools, inbetween_n50 788 pools, piled_n100 0 pools, piled_n20 800 pools, piled_n50 78 pools
650/1230 files, 2s: inbetween_n100 656 pools, inbetween_n20 799 pools, inbetween_n50 788 pools, piled_n100 0 pools, piled_n20 800 pools, piled_n50 171 pools
700/1230 files, 3s: inbetween_n100 656 pools, inbetween_n20 799 pools, inbetween_n50 788 pools, piled_n100 0 pools, piled_n20 800 pools, piled_n50 259 pools
750/1230 files, 3s: inbetween_n100 656 pools, inbetween_n20 799 pools, inbetween_n50 788 pools, piled_n100 0 pools, piled_n20 800 pools, piled_n50 351 pools
800/1230 files, 3s: inbetween_n100 656 pools, inbetween_n20 799 pools, inbetween_n50 788 pools, piled_n100 0 pools, piled_n20 800 pools, piled_n50 442 pools
850/1230 files, 3s: inbetween_n100 656 pools, inbetween_n20 799 pools, inbetween_n50 788 pools, piled_n100 0 pools, piled_n20 800 pools, piled_n50 535 pools
900/1230 files, 3s: inbetween_n100 656 pools, inbetween_n20 799 pools, inbetween_n50 788 pools, piled_n100 0 pools, piled_n20 800 pools, piled_n50 627 pools
950/1230 files, 4s: inbetween_n100 656 pools, inbetween_n20 799 pools, inbetween_n50 788 pools, piled_n100 0 pools, piled_n20 800 pools, piled_n50 710 pools
1000/1230 files, 4s: inbetween_n100 656 pools, inbetween_n20 799 pools, inbetween_n50 788 pools, piled_n100 0 pools, piled_n20 800 pools, piled_n50 761 pools, scattered_n100 88 pools
1050/1230 files, 4s: inbetween_n100 656 pools, inbetween_n20 799 pools, inbetween_n50 788 pools, piled_n100 0 pools, piled_n20 800 pools, piled_n50 761 pools, scattered_n100 360 pools
1100/1230 files, 5s: inbetween_n100 656 pools, inbetween_n20 799 pools, inbetween_n50 788 pools, piled_n100 0 pools, piled_n20 800 pools, piled_n50 761 pools, scattered_n100 665 pools
1150/1230 files, 5s: inbetween_n100 656 pools, inbetween_n20 799 pools, inbetween_n50 788 pools, piled_n100 0 pools, piled_n20 800 pools, piled_n50 761 pools, scattered_n100 797 pools, scattered_n20 320 pools
1200/1230 files, 5s: inbetween_n100 656 pools, inbetween_n20 799 pools, inbetween_n50 788 pools, piled_n100 0 pools, piled_n20 800 pools, piled_n50 761 pools, scattered_n100 797 pools, scattered_n20 801 pools, scattered_n50 320 pools
1230/1230 files, 6s: inbetween_n100 656 pools, inbetween_n20 799 pools, inbetween_n50 788 pools, piled_n100 0 pools, piled_n20 800 pools, piled_n50 761 pools, scattered_n100 797 pools, scattered_n20 801 pools, scattered_n50 800 pools
