[38;5;159m[Genesis] [11:04:23] [INFO] [38;5;121m╭───────────────────────────────────────────────╮[0m[38;5;159m[0m
[38;5;159m[Genesis] [11:04:23] [INFO] [38;5;121m│┈┉┈┉┈┉┈┉┈┉┈┉┈┉┈┉┈┉┈[0m[38;5;159m [38;5;121m[1m[3mGenesis[0m[38;5;159m [38;5;121m┈┉┈┉┈┉┈┉┈┉┈┉┈┉┈┉┈┉┈│[0m[38;5;159m[0m
[38;5;159m[Genesis] [11:04:23] [INFO] [38;5;121m╰───────────────────────────────────────────────╯[0m[38;5;159m[0m
[38;5;159m[Genesis] [11:04:23] [INFO] Running on [38;5;121m[4m[NVIDIA GeForce RTX 4070 Laptop GPU][0m[38;5;159m with backend [38;5;121m[4mgs.cuda[0m[38;5;159m. Device memory: [38;5;121m[4m7.62[0m[38;5;159m GB.[0m
[38;5;159m[Genesis] [11:04:23] [INFO] 🚀 Genesis initialized. 🔖 version: [38;5;121m[4m1.3.3[0m[38;5;159m, 🎨 theme: [38;5;121m[4mdark[0m[38;5;159m, 🌱 seed: [38;5;121m[4mNone[0m[38;5;159m, 🐛 debug: [38;5;121m[4mFalse[0m[38;5;159m, 📏 precision: [38;5;121m[4m32[0m[38;5;159m, 🔥 performance: [38;5;121m[4mTrue[0m[38;5;159m, 💬 verbose: [38;5;121m[4mINFO[0m[38;5;159m[0m
[38;5;159m[Genesis] [11:04:26] [INFO] Scene [38;5;121m[3m<53eb9a3>[0m[38;5;159m created.[0m
[38;5;159m[Genesis] [11:04:26] [INFO] Adding [38;5;121m<gs.engine.entities.RigidEntity>[0m[38;5;159m. idx: [38;5;121m0[0m[38;5;159m, uid: [38;5;121m[3m<b98cd95>[0m[38;5;159m, morph: [38;5;121m<gs.morphs.Plane>[0m[38;5;159m, material: [38;5;121m<gs.materials.Rigid>[0m[38;5;159m.[0m
[38;5;159m[Genesis] [11:04:26] [INFO] Adding [38;5;121m<gs.engine.entities.RigidEntity>[0m[38;5;159m. idx: [38;5;121m1[0m[38;5;159m, uid: [38;5;121m[3m<f685d49>[0m[38;5;159m, morph: [38;5;121m<gs.morphs.Box>[0m[38;5;159m, material: [38;5;121m<gs.materials.Rigid>[0m[38;5;159m.[0m
[38;5;159m[Genesis] [11:04:26] [INFO] Adding [38;5;121m<gs.engine.entities.RigidEntity>[0m[38;5;159m. idx: [38;5;121m2[0m[38;5;159m, uid: [38;5;121m[3m<4ee7c65>[0m[38;5;159m, morph: [38;5;121m<gs.morphs.Box>[0m[38;5;159m, material: [38;5;121m<gs.materials.Rigid>[0m[38;5;159m.[0m
[38;5;159m[Genesis] [11:04:26] [INFO] Adding [38;5;121m<gs.engine.entities.RigidEntity>[0m[38;5;159m. idx: [38;5;121m3[0m[38;5;159m, uid: [38;5;121m[3m<1904d7c>[0m[38;5;159m, morph: [38;5;121m<gs.morphs.Box>[0m[38;5;159m, material: [38;5;121m<gs.materials.Rigid>[0m[38;5;159m.[0m
[38;5;159m[Genesis] [11:04:26] [INFO] Adding [38;5;121m<gs.engine.entities.RigidEntity>[0m[38;5;159m. idx: [38;5;121m4[0m[38;5;159m, uid: [38;5;121m[3m<a0ab691>[0m[38;5;159m, morph: [38;5;121m<gs.morphs.Box>[0m[38;5;159m, material: [38;5;121m<gs.materials.Rigid>[0m[38;5;159m.[0m
[38;5;159m[Genesis] [11:04:26] [INFO] Adding [38;5;121m<gs.engine.entities.RigidEntity>[0m[38;5;159m. idx: [38;5;121m5[0m[38;5;159m, uid: [38;5;121m[3m<bec1be0>[0m[38;5;159m, morph: [38;5;121m<gs.morphs.Box>[0m[38;5;159m, material: [38;5;121m<gs.materials.Rigid>[0m[38;5;159m.[0m
[38;5;159m[Genesis] [11:04:26] [INFO] Adding [38;5;121m<gs.engine.entities.RigidEntity>[0m[38;5;159m. idx: [38;5;121m6[0m[38;5;159m, uid: [38;5;121m[3m<9cac16a>[0m[38;5;159m, morph: [38;5;121m<gs.morphs.Box>[0m[38;5;159m, material: [38;5;121m<gs.materials.Rigid>[0m[38;5;159m.[0m
[38;5;159m[Genesis] [11:04:26] [INFO] Adding [38;5;121m<gs.engine.entities.RigidEntity>[0m[38;5;159m. idx: [38;5;121m7[0m[38;5;159m, uid: [38;5;121m[3m<68e5998>[0m[38;5;159m, morph: [38;5;121m<gs.morphs.Box>[0m[38;5;159m, material: [38;5;121m<gs.materials.Rigid>[0m[38;5;159m.[0m
[38;5;159m[Genesis] [11:04:26] [INFO] Adding [38;5;121m<gs.engine.entities.RigidEntity>[0m[38;5;159m. idx: [38;5;121m8[0m[38;5;159m, uid: [38;5;121m[3m<56b1bf7>[0m[38;5;159m, morph: [38;5;121m<gs.morphs.Box>[0m[38;5;159m, material: [38;5;121m<gs.materials.Rigid>[0m[38;5;159m.[0m
[38;5;159m[Genesis] [11:04:26] [INFO] Adding [38;5;121m<gs.engine.entities.RigidEntity>[0m[38;5;159m. idx: [38;5;121m9[0m[38;5;159m, uid: [38;5;121m[3m<82a35ef>[0m[38;5;159m, morph: [38;5;121m<gs.morphs.Box>[0m[38;5;159m, material: [38;5;121m<gs.materials.Rigid>[0m[38;5;159m.[0m
[38;5;159m[Genesis] [11:04:26] [INFO] Adding [38;5;121m<gs.engine.entities.RigidEntity>[0m[38;5;159m. idx: [38;5;121m10[0m[38;5;159m, uid: [38;5;121m[3m<1c26f97>[0m[38;5;159m, morph: [38;5;121m<gs.morphs.Box>[0m[38;5;159m, material: [38;5;121m<gs.materials.Rigid>[0m[38;5;159m.[0m
[38;5;159m[Genesis] [11:04:26] [INFO] Adding [38;5;121m<gs.engine.entities.RigidEntity>[0m[38;5;159m. idx: [38;5;121m11[0m[38;5;159m, uid: [38;5;121m[3m<49a4e8b>[0m[38;5;159m, morph: [38;5;121m<gs.morphs.Box>[0m[38;5;159m, material: [38;5;121m<gs.materials.Rigid>[0m[38;5;159m.[0m
[38;5;159m[Genesis] [11:04:26] [INFO] Adding [38;5;121m<gs.engine.entities.RigidEntity>[0m[38;5;159m. idx: [38;5;121m12[0m[38;5;159m, uid: [38;5;121m[3m<c58d811>[0m[38;5;159m, morph: [38;5;121m<gs.morphs.Box>[0m[38;5;159m, material: [38;5;121m<gs.materials.Rigid>[0m[38;5;159m.[0m
[38;5;159m[Genesis] [11:04:26] [INFO] Adding [38;5;121m<gs.engine.entities.RigidEntity>[0m[38;5;159m. idx: [38;5;121m13[0m[38;5;159m, uid: [38;5;121m[3m<560a7a7>[0m[38;5;159m, morph: [38;5;121m<gs.morphs.Box>[0m[38;5;159m, material: [38;5;121m<gs.materials.Rigid>[0m[38;5;159m.[0m
[38;5;159m[Genesis] [11:04:26] [INFO] Adding [38;5;121m<gs.engine.entities.RigidEntity>[0m[38;5;159m. idx: [38;5;121m14[0m[38;5;159m, uid: [38;5;121m[3m<1df3f98>[0m[38;5;159m, morph: [38;5;121m<gs.morphs.Box>[0m[38;5;159m, material: [38;5;121m<gs.materials.Rigid>[0m[38;5;159m.[0m
[38;5;159m[Genesis] [11:04:26] [INFO] Adding [38;5;121m<gs.engine.entities.RigidEntity>[0m[38;5;159m. idx: [38;5;121m15[0m[38;5;159m, uid: [38;5;121m[3m<afb4832>[0m[38;5;159m, morph: [38;5;121m<gs.morphs.Box>[0m[38;5;159m, material: [38;5;121m<gs.materials.Rigid>[0m[38;5;159m.[0m
[38;5;159m[Genesis] [11:04:26] [INFO] Adding [38;5;121m<gs.engine.entities.RigidEntity>[0m[38;5;159m. idx: [38;5;121m16[0m[38;5;159m, uid: [38;5;121m[3m<d453ad0>[0m[38;5;159m, morph: [38;5;121m<gs.morphs.Box>[0m[38;5;159m, material: [38;5;121m<gs.materials.Rigid>[0m[38;5;159m.[0m
[38;5;159m[Genesis] [11:04:26] [INFO] Adding [38;5;121m<gs.engine.entities.RigidEntity>[0m[38;5;159m. idx: [38;5;121m17[0m[38;5;159m, uid: [38;5;121m[3m<90931be>[0m[38;5;159m, morph: [38;5;121m<gs.morphs.Box>[0m[38;5;159m, material: [38;5;121m<gs.materials.Rigid>[0m[38;5;159m.[0m
[38;5;159m[Genesis] [11:04:26] [INFO] Adding [38;5;121m<gs.engine.entities.RigidEntity>[0m[38;5;159m. idx: [38;5;121m18[0m[38;5;159m, uid: [38;5;121m[3m<ca576b4>[0m[38;5;159m, morph: [38;5;121m<gs.morphs.Box>[0m[38;5;159m, material: [38;5;121m<gs.materials.Rigid>[0m[38;5;159m.[0m
[38;5;159m[Genesis] [11:04:26] [INFO] Adding [38;5;121m<gs.engine.entities.RigidEntity>[0m[38;5;159m. idx: [38;5;121m19[0m[38;5;159m, uid: [38;5;121m[3m<f9ceca1>[0m[38;5;159m, morph: [38;5;121m<gs.morphs.Box>[0m[38;5;159m, material: [38;5;121m<gs.materials.Rigid>[0m[38;5;159m.[0m
[38;5;159m[Genesis] [11:04:26] [INFO] Adding [38;5;121m<gs.engine.entities.RigidEntity>[0m[38;5;159m. idx: [38;5;121m20[0m[38;5;159m, uid: [38;5;121m[3m<8db4a25>[0m[38;5;159m, morph: [38;5;121m<gs.morphs.Box>[0m[38;5;159m, material: [38;5;121m<gs.materials.Rigid>[0m[38;5;159m.[0m
[38;5;159m[Genesis] [11:04:26] [INFO] Adding [38;5;121m<gs.engine.entities.RigidEntity>[0m[38;5;159m. idx: [38;5;121m21[0m[38;5;159m, uid: [38;5;121m[3m<5829854>[0m[38;5;159m, morph: [38;5;121m<gs.morphs.Box>[0m[38;5;159m, material: [38;5;121m<gs.materials.Rigid>[0m[38;5;159m.[0m
[38;5;159m[Genesis] [11:04:26] [INFO] Adding [38;5;121m<gs.engine.entities.RigidEntity>[0m[38;5;159m. idx: [38;5;121m22[0m[38;5;159m, uid: [38;5;121m[3m<bb07348>[0m[38;5;159m, morph: [38;5;121m<gs.morphs.Box>[0m[38;5;159m, material: [38;5;121m<gs.materials.Rigid>[0m[38;5;159m.[0m
[38;5;159m[Genesis] [11:04:26] [INFO] Adding [38;5;121m<gs.engine.entities.RigidEntity>[0m[38;5;159m. idx: [38;5;121m23[0m[38;5;159m, uid: [38;5;121m[3m<10f0ec7>[0m[38;5;159m, morph: [38;5;121m<gs.morphs.Box>[0m[38;5;159m, material: [38;5;121m<gs.materials.Rigid>[0m[38;5;159m.[0m
[38;5;159m[Genesis] [11:04:26] [INFO] Adding [38;5;121m<gs.engine.entities.RigidEntity>[0m[38;5;159m. idx: [38;5;121m24[0m[38;5;159m, uid: [38;5;121m[3m<c894c46>[0m[38;5;159m, morph: [38;5;121m<gs.morphs.Box>[0m[38;5;159m, material: [38;5;121m<gs.materials.Rigid>[0m[38;5;159m.[0m
[38;5;159m[Genesis] [11:04:26] [INFO] Adding [38;5;121m<gs.engine.entities.RigidEntity>[0m[38;5;159m. idx: [38;5;121m25[0m[38;5;159m, uid: [38;5;121m[3m<71518ac>[0m[38;5;159m, morph: [38;5;121m<gs.morphs.Box>[0m[38;5;159m, material: [38;5;121m<gs.materials.Rigid>[0m[38;5;159m.[0m
[38;5;159m[Genesis] [11:04:26] [INFO] Adding [38;5;121m<gs.engine.entities.RigidEntity>[0m[38;5;159m. idx: [38;5;121m26[0m[38;5;159m, uid: [38;5;121m[3m<a04afb2>[0m[38;5;159m, morph: [38;5;121m<gs.morphs.Box>[0m[38;5;159m, material: [38;5;121m<gs.materials.Rigid>[0m[38;5;159m.[0m
Generated 20 particles out of 20
[38;5;159m[Genesis] [11:04:26] [INFO] Building scene [38;5;121m[3m<53eb9a3>[0m[38;5;159m...[0m
[38;5;159m[Genesis] [11:04:30] [INFO] Compiling simulation kernels...[0m
[38;5;159m[Genesis] [11:04:56] [INFO] Building visualizer...[0m
libEGL warning: egl: failed to create dri2 screen
libEGL warning: egl: failed to create dri2 screen
chunk 0: step 1/20 (46s; cumulative sample_s 0, select_s 0, execute_s 14)
chunk 0: step 2/20 (91s; cumulative sample_s 0, select_s 0, execute_s 27)
chunk 0: step 3/20 (135s; cumulative sample_s 0, select_s 0, execute_s 40)
chunk 0: step 4/20 (180s; cumulative sample_s 0, select_s 0, execute_s 53)
chunk 0: step 5/20 (224s; cumulative sample_s 0, select_s 0, execute_s 65)
chunk 0: step 6/20 (269s; cumulative sample_s 0, select_s 0, execute_s 78)
chunk 0: step 7/20 (313s; cumulative sample_s 0, select_s 0, execute_s 91)
chunk 0: step 8/20 (357s; cumulative sample_s 0, select_s 0, execute_s 103)
chunk 0: step 9/20 (402s; cumulative sample_s 0, select_s 0, execute_s 116)
chunk 0: step 10/20 (446s; cumulative sample_s 0, select_s 0, execute_s 128)
chunk 0: step 11/20 (491s; cumulative sample_s 0, select_s 0, execute_s 140)
chunk 0: step 12/20 (534s; cumulative sample_s 0, select_s 0, execute_s 152)
chunk 0: step 13/20 (578s; cumulative sample_s 0, select_s 0, execute_s 164)
chunk 0: step 14/20 (622s; cumulative sample_s 0, select_s 0, execute_s 176)
chunk 0: step 15/20 (666s; cumulative sample_s 0, select_s 0, execute_s 188)
chunk 0: step 16/20 (710s; cumulative sample_s 0, select_s 0, execute_s 200)
chunk 0: step 17/20 (753s; cumulative sample_s 0, select_s 0, execute_s 212)
chunk 0: step 18/20 (798s; cumulative sample_s 0, select_s 0, execute_s 225)
chunk 0: step 19/20 (842s; cumulative sample_s 0, select_s 0, execute_s 236)
chunk 0: step 20/20 (887s; cumulative sample_s 0, select_s 0, execute_s 249)
chunk 0: step 20/20 (887s; cumulative sample_s 0, select_s 0, execute_s 249)
  nfd_residual_worldframe_noaug_ep43   gd   crowd_floor letter_O   40: improve +0.334; evals/step 2314
  nfd_residual_worldframe_noaug_ep43   gd   crowd_floor letter_O   41: improve +0.267; evals/step 2347
  nfd_residual_worldframe_noaug_ep43   gd   crowd_floor letter_O   42: improve +0.301; evals/step 2334
  nfd_residual_worldframe_noaug_ep43   gd   crowd_floor letter_O   43: improve +0.297; evals/step 2362
  nfd_residual_worldframe_noaug_ep43   gd   crowd_floor letter_T   40: improve +0.394; evals/step 2341
  nfd_residual_worldframe_noaug_ep43   gd   crowd_floor letter_T   41: improve +0.286; evals/step 2323
  nfd_residual_worldframe_noaug_ep43   gd   crowd_floor letter_T   42: improve +0.341; evals/step 2299
  nfd_residual_worldframe_noaug_ep43   gd   crowd_floor letter_T   43: improve +0.362; evals/step 2331
  nfd_residual_worldframe_noaug_ep43   gd   crowd_floor letter_S   40: improve +0.339; evals/step 2400
  nfd_residual_worldframe_noaug_ep43   gd   crowd_floor letter_S   41: improve +0.279; evals/step 2395
  nfd_residual_worldframe_noaug_ep43   gd   crowd_floor letter_S   42: improve +0.316; evals/step 2333
  nfd_residual_worldframe_noaug_ep43   gd   crowd_floor letter_S   43: improve +0.330; evals/step 2394
  nfd_residual_worldframe_noaug_ep43   gd   crowd_floor letter_X   40: improve +0.375; evals/step 2416
  nfd_residual_worldframe_noaug_ep43   gd   crowd_floor letter_X   41: improve +0.328; evals/step 2362
  nfd_residual_worldframe_noaug_ep43   gd   crowd_floor letter_X   42: improve +0.319; evals/step 2386
  nfd_residual_worldframe_noaug_ep43   gd   crowd_floor letter_X   43: improve +0.396; evals/step 2406
  nfd_residual_worldframe_noaug_ep43   gd   crowd_floor letter_L   40: improve +0.289; evals/step 2376
  nfd_residual_worldframe_noaug_ep43   gd   crowd_floor letter_L   41: improve +0.276; evals/step 2426
  nfd_residual_worldframe_noaug_ep43   gd   crowd_floor letter_L   42: improve +0.250; evals/step 2398
  nfd_residual_worldframe_noaug_ep43   gd   crowd_floor letter_L   43: improve +0.321; evals/step 2426
  nfd_residual_worldframe_noaug_ep43   gd   crowd_floor letter_I   40: improve +0.458; evals/step 2398
  nfd_residual_worldframe_noaug_ep43   gd   crowd_floor letter_I   41: improve +0.386; evals/step 2336
  nfd_residual_worldframe_noaug_ep43   gd   crowd_floor letter_I   42: improve +0.432; evals/step 2349
  nfd_residual_worldframe_noaug_ep43   gd   crowd_floor letter_I   43: improve +0.471; evals/step 2259
  nfd_residual_worldframe_noaug_ep43   gd   crowd_floor two_squares 40: improve +0.388; evals/step 2326
  nfd_residual_worldframe_noaug_ep43   gd   crowd_floor two_squares 41: improve +0.390; evals/step 2365
  nfd_residual_worldframe_noaug_ep43   gd   crowd_floor two_squares 42: improve +0.418; evals/step 2326
  nfd_residual_worldframe_noaug_ep43   gd   crowd_floor two_squares 43: improve +0.392; evals/step 2410
  nfd_residual_worldframe_noaug_ep43   gd   crowd_floor quadrant_0 40: improve +0.237; evals/step 2382
  nfd_residual_worldframe_noaug_ep43   gd   crowd_floor quadrant_0 41: improve +0.233; evals/step 2274
  nfd_residual_worldframe_noaug_ep43   gd   crowd_floor quadrant_0 42: improve +0.346; evals/step 2275
  nfd_residual_worldframe_noaug_ep43   gd   crowd_floor quadrant_0 43: improve +0.297; evals/step 2330
chunk 1: step 1/20 (44s; cumulative sample_s 0, select_s 0, execute_s 261)
chunk 1: step 2/20 (88s; cumulative sample_s 0, select_s 0, execute_s 274)
chunk 1: step 3/20 (133s; cumulative sample_s 0, select_s 0, execute_s 286)
chunk 1: step 4/20 (177s; cumulative sample_s 0, select_s 0, execute_s 299)
chunk 1: step 5/20 (221s; cumulative sample_s 0, select_s 0, execute_s 311)
chunk 1: step 6/20 (265s; cumulative sample_s 0, select_s 0, execute_s 323)
chunk 1: step 7/20 (310s; cumulative sample_s 0, select_s 0, execute_s 336)
chunk 1: step 8/20 (354s; cumulative sample_s 0, select_s 0, execute_s 348)
chunk 1: step 9/20 (398s; cumulative sample_s 0, select_s 0, execute_s 361)
chunk 1: step 10/20 (443s; cumulative sample_s 0, select_s 0, execute_s 373)
chunk 1: step 11/20 (487s; cumulative sample_s 0, select_s 0, execute_s 385)
chunk 1: step 12/20 (531s; cumulative sample_s 0, select_s 0, execute_s 397)
chunk 1: step 13/20 (575s; cumulative sample_s 0, select_s 0, execute_s 410)
chunk 1: step 14/20 (618s; cumulative sample_s 0, select_s 0, execute_s 421)
chunk 1: step 15/20 (662s; cumulative sample_s 0, select_s 0, execute_s 433)
chunk 1: step 16/20 (706s; cumulative sample_s 0, select_s 0, execute_s 445)
chunk 1: step 17/20 (749s; cumulative sample_s 0, select_s 0, execute_s 457)
chunk 1: step 18/20 (792s; cumulative sample_s 0, select_s 0, execute_s 468)
chunk 1: step 19/20 (836s; cumulative sample_s 0, select_s 0, execute_s 480)
chunk 1: step 20/20 (878s; cumulative sample_s 0, select_s 0, execute_s 489)
chunk 1: step 20/20 (878s; cumulative sample_s 0, select_s 0, execute_s 489)
  nfd_residual_worldframe_noaug_ep43   gd   crowd_floor_l03 letter_O   40: improve +0.328; evals/step 2024
  nfd_residual_worldframe_noaug_ep43   gd   crowd_floor_l03 letter_O   41: improve +0.266; evals/step 1997
  nfd_residual_worldframe_noaug_ep43   gd   crowd_floor_l03 letter_O   42: improve +0.302; evals/step 2045
  nfd_residual_worldframe_noaug_ep43   gd   crowd_floor_l03 letter_O   43: improve +0.292; evals/step 1982
  nfd_residual_worldframe_noaug_ep43   gd   crowd_floor_l03 letter_T   40: improve +0.396; evals/step 2043
  nfd_residual_worldframe_noaug_ep43   gd   crowd_floor_l03 letter_T   41: improve +0.288; evals/step 2026
  nfd_residual_worldframe_noaug_ep43   gd   crowd_floor_l03 letter_T   42: improve +0.340; evals/step 2086
  nfd_residual_worldframe_noaug_ep43   gd   crowd_floor_l03 letter_T   43: improve +0.364; evals/step 2080
  nfd_residual_worldframe_noaug_ep43   gd   crowd_floor_l03 letter_S   40: improve +0.324; evals/step 2110
  nfd_residual_worldframe_noaug_ep43   gd   crowd_floor_l03 letter_S   41: improve +0.272; evals/step 2021
  nfd_residual_worldframe_noaug_ep43   gd   crowd_floor_l03 letter_S   42: improve +0.309; evals/step 2000
  nfd_residual_worldframe_noaug_ep43   gd   crowd_floor_l03 letter_S   43: improve +0.322; evals/step 2035
  nfd_residual_worldframe_noaug_ep43   gd   crowd_floor_l03 letter_X   40: improve +0.364; evals/step 2054
  nfd_residual_worldframe_noaug_ep43   gd   crowd_floor_l03 letter_X   41: improve +0.322; evals/step 2083
  nfd_residual_worldframe_noaug_ep43   gd   crowd_floor_l03 letter_X   42: improve +0.319; evals/step 2008
  nfd_residual_worldframe_noaug_ep43   gd   crowd_floor_l03 letter_X   43: improve +0.392; evals/step 2011
  nfd_residual_worldframe_noaug_ep43   gd   crowd_floor_l03 letter_L   40: improve +0.284; evals/step 2064
  nfd_residual_worldframe_noaug_ep43   gd   crowd_floor_l03 letter_L   41: improve +0.270; evals/step 2035
  nfd_residual_worldframe_noaug_ep43   gd   crowd_floor_l03 letter_L   42: improve +0.305; evals/step 2034
  nfd_residual_worldframe_noaug_ep43   gd   crowd_floor_l03 letter_L   43: improve +0.322; evals/step 2064
  nfd_residual_worldframe_noaug_ep43   gd   crowd_floor_l03 letter_I   40: improve +0.452; evals/step 2077
  nfd_residual_worldframe_noaug_ep43   gd   crowd_floor_l03 letter_I   41: improve +0.398; evals/step 1994
  nfd_residual_worldframe_noaug_ep43   gd   crowd_floor_l03 letter_I   42: improve +0.447; evals/step 1998
  nfd_residual_worldframe_noaug_ep43   gd   crowd_floor_l03 letter_I   43: improve +0.446; evals/step 2141
  nfd_residual_worldframe_noaug_ep43   gd   crowd_floor_l03 two_squares 40: improve +0.374; evals/step 2160
  nfd_residual_worldframe_noaug_ep43   gd   crowd_floor_l03 two_squares 41: improve +0.387; evals/step 2149
  nfd_residual_worldframe_noaug_ep43   gd   crowd_floor_l03 two_squares 42: improve +0.410; evals/step 2088
  nfd_residual_worldframe_noaug_ep43   gd   crowd_floor_l03 two_squares 43: improve +0.361; evals/step 1941
  nfd_residual_worldframe_noaug_ep43   gd   crowd_floor_l03 quadrant_0 40: improve +0.292; evals/step 2034
  nfd_residual_worldframe_noaug_ep43   gd   crowd_floor_l03 quadrant_0 41: improve +0.264; evals/step 1973
  nfd_residual_worldframe_noaug_ep43   gd   crowd_floor_l03 quadrant_0 42: improve +0.342; evals/step 1962
  nfd_residual_worldframe_noaug_ep43   gd   crowd_floor_l03 quadrant_0 43: improve +0.273; evals/step 1912
[38;5;159m[Genesis] [11:34:26] [INFO] 💤 Exiting Genesis and caching compiled kernels...[0m
wrote experiments/EXP-0055-capacity-aware-value/results/floor.json
