Config: Baselines/NFD/configs/nfd_train_direct_control_L20mm_pilot.yaml
Device: cuda
Training on cuda, epochs 0→40, log_dir=Baselines/NFD/runs/direct_control_L20mm_pilot
Train: 768  Val: 128  Test: 128
Epoch    1: trn=0.166281  val=0.132046  iou=0.5536  chg_mse=0.533379  best=1
Epoch    2: trn=0.124842  val=0.113643  iou=0.5755  chg_mse=0.548301  best=2
Epoch    3: trn=0.108601  val=0.101843  iou=0.5983  chg_mse=0.554894  best=3
Epoch    4: trn=0.097451  val=0.091419  iou=0.6107  chg_mse=0.551379  best=4
Epoch    5: trn=0.088152  val=0.083282  iou=0.6190  chg_mse=0.522395  best=5
Epoch    6: trn=0.080070  val=0.075897  iou=0.6253  chg_mse=0.506986  best=6
Epoch    7: trn=0.072874  val=0.068770  iou=0.6324  chg_mse=0.496865  best=7
Epoch    8: trn=0.066328  val=0.062767  iou=0.6369  chg_mse=0.494384  best=8
Epoch    9: trn=0.060439  val=0.057435  iou=0.6391  chg_mse=0.491009  best=9
Epoch   10: trn=0.055187  val=0.052095  iou=0.6409  chg_mse=0.490421  best=10
Epoch   11: trn=0.050430  val=0.047697  iou=0.6425  chg_mse=0.486044  best=11
Epoch   12: trn=0.046166  val=0.043811  iou=0.6419  chg_mse=0.489882  best=12
Epoch   13: trn=0.042370  val=0.040090  iou=0.6356  chg_mse=0.476750  best=13
Epoch   14: trn=0.038978  val=0.036577  iou=0.6393  chg_mse=0.484832  best=14
Epoch   15: trn=0.035911  val=0.033956  iou=0.6366  chg_mse=0.479572  best=15
Epoch   16: trn=0.032741  val=0.030716  iou=0.6306  chg_mse=0.468904  best=16
Epoch   17: trn=0.030067  val=0.028374  iou=0.6327  chg_mse=0.470285  best=17
Epoch   18: trn=0.027815  val=0.025894  iou=0.6313  chg_mse=0.458699  best=18
Epoch   19: trn=0.025784  val=0.024152  iou=0.6323  chg_mse=0.449872  best=19
Epoch   20: trn=0.023954  val=0.022508  iou=0.6325  chg_mse=0.438519  best=20
Epoch   21: trn=0.022223  val=0.021193  iou=0.6393  chg_mse=0.425605  best=21
Epoch   22: trn=0.020554  val=0.019604  iou=0.6477  chg_mse=0.400733  best=22
Epoch   23: trn=0.019022  val=0.017581  iou=0.6656  chg_mse=0.399781  best=23
Epoch   24: trn=0.017568  val=0.016405  iou=0.6818  chg_mse=0.386782  best=24
Epoch   25: trn=0.016304  val=0.015207  iou=0.6928  chg_mse=0.344246  best=25
Epoch   26: trn=0.015133  val=0.013951  iou=0.7121  chg_mse=0.331853  best=26
Epoch   27: trn=0.014059  val=0.013351  iou=0.7133  chg_mse=0.334351  best=27
Epoch   28: trn=0.013125  val=0.012651  iou=0.7424  chg_mse=0.268755  best=28
Epoch   29: trn=0.012327  val=0.011988  iou=0.7474  chg_mse=0.266527  best=29
Epoch   30: trn=0.011676  val=0.010800  iou=0.7578  chg_mse=0.269707  best=30
Epoch   31: trn=0.011030  val=0.010479  iou=0.7491  chg_mse=0.267395  best=31
Epoch   32: trn=0.010507  val=0.010059  iou=0.7539  chg_mse=0.281848  best=32
Epoch   33: trn=0.010057  val=0.009726  iou=0.7298  chg_mse=0.308392  best=33
Epoch   34: trn=0.009601  val=0.009105  iou=0.7571  chg_mse=0.294697  best=34
Epoch   35: trn=0.009195  val=0.008915  iou=0.7516  chg_mse=0.300983  best=35
Epoch   36: trn=0.008867  val=0.008385  iou=0.7706  chg_mse=0.262407  best=36
Epoch   37: trn=0.008528  val=0.008135  iou=0.7688  chg_mse=0.274668  best=37
Epoch   38: trn=0.008242  val=0.008042  iou=0.7654  chg_mse=0.241611  best=38
Epoch   39: trn=0.007983  val=0.007465  iou=0.7680  chg_mse=0.276219  best=39
Epoch   40: trn=0.007774  val=0.007351  iou=0.7706  chg_mse=0.254430  best=40

=== Test metrics ===
  prob_mse: 0.007777
  zero_mse: 0.027576
  copy_mse: 0.014353
  hard_iou: 0.756465
  hard_dice: 0.852983
  changed_mse: 0.265859
  changed_copy_mse: 1.000000
  changed_pixel_frac: 0.014353

=== Training complete ===
  Best val loss : 0.007351  (epoch 40)
  Model card    : Baselines/NFD/runs/direct_control_L20mm_pilot/model_card.yaml
  Log dir       : Baselines/NFD/runs/direct_control_L20mm_pilot
