lyapunov tau all-vs-legal 0.833 best-is-illegal 0.719 impr ill/leg [0.01204 0.00621]
  linear_switched_hard                     all 0.659 legal 0.812 sizematched 0.700 legal-sm +0.113 [+0.096,+0.129]
  nfd_3ch_finetuned                        all 0.512 legal 0.548 sizematched 0.535 legal-sm +0.013 [-0.008,+0.037]
  nfd_3ch_randlen                          all 0.745 legal 0.800 sizematched 0.759 legal-sm +0.041 [+0.025,+0.059]
  nfd_residual_warped_flipaug_randlen      all 0.810 legal 0.851 sizematched 0.822 legal-sm +0.029 [+0.015,+0.042]
  nfd_residual_worldframe_noaug_ep43       all 0.761 legal 0.826 sizematched 0.776 legal-sm +0.050 [+0.035,+0.065]
  nfd_warped_randlen                       all 0.770 legal 0.843 sizematched 0.789 legal-sm +0.054 [+0.040,+0.069]
  nfd_warped_randlen_flipaug               all 0.755 legal 0.846 sizematched 0.778 legal-sm +0.068 [+0.053,+0.083]
  nfd_warped_randlen_flipaug_epoch30       all 0.771 legal 0.850 sizematched 0.790 legal-sm +0.060 [+0.046,+0.073]
  ensemble_nfd                             all 0.837 legal 0.897 sizematched 0.854 legal-sm +0.043 [+0.032,+0.053]
mass_in_region tau all-vs-legal 0.833 best-is-illegal 0.537 impr ill/leg [1.03292 0.7346 ]
  linear_switched_hard                     all 0.636 legal 0.747 sizematched 0.663 legal-sm +0.084 [+0.071,+0.097]
  nfd_3ch_finetuned                        all 0.617 legal 0.623 sizematched 0.624 legal-sm -0.001 [-0.014,+0.013]
  nfd_3ch_randlen                          all 0.716 legal 0.762 sizematched 0.728 legal-sm +0.034 [+0.025,+0.044]
  nfd_residual_warped_flipaug_randlen      all 0.766 legal 0.789 sizematched 0.771 legal-sm +0.018 [+0.008,+0.028]
  nfd_residual_worldframe_noaug_ep43       all 0.770 legal 0.791 sizematched 0.777 legal-sm +0.014 [+0.005,+0.022]
  nfd_warped_randlen                       all 0.744 legal 0.782 sizematched 0.746 legal-sm +0.036 [+0.024,+0.046]
  nfd_warped_randlen_flipaug               all 0.716 legal 0.741 sizematched 0.722 legal-sm +0.019 [+0.008,+0.029]
  nfd_warped_randlen_flipaug_epoch30       all 0.737 legal 0.782 sizematched 0.746 legal-sm +0.036 [+0.026,+0.046]
  ensemble_nfd                             all 0.829 legal 0.857 sizematched 0.836 legal-sm +0.021 [+0.014,+0.028]
