train rows 12000 val rows 856
init val 0.22579
1 0.12639 0.09662 32 s
2 0.07504 0.06249 63 s
3 0.05045 0.04511 94 s
4 0.03675 0.03581 125 s
5 0.02895 0.02945 156 s
6 0.02436 0.02646 187 s
7 0.0215 0.02388 218 s
8 0.01962 0.02263 249 s
9 0.0183 0.02123 281 s
10 0.01741 0.02049 312 s
11 0.01673 0.02024 343 s
12 0.01623 0.01983 374 s
13 0.01585 0.01922 405 s
14 0.01552 0.01915 437 s
15 0.01526 0.01911 468 s
16 0.01505 0.01846 499 s
17 0.01488 0.01832 530 s
18 0.01473 0.01823 561 s
19 0.01461 0.01816 593 s
20 0.0145 0.01804 624 s
21 0.0144 0.01803 655 s
22 0.01433 0.01796 686 s
23 0.01425 0.01786 717 s
24 0.01422 0.01782 749 s
25 0.01418 0.01778 780 s
26 0.01415 0.01777 811 s
27 0.01412 0.01776 842 s
28 0.01411 0.01775 874 s
29 0.01408 0.01774 905 s
30 0.01409 0.01773 936 s
