train rows 12000 val rows 856
init val 0.21582
1 0.12031 0.09695 32 s
2 0.07448 0.06174 63 s
3 0.04935 0.04507 94 s
4 0.03614 0.0351 126 s
5 0.02861 0.03077 157 s
6 0.02408 0.02658 189 s
7 0.02126 0.02394 220 s
8 0.01945 0.02258 251 s
9 0.01824 0.02182 283 s
10 0.01736 0.02078 314 s
11 0.01674 0.02028 346 s
12 0.01622 0.02 377 s
13 0.01585 0.01946 409 s
14 0.01553 0.01921 440 s
15 0.01527 0.01907 471 s
16 0.01507 0.01873 503 s
17 0.01489 0.0187 534 s
18 0.01476 0.01843 566 s
19 0.01462 0.01835 597 s
20 0.0145 0.01827 629 s
21 0.0144 0.01814 660 s
22 0.01434 0.01807 691 s
23 0.01425 0.01795 723 s
24 0.01421 0.01791 754 s
25 0.01418 0.01781 786 s
26 0.01414 0.0178 817 s
27 0.0141 0.0178 849 s
28 0.01409 0.01779 880 s
29 0.01407 0.01776 912 s
30 0.01407 0.01775 941 s
