train rows 12000 val rows 856
init val 0.21748
1 0.09831 0.06822 73 s
2 0.04715 0.04228 145 s
3 0.03104 0.03234 218 s
4 0.02497 0.03015 291 s
5 0.02216 0.02609 363 s
6 0.02064 0.02497 436 s
7 0.01975 0.02418 509 s
8 0.01915 0.02404 581 s
9 0.01875 0.02367 654 s
10 0.01844 0.02342 726 s
11 0.01821 0.02285 799 s
12 0.018 0.02268 871 s
13 0.01788 0.02268 944 s
14 0.01771 0.02235 1017 s
15 0.01759 0.02239 1089 s
16 0.01747 0.02206 1133 s
17 0.01737 0.02219 1172 s
18 0.01732 0.02194 1208 s
19 0.01723 0.02193 1241 s
20 0.01714 0.02182 1274 s
21 0.0171 0.02173 1308 s
22 0.01704 0.02159 1341 s
23 0.01698 0.02163 1374 s
24 0.01696 0.02149 1407 s
25 0.01692 0.02149 1440 s
26 0.01688 0.02143 1473 s
27 0.01686 0.0214 1506 s
28 0.01685 0.02145 1539 s
29 0.01683 0.02139 1572 s
30 0.01682 0.02142 1605 s
