train rows 12000 val rows 856
init val 0.2262
1 0.12536 0.10038 100 s
2 0.07674 0.06346 199 s
3 0.05108 0.04702 298 s
4 0.03735 0.0365 398 s
5 0.02965 0.03074 497 s
6 0.02505 0.02727 597 s
7 0.02221 0.02498 696 s
8 0.02031 0.02377 796 s
9 0.019 0.02241 895 s
10 0.01811 0.02185 959 s
11 0.01743 0.02113 995 s
12 0.01695 0.0212 1032 s
13 0.01656 0.02029 1068 s
14 0.01623 0.02002 1104 s
15 0.016 0.0199 1149 s
16 0.0158 0.01956 1221 s
17 0.01562 0.01938 1293 s
18 0.01548 0.01929 1366 s
19 0.01537 0.01918 1438 s
20 0.01527 0.01915 1510 s
21 0.01517 0.01911 1583 s
22 0.01511 0.01899 1655 s
23 0.01505 0.01895 1727 s
24 0.015 0.0189 1799 s
25 0.01497 0.01884 1871 s
26 0.01494 0.01882 1944 s
27 0.0149 0.0188 2016 s
28 0.01489 0.01879 2088 s
29 0.01489 0.01879 2160 s
30 0.01489 0.01879 2232 s
