train rows 16065 val rows 857
init val 0.21344
1 0.10465 0.07177 15 s
2 0.05405 0.03769 28 s
3 0.0295 0.02276 41 s
4 0.01861 0.01584 54 s
5 0.01313 0.01152 67 s
6 0.01015 0.00938 81 s
7 0.00841 0.00803 94 s
8 0.00729 0.00714 107 s
9 0.00656 0.0066 120 s
10 0.00604 0.00607 134 s
11 0.00565 0.00592 147 s
12 0.00537 0.00552 160 s
13 0.00514 0.00532 173 s
14 0.00497 0.00517 187 s
15 0.00481 0.00503 200 s
16 0.0047 0.00493 213 s
17 0.00461 0.00486 226 s
18 0.00452 0.00476 240 s
19 0.00445 0.00468 253 s
20 0.00438 0.00464 266 s
21 0.00433 0.00456 279 s
22 0.00429 0.00453 293 s
23 0.00424 0.00449 306 s
24 0.0042 0.00445 319 s
25 0.00416 0.00443 332 s
26 0.00413 0.00441 346 s
27 0.00411 0.00439 359 s
28 0.00408 0.00436 372 s
29 0.00407 0.00434 385 s
30 0.00405 0.00432 399 s
31 0.00403 0.00431 412 s
32 0.00401 0.0043 425 s
33 0.004 0.00429 438 s
34 0.004 0.00429 451 s
35 0.00399 0.00428 465 s
36 0.00398 0.00427 478 s
37 0.00398 0.00427 491 s
38 0.00397 0.00427 504 s
39 0.00397 0.00426 518 s
40 0.00397 0.00427 531 s
