train rows 16065 val rows 857
init val 0.22565
1 0.11462 0.0785 15 s
2 0.05954 0.04554 28 s
3 0.03646 0.03012 41 s
4 0.02541 0.02264 55 s
5 0.01979 0.01885 68 s
6 0.01667 0.01648 81 s
7 0.01476 0.01494 94 s
8 0.01357 0.01398 107 s
9 0.01278 0.01369 121 s
10 0.01224 0.01287 134 s
11 0.01183 0.01259 147 s
12 0.01156 0.01227 160 s
13 0.01129 0.01205 174 s
14 0.01109 0.01194 187 s
15 0.01092 0.01186 200 s
16 0.01078 0.01176 213 s
17 0.01068 0.01166 227 s
18 0.01058 0.01162 240 s
19 0.01048 0.01153 253 s
20 0.01038 0.0115 266 s
21 0.01031 0.01143 280 s
22 0.01023 0.01147 293 s
23 0.01018 0.0114 306 s
24 0.0101 0.01137 319 s
25 0.01004 0.01142 333 s
26 0.00998 0.01135 346 s
27 0.00994 0.01136 359 s
28 0.00991 0.01133 372 s
29 0.00985 0.01133 386 s
30 0.0098 0.01132 399 s
31 0.00977 0.01134 412 s
32 0.00973 0.01134 425 s
33 0.0097 0.01133 438 s
34 0.00968 0.01137 452 s
35 0.00967 0.01135 465 s
36 0.00964 0.01136 478 s
37 0.00964 0.01135 491 s
38 0.00962 0.01134 504 s
39 0.00961 0.01135 518 s
40 0.00961 0.01135 531 s
