train rows 16065 val rows 857
init val 0.22134
1 0.11055 0.07498 15 s
2 0.05546 0.03892 28 s
3 0.03063 0.02383 41 s
4 0.01899 0.01586 55 s
5 0.01338 0.01185 68 s
6 0.01038 0.00969 81 s
7 0.00862 0.00829 94 s
8 0.00753 0.00735 107 s
9 0.00679 0.00684 121 s
10 0.00629 0.0064 134 s
11 0.00591 0.00608 147 s
12 0.00563 0.00586 160 s
13 0.0054 0.00569 174 s
14 0.00523 0.00555 187 s
15 0.00509 0.00541 200 s
16 0.00497 0.00534 213 s
17 0.00486 0.00524 227 s
18 0.00477 0.00516 240 s
19 0.00468 0.00513 253 s
20 0.00461 0.00507 266 s
21 0.00454 0.00506 279 s
22 0.00448 0.00503 293 s
23 0.00443 0.00503 306 s
24 0.00437 0.00496 319 s
25 0.00433 0.00497 332 s
26 0.00428 0.00495 346 s
27 0.00424 0.00493 359 s
28 0.00421 0.00493 372 s
29 0.00417 0.00493 385 s
30 0.00415 0.00492 399 s
31 0.00412 0.00492 412 s
32 0.0041 0.00491 425 s
33 0.00408 0.00493 438 s
34 0.00406 0.00493 452 s
35 0.00405 0.00492 465 s
36 0.00404 0.00493 478 s
37 0.00403 0.00493 491 s
38 0.00403 0.00493 504 s
39 0.00401 0.00492 518 s
40 0.00401 0.00493 531 s
