train rows 16065 val rows 857
init val 0.2216
1 0.10996 0.07652 15 s
2 0.05581 0.03881 28 s
3 0.02912 0.0218 41 s
4 0.01727 0.01412 54 s
5 0.0117 0.01001 68 s
6 0.00873 0.00786 81 s
7 0.007 0.00656 94 s
8 0.00591 0.00567 107 s
9 0.0052 0.00519 120 s
10 0.0047 0.00468 134 s
11 0.00433 0.00434 147 s
12 0.00406 0.00412 160 s
13 0.00385 0.00395 173 s
14 0.00368 0.0038 187 s
15 0.00354 0.00369 200 s
16 0.0034 0.00355 213 s
17 0.00328 0.00346 226 s
18 0.00317 0.00341 240 s
19 0.00309 0.00333 253 s
20 0.00302 0.00325 266 s
21 0.00296 0.00324 279 s
22 0.0029 0.00323 293 s
23 0.00286 0.00319 306 s
24 0.00281 0.00314 319 s
25 0.00278 0.00311 332 s
26 0.00274 0.00311 346 s
27 0.00271 0.00309 359 s
28 0.00269 0.00309 372 s
29 0.00266 0.00308 385 s
30 0.00264 0.00307 399 s
31 0.00262 0.00307 412 s
32 0.0026 0.00307 425 s
33 0.00259 0.00307 438 s
34 0.00257 0.00306 451 s
35 0.00256 0.00305 465 s
36 0.00256 0.00306 478 s
37 0.00255 0.00306 491 s
38 0.00254 0.00306 504 s
39 0.00254 0.00306 518 s
40 0.00255 0.00306 531 s
