train rows 16065 val rows 857
init val 0.22382
1 0.11312 0.07572 15 s
2 0.05729 0.04244 28 s
3 0.03386 0.0274 41 s
4 0.02294 0.02019 54 s
5 0.01746 0.0163 68 s
6 0.01447 0.01401 81 s
7 0.01268 0.01252 94 s
8 0.01157 0.01165 107 s
9 0.01081 0.01114 121 s
10 0.01027 0.01053 134 s
11 0.00986 0.01021 147 s
12 0.00959 0.00997 160 s
13 0.00933 0.00976 173 s
14 0.00914 0.0096 187 s
15 0.00897 0.00946 200 s
16 0.00884 0.00947 213 s
17 0.00872 0.00935 226 s
18 0.00863 0.00926 240 s
19 0.00853 0.00926 253 s
20 0.00844 0.00927 266 s
21 0.00836 0.00916 279 s
22 0.00829 0.0092 293 s
23 0.00823 0.00918 306 s
24 0.00816 0.00918 319 s
25 0.0081 0.00916 332 s
26 0.00805 0.00909 346 s
27 0.00799 0.00914 359 s
28 0.00795 0.00913 372 s
29 0.0079 0.00912 385 s
30 0.00786 0.00913 398 s
31 0.00783 0.00914 412 s
32 0.00779 0.00914 425 s
33 0.00776 0.00915 438 s
34 0.00773 0.00915 451 s
35 0.00772 0.00915 464 s
36 0.0077 0.00917 478 s
37 0.00769 0.00916 491 s
38 0.00768 0.00916 504 s
39 0.00767 0.00916 517 s
40 0.00768 0.00916 530 s
