train rows 80000 val rows 4800
init val 0.17659
1 0.05804 0.02553 135 s
2 0.02024 0.01826 271 s
3 0.01663 0.01601 403 s
4 0.01561 0.0154 535 s
5 0.01511 0.01509 667 s
6 0.01479 0.01474 800 s
7 0.01459 0.0145 935 s
8 0.01441 0.01434 1069 s
9 0.01427 0.01413 1203 s
10 0.01415 0.01408 1338 s
11 0.01406 0.014 1471 s
12 0.01396 0.01391 1602 s
13 0.01388 0.01381 1733 s
14 0.01382 0.01376 1865 s
15 0.01376 0.0137 1997 s
16 0.0137 0.01435 2129 s
17 0.01366 0.01365 2260 s
18 0.01361 0.01359 2392 s
19 0.01358 0.01355 2523 s
20 0.01354 0.0135 2654 s
