train rows 80000 val rows 4800
init val 0.22274
1 0.05548 0.02268 244 s
2 0.0189 0.01676 425 s
3 0.01613 0.01565 629 s
4 0.01529 0.01503 833 s
5 0.01488 0.01493 1036 s
6 0.0146 0.01444 1240 s
7 0.01442 0.0143 1444 s
8 0.01428 0.01424 1648 s
9 0.01416 0.01404 1852 s
10 0.01406 0.01406 2056 s
11 0.01397 0.01387 2260 s
12 0.01388 0.01383 2464 s
13 0.01383 0.01372 2668 s
14 0.01376 0.01371 2872 s
15 0.01371 0.01366 3057 s
16 0.01365 0.01361 3250 s
17 0.01361 0.01358 3443 s
18 0.01357 0.01353 3649 s
19 0.01353 0.01354 3860 s
20 0.01351 0.01347 4066 s
