train rows 80000 val rows 4800
init val 0.22853
1 0.10484 0.04082 307 s
2 0.02664 0.01996 600 s
3 0.01787 0.01663 856 s
4 0.01594 0.01535 1108 s
5 0.01521 0.01518 1369 s
6 0.01481 0.01456 1620 s
7 0.01457 0.01444 1870 s
8 0.01438 0.01425 2120 s
9 0.01425 0.01405 2355 s
10 0.01414 0.01404 2551 s
11 0.01405 0.01395 2725 s
12 0.01396 0.01393 2862 s
13 0.0139 0.01378 2997 s
14 0.01384 0.01375 3128 s
15 0.01378 0.01367 3262 s
16 0.01373 0.01412 3395 s
17 0.01369 0.01363 3610 s
18 0.01364 0.01353 3825 s
19 0.01361 0.01357 4041 s
20 0.01357 0.01349 4249 s
