chains 15220 813
init val per step [0.01481 0.02041 0.02473 0.02816]
1 0.02125 [0.01514 0.02028 0.02416 0.02755] 77 s
2 0.0208 [0.01519 0.02014 0.02376 0.02677] 163 s
3 0.02063 [0.01511 0.02005 0.02358 0.0265 ] 250 s
4 0.02058 [0.01514 0.01998 0.02346 0.02633] 335 s
5 0.02052 [0.01513 0.02014 0.02373 0.02652] 419 s
6 0.02043 [0.01505 0.01996 0.02343 0.02616] 505 s
7 0.02041 [0.01516 0.02001 0.02347 0.02624] 587 s
8 0.02035 [0.01508 0.01998 0.02347 0.0263 ] 657 s
9 0.02032 [0.01514 0.01997 0.02348 0.02638] 727 s
10 0.02028 [0.01514 0.02005 0.02351 0.02628] 797 s
11 0.02023 [0.01507 0.01993 0.02338 0.02616] 866 s
12 0.02022 [0.01505 0.01991 0.02333 0.02601] 936 s
13 0.02019 [0.01503 0.01992 0.02335 0.02604] 1005 s
14 0.02015 [0.01508 0.01987 0.02328 0.02598] 1075 s
15 0.02017 [0.01503 0.01988 0.0233  0.02594] 1142 s
16 0.02011 [0.01506 0.01986 0.02332 0.02613] 1219 s
17 0.02013 [0.01498 0.01978 0.02316 0.02581] 1304 s
18 0.02011 [0.01501 0.01984 0.02321 0.02585] 1385 s
19 0.02009 [0.015   0.01982 0.02318 0.02582] 1492 s
20 0.02008 [0.01502 0.01981 0.02322 0.02595] 1621 s
