train rows 80000 val rows 4800
init val 0.04635
1 0.01891 0.01606 31 s
2 0.01596 0.01523 62 s
3 0.01548 0.01497 93 s
4 0.01519 0.01481 122 s
5 0.01502 0.01495 152 s
6 0.01486 0.01445 192 s
7 0.01477 0.0148 241 s
8 0.01467 0.01432 277 s
9 0.0146 0.01423 318 s
10 0.01454 0.01418 357 s
11 0.01448 0.01414 397 s
12 0.01443 0.01409 435 s
13 0.01438 0.01409 474 s
14 0.01434 0.01402 512 s
15 0.01429 0.01399 552 s
16 0.01427 0.01397 594 s
17 0.01424 0.01401 631 s
18 0.01421 0.0139 670 s
19 0.01418 0.0139 709 s
20 0.01415 0.01385 748 s
21 0.01413 0.01387 792 s
22 0.01411 0.01385 835 s
23 0.01409 0.01379 873 s
24 0.01407 0.01378 913 s
25 0.01406 0.01376 951 s
26 0.01404 0.01376 993 s
27 0.01403 0.01374 1030 s
28 0.01401 0.01373 1067 s
29 0.014 0.01372 1110 s
30 0.01399 0.01372 1174 s
31 0.01398 0.0137 1235 s
32 0.01398 0.0137 1304 s
33 0.01396 0.01369 1344 s
34 0.01396 0.01369 1392 s
35 0.01395 0.01369 1436 s
36 0.01395 0.01368 1477 s
37 0.01395 0.01369 1513 s
38 0.01394 0.01368 1554 s
39 0.01393 0.01367 1593 s
40 0.01393 0.01368 1633 s
