chains 15353 742
init val per step [0.01425 0.02032 0.02476 0.02836]
1 0.02111 [0.01464 0.02004 0.02382 0.0269 ] 85 s
2 0.0207 [0.01459 0.02003 0.0238  0.02686] 166 s
3 0.0206 [0.01457 0.01992 0.02361 0.02659] 247 s
4 0.02052 [0.0147  0.02001 0.02375 0.02678] 323 s
5 0.02042 [0.0145  0.01984 0.0235  0.02635] 375 s
6 0.0204 [0.01452 0.01983 0.0235  0.02641] 447 s
7 0.02035 [0.0146  0.01985 0.02348 0.02633] 547 s
8 0.02027 [0.01457 0.01998 0.02374 0.02679] 654 s
9 0.02024 [0.01452 0.01981 0.02349 0.0264 ] 716 s
10 0.0202 [0.0145  0.01978 0.02334 0.02613] 777 s
11 0.02018 [0.01451 0.01977 0.02342 0.02629] 838 s
12 0.02016 [0.01449 0.01977 0.02336 0.02611] 899 s
13 0.02011 [0.0145  0.01973 0.02331 0.02608] 961 s
14 0.0201 [0.01446 0.01973 0.02333 0.02609] 1021 s
15 0.02007 [0.01448 0.01975 0.02335 0.02614] 1124 s
16 0.02006 [0.01443 0.01972 0.02337 0.02619] 1255 s
17 0.02005 [0.01448 0.01974 0.02331 0.02605] 1443 s
18 0.02002 [0.01446 0.01969 0.0233  0.02605] 1636 s
19 0.02002 [0.01449 0.01974 0.02333 0.02613] 1819 s
20 0.01998 [0.01444 0.01968 0.02323 0.02598] 1990 s
21 0.01997 [0.01452 0.01975 0.02334 0.02612] 2142 s
22 0.01997 [0.01444 0.0197  0.02328 0.02606] 2313 s
23 0.01996 [0.01442 0.01965 0.02321 0.02594] 2395 s
24 0.01995 [0.01446 0.0197  0.02327 0.02603] 2465 s
25 0.01996 [0.01446 0.01968 0.02325 0.026  ] 2575 s
