chains 15290 799
init val per step [0.03045 0.03537 0.03728 0.03942]
1 0.03271 [0.0305  0.03444 0.0358  0.03713] 126 s
2 0.0323 [0.03025 0.03429 0.03554 0.03693] 227 s
3 0.03218 [0.03048 0.0344  0.03565 0.03696] 327 s
4 0.03208 [0.03046 0.03437 0.0356  0.03681] 442 s
5 0.03203 [0.03017 0.03425 0.03547 0.03683] 679 s
6 0.03194 [0.03021 0.03417 0.03541 0.03669] 924 s
7 0.03191 [0.03043 0.03425 0.03546 0.03664] 1195 s
8 0.03187 [0.03023 0.03416 0.03538 0.03665] 1321 s
9 0.03182 [0.03022 0.03413 0.03534 0.03661] 1428 s
10 0.0318 [0.0302  0.0341  0.03536 0.03663] 1532 s
11 0.03178 [0.03014 0.03406 0.03532 0.0366 ] 1640 s
12 0.03175 [0.03021 0.03407 0.0353  0.03653] 1753 s
13 0.03174 [0.03022 0.03412 0.03533 0.03657] 1870 s
14 0.0317 [0.03019 0.03408 0.0353  0.03653] 1983 s
15 0.03171 [0.0303  0.03409 0.03527 0.0365 ] 2137 s
16 0.03168 [0.03009 0.03401 0.03525 0.03654] 2288 s
17 0.03167 [0.03031 0.0341  0.0353  0.03648] 2418 s
18 0.03168 [0.03009 0.03401 0.03525 0.03653] 2548 s
19 0.03166 [0.03021 0.03404 0.03523 0.03645] 2699 s
20 0.03167 [0.03022 0.03408 0.03529 0.03651] 2875 s
