train rows 80000 val rows 4800
init val 0.18732
1 0.06519 0.03524 135 s
2 0.03177 0.02882 271 s
3 0.02849 0.02727 402 s
4 0.02761 0.02673 533 s
5 0.02726 0.02653 664 s
6 0.02701 0.02636 797 s
7 0.02686 0.02628 931 s
8 0.02674 0.02604 1065 s
9 0.02664 0.0261 1198 s
10 0.02656 0.02625 1332 s
11 0.02648 0.02596 1465 s
12 0.02643 0.02585 1595 s
13 0.02636 0.0259 1726 s
14 0.02629 0.02594 1857 s
15 0.02626 0.02578 1988 s
16 0.02621 0.02575 2118 s
17 0.02616 0.0257 2249 s
18 0.02611 0.02567 2380 s
19 0.02608 0.02569 2511 s
20 0.02604 0.02564 2642 s
