train rows 80000 val rows 4800
init val 0.2329
1 0.06404 0.03265 243 s
2 0.03044 0.02804 420 s
3 0.02821 0.02722 623 s
4 0.02756 0.02682 827 s
5 0.02723 0.02662 1030 s
6 0.02702 0.02636 1234 s
7 0.02686 0.02629 1437 s
8 0.02677 0.02622 1641 s
9 0.02667 0.02613 1845 s
10 0.02658 0.02599 2048 s
11 0.02651 0.02592 2252 s
12 0.02645 0.02588 2456 s
13 0.02639 0.02592 2660 s
14 0.02633 0.02591 2863 s
15 0.02628 0.02574 3048 s
16 0.02624 0.02571 3239 s
17 0.0262 0.02572 3431 s
18 0.02615 0.02569 3634 s
19 0.02612 0.02565 3842 s
20 0.02608 0.02567 4050 s
