train rows 80000 val rows 4800
init val 0.23857
1 0.11226 0.049 304 s
2 0.03774 0.03109 597 s
3 0.02984 0.02859 851 s
4 0.02819 0.02717 1100 s
5 0.02753 0.02682 1358 s
6 0.02721 0.02666 1605 s
7 0.027 0.02632 1852 s
8 0.02685 0.0263 2099 s
9 0.02675 0.02611 2337 s
10 0.02663 0.02597 2532 s
11 0.02656 0.02595 2712 s
12 0.02648 0.02594 2848 s
13 0.02641 0.02597 2982 s
14 0.02636 0.02586 3114 s
15 0.02631 0.02588 3245 s
16 0.02625 0.02581 3377 s
17 0.02621 0.02577 3580 s
18 0.02617 0.02569 3791 s
19 0.02613 0.02573 4004 s
20 0.02609 0.02572 4215 s
