train rows 80000 val rows 4800
init val 0.23236
1 0.06346 0.03218 62 s
2 0.0295 0.02728 108 s
3 0.02717 0.02678 162 s
4 0.02641 0.02587 223 s
5 0.026 0.02558 281 s
6 0.02578 0.02552 341 s
7 0.02559 0.02522 403 s
8 0.02545 0.02502 465 s
9 0.02534 0.02496 526 s
10 0.02524 0.02494 588 s
11 0.02515 0.02476 650 s
12 0.02507 0.02503 725 s
13 0.025 0.02479 803 s
14 0.02493 0.02472 882 s
15 0.02488 0.02465 978 s
16 0.02481 0.02461 1103 s
17 0.02477 0.0246 1221 s
18 0.02472 0.02451 1309 s
19 0.02468 0.02447 1392 s
20 0.02463 0.02442 1471 s
21 0.0246 0.02443 1560 s
22 0.02456 0.02443 1649 s
23 0.02453 0.02437 1743 s
24 0.02449 0.02434 1852 s
25 0.02447 0.02436 1945 s
26 0.02443 0.02435 1999 s
27 0.02441 0.02432 2050 s
28 0.02438 0.02428 2102 s
29 0.02435 0.02432 2167 s
30 0.02433 0.0243 2262 s
31 0.02431 0.02428 2351 s
32 0.02429 0.02427 2413 s
33 0.02427 0.02424 2497 s
34 0.02426 0.02424 2579 s
35 0.02425 0.02424 2662 s
36 0.02423 0.02423 2745 s
37 0.02423 0.02423 2827 s
38 0.02423 0.02423 2911 s
39 0.02422 0.02423 2993 s
40 0.02421 0.02422 3076 s
