train rows 80000 val rows 4800
init val 0.04876
1 0.02782 0.02638 30 s
2 0.02671 0.02626 50 s
3 0.02648 0.02605 65 s
4 0.02634 0.02594 88 s
5 0.02621 0.02582 113 s
6 0.02612 0.02575 153 s
7 0.02606 0.02613 241 s
8 0.02599 0.02559 370 s
9 0.02592 0.02557 480 s
10 0.02587 0.02548 540 s
11 0.02582 0.02546 595 s
12 0.02579 0.02539 660 s
13 0.02574 0.0255 717 s
14 0.0257 0.02536 768 s
15 0.02568 0.02529 805 s
16 0.02566 0.0253 844 s
17 0.02561 0.02528 882 s
18 0.02559 0.02528 920 s
19 0.02557 0.02525 957 s
20 0.02554 0.02521 996 s
21 0.02553 0.02519 1079 s
22 0.0255 0.02518 1168 s
23 0.02548 0.02513 1283 s
24 0.02546 0.02516 1376 s
25 0.02545 0.02518 1457 s
26 0.02544 0.0252 1545 s
27 0.02542 0.02511 1630 s
28 0.0254 0.02519 1690 s
