train rows 80000 val rows 4800
init val 0.04345
1 0.0236 0.02256 66 s
2 0.02261 0.02216 151 s
3 0.02239 0.02205 230 s
4 0.02225 0.02198 333 s
5 0.02214 0.02183 462 s
6 0.02206 0.02169 570 s
7 0.02197 0.02168 661 s
8 0.0219 0.02163 746 s
9 0.02185 0.02156 849 s
10 0.02178 0.0215 938 s
11 0.02175 0.02159 1030 s
12 0.02171 0.02143 1129 s
13 0.02167 0.02139 1229 s
14 0.02164 0.02137 1309 s
15 0.0216 0.02138 1364 s
16 0.02158 0.0214 1424 s
17 0.02156 0.02134 1505 s
18 0.02154 0.02136 1604 s
19 0.02151 0.02134 1690 s
20 0.02149 0.02127 1774 s
21 0.02147 0.02124 1871 s
22 0.02146 0.02128 1967 s
23 0.02144 0.02122 2064 s
24 0.02143 0.02121 2162 s
25 0.02141 0.02119 2259 s
26 0.02139 0.02124 2356 s
27 0.02137 0.0212 2442 s
28 0.02137 0.02117 2520 s
29 0.02136 0.02119 2598 s
30 0.02135 0.02117 2676 s
31 0.02134 0.02115 2755 s
32 0.02133 0.02116 2833 s
33 0.02133 0.02115 2911 s
34 0.02132 0.02114 2989 s
35 0.02132 0.02115 3051 s
36 0.02131 0.02114 3111 s
37 0.02131 0.02114 3175 s
38 0.0213 0.02113 3237 s
39 0.0213 0.02114 3299 s
40 0.0213 0.02113 3361 s
