train rows 169344 val rows 4800
init val 0.23279
1 0.04564 0.02687 144 s
2 0.02696 0.02545 289 s
3 0.02614 0.02508 435 s
4 0.02581 0.02482 581 s
5 0.02561 0.02476 726 s
6 0.02545 0.02468 866 s
7 0.02532 0.02449 1012 s
8 0.02523 0.02446 1165 s
9 0.02514 0.02431 1372 s
10 0.02505 0.02427 1622 s
11 0.02499 0.02422 1863 s
12 0.02492 0.0242 2105 s
13 0.02487 0.02415 2340 s
14 0.02482 0.02411 2493 s
15 0.02478 0.02408 2634 s
16 0.02474 0.02404 2775 s
17 0.02471 0.02403 2917 s
18 0.02469 0.02403 3054 s
19 0.02467 0.02401 3192 s
20 0.02467 0.02401 3329 s
