train rows 80000 val rows 4800
init val 0.26346
1 0.06168 0.03043 90 s
2 0.02783 0.02612 190 s
3 0.02613 0.02564 296 s
4 0.02552 0.02501 440 s
5 0.02517 0.02491 559 s
6 0.0249 0.02472 663 s
7 0.02473 0.02457 755 s
8 0.02458 0.02439 847 s
9 0.02446 0.02418 956 s
10 0.02432 0.02416 1055 s
11 0.02423 0.02402 1150 s
12 0.02414 0.02401 1243 s
13 0.02406 0.02409 1318 s
14 0.02397 0.02403 1391 s
15 0.02389 0.02397 1480 s
16 0.02381 0.02398 1597 s
17 0.02374 0.02385 1696 s
18 0.02366 0.02384 1811 s
19 0.02359 0.02378 1933 s
20 0.02351 0.0238 2057 s
21 0.02345 0.02388 2182 s
22 0.02339 0.02383 2306 s
23 0.02332 0.02378 2423 s
24 0.02325 0.02374 2524 s
25 0.02319 0.0238 2624 s
26 0.02313 0.02383 2725 s
27 0.02307 0.02377 2825 s
28 0.02302 0.02383 2926 s
29 0.02295 0.0238 3018 s
30 0.0229 0.02381 3097 s
31 0.02286 0.02383 3176 s
32 0.02281 0.02382 3255 s
33 0.02278 0.02385 3335 s
34 0.02275 0.02386 3404 s
35 0.02271 0.02387 3468 s
36 0.02269 0.02387 3535 s
37 0.02268 0.02387 3613 s
38 0.02266 0.02388 3686 s
39 0.02265 0.02388 3755 s
40 0.02265 0.02386 3826 s
