chains 15220 813
init val per step [0.03749 0.03962 0.04155 0.04298]
1 0.03283 [0.03095 0.03276 0.03372 0.03432] 98 s
2 0.03185 [0.03049 0.03246 0.0334  0.03405] 198 s
3 0.03153 [0.03044 0.03236 0.03326 0.03375] 299 s
4 0.03133 [0.03013 0.03221 0.03311 0.03366] 398 s
5 0.03117 [0.0302  0.03221 0.03315 0.03362] 498 s
6 0.03108 [0.03006 0.03216 0.03309 0.03362] 588 s
7 0.03097 [0.02994 0.03197 0.03298 0.03354] 671 s
8 0.03089 [0.03002 0.03209 0.03308 0.03359] 754 s
9 0.03081 [0.0298  0.03199 0.03292 0.03344] 838 s
10 0.03077 [0.02982 0.03192 0.03283 0.03334] 921 s
11 0.0307 [0.02992 0.03209 0.03301 0.03354] 1004 s
12 0.03065 [0.0297  0.03192 0.03288 0.03346] 1087 s
13 0.0306 [0.0297  0.0319  0.03284 0.03339] 1170 s
14 0.03056 [0.0297  0.03185 0.0328  0.03333] 1269 s
15 0.03053 [0.02967 0.03184 0.03277 0.0333 ] 1365 s
16 0.0305 [0.02971 0.03189 0.03282 0.03335] 1498 s
17 0.03048 [0.02971 0.0319  0.03284 0.0334 ] 1652 s
18 0.03046 [0.02971 0.03189 0.03281 0.03332] 1791 s
19 0.03044 [0.02966 0.03186 0.03283 0.0334 ] 1914 s
20 0.03045 [0.02965 0.03187 0.03282 0.03336] 2036 s
