prepared 1353 8 26s
init val mse per step (rollout from step 0): [0.0107  0.01769 0.02114 0.02589]
1 0.01916 [0.01127 0.01646 0.01938 0.02312] 9 s
2 0.01884 [0.01106 0.0161  0.01903 0.02255] 18 s
3 0.01857 [0.01099 0.01596 0.01892 0.02237] 27 s
4 0.01817 [0.01087 0.01582 0.0188  0.02228] 36 s
5 0.01835 [0.01091 0.01582 0.01864 0.02221] 45 s
6 0.01828 [0.01075 0.01572 0.01857 0.02195] 54 s
7 0.01825 [0.01069 0.01569 0.01853 0.02191] 63 s
8 0.01818 [0.01113 0.01588 0.01851 0.02187] 72 s
9 0.01812 [0.01092 0.01574 0.01855 0.02203] 81 s
10 0.0181 [0.01084 0.0158  0.01838 0.02189] 90 s
11 0.01798 [0.01081 0.01554 0.01841 0.02185] 99 s
12 0.01807 [0.01071 0.01565 0.01857 0.02212] 108 s
13 0.01804 [0.01082 0.01568 0.01849 0.02205] 117 s
14 0.01789 [0.01054 0.01575 0.01841 0.02198] 126 s
15 0.01802 [0.0106  0.01561 0.01834 0.02195] 135 s
16 0.01804 [0.01075 0.01565 0.01833 0.02183] 144 s
17 0.01801 [0.01065 0.01566 0.01829 0.0218 ] 153 s
18 0.01796 [0.01077 0.01561 0.01821 0.02163] 162 s
19 0.01788 [0.01062 0.01562 0.01852 0.0221 ] 171 s
20 0.01793 [0.0108  0.01564 0.01831 0.02182] 180 s
21 0.01801 [0.01063 0.01561 0.01832 0.02207] 189 s
22 0.0178 [0.01064 0.01556 0.01824 0.02174] 198 s
23 0.01777 [0.0107  0.01562 0.01833 0.02163] 207 s
24 0.01776 [0.01061 0.01566 0.01837 0.02178] 216 s
25 0.018 [0.01058 0.01557 0.01811 0.02168] 225 s
26 0.01772 [0.0107  0.01554 0.01829 0.02166] 234 s
27 0.01776 [0.01064 0.01556 0.01808 0.02169] 243 s
28 0.01763 [0.01061 0.01557 0.01816 0.02196] 252 s
29 0.01783 [0.01063 0.01552 0.01814 0.02164] 261 s
30 0.01772 [0.01062 0.01553 0.01827 0.02192] 270 s
31 0.01788 [0.01062 0.0155  0.01824 0.02177] 277 s
32 0.01769 [0.01061 0.01555 0.01827 0.0218 ] 287 s
33 0.01778 [0.01058 0.01559 0.0182  0.02161] 296 s
34 0.01778 [0.01063 0.01559 0.01814 0.02174] 306 s
35 0.01776 [0.01061 0.01553 0.01813 0.02162] 315 s
36 0.01764 [0.0107  0.01553 0.01818 0.02162] 325 s
37 0.01751 [0.01054 0.01559 0.01815 0.0216 ] 334 s
38 0.01772 [0.01062 0.01561 0.01821 0.0216 ] 344 s
39 0.01784 [0.01062 0.01554 0.01807 0.02154] 353 s
40 0.01759 [0.01061 0.01558 0.01813 0.0217 ] 363 s
41 0.01758 [0.01063 0.01553 0.01816 0.02153] 372 s
42 0.01778 [0.01063 0.01553 0.01815 0.02158] 382 s
43 0.01756 [0.01059 0.0156  0.01807 0.02152] 392 s
44 0.0176 [0.01062 0.01562 0.01821 0.02163] 401 s
45 0.01766 [0.01064 0.01556 0.01813 0.02164] 411 s
46 0.01778 [0.01063 0.01564 0.01811 0.02154] 420 s
47 0.01776 [0.01065 0.0156  0.01817 0.02161] 430 s
48 0.0177 [0.01064 0.01553 0.01818 0.02152] 439 s
49 0.01748 [0.01066 0.01557 0.0182  0.02154] 449 s
50 0.01758 [0.01059 0.01555 0.01815 0.02153] 458 s
51 0.01768 [0.01064 0.01562 0.01807 0.02149] 468 s
52 0.01778 [0.01061 0.01554 0.01818 0.02167] 477 s
53 0.01764 [0.01062 0.01563 0.01817 0.02158] 487 s
54 0.01762 [0.01062 0.01556 0.0181  0.02151] 496 s
55 0.01738 [0.01059 0.01555 0.01812 0.02158] 506 s
56 0.01736 [0.01061 0.01556 0.01812 0.02158] 515 s
57 0.0172 [0.0106  0.01558 0.0181  0.02154] 525 s
58 0.0174 [0.01058 0.01554 0.01808 0.02153] 535 s
59 0.01744 [0.01061 0.01555 0.01815 0.02157] 544 s
60 0.01784 [0.0106  0.01557 0.01808 0.02149] 554 s
