init val mse per step (rollout from step 0): [0.0106  0.01557 0.01808 0.02149]
1 0.02101 [0.01089 0.01572 0.0183  0.02154] 14 s
2 0.02084 [0.0108  0.01564 0.01821 0.02146] 28 s
3 0.02083 [0.01091 0.01573 0.01844 0.02168] 42 s
4 0.02081 [0.01073 0.01576 0.01821 0.02154] 56 s
5 0.02078 [0.0108  0.01569 0.01821 0.02158] 70 s
6 0.02065 [0.01081 0.01578 0.01814 0.02148] 84 s
7 0.02067 [0.0108  0.01578 0.0183  0.02166] 97 s
8 0.02059 [0.0108  0.01561 0.01815 0.02143] 111 s
9 0.02061 [0.01078 0.01571 0.01814 0.02148] 125 s
10 0.02056 [0.0107  0.01562 0.01826 0.02157] 139 s
11 0.02055 [0.01065 0.01558 0.01814 0.02153] 148 s
12 0.02055 [0.0108  0.01575 0.01829 0.02156] 161 s
13 0.0205 [0.0108  0.01575 0.01822 0.02152] 173 s
14 0.02047 [0.01083 0.01574 0.0183  0.02162] 185 s
15 0.0205 [0.01073 0.01554 0.01811 0.02154] 198 s
16 0.02048 [0.01067 0.01559 0.01812 0.02162] 210 s
17 0.0203 [0.01087 0.01583 0.0183  0.02158] 223 s
18 0.02042 [0.01075 0.01572 0.01818 0.02148] 235 s
19 0.02035 [0.01079 0.01575 0.0183  0.02154] 247 s
20 0.02035 [0.01085 0.0157  0.01827 0.02156] 260 s
21 0.02038 [0.01073 0.01565 0.01811 0.02141] 272 s
22 0.02032 [0.01085 0.01581 0.01824 0.02162] 285 s
23 0.02036 [0.01081 0.0157  0.01825 0.02151] 297 s
24 0.02031 [0.01079 0.0156  0.01828 0.02158] 309 s
25 0.02028 [0.01077 0.01573 0.01826 0.02156] 322 s
26 0.02024 [0.0107  0.01562 0.01822 0.02152] 334 s
27 0.02025 [0.01076 0.01577 0.01826 0.02151] 346 s
28 0.02016 [0.0108  0.01569 0.01817 0.0214 ] 359 s
29 0.02019 [0.0107  0.01558 0.01817 0.02148] 371 s
30 0.02021 [0.01075 0.01573 0.0183  0.02156] 384 s
31 0.02021 [0.01073 0.01571 0.01825 0.0215 ] 393 s
32 0.02019 [0.01071 0.01573 0.01818 0.02145] 406 s
33 0.02013 [0.0108  0.01575 0.01815 0.02139] 418 s
34 0.02018 [0.0107  0.01573 0.01823 0.02148] 431 s
35 0.02013 [0.01075 0.01573 0.01814 0.02138] 444 s
36 0.02016 [0.01074 0.01568 0.01822 0.02147] 457 s
37 0.02013 [0.01073 0.01574 0.01818 0.02142] 469 s
38 0.02018 [0.01073 0.01566 0.01816 0.02144] 482 s
39 0.02015 [0.0107  0.01564 0.01816 0.02147] 495 s
40 0.0201 [0.01073 0.01569 0.01813 0.0214 ] 508 s
41 0.02017 [0.01074 0.01566 0.01815 0.02141] 520 s
42 0.02013 [0.01075 0.01571 0.01814 0.02141] 533 s
43 0.02012 [0.01074 0.01562 0.01819 0.02146] 546 s
44 0.02011 [0.01073 0.01568 0.01816 0.02143] 558 s
45 0.02011 [0.01072 0.01566 0.01816 0.02144] 571 s
46 0.02013 [0.01075 0.01566 0.01832 0.02153] 584 s
47 0.02008 [0.0107  0.01569 0.01814 0.02139] 597 s
48 0.02007 [0.01073 0.01572 0.01816 0.02141] 621 s
49 0.02013 [0.01074 0.01566 0.01816 0.02146] 651 s
50 0.0201 [0.0107  0.01562 0.01817 0.02144] 681 s
