init val mse per step (rollout from step 0): [0.01271 0.01927 0.0217  0.02627]
1 0.02503 [0.01368 0.01811 0.0206  0.02434] 5 s
2 0.0237 [0.01321 0.01778 0.02013 0.02397] 10 s
3 0.02321 [0.01335 0.01735 0.01985 0.02367] 16 s
4 0.02315 [0.01318 0.01736 0.01978 0.02336] 21 s
5 0.02284 [0.0132  0.01739 0.01975 0.02333] 27 s
6 0.02262 [0.01287 0.01725 0.01975 0.02328] 32 s
7 0.02244 [0.01296 0.01726 0.0195  0.02311] 37 s
8 0.02232 [0.01313 0.01748 0.01978 0.02324] 45 s
9 0.02225 [0.0129  0.01726 0.01961 0.02307] 53 s
10 0.02216 [0.0126  0.01689 0.01919 0.02277] 61 s
11 0.02205 [0.01253 0.01699 0.01929 0.02274] 69 s
12 0.02202 [0.01252 0.01709 0.01943 0.02307] 77 s
13 0.02192 [0.01275 0.01721 0.01946 0.0229 ] 85 s
14 0.02187 [0.01279 0.01705 0.0194  0.02273] 93 s
15 0.02188 [0.0127  0.01706 0.01939 0.02275] 100 s
16 0.02172 [0.01236 0.0168  0.01915 0.02264] 108 s
17 0.0216 [0.01254 0.01707 0.01953 0.02289] 116 s
18 0.02166 [0.01253 0.01717 0.01968 0.02316] 124 s
19 0.02153 [0.01238 0.01698 0.01939 0.02275] 132 s
20 0.02157 [0.01237 0.01677 0.01911 0.0224 ] 140 s
21 0.02152 [0.01245 0.01697 0.01918 0.02263] 148 s
22 0.02151 [0.01269 0.01731 0.0198  0.02318] 156 s
23 0.02139 [0.01249 0.01691 0.01931 0.02266] 164 s
24 0.02143 [0.01246 0.01675 0.01918 0.02249] 172 s
25 0.02141 [0.01231 0.01706 0.01966 0.02307] 180 s
26 0.0213 [0.01223 0.0167  0.01916 0.02249] 188 s
27 0.02122 [0.0123  0.01679 0.01923 0.02257] 196 s
28 0.02115 [0.01243 0.01694 0.01939 0.02268] 204 s
29 0.02119 [0.01222 0.01665 0.0192  0.0225 ] 212 s
30 0.02114 [0.01215 0.01663 0.01929 0.02244] 220 s
31 0.02115 [0.01226 0.01688 0.01934 0.02272] 228 s
32 0.0211 [0.0121  0.01667 0.01917 0.0224 ] 236 s
33 0.02108 [0.01233 0.01684 0.01917 0.02249] 244 s
34 0.02107 [0.01208 0.01662 0.01904 0.02231] 252 s
35 0.02093 [0.01231 0.01679 0.0192  0.02246] 260 s
36 0.02103 [0.01224 0.01681 0.01942 0.02271] 268 s
37 0.02094 [0.01221 0.01674 0.0192  0.02245] 276 s
38 0.02099 [0.01225 0.01692 0.01937 0.02275] 284 s
39 0.02099 [0.01217 0.01673 0.01922 0.02247] 292 s
40 0.02088 [0.01214 0.01667 0.01914 0.02237] 300 s
41 0.02093 [0.01222 0.01676 0.01919 0.02237] 308 s
42 0.02087 [0.01217 0.01673 0.01916 0.02238] 315 s
43 0.02084 [0.01215 0.01658 0.01908 0.02229] 323 s
44 0.02085 [0.01205 0.01658 0.01898 0.02215] 332 s
45 0.02086 [0.01218 0.01675 0.01929 0.02241] 340 s
46 0.02082 [0.012   0.01656 0.01904 0.02238] 349 s
47 0.02076 [0.01216 0.01677 0.01922 0.02235] 357 s
48 0.02079 [0.01216 0.01685 0.01925 0.02243] 366 s
49 0.02078 [0.01228 0.0168  0.0193  0.02252] 374 s
50 0.02073 [0.01209 0.01665 0.01909 0.02231] 383 s
51 0.0207 [0.0122  0.01682 0.01922 0.02245] 391 s
52 0.02068 [0.01205 0.0167  0.01924 0.02254] 400 s
53 0.02068 [0.01216 0.01684 0.01925 0.02248] 408 s
54 0.02066 [0.01222 0.01686 0.01926 0.02242] 417 s
55 0.0207 [0.01214 0.01664 0.01904 0.02219] 425 s
56 0.02061 [0.01211 0.01667 0.01911 0.02231] 434 s
57 0.02063 [0.01217 0.01672 0.01916 0.02232] 442 s
58 0.0206 [0.01212 0.01671 0.01912 0.02228] 450 s
59 0.02055 [0.0121  0.01664 0.01907 0.02219] 459 s
60 0.02056 [0.01202 0.01656 0.01901 0.02218] 467 s
61 0.02061 [0.01211 0.01668 0.01906 0.02228] 476 s
62 0.02061 [0.01216 0.01673 0.01913 0.02227] 484 s
63 0.02054 [0.01222 0.01674 0.01917 0.02231] 493 s
64 0.02055 [0.01209 0.01662 0.01907 0.02225] 501 s
65 0.02055 [0.01212 0.01677 0.01917 0.02243] 510 s
66 0.02055 [0.01216 0.0167  0.01916 0.02232] 518 s
67 0.02052 [0.01209 0.0167  0.01916 0.0224 ] 527 s
68 0.0205 [0.01207 0.01659 0.01902 0.02217] 535 s
69 0.0205 [0.01213 0.01667 0.0191  0.02226] 544 s
70 0.02057 [0.01214 0.01678 0.01924 0.02243] 552 s
71 0.02051 [0.01212 0.01678 0.01927 0.02248] 561 s
72 0.02052 [0.01223 0.01689 0.0193  0.02245] 569 s
73 0.02057 [0.01213 0.01664 0.01908 0.02221] 578 s
74 0.02051 [0.01216 0.01676 0.0192  0.02235] 586 s
75 0.0205 [0.01201 0.01652 0.019   0.02217] 593 s
76 0.02052 [0.01214 0.01672 0.01912 0.02228] 599 s
77 0.02051 [0.01209 0.01661 0.01907 0.02221] 604 s
78 0.02053 [0.01211 0.01678 0.01929 0.02251] 610 s
79 0.02052 [0.01213 0.01666 0.01908 0.02225] 615 s
80 0.02044 [0.01209 0.01659 0.01908 0.0222 ] 621 s
