init val mse per step (rollout from step 0): [0.01271 0.01927 0.0217  0.02627]
1 0.01356 [0.01103 0.01784 0.02286 0.03116] 1 s
2 0.0135 [0.01088 0.01855 0.02511 0.03491] 2 s
3 0.01332 [0.01075 0.01797 0.02431 0.0333 ] 3 s
4 0.01303 [0.01071 0.01834 0.02502 0.03475] 3 s
5 0.01313 [0.01058 0.01879 0.02587 0.03602] 4 s
6 0.013 [0.01048 0.01866 0.02595 0.03655] 5 s
7 0.01306 [0.01055 0.01868 0.02644 0.03745] 6 s
8 0.01305 [0.01054 0.01851 0.02549 0.03523] 7 s
9 0.01294 [0.01038 0.01926 0.02717 0.03858] 8 s
10 0.01285 [0.01052 0.0191  0.02682 0.03792] 9 s
11 0.01281 [0.0107  0.01915 0.02757 0.03942] 9 s
12 0.01286 [0.0105  0.01908 0.0259  0.03605] 10 s
13 0.01271 [0.01055 0.01901 0.02608 0.03653] 11 s
14 0.01306 [0.01047 0.01964 0.02694 0.03747] 12 s
15 0.01271 [0.01047 0.01862 0.02561 0.0352 ] 13 s
16 0.01304 [0.01049 0.01895 0.02641 0.03686] 14 s
17 0.01289 [0.0104  0.01915 0.02729 0.03876] 14 s
18 0.0131 [0.01054 0.01916 0.02721 0.03877] 15 s
19 0.01271 [0.01051 0.01862 0.02601 0.03614] 16 s
20 0.01285 [0.01045 0.01936 0.0268  0.03776] 17 s
21 0.01281 [0.01052 0.01907 0.0273  0.03877] 18 s
22 0.01266 [0.01037 0.01884 0.02632 0.03678] 18 s
23 0.01277 [0.01041 0.0192  0.02716 0.03875] 19 s
24 0.01282 [0.01042 0.01918 0.02702 0.03849] 20 s
25 0.01296 [0.01046 0.01904 0.02673 0.03773] 21 s
26 0.01269 [0.01045 0.01935 0.02737 0.03888] 22 s
27 0.01256 [0.01036 0.0192  0.02689 0.03768] 23 s
28 0.01284 [0.01037 0.01909 0.02714 0.03841] 23 s
29 0.01276 [0.01039 0.01913 0.02631 0.0367 ] 24 s
30 0.01247 [0.01039 0.01908 0.02716 0.03851] 25 s
31 0.0128 [0.01035 0.01914 0.02674 0.03772] 26 s
32 0.0124 [0.01016 0.01923 0.02709 0.03843] 27 s
33 0.01259 [0.01036 0.01929 0.02779 0.03951] 28 s
34 0.01266 [0.01025 0.01903 0.02677 0.03805] 28 s
35 0.01281 [0.01025 0.01911 0.02712 0.03818] 29 s
36 0.0128 [0.01023 0.01898 0.02663 0.03745] 30 s
37 0.01258 [0.01036 0.01911 0.02665 0.03772] 31 s
38 0.01238 [0.01023 0.01898 0.02663 0.03761] 32 s
39 0.01263 [0.01033 0.01913 0.02695 0.03832] 33 s
40 0.01236 [0.0103  0.01913 0.02661 0.03776] 33 s
41 0.01246 [0.01019 0.01913 0.02703 0.03867] 34 s
42 0.01295 [0.01029 0.01917 0.027   0.03842] 35 s
43 0.01245 [0.01023 0.01901 0.02666 0.03779] 36 s
44 0.01242 [0.01029 0.01917 0.02716 0.03859] 37 s
45 0.01288 [0.01025 0.01908 0.02697 0.03824] 38 s
46 0.01257 [0.0102  0.01912 0.02684 0.03761] 38 s
47 0.01292 [0.01027 0.01908 0.02658 0.03715] 39 s
48 0.0126 [0.01022 0.01918 0.02702 0.03822] 40 s
49 0.01233 [0.01019 0.01911 0.02674 0.03763] 41 s
50 0.01252 [0.01022 0.01926 0.02721 0.03879] 42 s
51 0.01251 [0.01019 0.01904 0.02662 0.03749] 43 s
52 0.01264 [0.01023 0.01898 0.02657 0.03746] 43 s
53 0.01275 [0.01024 0.01909 0.02676 0.03799] 44 s
54 0.01247 [0.01023 0.01902 0.02663 0.03735] 45 s
55 0.01212 [0.01025 0.01917 0.027   0.03838] 46 s
56 0.01289 [0.01024 0.01921 0.02712 0.03849] 47 s
57 0.01233 [0.01022 0.01907 0.02662 0.03745] 48 s
58 0.01259 [0.01024 0.0192  0.02703 0.03842] 48 s
59 0.01248 [0.01026 0.0192  0.02708 0.0386 ] 49 s
60 0.01265 [0.01024 0.01912 0.02686 0.03801] 50 s
