init val mse per step (rollout from step 0): [0.01271 0.01927 0.0217  0.02627]
1 0.02046 [0.01259 0.01695 0.01998 0.0241 ] 3 s
2 0.02019 [0.01236 0.01683 0.01983 0.02414] 5 s
3 0.01972 [0.01228 0.01669 0.01964 0.02339] 7 s
4 0.01932 [0.01208 0.01643 0.01951 0.0234 ] 10 s
5 0.01947 [0.01208 0.01668 0.01942 0.02324] 12 s
6 0.0194 [0.01212 0.01662 0.01935 0.02319] 14 s
7 0.0193 [0.01197 0.01669 0.01932 0.02308] 16 s
8 0.0191 [0.01228 0.0172  0.01967 0.02321] 19 s
9 0.01909 [0.01204 0.01647 0.01922 0.02283] 21 s
10 0.01901 [0.01176 0.01642 0.01903 0.02294] 23 s
11 0.01908 [0.01208 0.01659 0.01918 0.0228 ] 25 s
12 0.019 [0.01216 0.01648 0.01905 0.02272] 28 s
13 0.01893 [0.01206 0.01625 0.01913 0.02312] 30 s
14 0.01887 [0.0118  0.01688 0.01949 0.0232 ] 32 s
15 0.01885 [0.01166 0.01629 0.01898 0.02289] 35 s
16 0.01885 [0.01171 0.0164  0.01896 0.02261] 37 s
17 0.01889 [0.01176 0.01637 0.01902 0.02262] 39 s
18 0.01876 [0.01183 0.01669 0.01915 0.02273] 42 s
19 0.01869 [0.01163 0.01621 0.01903 0.02274] 44 s
20 0.01875 [0.01174 0.0162  0.01897 0.02269] 46 s
21 0.01885 [0.01176 0.01614 0.01898 0.02282] 48 s
22 0.01856 [0.01162 0.01619 0.01895 0.02254] 51 s
23 0.0186 [0.01176 0.01623 0.01902 0.02251] 52 s
24 0.01849 [0.01173 0.01639 0.01918 0.02271] 53 s
25 0.01879 [0.0117  0.01642 0.01912 0.02271] 55 s
26 0.01852 [0.01168 0.01605 0.01884 0.02244] 56 s
27 0.01851 [0.01166 0.01613 0.01885 0.02257] 58 s
28 0.01838 [0.01143 0.01603 0.01886 0.02274] 59 s
29 0.01853 [0.01176 0.01624 0.01906 0.02259] 60 s
30 0.01836 [0.01151 0.0162  0.01895 0.02277] 62 s
31 0.01853 [0.01159 0.01614 0.01899 0.02253] 63 s
32 0.01841 [0.01162 0.01617 0.01895 0.02264] 65 s
33 0.01858 [0.01165 0.01604 0.01881 0.02238] 66 s
34 0.01849 [0.01156 0.01612 0.01895 0.02258] 67 s
35 0.01846 [0.01171 0.01622 0.01898 0.02245] 69 s
36 0.01838 [0.01169 0.01612 0.01889 0.02254] 70 s
37 0.01821 [0.01158 0.0162  0.01891 0.02255] 71 s
38 0.01843 [0.01158 0.01619 0.0189  0.02243] 73 s
39 0.01848 [0.01158 0.01625 0.01884 0.02248] 74 s
40 0.01828 [0.01158 0.01619 0.01896 0.02254] 76 s
41 0.01822 [0.01159 0.01621 0.01901 0.02253] 77 s
42 0.0184 [0.01161 0.01613 0.01894 0.02249] 78 s
43 0.01818 [0.01154 0.01609 0.01888 0.02247] 80 s
44 0.01838 [0.01154 0.01607 0.01885 0.02253] 81 s
45 0.01835 [0.01162 0.01617 0.01891 0.02242] 83 s
46 0.01854 [0.01165 0.0164  0.01914 0.02261] 84 s
47 0.01846 [0.0116  0.01621 0.01902 0.02244] 85 s
48 0.01835 [0.01161 0.01616 0.01893 0.02241] 87 s
49 0.01818 [0.01166 0.01622 0.01898 0.02242] 88 s
50 0.01826 [0.01148 0.01606 0.01893 0.02247] 90 s
51 0.01837 [0.01154 0.01612 0.01891 0.02241] 91 s
52 0.01842 [0.01149 0.01605 0.01891 0.02251] 92 s
53 0.01823 [0.0116  0.01635 0.01913 0.02259] 94 s
54 0.01827 [0.01154 0.01609 0.01885 0.02236] 95 s
55 0.01801 [0.01154 0.01613 0.01887 0.0224 ] 96 s
56 0.01804 [0.01155 0.01618 0.01894 0.02247] 98 s
57 0.01784 [0.01151 0.01613 0.01889 0.02243] 99 s
58 0.01803 [0.01152 0.0161  0.01888 0.02241] 101 s
59 0.01816 [0.01156 0.01615 0.01889 0.02243] 102 s
60 0.01851 [0.0115  0.01601 0.01885 0.02241] 103 s
