init [0.00249 0.00569 0.00958 0.01349]
1 0.00593 [0.00269 0.00464 0.00632 0.00732] 12 s
2 0.00585 [0.00267 0.00466 0.0063  0.00737] 23 s
3 0.0058 [0.00266 0.00467 0.00635 0.0075 ] 35 s
4 0.00568 [0.00273 0.00466 0.00621 0.00723] 46 s
5 0.0058 [0.00273 0.00465 0.00622 0.00728] 57 s
6 0.00571 [0.00271 0.00462 0.00615 0.00722] 69 s
7 0.00573 [0.00278 0.00467 0.00614 0.00711] 80 s
8 0.00568 [0.00276 0.00469 0.00619 0.00723] 92 s
9 0.00562 [0.00274 0.00461 0.00606 0.00699] 103 s
10 0.00563 [0.00272 0.00462 0.00606 0.00703] 114 s
11 0.00559 [0.00267 0.00454 0.00596 0.00697] 126 s
12 0.00561 [0.00272 0.0046  0.00604 0.00696] 137 s
13 0.00561 [0.00269 0.00453 0.00598 0.00696] 149 s
14 0.00554 [0.0027  0.00457 0.00602 0.00701] 160 s
15 0.0056 [0.00263 0.00448 0.00592 0.00695] 171 s
16 0.00555 [0.00271 0.00455 0.00591 0.00688] 183 s
17 0.00554 [0.00267 0.00447 0.00588 0.00683] 194 s
18 0.00555 [0.00268 0.0045  0.00591 0.00689] 206 s
19 0.0055 [0.00267 0.00448 0.0059  0.00689] 217 s
20 0.00554 [0.00265 0.00447 0.00587 0.00689] 228 s
21 0.00551 [0.00265 0.00446 0.00584 0.00684] 240 s
22 0.00544 [0.00267 0.00449 0.00592 0.00691] 251 s
23 0.00543 [0.00268 0.00451 0.00598 0.00695] 263 s
24 0.00545 [0.00272 0.00457 0.00602 0.00692] 274 s
25 0.0055 [0.00265 0.00445 0.00586 0.0068 ] 286 s
26 0.00545 [0.00266 0.00447 0.00587 0.00685] 297 s
27 0.00547 [0.00263 0.00445 0.00587 0.00685] 308 s
28 0.00548 [0.00263 0.00443 0.00584 0.00679] 320 s
29 0.00547 [0.00264 0.00445 0.00582 0.00677] 331 s
30 0.00541 [0.00263 0.00444 0.00585 0.0068 ] 343 s
31 0.00548 [0.00266 0.00449 0.00588 0.00681] 354 s
32 0.00539 [0.00264 0.00445 0.00585 0.00678] 365 s
33 0.00545 [0.00262 0.00443 0.00583 0.00678] 377 s
34 0.00548 [0.00263 0.00444 0.00584 0.00676] 388 s
35 0.00546 [0.00263 0.00442 0.00582 0.00677] 400 s
36 0.00542 [0.00264 0.00445 0.00584 0.00677] 411 s
37 0.00536 [0.00264 0.00444 0.00584 0.00678] 422 s
38 0.00539 [0.00262 0.00442 0.00583 0.00677] 434 s
39 0.00546 [0.00265 0.00445 0.00585 0.00678] 445 s
40 0.00538 [0.00264 0.00444 0.00583 0.00675] 457 s
