Config: Baselines/NFD/configs/nfd_train_flow_coarse16_L20mm_pilot.yaml
Device: cuda
Training on cuda, epochs 0→40, log_dir=Baselines/NFD/runs/flow_coarse16_L20mm_pilot
Train: 768  Val: 128  Test: 128
Epoch    1: trn=0.022260  val=0.016217  iou=0.4928  chg_mse=0.645931  best=1
Epoch    2: trn=0.015855  val=0.014611  iou=0.5391  chg_mse=0.689292  best=2
Epoch    3: trn=0.014107  val=0.013202  iou=0.5707  chg_mse=0.687069  best=3
Epoch    4: trn=0.012869  val=0.012237  iou=0.6005  chg_mse=0.661079  best=4
Epoch    5: trn=0.011965  val=0.011450  iou=0.6369  chg_mse=0.685691  best=5
Epoch    6: trn=0.011394  val=0.011152  iou=0.6464  chg_mse=0.684272  best=6
Epoch    7: trn=0.010971  val=0.011162  iou=0.6483  chg_mse=0.682980  best=6
Epoch    8: trn=0.010687  val=0.010452  iou=0.6612  chg_mse=0.607347  best=8
Epoch    9: trn=0.010458  val=0.010253  iou=0.6627  chg_mse=0.578309  best=9
Epoch   10: trn=0.010211  val=0.010043  iou=0.6668  chg_mse=0.551186  best=10
Epoch   11: trn=0.009827  val=0.009658  iou=0.6795  chg_mse=0.574858  best=11
Epoch   12: trn=0.009507  val=0.009270  iou=0.6866  chg_mse=0.531281  best=12
Epoch   13: trn=0.009290  val=0.009160  iou=0.6887  chg_mse=0.509525  best=13
Epoch   14: trn=0.009149  val=0.009017  iou=0.6908  chg_mse=0.521947  best=14
Epoch   15: trn=0.009051  val=0.008986  iou=0.6911  chg_mse=0.521984  best=15
Epoch   16: trn=0.008910  val=0.009076  iou=0.6859  chg_mse=0.474565  best=15
Epoch   17: trn=0.008851  val=0.009162  iou=0.6842  chg_mse=0.490710  best=15
Epoch   18: trn=0.008747  val=0.009205  iou=0.6806  chg_mse=0.467380  best=15
Epoch   19: trn=0.008682  val=0.008706  iou=0.6980  chg_mse=0.496426  best=19
Epoch   20: trn=0.008624  val=0.008597  iou=0.7009  chg_mse=0.469179  best=20
Epoch   21: trn=0.008639  val=0.008670  iou=0.6959  chg_mse=0.478147  best=20
Epoch   22: trn=0.008524  val=0.008629  iou=0.7013  chg_mse=0.512655  best=20
Epoch   23: trn=0.008480  val=0.008384  iou=0.7076  chg_mse=0.488714  best=23
Epoch   24: trn=0.008453  val=0.008633  iou=0.6970  chg_mse=0.433153  best=23
Epoch   25: trn=0.008366  val=0.008330  iou=0.7037  chg_mse=0.438584  best=25
Epoch   26: trn=0.008342  val=0.008315  iou=0.7075  chg_mse=0.454740  best=26
Epoch   27: trn=0.008293  val=0.008252  iou=0.7131  chg_mse=0.479263  best=27
Epoch   28: trn=0.008269  val=0.008176  iou=0.7091  chg_mse=0.449863  best=28
Epoch   29: trn=0.008209  val=0.008093  iou=0.7135  chg_mse=0.439638  best=29
Epoch   30: trn=0.008186  val=0.008167  iou=0.7119  chg_mse=0.475035  best=29
Epoch   31: trn=0.008146  val=0.008167  iou=0.7122  chg_mse=0.457358  best=29
Epoch   32: trn=0.008105  val=0.008090  iou=0.7144  chg_mse=0.437047  best=32
Epoch   33: trn=0.008083  val=0.008167  iou=0.7092  chg_mse=0.427140  best=32
Epoch   34: trn=0.008020  val=0.007815  iou=0.7228  chg_mse=0.434999  best=34
Epoch   35: trn=0.007997  val=0.008103  iou=0.7119  chg_mse=0.446606  best=34
Epoch   36: trn=0.007963  val=0.007843  iou=0.7191  chg_mse=0.407611  best=34
Epoch   37: trn=0.007920  val=0.007854  iou=0.7183  chg_mse=0.396986  best=34
Epoch   38: trn=0.007875  val=0.007813  iou=0.7231  chg_mse=0.431253  best=38
Epoch   39: trn=0.007850  val=0.007758  iou=0.7223  chg_mse=0.400991  best=39
Epoch   40: trn=0.007824  val=0.008154  iou=0.7070  chg_mse=0.377861  best=39

=== Test metrics ===
  prob_mse: 0.009055
  zero_mse: 0.027576
  copy_mse: 0.014353
  hard_iou: 0.679878
  hard_dice: 0.789800
  changed_mse: 0.401342
  changed_copy_mse: 1.000000
  changed_pixel_frac: 0.014353

=== Training complete ===
  Best val loss : 0.007758  (epoch 39)
  Model card    : Baselines/NFD/runs/flow_coarse16_L20mm_pilot/model_card.yaml
  Log dir       : Baselines/NFD/runs/flow_coarse16_L20mm_pilot
