train rows 98304, files 192, rows/file 512 -> 192 groups
  GROUPED lambda sweep global: 0.0001:+0.3246, 0.001:+0.3246, 0.01:+0.3247, 0.1:+0.3249, 1:+0.3253, 10:+0.3261, 100:+0.3265, 1000:+0.3251  -> lambda=100
  GROUPED lambda sweep switched: 0.0001:+0.4393, 0.001:+0.4396, 0.01:+0.4404, 0.1:+0.4424, 1:+0.4462, 10:+0.4500, 100:+0.4504, 1000:+0.4377  -> lambda=100
  bin 0 n_train 7428 n_test 811 latent_r2 0.08590112104938641
  bin 1 n_train 18330 n_test 2042 latent_r2 0.2937219502345202
  bin 2 n_train 24925 n_test 2769 latent_r2 0.30793397212111073
  bin 3 n_train 22275 n_test 2413 latent_r2 0.37233308566848344
  bin 4 n_train 18680 n_test 1958 latent_r2 0.47579770632993046
  bin 5 n_train 6666 n_test 759 latent_r2 0.5265322261214034

== latent R2 (test, vs dz=0), GROUPED lambda selection ==
  dz=0 (do nothing, in-latent persistence)         +0.0000
  global (single operator, one bin)                +0.2925
  switched HARD, 6 push-length bins                +0.4124

== EXP-0019 LeJEPA-TRAINED encoder  n_train 98304 ||mean z|| 0.802 centred_rms 1.0100 ==
  centred  lambda    global_train global_test  switched_train switched_test
  True       0.01   +0.3341      +0.2920       +0.4693        +0.4055
  True        0.1   +0.3340      +0.2921       +0.4689        +0.4069
  True          1   +0.3338      +0.2923       +0.4677        +0.4097
  True         10   +0.3331      +0.2925       +0.4648        +0.4126
  True        100   +0.3316      +0.2925       +0.4597        +0.4124
  True       1000   +0.3287      +0.2915       +0.4456        +0.3998
  True      10000   +0.3167      +0.2806       +0.3994        +0.3506
  True     100000   +0.2733      +0.2351       +0.2989        +0.2501
  False      0.01   +0.3341      +0.2920       +0.4693        +0.4055
  False       0.1   +0.3340      +0.2921       +0.4689        +0.4069
  False         1   +0.3338      +0.2923       +0.4677        +0.4097
  False        10   +0.3331      +0.2925       +0.4648        +0.4126
  False       100   +0.3316      +0.2925       +0.4597        +0.4124
  False      1000   +0.3287      +0.2915       +0.4456        +0.3998
  False     10000   +0.3167      +0.2807       +0.4001        +0.3511
  False    100000   +0.2741      +0.2362       +0.3033        +0.2546
  bin counts (train): [7428, 18330, 24925, 22275, 18680, 6666]

== EXP-0016 FROZEN RANDOM encoder  n_train 98304 ||mean z|| 5.517 centred_rms 0.0540 ==
  centred  lambda    global_train global_test  switched_train switched_test
  True       0.01   +0.2364      +0.2079       +0.3184        +0.2636
  True        0.1   +0.2363      +0.2081       +0.3176        +0.2657
  True          1   +0.2358      +0.2087       +0.3146        +0.2693
  True         10   +0.2335      +0.2090       +0.3018        +0.2662
  True        100   +0.2207      +0.1999       +0.2545        +0.2292
  True       1000   +0.1742      +0.1583       +0.1771        +0.1608
  True      10000   +0.1140      +0.1036       +0.1051        +0.0993
  True     100000   +0.0597      +0.0568       +0.0312        +0.0304
  False      0.01   +0.2364      +0.2079       +0.3184        +0.2636
  False       0.1   +0.2363      +0.2081       +0.3176        +0.2657
  False         1   +0.2358      +0.2087       +0.3146        +0.2692
  False        10   +0.2335      +0.2090       +0.3016        +0.2660
  False       100   +0.2204      +0.1996       +0.2541        +0.2286
  False      1000   +0.1738      +0.1578       +0.1752        +0.1586
  False     10000   +0.1118      +0.1014       +0.1127        +0.1049
  False    100000   +0.0682      +0.0631       +0.0824        +0.0790
  bin counts (train): [7428, 18330, 24925, 22275, 18680, 6666]
