[38;5;159m[Genesis] [00:21:53] [INFO] [38;5;121m╭───────────────────────────────────────────────╮[0m[38;5;159m[0m
[38;5;159m[Genesis] [00:21:53] [INFO] [38;5;121m│┈┉┈┉┈┉┈┉┈┉┈┉┈┉┈┉┈┉┈[0m[38;5;159m [38;5;121m[1m[3mGenesis[0m[38;5;159m [38;5;121m┈┉┈┉┈┉┈┉┈┉┈┉┈┉┈┉┈┉┈│[0m[38;5;159m[0m
[38;5;159m[Genesis] [00:21:53] [INFO] [38;5;121m╰───────────────────────────────────────────────╯[0m[38;5;159m[0m
[38;5;159m[Genesis] [00:21:53] [INFO] Running on [38;5;121m[4m[NVIDIA GeForce RTX 4070 Laptop GPU][0m[38;5;159m with backend [38;5;121m[4mgs.cuda[0m[38;5;159m. Device memory: [38;5;121m[4m7.62[0m[38;5;159m GB.[0m
[38;5;159m[Genesis] [00:21:53] [INFO] 🚀 Genesis initialized. 🔖 version: [38;5;121m[4m1.3.3[0m[38;5;159m, 🎨 theme: [38;5;121m[4mdark[0m[38;5;159m, 🌱 seed: [38;5;121m[4mNone[0m[38;5;159m, 🐛 debug: [38;5;121m[4mFalse[0m[38;5;159m, 📏 precision: [38;5;121m[4m32[0m[38;5;159m, 🔥 performance: [38;5;121m[4mTrue[0m[38;5;159m, 💬 verbose: [38;5;121m[4mINFO[0m[38;5;159m[0m
[38;5;159m[Genesis] [00:21:55] [INFO] Scene [38;5;121m[3m<83acadb>[0m[38;5;159m created.[0m
[38;5;159m[Genesis] [00:21:55] [INFO] Adding [38;5;121m<gs.engine.entities.RigidEntity>[0m[38;5;159m. idx: [38;5;121m0[0m[38;5;159m, uid: [38;5;121m[3m<3de7331>[0m[38;5;159m, morph: [38;5;121m<gs.morphs.Plane>[0m[38;5;159m, material: [38;5;121m<gs.materials.Rigid>[0m[38;5;159m.[0m
[38;5;159m[Genesis] [00:21:55] [INFO] Adding [38;5;121m<gs.engine.entities.RigidEntity>[0m[38;5;159m. idx: [38;5;121m1[0m[38;5;159m, uid: [38;5;121m[3m<91f17f3>[0m[38;5;159m, morph: [38;5;121m<gs.morphs.Box>[0m[38;5;159m, material: [38;5;121m<gs.materials.Rigid>[0m[38;5;159m.[0m
[38;5;159m[Genesis] [00:21:55] [INFO] Adding [38;5;121m<gs.engine.entities.RigidEntity>[0m[38;5;159m. idx: [38;5;121m2[0m[38;5;159m, uid: [38;5;121m[3m<2d9eb07>[0m[38;5;159m, morph: [38;5;121m<gs.morphs.Box>[0m[38;5;159m, material: [38;5;121m<gs.materials.Rigid>[0m[38;5;159m.[0m
[38;5;159m[Genesis] [00:21:55] [INFO] Adding [38;5;121m<gs.engine.entities.RigidEntity>[0m[38;5;159m. idx: [38;5;121m3[0m[38;5;159m, uid: [38;5;121m[3m<f7cb71e>[0m[38;5;159m, morph: [38;5;121m<gs.morphs.Box>[0m[38;5;159m, material: [38;5;121m<gs.materials.Rigid>[0m[38;5;159m.[0m
[38;5;159m[Genesis] [00:21:55] [INFO] Adding [38;5;121m<gs.engine.entities.RigidEntity>[0m[38;5;159m. idx: [38;5;121m4[0m[38;5;159m, uid: [38;5;121m[3m<d6a8ea2>[0m[38;5;159m, morph: [38;5;121m<gs.morphs.Box>[0m[38;5;159m, material: [38;5;121m<gs.materials.Rigid>[0m[38;5;159m.[0m
[38;5;159m[Genesis] [00:21:55] [INFO] Adding [38;5;121m<gs.engine.entities.RigidEntity>[0m[38;5;159m. idx: [38;5;121m5[0m[38;5;159m, uid: [38;5;121m[3m<7554eb3>[0m[38;5;159m, morph: [38;5;121m<gs.morphs.Box>[0m[38;5;159m, material: [38;5;121m<gs.materials.Rigid>[0m[38;5;159m.[0m
[38;5;159m[Genesis] [00:21:55] [INFO] Adding [38;5;121m<gs.engine.entities.RigidEntity>[0m[38;5;159m. idx: [38;5;121m6[0m[38;5;159m, uid: [38;5;121m[3m<ac24af1>[0m[38;5;159m, morph: [38;5;121m<gs.morphs.Box>[0m[38;5;159m, material: [38;5;121m<gs.materials.Rigid>[0m[38;5;159m.[0m
[38;5;159m[Genesis] [00:21:55] [INFO] Adding [38;5;121m<gs.engine.entities.RigidEntity>[0m[38;5;159m. idx: [38;5;121m7[0m[38;5;159m, uid: [38;5;121m[3m<29c0aa3>[0m[38;5;159m, morph: [38;5;121m<gs.morphs.Box>[0m[38;5;159m, material: [38;5;121m<gs.materials.Rigid>[0m[38;5;159m.[0m
[38;5;159m[Genesis] [00:21:55] [INFO] Adding [38;5;121m<gs.engine.entities.RigidEntity>[0m[38;5;159m. idx: [38;5;121m8[0m[38;5;159m, uid: [38;5;121m[3m<9ed324e>[0m[38;5;159m, morph: [38;5;121m<gs.morphs.Box>[0m[38;5;159m, material: [38;5;121m<gs.materials.Rigid>[0m[38;5;159m.[0m
[38;5;159m[Genesis] [00:21:55] [INFO] Adding [38;5;121m<gs.engine.entities.RigidEntity>[0m[38;5;159m. idx: [38;5;121m9[0m[38;5;159m, uid: [38;5;121m[3m<7ba0838>[0m[38;5;159m, morph: [38;5;121m<gs.morphs.Box>[0m[38;5;159m, material: [38;5;121m<gs.materials.Rigid>[0m[38;5;159m.[0m
[38;5;159m[Genesis] [00:21:55] [INFO] Adding [38;5;121m<gs.engine.entities.RigidEntity>[0m[38;5;159m. idx: [38;5;121m10[0m[38;5;159m, uid: [38;5;121m[3m<3549d7b>[0m[38;5;159m, morph: [38;5;121m<gs.morphs.Box>[0m[38;5;159m, material: [38;5;121m<gs.materials.Rigid>[0m[38;5;159m.[0m
[38;5;159m[Genesis] [00:21:55] [INFO] Adding [38;5;121m<gs.engine.entities.RigidEntity>[0m[38;5;159m. idx: [38;5;121m11[0m[38;5;159m, uid: [38;5;121m[3m<3894fe2>[0m[38;5;159m, morph: [38;5;121m<gs.morphs.Box>[0m[38;5;159m, material: [38;5;121m<gs.materials.Rigid>[0m[38;5;159m.[0m
[38;5;159m[Genesis] [00:21:55] [INFO] Adding [38;5;121m<gs.engine.entities.RigidEntity>[0m[38;5;159m. idx: [38;5;121m12[0m[38;5;159m, uid: [38;5;121m[3m<3494de0>[0m[38;5;159m, morph: [38;5;121m<gs.morphs.Box>[0m[38;5;159m, material: [38;5;121m<gs.materials.Rigid>[0m[38;5;159m.[0m
[38;5;159m[Genesis] [00:21:55] [INFO] Adding [38;5;121m<gs.engine.entities.RigidEntity>[0m[38;5;159m. idx: [38;5;121m13[0m[38;5;159m, uid: [38;5;121m[3m<48754f0>[0m[38;5;159m, morph: [38;5;121m<gs.morphs.Box>[0m[38;5;159m, material: [38;5;121m<gs.materials.Rigid>[0m[38;5;159m.[0m
[38;5;159m[Genesis] [00:21:55] [INFO] Adding [38;5;121m<gs.engine.entities.RigidEntity>[0m[38;5;159m. idx: [38;5;121m14[0m[38;5;159m, uid: [38;5;121m[3m<950c720>[0m[38;5;159m, morph: [38;5;121m<gs.morphs.Box>[0m[38;5;159m, material: [38;5;121m<gs.materials.Rigid>[0m[38;5;159m.[0m
[38;5;159m[Genesis] [00:21:55] [INFO] Adding [38;5;121m<gs.engine.entities.RigidEntity>[0m[38;5;159m. idx: [38;5;121m15[0m[38;5;159m, uid: [38;5;121m[3m<265fc6f>[0m[38;5;159m, morph: [38;5;121m<gs.morphs.Box>[0m[38;5;159m, material: [38;5;121m<gs.materials.Rigid>[0m[38;5;159m.[0m
[38;5;159m[Genesis] [00:21:55] [INFO] Adding [38;5;121m<gs.engine.entities.RigidEntity>[0m[38;5;159m. idx: [38;5;121m16[0m[38;5;159m, uid: [38;5;121m[3m<cf2d83f>[0m[38;5;159m, morph: [38;5;121m<gs.morphs.Box>[0m[38;5;159m, material: [38;5;121m<gs.materials.Rigid>[0m[38;5;159m.[0m
[38;5;159m[Genesis] [00:21:55] [INFO] Adding [38;5;121m<gs.engine.entities.RigidEntity>[0m[38;5;159m. idx: [38;5;121m17[0m[38;5;159m, uid: [38;5;121m[3m<eb8ccf2>[0m[38;5;159m, morph: [38;5;121m<gs.morphs.Box>[0m[38;5;159m, material: [38;5;121m<gs.materials.Rigid>[0m[38;5;159m.[0m
[38;5;159m[Genesis] [00:21:55] [INFO] Adding [38;5;121m<gs.engine.entities.RigidEntity>[0m[38;5;159m. idx: [38;5;121m18[0m[38;5;159m, uid: [38;5;121m[3m<8e8d7ee>[0m[38;5;159m, morph: [38;5;121m<gs.morphs.Box>[0m[38;5;159m, material: [38;5;121m<gs.materials.Rigid>[0m[38;5;159m.[0m
[38;5;159m[Genesis] [00:21:55] [INFO] Adding [38;5;121m<gs.engine.entities.RigidEntity>[0m[38;5;159m. idx: [38;5;121m19[0m[38;5;159m, uid: [38;5;121m[3m<21c320f>[0m[38;5;159m, morph: [38;5;121m<gs.morphs.Box>[0m[38;5;159m, material: [38;5;121m<gs.materials.Rigid>[0m[38;5;159m.[0m
[38;5;159m[Genesis] [00:21:55] [INFO] Adding [38;5;121m<gs.engine.entities.RigidEntity>[0m[38;5;159m. idx: [38;5;121m20[0m[38;5;159m, uid: [38;5;121m[3m<4b97edd>[0m[38;5;159m, morph: [38;5;121m<gs.morphs.Box>[0m[38;5;159m, material: [38;5;121m<gs.materials.Rigid>[0m[38;5;159m.[0m
[38;5;159m[Genesis] [00:21:55] [INFO] Adding [38;5;121m<gs.engine.entities.RigidEntity>[0m[38;5;159m. idx: [38;5;121m21[0m[38;5;159m, uid: [38;5;121m[3m<d6705cb>[0m[38;5;159m, morph: [38;5;121m<gs.morphs.Box>[0m[38;5;159m, material: [38;5;121m<gs.materials.Rigid>[0m[38;5;159m.[0m
[38;5;159m[Genesis] [00:21:55] [INFO] Adding [38;5;121m<gs.engine.entities.RigidEntity>[0m[38;5;159m. idx: [38;5;121m22[0m[38;5;159m, uid: [38;5;121m[3m<2c049f2>[0m[38;5;159m, morph: [38;5;121m<gs.morphs.Box>[0m[38;5;159m, material: [38;5;121m<gs.materials.Rigid>[0m[38;5;159m.[0m
[38;5;159m[Genesis] [00:21:55] [INFO] Adding [38;5;121m<gs.engine.entities.RigidEntity>[0m[38;5;159m. idx: [38;5;121m23[0m[38;5;159m, uid: [38;5;121m[3m<f25b5b6>[0m[38;5;159m, morph: [38;5;121m<gs.morphs.Box>[0m[38;5;159m, material: [38;5;121m<gs.materials.Rigid>[0m[38;5;159m.[0m
[38;5;159m[Genesis] [00:21:55] [INFO] Adding [38;5;121m<gs.engine.entities.RigidEntity>[0m[38;5;159m. idx: [38;5;121m24[0m[38;5;159m, uid: [38;5;121m[3m<7b3ec28>[0m[38;5;159m, morph: [38;5;121m<gs.morphs.Box>[0m[38;5;159m, material: [38;5;121m<gs.materials.Rigid>[0m[38;5;159m.[0m
[38;5;159m[Genesis] [00:21:55] [INFO] Adding [38;5;121m<gs.engine.entities.RigidEntity>[0m[38;5;159m. idx: [38;5;121m25[0m[38;5;159m, uid: [38;5;121m[3m<9dea7de>[0m[38;5;159m, morph: [38;5;121m<gs.morphs.Box>[0m[38;5;159m, material: [38;5;121m<gs.materials.Rigid>[0m[38;5;159m.[0m
[38;5;159m[Genesis] [00:21:55] [INFO] Adding [38;5;121m<gs.engine.entities.RigidEntity>[0m[38;5;159m. idx: [38;5;121m26[0m[38;5;159m, uid: [38;5;121m[3m<c9d1a3d>[0m[38;5;159m, morph: [38;5;121m<gs.morphs.Box>[0m[38;5;159m, material: [38;5;121m<gs.materials.Rigid>[0m[38;5;159m.[0m
Generated 20 particles out of 20
[38;5;159m[Genesis] [00:21:55] [INFO] Building scene [38;5;121m[3m<83acadb>[0m[38;5;159m...[0m
[38;5;159m[Genesis] [00:21:58] [INFO] Compiling simulation kernels...[0m
[38;5;159m[Genesis] [00:22:24] [INFO] Building visualizer...[0m
libEGL warning: egl: failed to create dri2 screen
libEGL warning: egl: failed to create dri2 screen
chunk 0: step 1/10 (7s; sample_s 1, execute_s 5)
chunk 0: step 2/10 (12s; sample_s 1, execute_s 10)
chunk 0: step 3/10 (18s; sample_s 1, execute_s 14)
chunk 0: step 4/10 (24s; sample_s 2, execute_s 18)
chunk 0: step 5/10 (29s; sample_s 2, execute_s 23)
chunk 0: step 6/10 (35s; sample_s 3, execute_s 27)
chunk 0: step 7/10 (41s; sample_s 3, execute_s 32)
chunk 0: step 8/10 (46s; sample_s 3, execute_s 37)
chunk 0: step 9/10 (52s; sample_s 4, execute_s 41)
chunk 0: step 10/10 (58s; sample_s 4, execute_s 46)
chunk 0: step 10/10 (58s; sample_s 4, execute_s 46)
chunk 1: step 1/10 (8s; sample_s 5, execute_s 50)
chunk 1: step 2/10 (17s; sample_s 5, execute_s 55)
chunk 1: step 3/10 (25s; sample_s 6, execute_s 59)
chunk 1: step 4/10 (33s; sample_s 6, execute_s 64)
chunk 1: step 5/10 (41s; sample_s 6, execute_s 68)
chunk 1: step 6/10 (49s; sample_s 7, execute_s 73)
chunk 1: step 7/10 (57s; sample_s 7, execute_s 77)
chunk 1: step 8/10 (65s; sample_s 7, execute_s 82)
chunk 1: step 9/10 (73s; sample_s 8, execute_s 86)
chunk 1: step 10/10 (81s; sample_s 8, execute_s 91)
chunk 1: step 10/10 (81s; sample_s 8, execute_s 91)
chunk 2: step 1/10 (20s; sample_s 9, execute_s 95)
chunk 2: step 2/10 (41s; sample_s 9, execute_s 100)
chunk 2: step 3/10 (63s; sample_s 10, execute_s 107)
chunk 2: step 4/10 (83s; sample_s 10, execute_s 111)
chunk 2: step 5/10 (103s; sample_s 10, execute_s 116)
chunk 2: step 6/10 (124s; sample_s 11, execute_s 121)
chunk 2: step 7/10 (144s; sample_s 11, execute_s 125)
chunk 2: step 8/10 (164s; sample_s 11, execute_s 130)
chunk 2: step 9/10 (184s; sample_s 12, execute_s 135)
chunk 2: step 10/10 (205s; sample_s 12, execute_s 140)
chunk 2: step 10/10 (205s; sample_s 12, execute_s 140)
chunk 3: step 1/10 (12s; sample_s 12, execute_s 145)
chunk 3: step 2/10 (23s; sample_s 13, execute_s 149)
chunk 3: step 3/10 (38s; sample_s 13, execute_s 154)
chunk 3: step 4/10 (50s; sample_s 14, execute_s 159)
pile-aware (legal): 19 redraw round(s), 0/131072 touchdowns STILL illegal after 200 redraws; 0/131072 accepted with gap_out_of_window (last resort); 1/131072 draws could not reach min_swath=3
chunk 3: step 5/10 (62s; sample_s 14, execute_s 164)
chunk 3: step 6/10 (80s; sample_s 15, execute_s 169)
chunk 3: step 7/10 (94s; sample_s 15, execute_s 174)
chunk 3: step 8/10 (106s; sample_s 15, execute_s 179)
chunk 3: step 9/10 (121s; sample_s 16, execute_s 184)
chunk 3: step 10/10 (139s; sample_s 16, execute_s 188)
chunk 3: step 10/10 (139s; sample_s 16, execute_s 188)
chunk 4: step 1/10 (18s; sample_s 17, execute_s 194)
chunk 4: step 2/10 (36s; sample_s 17, execute_s 199)
chunk 4: step 3/10 (60s; sample_s 18, execute_s 204)
chunk 4: step 4/10 (78s; sample_s 18, execute_s 209)
chunk 4: step 5/10 (96s; sample_s 18, execute_s 214)
chunk 4: step 6/10 (120s; sample_s 19, execute_s 219)
chunk 4: step 7/10 (141s; sample_s 19, execute_s 224)
chunk 4: step 8/10 (159s; sample_s 20, execute_s 229)
chunk 4: step 9/10 (180s; sample_s 20, execute_s 234)
chunk 4: step 10/10 (204s; sample_s 21, execute_s 238)
chunk 4: step 10/10 (204s; sample_s 21, execute_s 238)
chunk 5: step 1/10 (24s; sample_s 21, execute_s 243)
chunk 5: step 2/10 (50s; sample_s 22, execute_s 248)
chunk 5: step 3/10 (87s; sample_s 22, execute_s 253)
chunk 5: step 4/10 (114s; sample_s 22, execute_s 258)
chunk 5: step 5/10 (141s; sample_s 23, execute_s 262)
chunk 5: step 6/10 (171s; sample_s 23, execute_s 267)
chunk 5: step 7/10 (195s; sample_s 24, execute_s 272)
chunk 5: step 8/10 (232s; sample_s 24, execute_s 277)
chunk 5: step 9/10 (262s; sample_s 25, execute_s 282)
chunk 5: step 10/10 (302s; sample_s 25, execute_s 287)
chunk 5: step 10/10 (302s; sample_s 25, execute_s 287)
chunk 6: step 1/10 (21s; sample_s 26, execute_s 292)
chunk 6: step 2/10 (42s; sample_s 26, execute_s 297)
chunk 6: step 3/10 (72s; sample_s 27, execute_s 302)
chunk 6: step 4/10 (99s; sample_s 27, execute_s 307)
chunk 6: step 5/10 (124s; sample_s 28, execute_s 312)
chunk 6: step 6/10 (148s; sample_s 29, execute_s 317)
chunk 6: step 7/10 (181s; sample_s 29, execute_s 324)
chunk 6: step 8/10 (212s; sample_s 30, execute_s 329)
chunk 6: step 9/10 (252s; sample_s 31, execute_s 334)
chunk 6: step 10/10 (285s; sample_s 31, execute_s 339)
chunk 6: step 10/10 (285s; sample_s 31, execute_s 339)
[38;5;159m[Genesis] [00:43:44] [INFO] 💤 Exiting Genesis and caching compiled kernels...[0m
wrote /home/alon/Code/pile_manipulation/experiments/EXP-0075-closed-loop-benchmark/results/sweep_L20.json
