[L20mm] loaded 7680 transitions (27.1s)
[L20mm / persistence] accuracy=0.0000 (reference floor; slateN row below is DEGENERATE, see docstring)
    goal=random_quadrant  lyapunov=+0.1206  mass_in_region=+0.0120  signed_mass=+0.0290
    goal=ring_O           lyapunov=-0.0220  mass_in_region=-0.0366  signed_mass=-0.0031
    goal=T                lyapunov=+0.1010  mass_in_region=-0.0287  signed_mass=+0.0031
    averaged         lyapunov=+0.0665  mass_in_region=-0.0178  signed_mass=+0.0097
[L20mm / random] accuracy=n/a (ranking-only floor)
    goal=random_quadrant  lyapunov=-0.0295  mass_in_region=-0.0006  signed_mass=-0.0426
    goal=ring_O           lyapunov=-0.0141  mass_in_region=+0.0017  signed_mass=+0.0050
    goal=T                lyapunov=+0.0198  mass_in_region=-0.0171  signed_mass=+0.0025
    averaged         lyapunov=-0.0079  mass_in_region=-0.0054  signed_mass=-0.0117
[L20mm / nfd_randlen] accuracy=0.4071  device=cpu  (9.0s)
    goal=random_quadrant  lyapunov=+0.9199  mass_in_region=+0.9179  signed_mass=+0.9208
    goal=ring_O           lyapunov=+0.8542  mass_in_region=+0.7583  signed_mass=+0.5280
    goal=T                lyapunov=+0.7841  mass_in_region=+0.7844  signed_mass=+0.8093
    averaged         lyapunov=+0.8527  mass_in_region=+0.8202  signed_mass=+0.7527
[L20mm / nfd_warped_randlen] accuracy=0.3476  device=cpu  (11.0s)
    goal=random_quadrant  lyapunov=+0.9354  mass_in_region=+0.8317  signed_mass=+0.8823
    goal=ring_O           lyapunov=+0.7493  mass_in_region=+0.7732  signed_mass=+0.7389
    goal=T                lyapunov=+0.7740  mass_in_region=+0.7954  signed_mass=+0.7155
    averaged         lyapunov=+0.8195  mass_in_region=+0.8001  signed_mass=+0.7789
[L20mm / nfd_warped_randlen_flipaug] accuracy=0.3496  device=cpu  (10.9s)
    goal=random_quadrant  lyapunov=+0.9453  mass_in_region=+0.8588  signed_mass=+0.9292
    goal=ring_O           lyapunov=+0.8514  mass_in_region=+0.7165  signed_mass=+0.6187
    goal=T                lyapunov=+0.7778  mass_in_region=+0.8805  signed_mass=+0.6856
    averaged         lyapunov=+0.8582  mass_in_region=+0.8186  signed_mass=+0.7445
[L20mm / nfd_warped_randlen_flipaug_epoch30] accuracy=0.3501  device=cpu  (11.7s)
    goal=random_quadrant  lyapunov=+0.9262  mass_in_region=+0.8573  signed_mass=+0.9281
    goal=ring_O           lyapunov=+0.8398  mass_in_region=+0.7979  signed_mass=+0.6691
    goal=T                lyapunov=+0.8125  mass_in_region=+0.8930  signed_mass=+0.7610
    averaged         lyapunov=+0.8595  mass_in_region=+0.8494  signed_mass=+0.7860
[L20mm / nfd_residual_warped_flipaug_randlen] accuracy=0.3839  device=cpu  (12.6s)
    goal=random_quadrant  lyapunov=+0.9185  mass_in_region=+0.8493  signed_mass=+0.8986
    goal=ring_O           lyapunov=+0.8454  mass_in_region=+0.7796  signed_mass=+0.6784
    goal=T                lyapunov=+0.7739  mass_in_region=+0.6849  signed_mass=+0.6537
    averaged         lyapunov=+0.8459  mass_in_region=+0.7712  signed_mass=+0.7436
[L20mm / nfd_residual_worldframe_noaug_ep43] accuracy=0.4322  device=cpu  (9.4s)
    goal=random_quadrant  lyapunov=+0.8991  mass_in_region=+0.9154  signed_mass=+0.9723
    goal=ring_O           lyapunov=+0.9229  mass_in_region=+0.7886  signed_mass=+0.3539
    goal=T                lyapunov=+0.8187  mass_in_region=+0.7418  signed_mass=+0.6914
    averaged         lyapunov=+0.8802  mass_in_region=+0.8153  signed_mass=+0.6725
[SwitchedLinearForesightPredictor] loaded Baselines/LinearForesight/runs/operators_res32.pt (6 bins, res=32, constraint=ridge, counts=[7420, 18330, 24925, 22275, 18680, 6666])
[L20mm / linear_switched_res32] accuracy=0.2617  device=cpu  (1.7s)
    goal=random_quadrant  lyapunov=+0.9542  mass_in_region=+0.8658  signed_mass=+0.9673
    goal=ring_O           lyapunov=+0.8695  mass_in_region=+0.7558  signed_mass=+0.3808
    goal=T                lyapunov=+0.8814  mass_in_region=+0.8681  signed_mass=+0.7667
    averaged         lyapunov=+0.9017  mass_in_region=+0.8299  signed_mass=+0.7050
[SwitchedLinearForesightPredictor] loaded Baselines/LinearForesight/runs/operators_res64.pt (6 bins, res=64, constraint=ridge, counts=[141, 384, 496, 422, 396, 161])
[L20mm / linear_switched_res64] accuracy=0.2418  device=cpu  (3.3s)
    goal=random_quadrant  lyapunov=+0.9252  mass_in_region=+0.8265  signed_mass=+0.9195
    goal=ring_O           lyapunov=+0.8931  mass_in_region=+0.6862  signed_mass=+0.4358
    goal=T                lyapunov=+0.8009  mass_in_region=+0.7083  signed_mass=+0.7112
    averaged         lyapunov=+0.8731  mass_in_region=+0.7403  signed_mass=+0.6888
[SingleLinearForesightPredictor] loaded Baselines/LinearForesight/runs/operators_res32.pt (res=32, fit on configs/dataset/genesis_overnight_randlen_train_all.yaml)
[L20mm / linear_single_res32] accuracy=0.0437  device=cpu  (1.5s)
    goal=random_quadrant  lyapunov=+0.8041  mass_in_region=+0.7343  signed_mass=+0.7451
    goal=ring_O           lyapunov=+0.8152  mass_in_region=+0.3994  signed_mass=+0.1178
    goal=T                lyapunov=+0.3531  mass_in_region=+0.1696  signed_mass=+0.1587
    averaged         lyapunov=+0.6575  mass_in_region=+0.4345  signed_mass=+0.3405
[SingleLinearForesightPredictor] loaded Baselines/LinearForesight/runs/operators_res64.pt (res=64, fit on configs/dataset/genesis_overnight_randlen_train_all.yaml)
[L20mm / linear_single_res64] accuracy=0.0280  device=cpu  (3.1s)
    goal=random_quadrant  lyapunov=+0.7849  mass_in_region=+0.7928  signed_mass=+0.8285
    goal=ring_O           lyapunov=+0.6008  mass_in_region=+0.1870  signed_mass=-0.0711
    goal=T                lyapunov=+0.0380  mass_in_region=+0.0239  signed_mass=+0.0301
    averaged         lyapunov=+0.4746  mass_in_region=+0.3345  signed_mass=+0.2625
[GNNPredictor] loaded Baselines/GNN/runs/ckpt_best.pth (epoch=300, val_mse=4.0153605207630484e-06, n_particles=20)
[L20mm / gnn_l20l40] accuracy=0.2783  device=cpu  (13.6s)
    goal=random_quadrant  lyapunov=+0.9451  mass_in_region=+0.8631  signed_mass=+0.9441
    goal=ring_O           lyapunov=+0.9499  mass_in_region=+0.7898  signed_mass=+0.4443
    goal=T                lyapunov=+0.8259  mass_in_region=+0.7498  signed_mass=+0.6848
    averaged         lyapunov=+0.9070  mass_in_region=+0.8009  signed_mass=+0.6911
[GNNPredictor] loaded Baselines/GNN/runs/randlen_train_all_n30/ckpt_best.pth (epoch=101, val_mse=5.661420293748055e-06, n_particles=30)
[L20mm / gnn_randlen_n30] accuracy=0.2416  device=cpu  (17.9s)
    goal=random_quadrant  lyapunov=+0.9148  mass_in_region=+0.6983  signed_mass=+0.7891
    goal=ring_O           lyapunov=+0.8684  mass_in_region=+0.5659  signed_mass=+0.1150
    goal=T                lyapunov=+0.5393  mass_in_region=+0.6124  signed_mass=+0.3787
    averaged         lyapunov=+0.7742  mass_in_region=+0.6255  signed_mass=+0.4276
[L40mm] loaded 7680 transitions (31.5s)
[L40mm / persistence] accuracy=0.0000 (reference floor; slateN row below is DEGENERATE, see docstring)
    goal=random_quadrant  lyapunov=-0.0647  mass_in_region=-0.0618  signed_mass=-0.0685
    goal=ring_O           lyapunov=+0.0489  mass_in_region=+0.0815  signed_mass=+0.0911
    goal=T                lyapunov=-0.1462  mass_in_region=-0.0438  signed_mass=-0.0373
    averaged         lyapunov=-0.0540  mass_in_region=-0.0081  signed_mass=-0.0049
[L40mm / random] accuracy=n/a (ranking-only floor)
    goal=random_quadrant  lyapunov=+0.0079  mass_in_region=+0.0346  signed_mass=+0.0152
    goal=ring_O           lyapunov=+0.0664  mass_in_region=+0.0100  signed_mass=-0.0123
    goal=T                lyapunov=-0.0365  mass_in_region=+0.0042  signed_mass=-0.0142
    averaged         lyapunov=+0.0126  mass_in_region=+0.0163  signed_mass=-0.0038
[L40mm / nfd_randlen] accuracy=0.5088  device=cpu  (8.9s)
    goal=random_quadrant  lyapunov=+0.9856  mass_in_region=+0.8735  signed_mass=+0.9250
    goal=ring_O           lyapunov=+0.8941  mass_in_region=+0.6893  signed_mass=+0.7566
    goal=T                lyapunov=+0.9168  mass_in_region=+0.7868  signed_mass=+0.8417
    averaged         lyapunov=+0.9322  mass_in_region=+0.7832  signed_mass=+0.8411
[L40mm / nfd_warped_randlen] accuracy=0.4589  device=cpu  (11.0s)
    goal=random_quadrant  lyapunov=+0.9827  mass_in_region=+0.9157  signed_mass=+0.9668
    goal=ring_O           lyapunov=+0.8347  mass_in_region=+0.7859  signed_mass=+0.7419
    goal=T                lyapunov=+0.9080  mass_in_region=+0.7929  signed_mass=+0.8310
    averaged         lyapunov=+0.9084  mass_in_region=+0.8315  signed_mass=+0.8465
[L40mm / nfd_warped_randlen_flipaug] accuracy=0.4431  device=cpu  (11.1s)
    goal=random_quadrant  lyapunov=+0.9889  mass_in_region=+0.9040  signed_mass=+0.9630
    goal=ring_O           lyapunov=+0.8500  mass_in_region=+0.7736  signed_mass=+0.7668
    goal=T                lyapunov=+0.8947  mass_in_region=+0.7484  signed_mass=+0.8354
    averaged         lyapunov=+0.9112  mass_in_region=+0.8087  signed_mass=+0.8551
[L40mm / nfd_warped_randlen_flipaug_epoch30] accuracy=0.4617  device=cpu  (11.2s)
    goal=random_quadrant  lyapunov=+0.9856  mass_in_region=+0.9131  signed_mass=+0.9545
    goal=ring_O           lyapunov=+0.8304  mass_in_region=+0.7609  signed_mass=+0.7380
    goal=T                lyapunov=+0.9112  mass_in_region=+0.8169  signed_mass=+0.8839
    averaged         lyapunov=+0.9091  mass_in_region=+0.8303  signed_mass=+0.8588
[L40mm / nfd_residual_warped_flipaug_randlen] accuracy=0.4690  device=cpu  (10.5s)
    goal=random_quadrant  lyapunov=+0.9869  mass_in_region=+0.8806  signed_mass=+0.9610
    goal=ring_O           lyapunov=+0.8343  mass_in_region=+0.7520  signed_mass=+0.7781
    goal=T                lyapunov=+0.9412  mass_in_region=+0.8211  signed_mass=+0.8641
    averaged         lyapunov=+0.9208  mass_in_region=+0.8179  signed_mass=+0.8677
[L40mm / nfd_residual_worldframe_noaug_ep43] accuracy=0.5247  device=cpu  (9.0s)
    goal=random_quadrant  lyapunov=+0.9806  mass_in_region=+0.8898  signed_mass=+0.9531
    goal=ring_O           lyapunov=+0.8103  mass_in_region=+0.6926  signed_mass=+0.7231
    goal=T                lyapunov=+0.9223  mass_in_region=+0.8224  signed_mass=+0.8896
    averaged         lyapunov=+0.9044  mass_in_region=+0.8016  signed_mass=+0.8552
[SwitchedLinearForesightPredictor] loaded Baselines/LinearForesight/runs/operators_res32.pt (6 bins, res=32, constraint=ridge, counts=[7420, 18330, 24925, 22275, 18680, 6666])
[L40mm / linear_switched_res32] accuracy=0.4373  device=cpu  (1.6s)
    goal=random_quadrant  lyapunov=+0.9862  mass_in_region=+0.9138  signed_mass=+0.9616
    goal=ring_O           lyapunov=+0.8969  mass_in_region=+0.6896  signed_mass=+0.7536
    goal=T                lyapunov=+0.9452  mass_in_region=+0.8595  signed_mass=+0.9320
    averaged         lyapunov=+0.9428  mass_in_region=+0.8210  signed_mass=+0.8824
[SwitchedLinearForesightPredictor] loaded Baselines/LinearForesight/runs/operators_res64.pt (6 bins, res=64, constraint=ridge, counts=[141, 384, 496, 422, 396, 161])
[L40mm / linear_switched_res64] accuracy=0.3708  device=cpu  (3.2s)
    goal=random_quadrant  lyapunov=+0.9765  mass_in_region=+0.9137  signed_mass=+0.9540
    goal=ring_O           lyapunov=+0.8529  mass_in_region=+0.7444  signed_mass=+0.7860
    goal=T                lyapunov=+0.9419  mass_in_region=+0.8451  signed_mass=+0.8956
    averaged         lyapunov=+0.9238  mass_in_region=+0.8344  signed_mass=+0.8785
[SingleLinearForesightPredictor] loaded Baselines/LinearForesight/runs/operators_res32.pt (res=32, fit on configs/dataset/genesis_overnight_randlen_train_all.yaml)
[L40mm / linear_single_res32] accuracy=0.3660  device=cpu  (1.8s)
    goal=random_quadrant  lyapunov=+0.9799  mass_in_region=+0.9245  signed_mass=+0.9556
    goal=ring_O           lyapunov=+0.8735  mass_in_region=+0.6815  signed_mass=+0.7046
    goal=T                lyapunov=+0.8903  mass_in_region=+0.7131  signed_mass=+0.7938
    averaged         lyapunov=+0.9146  mass_in_region=+0.7730  signed_mass=+0.8180
[SingleLinearForesightPredictor] loaded Baselines/LinearForesight/runs/operators_res64.pt (res=64, fit on configs/dataset/genesis_overnight_randlen_train_all.yaml)
[L40mm / linear_single_res64] accuracy=0.2987  device=cpu  (3.7s)
    goal=random_quadrant  lyapunov=+0.9683  mass_in_region=+0.8731  signed_mass=+0.9587
    goal=ring_O           lyapunov=+0.8054  mass_in_region=+0.5152  signed_mass=+0.5616
    goal=T                lyapunov=+0.8908  mass_in_region=+0.6512  signed_mass=+0.7490
    averaged         lyapunov=+0.8882  mass_in_region=+0.6798  signed_mass=+0.7564
[GNNPredictor] loaded Baselines/GNN/runs/ckpt_best.pth (epoch=300, val_mse=4.0153605207630484e-06, n_particles=20)
[L40mm / gnn_l20l40] accuracy=0.3127  device=cpu  (13.7s)
    goal=random_quadrant  lyapunov=+0.9773  mass_in_region=+0.8671  signed_mass=+0.9451
    goal=ring_O           lyapunov=+0.9029  mass_in_region=+0.7903  signed_mass=+0.7935
    goal=T                lyapunov=+0.9314  mass_in_region=+0.7294  signed_mass=+0.8962
    averaged         lyapunov=+0.9372  mass_in_region=+0.7956  signed_mass=+0.8783
[GNNPredictor] loaded Baselines/GNN/runs/randlen_train_all_n30/ckpt_best.pth (epoch=101, val_mse=5.661420293748055e-06, n_particles=30)
[L40mm / gnn_randlen_n30] accuracy=0.3250  device=cpu  (18.3s)
    goal=random_quadrant  lyapunov=+0.9546  mass_in_region=+0.7923  signed_mass=+0.8638
    goal=ring_O           lyapunov=+0.6955  mass_in_region=+0.7379  signed_mass=+0.7035
    goal=T                lyapunov=+0.8391  mass_in_region=+0.6971  signed_mass=+0.7631
    averaged         lyapunov=+0.8297  mass_in_region=+0.7424  signed_mass=+0.7768
[randlen_test] loaded 10751 transitions (51.7s)
[randlen_test / persistence] accuracy=0.0000 (reference floor; slateN row below is DEGENERATE, see docstring)
    goal=random_quadrant  lyapunov=+0.0092  mass_in_region=+0.0412  signed_mass=+0.0385
    goal=ring_O           lyapunov=+0.0083  mass_in_region=-0.0247  signed_mass=-0.0179
    goal=T                lyapunov=-0.0880  mass_in_region=-0.1101  signed_mass=-0.1149
    averaged         lyapunov=-0.0235  mass_in_region=-0.0312  signed_mass=-0.0314
[randlen_test / random] accuracy=n/a (ranking-only floor)
    goal=random_quadrant  lyapunov=-0.0354  mass_in_region=+0.0178  signed_mass=-0.0153
    goal=ring_O           lyapunov=-0.0374  mass_in_region=+0.0043  signed_mass=+0.0072
    goal=T                lyapunov=-0.0465  mass_in_region=+0.0060  signed_mass=+0.0010
    averaged         lyapunov=-0.0398  mass_in_region=+0.0093  signed_mass=-0.0023
[randlen_test / nfd_randlen] accuracy=0.4564  device=cpu  (12.9s)
    goal=random_quadrant  lyapunov=+0.9488  mass_in_region=+0.8363  signed_mass=+0.9106
    goal=ring_O           lyapunov=+0.9203  mass_in_region=+0.8961  signed_mass=+0.8526
    goal=T                lyapunov=+0.9560  mass_in_region=+0.9334  signed_mass=+0.8334
    averaged         lyapunov=+0.9417  mass_in_region=+0.8886  signed_mass=+0.8655
[randlen_test / nfd_warped_randlen] accuracy=0.4000  device=cpu  (16.3s)
    goal=random_quadrant  lyapunov=+0.9437  mass_in_region=+0.8957  signed_mass=+0.9242
    goal=ring_O           lyapunov=+0.9286  mass_in_region=+0.8832  signed_mass=+0.8523
    goal=T                lyapunov=+0.9078  mass_in_region=+0.8861  signed_mass=+0.7478
    averaged         lyapunov=+0.9267  mass_in_region=+0.8883  signed_mass=+0.8414
[randlen_test / nfd_warped_randlen_flipaug] accuracy=0.4086  device=cpu  (15.5s)
    goal=random_quadrant  lyapunov=+0.9231  mass_in_region=+0.9366  signed_mass=+0.9137
    goal=ring_O           lyapunov=+0.9528  mass_in_region=+0.8333  signed_mass=+0.8548
    goal=T                lyapunov=+0.9527  mass_in_region=+0.8284  signed_mass=+0.7630
    averaged         lyapunov=+0.9428  mass_in_region=+0.8661  signed_mass=+0.8438
[randlen_test / nfd_warped_randlen_flipaug_epoch30] accuracy=0.3879  device=cpu  (15.5s)
    goal=random_quadrant  lyapunov=+0.9495  mass_in_region=+0.9067  signed_mass=+0.9437
    goal=ring_O           lyapunov=+0.9586  mass_in_region=+0.8830  signed_mass=+0.8058
    goal=T                lyapunov=+0.9413  mass_in_region=+0.8509  signed_mass=+0.7269
    averaged         lyapunov=+0.9498  mass_in_region=+0.8802  signed_mass=+0.8255
[randlen_test / nfd_residual_warped_flipaug_randlen] accuracy=0.4622  device=cpu  (16.5s)
    goal=random_quadrant  lyapunov=+0.9406  mass_in_region=+0.8889  signed_mass=+0.9269
    goal=ring_O           lyapunov=+0.9164  mass_in_region=+0.8510  signed_mass=+0.8845
    goal=T                lyapunov=+0.9567  mass_in_region=+0.8885  signed_mass=+0.7471
    averaged         lyapunov=+0.9379  mass_in_region=+0.8761  signed_mass=+0.8528
[randlen_test / nfd_residual_worldframe_noaug_ep43] accuracy=0.4844  device=cpu  (13.8s)
    goal=random_quadrant  lyapunov=+0.9592  mass_in_region=+0.9025  signed_mass=+0.9240
    goal=ring_O           lyapunov=+0.9511  mass_in_region=+0.8554  signed_mass=+0.8402
    goal=T                lyapunov=+0.9485  mass_in_region=+0.8830  signed_mass=+0.8695
    averaged         lyapunov=+0.9529  mass_in_region=+0.8803  signed_mass=+0.8779
[SwitchedLinearForesightPredictor] loaded Baselines/LinearForesight/runs/operators_res32.pt (6 bins, res=32, constraint=ridge, counts=[7420, 18330, 24925, 22275, 18680, 6666])
[randlen_test / linear_switched_res32] accuracy=0.2478  device=cpu  (2.4s)
    goal=random_quadrant  lyapunov=+0.9038  mass_in_region=+0.8730  signed_mass=+0.8761
    goal=ring_O           lyapunov=+0.7876  mass_in_region=+0.7327  signed_mass=+0.8494
    goal=T                lyapunov=+0.8777  mass_in_region=+0.7574  signed_mass=+0.6253
    averaged         lyapunov=+0.8564  mass_in_region=+0.7877  signed_mass=+0.7836
[SwitchedLinearForesightPredictor] loaded Baselines/LinearForesight/runs/operators_res64.pt (6 bins, res=64, constraint=ridge, counts=[141, 384, 496, 422, 396, 161])
[randlen_test / linear_switched_res64] accuracy=0.2081  device=cpu  (5.8s)
    goal=random_quadrant  lyapunov=+0.7317  mass_in_region=+0.8566  signed_mass=+0.8739
    goal=ring_O           lyapunov=+0.6032  mass_in_region=+0.5677  signed_mass=+0.6781
    goal=T                lyapunov=+0.7987  mass_in_region=+0.7788  signed_mass=+0.6157
    averaged         lyapunov=+0.7112  mass_in_region=+0.7344  signed_mass=+0.7226
[SingleLinearForesightPredictor] loaded Baselines/LinearForesight/runs/operators_res32.pt (res=32, fit on configs/dataset/genesis_overnight_randlen_train_all.yaml)
[randlen_test / linear_single_res32] accuracy=0.1473  device=cpu  (3.8s)
    goal=random_quadrant  lyapunov=+0.6153  mass_in_region=+0.7124  signed_mass=+0.6697
    goal=ring_O           lyapunov=+0.5950  mass_in_region=+0.3945  signed_mass=+0.2229
    goal=T                lyapunov=+0.6774  mass_in_region=+0.6034  signed_mass=+0.3901
    averaged         lyapunov=+0.6293  mass_in_region=+0.5701  signed_mass=+0.4276
[SingleLinearForesightPredictor] loaded Baselines/LinearForesight/runs/operators_res64.pt (res=64, fit on configs/dataset/genesis_overnight_randlen_train_all.yaml)
[randlen_test / linear_single_res64] accuracy=0.0526  device=cpu  (6.7s)
    goal=random_quadrant  lyapunov=+0.5014  mass_in_region=+0.5739  signed_mass=+0.6199
    goal=ring_O           lyapunov=+0.4090  mass_in_region=+0.2320  signed_mass=+0.2078
    goal=T                lyapunov=+0.4844  mass_in_region=+0.3268  signed_mass=+0.1315
    averaged         lyapunov=+0.4649  mass_in_region=+0.3776  signed_mass=+0.3197
[GNNPredictor] loaded Baselines/GNN/runs/ckpt_best.pth (epoch=300, val_mse=4.0153605207630484e-06, n_particles=20)
[randlen_test / gnn_l20l40] accuracy=0.0712  device=cpu  (20.1s)
    goal=random_quadrant  lyapunov=+0.4915  mass_in_region=+0.6326  signed_mass=+0.4515
    goal=ring_O           lyapunov=+0.3618  mass_in_region=+0.3995  signed_mass=+0.3853
    goal=T                lyapunov=+0.4546  mass_in_region=+0.2807  signed_mass=+0.3555
    averaged         lyapunov=+0.4360  mass_in_region=+0.4376  signed_mass=+0.3974
[GNNPredictor] loaded Baselines/GNN/runs/randlen_train_all_n30/ckpt_best.pth (epoch=101, val_mse=5.661420293748055e-06, n_particles=30)
[randlen_test / gnn_randlen_n30] accuracy=0.1484  device=cpu  (27.2s)
    goal=random_quadrant  lyapunov=+0.8128  mass_in_region=+0.7771  signed_mass=+0.8151
    goal=ring_O           lyapunov=+0.6526  mass_in_region=+0.5098  signed_mass=+0.5043
    goal=T                lyapunov=+0.6506  mass_in_region=+0.4010  signed_mass=+0.4277
    averaged         lyapunov=+0.7053  mass_in_region=+0.5626  signed_mass=+0.5824

wrote experiments/EXP-0026-benchmark-power/artifacts/RUN-0001-slaten-per-slate/report.json
