cache=runs_exp0026/dv_cache_sharp.pt goal=ind-stripe-thin-pile n_slates=50 provenance=49c285b1 dirty=False

=== slateK_exact (closed form) ===
model            K=4        K=8        K=16       K=31     
persistence      0.0151     0.0287     0.0510     0.0988   
mean-delta       0.6461     0.5738     0.5351     0.5357   
linear           0.7145     0.6623     0.6244     0.5680   
UNet             0.7851     0.7376     0.7002     0.6725   
oracle           1.0000     1.0000     1.0000     1.0000   

=== worstK (adversarial pool) ===
model            K=4        K=8        K=16       K=31     
persistence      2.2258     2.1994     2.1650     1.3299   
mean-delta       1.3252     1.2990     1.2352     0.6669   
linear           1.1983     1.1687     1.1057     0.5397   
UNet             1.0957     1.0580     0.9317     0.4670   
oracle           -0.0010    -0.0012    -0.0021    -0.0594  

=== rank_profile (true percentile of the model's r-th pick) ===
model            r=1       r=2       r=3       r=4       r=8       r=16      r=32      r=64      r=128   
persistence      0.432     0.474     0.505     0.442     0.495     0.473     0.519       n/a       n/a   
mean-delta       0.216     0.248     0.277     0.271     0.307     0.345     0.916       n/a       n/a   
linear           0.192     0.141     0.227     0.295     0.213     0.423     0.918       n/a       n/a   
UNet             0.139     0.142     0.226     0.183     0.244     0.404     0.911       n/a       n/a   
oracle           0.000     0.030     0.062     0.094     0.217     0.469     0.957       n/a       n/a   

=== paired slateK_exact differences ===

  UNet - linear
    K=   4 mean=+0.0706 sem=0.0151 t=+4.67 wins=37/50 ties=0
    K=   8 mean=+0.0752 sem=0.0201 t=+3.75 wins=34/50 ties=0
    K=  16 mean=+0.0758 sem=0.0269 t=+2.82 wins=31/50 ties=0
    K=  31 mean=+0.1045 sem=0.0456 t=+2.29 wins=30/50 ties=0

  oracle - linear
    K=   4 mean=+0.2855 sem=0.0182 t=+15.66 wins=50/50 ties=0
    K=   8 mean=+0.3377 sem=0.0218 t=+15.48 wins=50/50 ties=0
    K=  16 mean=+0.3756 sem=0.0284 t=+13.22 wins=50/50 ties=0
    K=  31 mean=+0.4320 sem=0.0447 t=+9.66 wins=47/50 ties=3

  linear - mean-delta
    K=   4 mean=+0.0684 sem=0.0232 t=+2.94 wins=33/50 ties=0
    K=   8 mean=+0.0886 sem=0.0327 t=+2.71 wins=30/50 ties=0
    K=  16 mean=+0.0893 sem=0.0452 t=+1.98 wins=31/50 ties=0
    K=  31 mean=+0.0322 sem=0.0631 t=+0.51 wins=27/50 ties=0

wrote runs_exp0026/survey/A_stripe_kexact.json
