train rows 80000 val rows 4800
init val 0.22283
1 0.05541 0.0233 152 s
2 0.01894 0.01702 301 s
3 0.01612 0.01571 466 s
4 0.0153 0.01545 613 s
5 0.0149 0.01508 773 s
6 0.01462 0.01508 908 s
7 0.01441 0.01473 1041 s
8 0.01428 0.01427 1182 s
9 0.01414 0.01424 1347 s
10 0.01403 0.01414 1580 s
11 0.01394 0.01405 1819 s
12 0.01386 0.01393 2010 s
13 0.01378 0.01397 2150 s
14 0.01372 0.0139 2283 s
15 0.01367 0.0138 2399 s
16 0.01363 0.01378 2512 s
17 0.01358 0.01371 2630 s
18 0.01354 0.01367 2742 s
19 0.0135 0.01365 2856 s
20 0.01348 0.01365 2967 s
21 0.01344 0.01361 3077 s
22 0.01342 0.01359 3193 s
23 0.0134 0.01355 3303 s
24 0.01338 0.01354 3417 s
25 0.01336 0.01352 3526 s
26 0.01335 0.01352 3642 s
27 0.01333 0.0135 3753 s
28 0.01332 0.01349 3874 s
29 0.01332 0.01349 3988 s
30 0.01332 0.01349 4099 s
