train rows 80000 val rows 4800
init val 0.04147
1 0.02129 0.0192 86 s
2 0.01797 0.01764 172 s
3 0.01708 0.01741 286 s
4 0.01657 0.01669 447 s
5 0.01625 0.0163 615 s
6 0.01601 0.01609 745 s
7 0.01583 0.01593 875 s
8 0.01569 0.01607 998 s
9 0.01555 0.01589 1131 s
10 0.01545 0.01561 1252 s
11 0.01537 0.01556 1377 s
12 0.01527 0.01547 1497 s
13 0.0152 0.01538 1621 s
14 0.01513 0.01532 1720 s
15 0.01508 0.0153 1786 s
16 0.01502 0.01519 1854 s
17 0.01498 0.01519 1918 s
18 0.01493 0.0151 1987 s
19 0.0149 0.01513 2049 s
20 0.01486 0.01502 2123 s
21 0.01483 0.01507 2205 s
22 0.01481 0.01499 2285 s
23 0.01479 0.01497 2363 s
24 0.01477 0.01498 2449 s
25 0.01475 0.01493 2564 s
26 0.01474 0.01493 2666 s
27 0.01472 0.01492 2771 s
28 0.01472 0.01491 2890 s
29 0.01471 0.01491 3009 s
30 0.01471 0.01491 3128 s
