train rows 80000 val rows 4800
init val 0.23318
1 0.06407 0.0332 215 s
2 0.03043 0.02845 429 s
3 0.0282 0.02738 643 s
4 0.02752 0.02696 841 s
5 0.02722 0.02693 1038 s
6 0.02701 0.02691 1234 s
7 0.02684 0.02668 1388 s
8 0.02674 0.02678 1531 s
9 0.02664 0.02647 1669 s
10 0.02655 0.02644 1791 s
11 0.02648 0.02634 1904 s
12 0.0264 0.02625 2022 s
13 0.02634 0.02624 2125 s
14 0.0263 0.02622 2206 s
15 0.02624 0.02627 2286 s
16 0.02619 0.02614 2362 s
17 0.02615 0.02611 2453 s
18 0.02611 0.0261 2607 s
19 0.02607 0.0261 2762 s
20 0.02604 0.026 2923 s
21 0.026 0.02601 3074 s
22 0.02598 0.026 3227 s
23 0.02595 0.02595 3373 s
24 0.02593 0.02596 3516 s
25 0.0259 0.02594 3656 s
26 0.02589 0.02594 3846 s
27 0.02588 0.02592 4084 s
28 0.02587 0.02592 4318 s
29 0.02586 0.02592 4488 s
30 0.02585 0.02592 4627 s
