train rows 80000 val rows 4800
init val 0.05232
1 0.02915 0.02793 56 s
2 0.02805 0.02755 113 s
3 0.02775 0.02735 165 s
4 0.02757 0.02737 221 s
5 0.02747 0.02734 295 s
6 0.02737 0.02711 376 s
7 0.0273 0.02708 455 s
8 0.02723 0.02699 523 s
9 0.02718 0.02696 582 s
10 0.02714 0.02692 639 s
11 0.0271 0.02692 698 s
12 0.02705 0.02684 779 s
13 0.02702 0.02683 886 s
14 0.027 0.02681 1015 s
15 0.02697 0.02677 1118 s
16 0.02694 0.02675 1215 s
17 0.02692 0.02679 1312 s
18 0.02688 0.02675 1398 s
19 0.02688 0.02677 1467 s
20 0.02685 0.02674 1540 s
21 0.02683 0.0267 1631 s
22 0.02681 0.02668 1733 s
23 0.0268 0.02669 1819 s
24 0.02678 0.02666 1907 s
25 0.02677 0.02663 1992 s
26 0.02675 0.02663 2079 s
27 0.02674 0.02664 2162 s
28 0.02673 0.02663 2247 s
29 0.02672 0.02658 2336 s
30 0.02671 0.02659 2424 s
31 0.0267 0.02659 2512 s
32 0.02669 0.02659 2597 s
33 0.02668 0.02657 2679 s
34 0.02668 0.02657 2792 s
35 0.02667 0.02656 2893 s
36 0.02666 0.02656 2977 s
37 0.02666 0.02656 3064 s
38 0.02666 0.02656 3150 s
39 0.02666 0.02657 3232 s
40 0.02666 0.02656 3338 s
