chains 15332 776
init val per step [0.04299 0.04644 0.04751 0.04968]
1 0.03399 [0.03298 0.03499 0.03526 0.03569] 70 s
2 0.03324 [0.0324  0.03451 0.03487 0.03548] 150 s
3 0.03299 [0.03247 0.03461 0.03497 0.03553] 230 s
4 0.03285 [0.03267 0.0349  0.03521 0.03578] 333 s
5 0.03273 [0.03218 0.03439 0.03477 0.03538] 431 s
6 0.03262 [0.03207 0.03432 0.03461 0.03525] 523 s
7 0.03255 [0.03213 0.03434 0.03466 0.03524] 624 s
8 0.03247 [0.03248 0.0346  0.03497 0.03556] 720 s
9 0.03241 [0.03183 0.03405 0.0344  0.03499] 819 s
10 0.03238 [0.03221 0.03433 0.03462 0.0352 ] 921 s
11 0.03233 [0.0319  0.03409 0.03442 0.035  ] 1015 s
12 0.0323 [0.03195 0.03413 0.03445 0.03502] 1121 s
13 0.03227 [0.03198 0.0342  0.03456 0.03519] 1213 s
14 0.03224 [0.03207 0.03423 0.03458 0.03512] 1347 s
15 0.03222 [0.03213 0.0343  0.03464 0.03521] 1483 s
16 0.03219 [0.03166 0.03396 0.03437 0.03494] 1584 s
17 0.03217 [0.0319  0.03414 0.03448 0.03504] 1696 s
18 0.03217 [0.03191 0.03414 0.03451 0.0351 ] 1802 s
19 0.03215 [0.03183 0.0341  0.03449 0.03511] 1906 s
20 0.03214 [0.03195 0.03418 0.03452 0.03513] 2092 s
21 0.03214 [0.03177 0.03407 0.03445 0.03506] 2422 s
22 0.03213 [0.03188 0.0341  0.03444 0.03504] 2659 s
23 0.03212 [0.03183 0.03407 0.03445 0.03506] 2872 s
24 0.03211 [0.0318  0.03405 0.03439 0.03497] 3132 s
25 0.0321 [0.03181 0.03404 0.03434 0.03491] 3381 s
