[time_inference] worker 0: --model gnn_flex_v2_n30 --name gnn_v2_n30_cuda_cached_perception --device cuda --png 0 --kwargs {"device": "cuda"} --out experiments/EXP-0062-flex-v2-train-rerun/results/timing_gnn_parts/gnn_cuda_cached.json.worker0.json --worker
FlexPileData(DS-0019, split=all, exclude_flagged=True): 17186 rows; flagged nan=0 escaped=397 out_of_grid=47 null=159 -> kept 16583
[FlexGNNPredictor] weights/MODEL-0010-gnn-flex-mask-v2-n30/checkpoint.pth: particle_num=30 depth=plane plane_y=0.24 carry_k=1 device=cuda
/home/alon/anaconda3/envs/pme/lib/python3.10/site-packages/torch/profiler/profiler.py:224: UserWarning: Warning: Profiler clears events at the end of each cycle.Only events from the current cycle will be reported.To keep events across cycles, set acc_events=True.
  _warn_once(
[time_inference] worker 0: per-slate median 42.240 ms, 254.66 us/cand, b128 281.71 us/cand, fed ['cuda:0'], loop {'aten_ops': 5.492778249787595, 'cuda_kernels': 6.4022277227722775}
[time_inference] worker 1: --model gnn_flex_v2_n30 --name gnn_v2_n30_cuda_cached_perception --device cuda --png 0 --kwargs {"device": "cuda"} --out experiments/EXP-0062-flex-v2-train-rerun/results/timing_gnn_parts/gnn_cuda_cached.json.worker1.json --worker
FlexPileData(DS-0019, split=all, exclude_flagged=True): 17186 rows; flagged nan=0 escaped=397 out_of_grid=47 null=159 -> kept 16583
[FlexGNNPredictor] weights/MODEL-0010-gnn-flex-mask-v2-n30/checkpoint.pth: particle_num=30 depth=plane plane_y=0.24 carry_k=1 device=cuda
/home/alon/anaconda3/envs/pme/lib/python3.10/site-packages/torch/profiler/profiler.py:224: UserWarning: Warning: Profiler clears events at the end of each cycle.Only events from the current cycle will be reported.To keep events across cycles, set acc_events=True.
  _warn_once(
[time_inference] worker 1: per-slate median 43.653 ms, 259.03 us/cand, b128 287.33 us/cand, fed ['cuda:0'], loop {'aten_ops': 5.492778249787595, 'cuda_kernels': 6.4022277227722775}
[time_inference] worker 2: --model gnn_flex_v2_n30 --name gnn_v2_n30_cuda_cached_perception --device cuda --png 0 --kwargs {"device": "cuda"} --out experiments/EXP-0062-flex-v2-train-rerun/results/timing_gnn_parts/gnn_cuda_cached.json.worker2.json --worker
FlexPileData(DS-0019, split=all, exclude_flagged=True): 17186 rows; flagged nan=0 escaped=397 out_of_grid=47 null=159 -> kept 16583
[FlexGNNPredictor] weights/MODEL-0010-gnn-flex-mask-v2-n30/checkpoint.pth: particle_num=30 depth=plane plane_y=0.24 carry_k=1 device=cuda
/home/alon/anaconda3/envs/pme/lib/python3.10/site-packages/torch/profiler/profiler.py:224: UserWarning: Warning: Profiler clears events at the end of each cycle.Only events from the current cycle will be reported.To keep events across cycles, set acc_events=True.
  _warn_once(
[time_inference] worker 2: per-slate median 43.623 ms, 260.09 us/cand, b128 286.40 us/cand, fed ['cuda:0'], loop {'aten_ops': 5.492778249787595, 'cuda_kernels': 6.4022277227722775}
{
 "n_processes": 3,
 "per_slate_ms_median": {
  "values": [
   42.239772500010986,
   43.653044500047145,
   43.62334300014936
  ],
  "median": 43.62334300014936,
  "rel_spread": 0.03239715030623214
 },
 "per_slate_ms_p90": {
  "values": [
   47.076971500086984,
   47.81394160002037,
   48.07763240000895
  ],
  "median": 47.81394160002037,
  "rel_spread": 0.020928224413975977
 },
 "per_slate_ms_with_h2d_median": {
  "values": [
   43.6808839999685,
   44.22729999987496,
   44.35179799997968
  ],
  "median": 44.22729999987496,
  "rel_spread": 0.015169680265652142
 },
 "us_per_candidate": {
  "values": [
   254.65831170483207,
   259.029526442774,
   260.0856826269064
  ],
  "median": 259.029526442774,
  "rel_spread": 0.020952711440305187
 },
 "us_per_candidate_with_h2d": {
  "values": [
   261.8569472351563,
   263.80166369181745,
   263.63750473379037
  ],
  "median": 263.63750473379037,
  "rel_spread": 0.007376478770062765
 },
 "total_all_slates_s": {
  "values": [
   4.2229987830012305,
   4.295486637000522,
   4.31300087500199
  ],
  "median": 4.295486637000522,
  "rel_spread": 0.020952711440305246
 },
 "batch128_ms_per_batch": {
  "values": [
   36.33669400005601,
   37.03332899999623,
   36.80158799988931
  ],
  "median": 36.80158799988931,
  "rel_spread": 0.018929482063173766
 },
 "batch128_us_per_candidate": {
  "values": [
   281.71308969244336,
   287.33226265755656,
   286.4044817707041
  ],
  "median": 286.4044817707041,
  "rel_spread": 0.019619710314491213
 },
 "device_fed_to_forward": [
  "cuda:0"
 ],
 "any_contended": false,
 "per_sample_loop_suspected": true,
 "loop_check_ratio": [
  {
   "aten_ops": 5.492778249787595,
   "cuda_kernels": 6.4022277227722775
  },
  {
   "aten_ops": 5.492778249787595,
   "cuda_kernels": 6.4022277227722775
  },
  {
   "aten_ops": 5.492778249787595,
   "cuda_kernels": 6.4022277227722775
  }
 ]
}
EXITED
