
######## L20mm
== lyapunov: resolved 38 -> 46 /66 (x1.21); Holm 19 -> 31; sd 0.136 -> 0.064 (shrink 2.15x); ICC(30) 0.019; NaN 0.000; slates for d=0.02 368 -> 82; max |mean shift| 0.153
     nfd_residual_worldframe_noaug_ep43     3-goal 0.880 [0.819,0.934] rank 1-8   | 30-goal 0.861 [0.837,0.885] rank 1-2  P1=0.91
     gnn_l20l40                             3-goal 0.907 [0.866,0.943] rank 1-6   | 30-goal 0.844 [0.824,0.863] rank 1-6  P1=0.07
     linear_switched_res32                  3-goal 0.902 [0.869,0.932] rank 1-3   | 30-goal 0.835 [0.813,0.857] rank 2-7  P1=0.01
     nfd_residual_warped_flipaug_randlen    3-goal 0.846 [0.793,0.896] rank 3-9   | 30-goal 0.831 [0.808,0.853] rank 2-8  P1=0.01
     nfd_warped_randlen_flipaug             3-goal 0.858 [0.821,0.895] rank 3-9   | 30-goal 0.829 [0.808,0.847] rank 2-7  P1=0.00
     nfd_warped_randlen_flipaug_epoch30     3-goal 0.859 [0.823,0.896] rank 3-8   | 30-goal 0.820 [0.799,0.840] rank 3-8  P1=0.00
     nfd_randlen                            3-goal 0.853 [0.799,0.903] rank 3-9   | 30-goal 0.818 [0.795,0.840] rank 4-8  P1=0.00
     nfd_warped_randlen                     3-goal 0.820 [0.771,0.868] rank 6-10  | 30-goal 0.816 [0.793,0.838] rank 4-8  P1=0.00
     linear_switched_res64                  3-goal 0.873 [0.838,0.907] rank 2-7   | 30-goal 0.786 [0.759,0.813] rank 9-9  P1=0.00
     gnn_randlen_n30                        3-goal 0.774 [0.701,0.845] rank 8-10  | 30-goal 0.682 [0.643,0.722] rank 10-10  P1=0.00
     linear_single_res32                    3-goal 0.658 [0.577,0.737] rank 11-11  | 30-goal 0.505 [0.471,0.538] rank 11-11  P1=0.00
     linear_single_res64                    3-goal 0.475 [0.369,0.565] rank 12-12  | 30-goal 0.411 [0.368,0.454] rank 12-12  P1=0.00
== mass_in_region: resolved 35 -> 46 /66 (x1.31); Holm 26 -> 32; sd 0.194 -> 0.083 (shrink 2.33x); ICC(30) 0.027; NaN 0.000; slates for d=0.02 739 -> 138; max |mean shift| 0.126
== signed_mass: resolved 28 -> 41 /66 (x1.46); Holm 25 -> 31; sd 0.256 -> 0.094 (shrink 2.73x); ICC(30) 0.024; NaN 0.000; slates for d=0.02 1285 -> 175; max |mean shift| 0.112

######## L40mm
== lyapunov: resolved 22 -> 51 /66 (x2.32); Holm 9 -> 39; sd 0.070 -> 0.055 (shrink 1.29x); ICC(30) 0.022; NaN 0.000; slates for d=0.02 100 -> 61; max |mean shift| 0.193
     gnn_l20l40                             3-goal 0.937 [0.911,0.961] rank 1-8   | 30-goal 0.902 [0.887,0.914] rank 1-1  P1=0.99
     linear_switched_res32                  3-goal 0.943 [0.930,0.954] rank 1-4   | 30-goal 0.881 [0.866,0.895] rank 2-3  P1=0.01
     nfd_randlen                            3-goal 0.932 [0.907,0.954] rank 1-7   | 30-goal 0.870 [0.848,0.889] rank 2-5  P1=0.00
     nfd_residual_warped_flipaug_randlen    3-goal 0.921 [0.893,0.944] rank 1-10  | 30-goal 0.850 [0.833,0.864] rank 3-7  P1=0.00
     nfd_warped_randlen_flipaug_epoch30     3-goal 0.909 [0.879,0.936] rank 3-11  | 30-goal 0.850 [0.825,0.871] rank 3-8  P1=0.00
     nfd_residual_worldframe_noaug_ep43     3-goal 0.904 [0.878,0.926] rank 5-11  | 30-goal 0.848 [0.833,0.863] rank 4-7  P1=0.00
     linear_switched_res64                  3-goal 0.924 [0.905,0.942] rank 2-9   | 30-goal 0.842 [0.821,0.859] rank 4-8  P1=0.00
     nfd_warped_randlen                     3-goal 0.908 [0.887,0.928] rank 5-11  | 30-goal 0.832 [0.813,0.849] rank 6-8  P1=0.00
     nfd_warped_randlen_flipaug             3-goal 0.911 [0.884,0.933] rank 3-10  | 30-goal 0.810 [0.788,0.831] rank 9-10  P1=0.00
     gnn_randlen_n30                        3-goal 0.830 [0.799,0.859] rank 12-12  | 30-goal 0.782 [0.763,0.801] rank 9-11  P1=0.00
     linear_single_res32                    3-goal 0.915 [0.888,0.940] rank 3-11  | 30-goal 0.773 [0.754,0.792] rank 10-11  P1=0.00
     linear_single_res64                    3-goal 0.888 [0.860,0.914] rank 6-11  | 30-goal 0.695 [0.675,0.717] rank 12-12  P1=0.00
== mass_in_region: resolved 22 -> 47 /66 (x2.14); Holm 4 -> 28; sd 0.123 -> 0.071 (shrink 1.74x); ICC(30) 0.023; NaN 0.000; slates for d=0.02 301 -> 101; max |mean shift| 0.139
== signed_mass: resolved 22 -> 51 /66 (x2.32); Holm 1 -> 38; sd 0.111 -> 0.063 (shrink 1.77x); ICC(30) 0.020; NaN 0.000; slates for d=0.02 246 -> 80; max |mean shift| 0.166

######## randlen_test
== lyapunov: resolved 47 -> 47 /66 (x1.00); Holm 42 -> 44; sd 0.185 -> 0.141 (shrink 1.31x); ICC(30) 0.128; NaN 0.000; slates for d=0.02 676 -> 394; max |mean shift| 0.044
     nfd_residual_warped_flipaug_randlen    3-goal 0.938 [0.899,0.971] rank 1-6   | 30-goal 0.932 [0.909,0.952] rank 1-5  P1=0.56
     nfd_warped_randlen_flipaug             3-goal 0.943 [0.925,0.960] rank 1-6   | 30-goal 0.929 [0.914,0.943] rank 1-4  P1=0.27
     nfd_warped_randlen                     3-goal 0.927 [0.882,0.964] rank 1-6   | 30-goal 0.922 [0.896,0.943] rank 1-6  P1=0.10
     nfd_warped_randlen_flipaug_epoch30     3-goal 0.950 [0.928,0.970] rank 1-5   | 30-goal 0.918 [0.902,0.934] rank 2-6  P1=0.02
     nfd_residual_worldframe_noaug_ep43     3-goal 0.953 [0.927,0.974] rank 1-6   | 30-goal 0.912 [0.893,0.931] rank 1-6  P1=0.04
     nfd_randlen                            3-goal 0.942 [0.917,0.964] rank 1-6   | 30-goal 0.909 [0.888,0.926] rank 3-6  P1=0.00
     linear_switched_res32                  3-goal 0.856 [0.802,0.903] rank 7-7   | 30-goal 0.853 [0.822,0.882] rank 7-7  P1=0.00
     gnn_randlen_n30                        3-goal 0.705 [0.623,0.781] rank 8-10  | 30-goal 0.686 [0.625,0.749] rank 8-10  P1=0.00
     linear_switched_res64                  3-goal 0.711 [0.644,0.779] rank 8-10  | 30-goal 0.669 [0.608,0.727] rank 8-10  P1=0.00
     linear_single_res32                    3-goal 0.629 [0.556,0.697] rank 9-10  | 30-goal 0.630 [0.586,0.674] rank 8-10  P1=0.00
     gnn_l20l40                             3-goal 0.436 [0.299,0.557] rank 11-12  | 30-goal 0.480 [0.401,0.555] rank 11-12  P1=0.00
     linear_single_res64                    3-goal 0.465 [0.395,0.539] rank 11-12  | 30-goal 0.471 [0.411,0.527] rank 11-12  P1=0.00
== mass_in_region: resolved 48 -> 54 /66 (x1.12); Holm 37 -> 48; sd 0.182 -> 0.097 (shrink 1.86x); ICC(30) 0.054; NaN 0.000; slates for d=0.02 649 -> 189; max |mean shift| 0.125
== signed_mass: resolved 49 -> 55 /66 (x1.12); Holm 36 -> 48; sd 0.201 -> 0.145 (shrink 1.39x); ICC(30) 0.107; NaN 0.000; slates for d=0.02 798 -> 416; max |mean shift| 0.106
wrote experiments/EXP-0027-many-goal-benchmarks/results/item1_compare.json
