loading baseline predictor: Baselines/NFD/runs/nfd_3ch_randlen/unet_best.pth
loading warped predictor:   Baselines/NFD/runs/nfd_warped_randlen/unet_best.pth
  baseline model params on device: cpu
  warped model params on device: cpu

=== corpus: randlen_test ===
  loaded 10751 transitions, grid 64x64, 110.8s
  baseline predict: 15.6s, devices seen: {'cpu'}
  warped   predict: 17.8s, devices seen: {'cpu'}
  wall-distance mm: min 6.5 p10 14.1 p50 31.3 p90 51.6 max 63.8
  push-length  mm: min 0.1 p10 16.7 p50 38.8 p90 64.2 max 80.0
  Pearson corr(wall_distance_mm, push_length_mm) = 0.104

  --- stratified by WALL DISTANCE (mm), 5 quantile bins ---

  bin   n         wall_dist_mm      base_acc  warp_acc   delta       boot_sem  95%CI
    0  2151   [    6.5,   21.5] mean=   13.7     0.4559    0.3842   -0.0718    0.0030  [-0.0778,-0.0657]
    1  2243   [   21.5,   27.0] mean=   25.1     0.4356    0.3793   -0.0563    0.0025  [-0.0612,-0.0515]
    2  2057   [   27.0,   36.4] mean=   31.5     0.4559    0.4139   -0.0420    0.0020  [-0.0459,-0.0382]
    3  2150   [   36.4,   45.9] mean=   41.1     0.4628    0.4085   -0.0543    0.0021  [-0.0582,-0.0501]
    4  2150   [   45.9,   63.8] mean=   52.3     0.4712    0.4130   -0.0582    0.0021  [-0.0625,-0.0541]

  --- stratified by PUSH LENGTH (mm), 5 quantile bins (confound check) ---

  bin   n          push_len_mm      base_acc  warp_acc   delta       boot_sem  95%CI
    0  2151   [    0.1,   23.5] mean=   14.8     0.4051    0.2512   -0.1541    0.0061  [-0.1660,-0.1424]
    1  2150   [   23.5,   33.3] mean=   28.3     0.4506    0.3803   -0.0703    0.0025  [-0.0752,-0.0655]
    2  2150   [   33.3,   44.3] mean=   38.8     0.4634    0.4158   -0.0477    0.0019  [-0.0515,-0.0441]
    3  2150   [   44.3,   56.9] mean=   50.4     0.4717    0.4374   -0.0343    0.0014  [-0.0372,-0.0315]
    4  2150   [   56.9,   80.0] mean=   65.0     0.4691    0.4500   -0.0191    0.0011  [-0.0213,-0.0169]

  --- WITHIN push-length band 2 (n=2150, range [33.3,44.3] mm), re-stratified by wall distance ---

  bin   n         wall_dist_mm      base_acc  warp_acc   delta       boot_sem  95%CI
    0   430   [    6.5,   23.0] mean=   15.1     0.4695    0.4170   -0.0525    0.0043  [-0.0612,-0.0445]
    1   430   [   23.0,   29.2] mean=   26.2     0.4476    0.4079   -0.0398    0.0040  [-0.0479,-0.0322]
    2   430   [   29.2,   39.8] mean=   34.2     0.4541    0.4135   -0.0407    0.0039  [-0.0486,-0.0334]
    3   430   [   39.9,   49.7] mean=   44.9     0.4755    0.4269   -0.0486    0.0041  [-0.0568,-0.0410]
    4   430   [   49.7,   63.7] mean=   55.0     0.4699    0.4132   -0.0568    0.0045  [-0.0661,-0.0483]

  overall: baseline_acc=0.4564 warped_acc=0.4000 delta=-0.0564 boot_sem=0.0011 95%CI=[-0.0585,-0.0544]

wrote raw output -> experiments/EXP-0022-warped-nfd-push-frame/artifacts/RUN-0012-wall-proximity/wall_proximity.json
