loading baseline predictor: Baselines/NFD/runs/nfd_3ch_randlen/unet_best.pth
loading warped predictor:   Baselines/NFD/runs/nfd_warped_randlen/unet_best.pth
  baseline model params on device: cpu
  warped model params on device: cpu

=== corpus: L20mm ===
  loaded 7680 transitions, grid 64x64, 45.8s
  baseline predict: 6.6s, devices seen: {'cpu'}
  warped   predict: 10.2s, devices seen: {'cpu'}
  wall-distance mm: min 21.5 p10 37.7 p50 49.5 p90 57.7 max 63.6
  push-length  mm: min 20.0 p10 20.0 p50 20.0 p90 20.0 max 20.0
  Pearson corr(wall_distance_mm, push_length_mm) = -0.091

  --- stratified by WALL DISTANCE (mm), 5 quantile bins ---

  bin   n         wall_dist_mm      base_acc  warp_acc   delta       boot_sem  95%CI
    0  1536   [   21.5,   42.1] mean=   34.8     0.3454    0.1435   -0.2019    0.0102  [-0.2223,-0.1825]
    1  1536   [   42.1,   47.8] mean=   45.3     0.3830    0.2867   -0.0964    0.0045  [-0.1052,-0.0877]
    2  1536   [   47.8,   51.1] mean=   49.5     0.3692    0.3074   -0.0618    0.0033  [-0.0685,-0.0555]
    3  1536   [   51.1,   55.0] mean=   52.9     0.4103    0.3763   -0.0340    0.0020  [-0.0380,-0.0300]
    4  1536   [   55.0,   63.6] mean=   58.1     0.4588    0.4468   -0.0120    0.0013  [-0.0146,-0.0094]

  --- stratified by PUSH LENGTH (mm), 5 quantile bins (confound check) ---

  bin   n          push_len_mm      base_acc  warp_acc   delta       boot_sem  95%CI
    0  1701   [   20.0,   20.0] mean=   20.0     0.3973    0.3765   -0.0209    0.0018  [-0.0245,-0.0174]
    1  2245   [   20.0,   20.0] mean=   20.0     0.4268    0.3953   -0.0315    0.0018  [-0.0350,-0.0280]
    2  1527   [   20.0,   20.0] mean=   20.0     0.4309    0.3798   -0.0511    0.0026  [-0.0562,-0.0460]
    3   891   [   20.0,   20.0] mean=   20.0     0.4031    0.3035   -0.0996    0.0063  [-0.1118,-0.0878]
    4  1316   [   20.0,   20.0] mean=   20.0     0.2525   -0.1006   -0.3534    0.0215  [-0.3981,-0.3134]

  --- WITHIN push-length band 2 (n=1527, range [20.0,20.0] mm), re-stratified by wall distance ---

  bin   n         wall_dist_mm      base_acc  warp_acc   delta       boot_sem  95%CI
    0   306   [   21.5,   41.5] mean=   33.4     0.3379    0.1567   -0.1824    0.0199  [-0.2256,-0.1466]
    1   305   [   41.6,   48.3] mean=   45.3     0.4399    0.3940   -0.0458    0.0049  [-0.0560,-0.0367]
    2   305   [   48.3,   51.0] mean=   49.7     0.3850    0.3245   -0.0606    0.0058  [-0.0729,-0.0501]
    3   305   [   51.0,   54.6] mean=   52.7     0.4215    0.3861   -0.0355    0.0041  [-0.0438,-0.0276]
    4   306   [   54.6,   63.6] mean=   57.8     0.4869    0.4679   -0.0191    0.0029  [-0.0250,-0.0135]

  overall: baseline_acc=0.4071 warped_acc=0.3476 delta=-0.0596 boot_sem=0.0015 95%CI=[-0.0625,-0.0567]

=== corpus: L40mm ===
  loaded 7680 transitions, grid 64x64, 46.9s
  baseline predict: 6.2s, devices seen: {'cpu'}
  warped   predict: 8.4s, devices seen: {'cpu'}
  wall-distance mm: min 21.6 p10 32.4 p50 43.6 p90 56.0 max 63.7
  push-length  mm: min 40.0 p10 40.0 p50 40.0 p90 40.0 max 40.0
  Pearson corr(wall_distance_mm, push_length_mm) = 0.023

  --- stratified by WALL DISTANCE (mm), 5 quantile bins ---

  bin   n         wall_dist_mm      base_acc  warp_acc   delta       boot_sem  95%CI
    0  1549   [   21.6,   35.3] mean=   31.2     0.4578    0.3805   -0.0774    0.0031  [-0.0836,-0.0713]
    1  1523   [   35.3,   40.5] mean=   38.6     0.4952    0.4293   -0.0659    0.0020  [-0.0698,-0.0621]
    2  1536   [   40.5,   46.6] mean=   43.6     0.5219    0.4799   -0.0419    0.0017  [-0.0453,-0.0386]
    3  1536   [   46.6,   52.3] mean=   49.4     0.5280    0.4847   -0.0434    0.0017  [-0.0466,-0.0401]
    4  1536   [   52.3,   63.7] mean=   56.3     0.5197    0.4862   -0.0334    0.0017  [-0.0367,-0.0303]

  --- stratified by PUSH LENGTH (mm), 5 quantile bins (confound check) ---

  bin   n          push_len_mm      base_acc  warp_acc   delta       boot_sem  95%CI
    0  2744   [   40.0,   40.0] mean=   40.0     0.5088    0.4742   -0.0346    0.0013  [-0.0371,-0.0320]
    1  2407   [   40.0,   40.0] mean=   40.0     0.5070    0.4516   -0.0554    0.0015  [-0.0584,-0.0527]
    2   0     (empty)
    3  2008   [   40.0,   40.0] mean=   40.0     0.5131    0.4513   -0.0618    0.0019  [-0.0654,-0.0580]
    4   521   [   40.0,   40.0] mean=   40.0     0.5004    0.4314   -0.0691    0.0038  [-0.0768,-0.0618]

  --- WITHIN push-length band 0 (n=2744, range [40.0,40.0] mm), re-stratified by wall distance ---

  bin   n         wall_dist_mm      base_acc  warp_acc   delta       boot_sem  95%CI
    0   549   [   23.0,   36.9] mean=   31.1     0.4704    0.4007   -0.0699    0.0048  [-0.0795,-0.0609]
    1   549   [   36.9,   42.2] mean=   39.7     0.5061    0.4619   -0.0440    0.0028  [-0.0495,-0.0385]
    2   548   [   42.2,   47.5] mean=   44.8     0.5138    0.4866   -0.0272    0.0028  [-0.0326,-0.0218]
    3   549   [   47.5,   53.1] mean=   50.2     0.5239    0.4968   -0.0271    0.0028  [-0.0324,-0.0215]
    4   549   [   53.2,   63.7] mean=   57.0     0.5159    0.4983   -0.0176    0.0026  [-0.0226,-0.0125]

  overall: baseline_acc=0.5088 warped_acc=0.4589 delta=-0.0498 boot_sem=0.0009 95%CI=[-0.0515,-0.0481]

wrote raw output -> experiments/EXP-0022-warped-nfd-push-frame/artifacts/RUN-0012-wall-proximity/wall_proximity_L20L40.json
