[device] cuda
[data] loading train split...
[data] 768 train samples
[data] loading val split...
[data] 128 val samples
/home/alon/Code/pile_manipulation/experiments/EXP-0025-flow-warp-nfd-pilot/code/train_supervised_flow.py:168: UserWarning: Converting a tensor with requires_grad=True to a scalar may lead to unexpected behavior.
Consider using tensor.detach() first. (Triggered internally at /pytorch/torch/csrc/autograd/generated/python_variable_methods.cpp:836.)
  total_photo += float(photo_loss) * bs
[epoch 1/40] train photo=0.03698 flow=0.80686 bg=0.10608 | val photo=0.03284 flow=0.06627 bg=0.04245 (2.3s)
[epoch 2/40] train photo=0.03687 flow=0.59540 bg=0.11718 | val photo=0.03336 flow=0.15282 bg=0.04839 (3.4s)
[epoch 3/40] train photo=0.03666 flow=0.39177 bg=0.12700 | val photo=0.03594 flow=0.26520 bg=0.12582 (4.4s)
[epoch 4/40] train photo=0.03686 flow=0.22230 bg=0.12618 | val photo=0.03668 flow=0.16636 bg=0.13711 (5.4s)
[epoch 5/40] train photo=0.03700 flow=0.11173 bg=0.11977 | val photo=0.03578 flow=0.08926 bg=0.12767 (6.3s)
[epoch 6/40] train photo=0.03519 flow=0.06153 bg=0.11349 | val photo=0.03396 flow=0.05398 bg=0.11809 (7.4s)
[epoch 7/40] train photo=0.03289 flow=0.04306 bg=0.10980 | val photo=0.03169 flow=0.04018 bg=0.10609 (8.4s)
[epoch 8/40] train photo=0.02975 flow=0.03330 bg=0.10854 | val photo=0.02799 flow=0.03130 bg=0.10652 (9.2s)
[epoch 9/40] train photo=0.02668 flow=0.02694 bg=0.10648 | val photo=0.02517 flow=0.02558 bg=0.10491 (10.3s)
[epoch 10/40] train photo=0.02391 flow=0.02333 bg=0.10248 | val photo=0.02275 flow=0.02223 bg=0.10297 (11.2s)
[epoch 11/40] train photo=0.02090 flow=0.02117 bg=0.09717 | val photo=0.01979 flow=0.02018 bg=0.09103 (12.0s)
[epoch 12/40] train photo=0.01806 flow=0.01976 bg=0.09321 | val photo=0.01734 flow=0.01852 bg=0.08578 (13.1s)
[epoch 13/40] train photo=0.01669 flow=0.01884 bg=0.08979 | val photo=0.01631 flow=0.01770 bg=0.08102 (13.9s)
[epoch 14/40] train photo=0.01591 flow=0.01826 bg=0.08579 | val photo=0.01542 flow=0.01707 bg=0.07747 (14.8s)
[epoch 15/40] train photo=0.01532 flow=0.01784 bg=0.08249 | val photo=0.01494 flow=0.01665 bg=0.07383 (15.9s)
[epoch 16/40] train photo=0.01493 flow=0.01749 bg=0.07901 | val photo=0.01446 flow=0.01625 bg=0.07062 (16.9s)
[epoch 17/40] train photo=0.01464 flow=0.01720 bg=0.07582 | val photo=0.01404 flow=0.01596 bg=0.06763 (18.2s)
[epoch 18/40] train photo=0.01427 flow=0.01702 bg=0.07278 | val photo=0.01367 flow=0.01575 bg=0.06356 (19.1s)
[epoch 19/40] train photo=0.01394 flow=0.01684 bg=0.06935 | val photo=0.01333 flow=0.01560 bg=0.06068 (20.5s)
[epoch 20/40] train photo=0.01369 flow=0.01675 bg=0.06639 | val photo=0.01315 flow=0.01548 bg=0.05489 (21.7s)
[epoch 21/40] train photo=0.01356 flow=0.01669 bg=0.06292 | val photo=0.01299 flow=0.01538 bg=0.05732 (22.8s)
[epoch 22/40] train photo=0.01343 flow=0.01659 bg=0.05989 | val photo=0.01289 flow=0.01529 bg=0.05545 (23.8s)
[epoch 23/40] train photo=0.01335 flow=0.01651 bg=0.05718 | val photo=0.01284 flow=0.01521 bg=0.04599 (24.7s)
[epoch 24/40] train photo=0.01329 flow=0.01645 bg=0.05449 | val photo=0.01274 flow=0.01514 bg=0.04650 (25.4s)
[epoch 25/40] train photo=0.01326 flow=0.01636 bg=0.05252 | val photo=0.01271 flow=0.01508 bg=0.03882 (26.3s)
[epoch 26/40] train photo=0.01319 flow=0.01631 bg=0.05241 | val photo=0.01262 flow=0.01502 bg=0.03772 (27.2s)
[epoch 27/40] train photo=0.01319 flow=0.01625 bg=0.04821 | val photo=0.01262 flow=0.01498 bg=0.03767 (28.4s)
[epoch 28/40] train photo=0.01314 flow=0.01618 bg=0.04616 | val photo=0.01260 flow=0.01494 bg=0.03271 (29.6s)
[epoch 29/40] train photo=0.01315 flow=0.01613 bg=0.04539 | val photo=0.01256 flow=0.01491 bg=0.03232 (30.7s)
[epoch 30/40] train photo=0.01310 flow=0.01609 bg=0.04300 | val photo=0.01256 flow=0.01488 bg=0.03144 (31.4s)
[epoch 31/40] train photo=0.01311 flow=0.01604 bg=0.04204 | val photo=0.01253 flow=0.01489 bg=0.03183 (32.4s)
[epoch 32/40] train photo=0.01310 flow=0.01605 bg=0.04083 | val photo=0.01251 flow=0.01483 bg=0.03155 (33.3s)
[epoch 33/40] train photo=0.01307 flow=0.01599 bg=0.04011 | val photo=0.01250 flow=0.01480 bg=0.02824 (34.1s)
[epoch 34/40] train photo=0.01311 flow=0.01598 bg=0.03905 | val photo=0.01250 flow=0.01478 bg=0.02548 (35.4s)
[epoch 35/40] train photo=0.01307 flow=0.01595 bg=0.03772 | val photo=0.01250 flow=0.01480 bg=0.02948 (36.4s)
[epoch 36/40] train photo=0.01304 flow=0.01587 bg=0.03815 | val photo=0.01246 flow=0.01473 bg=0.02470 (37.6s)
[epoch 37/40] train photo=0.01308 flow=0.01588 bg=0.03614 | val photo=0.01245 flow=0.01473 bg=0.02553 (38.7s)
[epoch 38/40] train photo=0.01306 flow=0.01588 bg=0.03522 | val photo=0.01246 flow=0.01471 bg=0.02443 (39.4s)
[epoch 39/40] train photo=0.01304 flow=0.01582 bg=0.03435 | val photo=0.01249 flow=0.01471 bg=0.02319 (40.0s)
[epoch 40/40] train photo=0.01311 flow=0.01582 bg=0.03456 | val photo=0.01241 flow=0.01469 bg=0.02226 (41.0s)
[done] best_val=0.02821 saved to experiments/EXP-0025-flow-warp-nfd-pilot/runs/RUN-0009-supervised-flow-masked-penalty
