loading corpus...
S=4000
  nf= 8 D= 87 quadrant0  lyapunov         row_random  R2=+0.921+-0.048 lam=[0.01, 0.01, 0.01]
  nf= 8 D= 87 quadrant0  lyapunov         slate_aware R2=+0.890+-0.068 lam=[1, 0.01, 1]
  nf= 8 D= 87 quadrant0  mass_in_region   row_random  R2=+0.222+-0.248 lam=[0.01, 0.01, 0.1]
  nf= 8 D= 87 quadrant0  mass_in_region   slate_aware R2=+0.775+-0.044 lam=[100, 100, 100]
  nf= 8 D= 87 letter_T   lyapunov         row_random  R2=+0.633+-0.061 lam=[0.1, 1, 0.1]
  nf= 8 D= 87 letter_T   lyapunov         slate_aware R2=+0.836+-0.054 lam=[300, 300, 300]
  nf= 8 D= 87 letter_T   mass_in_region   row_random  R2=-5.774+-3.709 lam=[0.01, 0.1, 0.1]
  nf= 8 D= 87 letter_T   mass_in_region   slate_aware R2=+0.070+-0.395 lam=[1000, 3000, 30]
  nf=16 D=295 quadrant0  lyapunov         row_random  R2=+0.301+-0.416 lam=[0.1, 0.1, 0.1]
  nf=16 D=295 quadrant0  lyapunov         slate_aware R2=+0.789+-0.148 lam=[1, 1, 10]
  nf=16 D=295 quadrant0  mass_in_region   row_random  R2=-1.283+-0.644 lam=[1, 0.1, 0.1]
  nf=16 D=295 quadrant0  mass_in_region   slate_aware R2=+0.760+-0.087 lam=[100, 300, 100]
  nf=16 D=295 letter_T   lyapunov         row_random  R2=-18.662+-21.184 lam=[0.1, 0.01, 0.1]
  nf=16 D=295 letter_T   lyapunov         slate_aware R2=+0.518+-0.273 lam=[100, 100, 100]
  nf=16 D=295 letter_T   mass_in_region   row_random  R2=-38.898+-47.587 lam=[0.1, 1, 1]
  nf=16 D=295 letter_T   mass_in_region   slate_aware R2=+0.302+-0.488 lam=[100, 1000, 300]
  nf=24 D=631 quadrant0  lyapunov         row_random  R2=-0.617+-0.645 lam=[0.1, 0.1, 0.1]
  nf=24 D=631 quadrant0  lyapunov         slate_aware R2=+0.597+-0.144 lam=[1, 1, 1]
  nf=24 D=631 quadrant0  mass_in_region   row_random  R2=-4.367+-5.573 lam=[0.1, 1, 1]
  nf=24 D=631 quadrant0  mass_in_region   slate_aware R2=+0.621+-0.113 lam=[100, 300, 100]
  nf=24 D=631 letter_T   lyapunov         row_random  R2=-0.704+-0.029 lam=[1, 1, 1]
  nf=24 D=631 letter_T   lyapunov         slate_aware R2=+0.490+-0.230 lam=[100, 100, 30]
  nf=24 D=631 letter_T   mass_in_region   row_random  R2=-13.215+-18.441 lam=[1, 1, 1]
  nf=24 D=631 letter_T   mass_in_region   slate_aware R2=+0.588+-0.315 lam=[100, 300, 300]
  nf=32 D=1095 quadrant0  lyapunov         row_random  R2=+0.071+-0.857 lam=[0.1, 1, 1]
  nf=32 D=1095 quadrant0  lyapunov         slate_aware R2=+0.591+-0.130 lam=[1, 1, 1]
  nf=32 D=1095 quadrant0  mass_in_region   row_random  R2=-1.257+-1.634 lam=[1, 1, 1]
  nf=32 D=1095 quadrant0  mass_in_region   slate_aware R2=+0.634+-0.148 lam=[100, 100, 300]
  nf=32 D=1095 letter_T   lyapunov         row_random  R2=-0.806+-0.280 lam=[1, 1, 1]
  nf=32 D=1095 letter_T   lyapunov         slate_aware R2=+0.476+-0.225 lam=[300, 100, 100]
  nf=32 D=1095 letter_T   mass_in_region   row_random  R2=-0.778+-1.530 lam=[10, 30, 10]
  nf=32 D=1095 letter_T   mass_in_region   slate_aware R2=+0.497+-0.317 lam=[100, 300, 300]
done
