S=1000 states, G=500 goals, D=87, n_fourier=8

=== held-out GOAL ===
  [goal] seed=100 linear diff       lyapunov               R2=+0.3498 (0s)
  [goal] seed=100 linear diff       mass_in_region         R2=+0.2320 (0s)
  [goal] seed=100 linear diff       signed_mass_in_region  R2=+0.2320 (0s)
  [goal] seed=101 linear diff       lyapunov               R2=+0.4062 (0s)
  [goal] seed=101 linear diff       mass_in_region         R2=+0.2455 (0s)
  [goal] seed=101 linear diff       signed_mass_in_region  R2=+0.2338 (0s)
  [goal] seed=102 linear diff       lyapunov               R2=+0.4924 (0s)
  [goal] seed=102 linear diff       mass_in_region         R2=+0.3614 (0s)
  [goal] seed=102 linear diff       signed_mass_in_region  R2=+0.3535 (0s)
  [goal] seed=103 linear diff       lyapunov               R2=+0.4304 (0s)
  [goal] seed=103 linear diff       mass_in_region         R2=+0.3006 (0s)
  [goal] seed=103 linear diff       signed_mass_in_region  R2=+0.2914 (0s)
  [goal] seed=100 linear concat     lyapunov               R2=+0.3750 (1s)
  [goal] seed=100 linear concat     mass_in_region         R2=+0.3135 (1s)
  [goal] seed=100 linear concat     signed_mass_in_region  R2=+0.3213 (1s)
  [goal] seed=101 linear concat     lyapunov               R2=+0.4348 (1s)
  [goal] seed=101 linear concat     mass_in_region         R2=+0.3315 (1s)
  [goal] seed=101 linear concat     signed_mass_in_region  R2=+0.3405 (1s)
  [goal] seed=102 linear concat     lyapunov               R2=+0.5463 (1s)
  [goal] seed=102 linear concat     mass_in_region         R2=+0.4740 (1s)
  [goal] seed=102 linear concat     signed_mass_in_region  R2=+0.4782 (1s)
  [goal] seed=103 linear concat     lyapunov               R2=+0.4486 (1s)
  [goal] seed=103 linear concat     mass_in_region         R2=+0.3926 (1s)
  [goal] seed=103 linear concat     signed_mass_in_region  R2=+0.3967 (1s)
  [goal] seed=100 linear goal_only  lyapunov               R2=+0.2475 (0s)
  [goal] seed=100 linear goal_only  mass_in_region         R2=+0.2972 (0s)
  [goal] seed=100 linear goal_only  signed_mass_in_region  R2=+0.2930 (0s)
  [goal] seed=101 linear goal_only  lyapunov               R2=+0.2898 (0s)
  [goal] seed=101 linear goal_only  mass_in_region         R2=+0.3147 (0s)
  [goal] seed=101 linear goal_only  signed_mass_in_region  R2=+0.3136 (0s)
  [goal] seed=102 linear goal_only  lyapunov               R2=+0.4178 (0s)
  [goal] seed=102 linear goal_only  mass_in_region         R2=+0.4587 (0s)
  [goal] seed=102 linear goal_only  signed_mass_in_region  R2=+0.4540 (0s)
  [goal] seed=103 linear goal_only  lyapunov               R2=+0.3533 (0s)
  [goal] seed=103 linear goal_only  mass_in_region         R2=+0.3873 (0s)
  [goal] seed=103 linear goal_only  signed_mass_in_region  R2=+0.3837 (0s)
  [goal] seed=100 linear state_only lyapunov               R2=+0.1249 (0s)
  [goal] seed=100 linear state_only mass_in_region         R2=+0.0107 (0s)
  [goal] seed=100 linear state_only signed_mass_in_region  R2=+0.0221 (0s)
  [goal] seed=101 linear state_only lyapunov               R2=+0.1410 (0s)
  [goal] seed=101 linear state_only mass_in_region         R2=+0.0103 (0s)
  [goal] seed=101 linear state_only signed_mass_in_region  R2=+0.0228 (0s)
  [goal] seed=102 linear state_only lyapunov               R2=+0.1270 (0s)
  [goal] seed=102 linear state_only mass_in_region         R2=+0.0119 (0s)
  [goal] seed=102 linear state_only signed_mass_in_region  R2=+0.0200 (0s)
  [goal] seed=103 linear state_only lyapunov               R2=+0.0941 (0s)
  [goal] seed=103 linear state_only mass_in_region         R2=+0.0069 (0s)
  [goal] seed=103 linear state_only signed_mass_in_region  R2=+0.0135 (0s)
  [goal] seed=100 linear mean_only  lyapunov               R2=+0.0000 (0s)
  [goal] seed=100 linear mean_only  mass_in_region         R2=+0.0000 (0s)
  [goal] seed=100 linear mean_only  signed_mass_in_region  R2=+0.0000 (0s)
  [goal] seed=101 linear mean_only  lyapunov               R2=+0.0000 (0s)
  [goal] seed=101 linear mean_only  mass_in_region         R2=+0.0000 (0s)
  [goal] seed=101 linear mean_only  signed_mass_in_region  R2=+0.0000 (0s)
  [goal] seed=102 linear mean_only  lyapunov               R2=+0.0000 (0s)
  [goal] seed=102 linear mean_only  mass_in_region         R2=+0.0000 (0s)
  [goal] seed=102 linear mean_only  signed_mass_in_region  R2=+0.0000 (0s)
  [goal] seed=103 linear mean_only  lyapunov               R2=+0.0000 (0s)
  [goal] seed=103 linear mean_only  mass_in_region         R2=+0.0000 (0s)
  [goal] seed=103 linear mean_only  signed_mass_in_region  R2=+0.0000 (0s)
  [goal] seed=100 mlp    diff       lyapunov               R2=+0.8594 (33s)
    persisted -> /home/alon/Code/pile_manipulation/experiments/temp/exp0017-value-readout/readout_mlp_diff_lyapunov_goalsplit100.joblib
  [goal] seed=100 mlp    diff       mass_in_region         R2=+0.6144 (20s)
    persisted -> /home/alon/Code/pile_manipulation/experiments/temp/exp0017-value-readout/readout_mlp_diff_mass_in_region_goalsplit100.joblib
  [goal] seed=100 mlp    diff       signed_mass_in_region  R2=+0.6806 (19s)
    persisted -> /home/alon/Code/pile_manipulation/experiments/temp/exp0017-value-readout/readout_mlp_diff_signed_mass_in_region_goalsplit100.joblib
  [goal] seed=101 mlp    diff       lyapunov               R2=+0.8699 (34s)
  [goal] seed=101 mlp    diff       mass_in_region         R2=+0.6269 (20s)
  [goal] seed=101 mlp    diff       signed_mass_in_region  R2=+0.6881 (20s)
  [goal] seed=102 mlp    diff       lyapunov               R2=+0.8835 (33s)
  [goal] seed=102 mlp    diff       mass_in_region         R2=+0.6898 (13s)
  [goal] seed=102 mlp    diff       signed_mass_in_region  R2=+0.7389 (17s)
  [goal] seed=100 mlp    goal_only  lyapunov               R2=+0.2782 (21s)
  [goal] seed=100 mlp    goal_only  mass_in_region         R2=+0.2290 (5s)
  [goal] seed=100 mlp    goal_only  signed_mass_in_region  R2=+0.3382 (8s)
  [goal] seed=101 mlp    goal_only  lyapunov               R2=-9.5315 (3s)
  [goal] seed=101 mlp    goal_only  mass_in_region         R2=+0.2851 (7s)
  [goal] seed=101 mlp    goal_only  signed_mass_in_region  R2=+0.3094 (6s)
  [goal] seed=102 mlp    goal_only  lyapunov               R2=+0.2243 (15s)
  [goal] seed=102 mlp    goal_only  mass_in_region         R2=+0.4206 (6s)
  [goal] seed=102 mlp    goal_only  signed_mass_in_region  R2=+0.4417 (6s)
  [goal] seed=100 poly2  diff       lyapunov               R2=+0.7787 (94s)
  [goal] seed=100 poly2  diff       mass_in_region         R2=+0.5140 (82s)
  [goal] seed=100 poly2  diff       signed_mass_in_region  R2=+0.5349 (80s)
  [goal] seed=101 poly2  diff       lyapunov               R2=+0.7864 (75s)
  [goal] seed=101 poly2  diff       mass_in_region         R2=+0.5787 (77s)
  [goal] seed=101 poly2  diff       signed_mass_in_region  R2=+0.5880 (69s)
  [goal] seed=102 poly2  diff       lyapunov               R2=+0.8169 (68s)
  [goal] seed=102 poly2  diff       mass_in_region         R2=+0.6631 (68s)
  [goal] seed=102 poly2  diff       signed_mass_in_region  R2=+0.6690 (69s)
  [goal] seed=100 poly2  goal_only  lyapunov               R2=+0.2800 (68s)
  [goal] seed=100 poly2  goal_only  mass_in_region         R2=+0.3315 (66s)
  [goal] seed=100 poly2  goal_only  signed_mass_in_region  R2=+0.3259 (66s)

=== held-out STATE ===
  [state] seed=0 linear diff       lyapunov               R2=+0.0319 (0s)
  [state] seed=0 linear diff       mass_in_region         R2=-0.4020 (0s)
  [state] seed=0 linear diff       signed_mass_in_region  R2=-0.4708 (0s)
  [state] seed=1 linear diff       lyapunov               R2=+0.1457 (0s)
  [state] seed=1 linear diff       mass_in_region         R2=+0.1510 (0s)
  [state] seed=1 linear diff       signed_mass_in_region  R2=+0.0510 (0s)
  [state] seed=2 linear diff       lyapunov               R2=+0.2099 (0s)
  [state] seed=2 linear diff       mass_in_region         R2=+0.0259 (0s)
  [state] seed=2 linear diff       signed_mass_in_region  R2=+0.0178 (0s)
  [state] seed=0 linear goal_only  lyapunov               R2=+0.3218 (0s)
  [state] seed=0 linear goal_only  mass_in_region         R2=+0.3953 (0s)
  [state] seed=0 linear goal_only  signed_mass_in_region  R2=+0.3972 (0s)
  [state] seed=1 linear goal_only  lyapunov               R2=+0.2820 (0s)
  [state] seed=1 linear goal_only  mass_in_region         R2=+0.3519 (0s)
  [state] seed=1 linear goal_only  signed_mass_in_region  R2=+0.3480 (0s)
  [state] seed=2 linear goal_only  lyapunov               R2=+0.3836 (0s)
  [state] seed=2 linear goal_only  mass_in_region         R2=+0.3965 (0s)
  [state] seed=2 linear goal_only  signed_mass_in_region  R2=+0.3864 (0s)
  [state] seed=0 linear state_only lyapunov               R2=+0.0759 (0s)
  [state] seed=0 linear state_only mass_in_region         R2=+0.0039 (0s)
  [state] seed=0 linear state_only signed_mass_in_region  R2=-0.0008 (0s)
  [state] seed=1 linear state_only lyapunov               R2=+0.1137 (0s)
  [state] seed=1 linear state_only mass_in_region         R2=+0.0022 (0s)
  [state] seed=1 linear state_only signed_mass_in_region  R2=+0.0042 (0s)
  [state] seed=2 linear state_only lyapunov               R2=+0.1242 (0s)
  [state] seed=2 linear state_only mass_in_region         R2=+0.0103 (0s)
  [state] seed=2 linear state_only signed_mass_in_region  R2=+0.0247 (0s)
  [state] seed=0 linear mean_only  lyapunov               R2=+0.0000 (0s)
  [state] seed=0 linear mean_only  mass_in_region         R2=+0.0000 (0s)
  [state] seed=0 linear mean_only  signed_mass_in_region  R2=+0.0000 (0s)
  [state] seed=1 linear mean_only  lyapunov               R2=+0.0000 (0s)
  [state] seed=1 linear mean_only  mass_in_region         R2=+0.0000 (0s)
  [state] seed=1 linear mean_only  signed_mass_in_region  R2=+0.0000 (0s)
  [state] seed=2 linear mean_only  lyapunov               R2=+0.0000 (0s)
  [state] seed=2 linear mean_only  mass_in_region         R2=+0.0000 (0s)
  [state] seed=2 linear mean_only  signed_mass_in_region  R2=+0.0000 (0s)
  [state] seed=0 mlp    diff       lyapunov               R2=+0.5849 (17s)
  [state] seed=0 mlp    diff       mass_in_region         R2=+0.3323 (14s)
  [state] seed=0 mlp    diff       signed_mass_in_region  R2=+0.1077 (12s)
  [state] seed=0 mlp    goal_only  lyapunov               R2=+0.4109 (18s)
  [state] seed=0 mlp    goal_only  mass_in_region         R2=+0.4245 (3s)
  [state] seed=0 mlp    goal_only  signed_mass_in_region  R2=+0.4255 (4s)

wrote /home/alon/Code/pile_manipulation/experiments/EXP-0017-value-readout-instrument/artifacts/RUN-0001/cells.json
