cache: runs_exp0026/dv_cache_all50_deg.pt  goal=corner  provenance=9e78da53 dirty=False
50 slates used (sizes: [31, 32])

=== slateK: fraction of the oracle's advantage over a random pick ===
model                  K=2        K=4        K=8        K=16       K=24       K=31     
oracle                 1.000±0.000  1.000±0.000  1.000±0.000  1.000±0.000  1.000±0.000  1.000±0.000
persistence            0.004±0.005  0.001±0.005  0.001±0.005  -0.000±0.004  -0.000±0.004  -0.008±0.061
mean-delta             0.625±0.018  0.804±0.016  0.824±0.023  0.826±0.030  0.822±0.039  0.811±0.048
linear                 0.835±0.014  0.958±0.005  0.971±0.005  0.968±0.009  0.962±0.013  0.958±0.016
UNet                   0.873±0.012  0.974±0.005  0.982±0.004  0.979±0.008  0.977±0.010  0.976±0.013
displacement k=1       0.819±0.015  0.952±0.006  0.967±0.005  0.963±0.010  0.955±0.015  0.948±0.020
displacement k=2       0.784±0.017  0.932±0.008  0.947±0.010  0.940±0.015  0.930±0.021  0.924±0.026
displacement k=4       0.726±0.019  0.889±0.013  0.907±0.018  0.894±0.026  0.885±0.029  0.881±0.033
amplitude a=0.5        0.826±0.015  0.956±0.005  0.970±0.004  0.968±0.009  0.962±0.013  0.959±0.016
amplitude a=0.75       0.831±0.015  0.957±0.005  0.970±0.005  0.968±0.009  0.962±0.013  0.958±0.016
amplitude a=1.25       0.827±0.014  0.954±0.005  0.968±0.005  0.966±0.009  0.963±0.013  0.960±0.017
amplitude a=1.5        0.821±0.014  0.951±0.006  0.966±0.006  0.964±0.010  0.959±0.014  0.954±0.019
hf-noise m=0.5         0.786±0.014  0.916±0.014  0.911±0.020  0.882±0.025  0.867±0.028  0.861±0.034
hf-noise m=1.0         0.732±0.015  0.878±0.015  0.872±0.025  0.838±0.039  0.817±0.049  0.802±0.058
hf-noise m=2.0         0.575±0.021  0.745±0.023  0.768±0.031  0.757±0.048  0.744±0.065  0.738±0.081
blur s=1.0             0.819±0.015  0.951±0.006  0.965±0.006  0.966±0.009  0.963±0.013  0.960±0.016
blur s=2.0             0.803±0.016  0.941±0.008  0.955±0.009  0.952±0.012  0.946±0.017  0.942±0.022
wrong-physics          -0.029±0.032  -0.048±0.053  -0.080±0.073  -0.107±0.106  -0.099±0.144  -0.084±0.181

=== regret_dv (chosen - best, Lyapunov units; lower better) ===
model                  K=2        K=4        K=8        K=16       K=24       K=31     
oracle                 0.0000     0.0000     0.0000     0.0000     0.0000     0.0000   
persistence            0.0287     0.0522     0.0672     0.0745     0.0767     0.0783   
mean-delta             0.0045     0.0078     0.0109     0.0124     0.0132     0.0143   
linear                 0.0009     0.0012     0.0016     0.0023     0.0029     0.0032   
UNet                   0.0005     0.0007     0.0010     0.0015     0.0018     0.0019   
displacement k=1       0.0010     0.0014     0.0018     0.0026     0.0033     0.0039   
displacement k=2       0.0015     0.0021     0.0031     0.0043     0.0052     0.0057   
displacement k=4       0.0024     0.0038     0.0055     0.0076     0.0086     0.0091   
amplitude a=0.5        0.0010     0.0012     0.0017     0.0023     0.0028     0.0031   
amplitude a=0.75       0.0009     0.0012     0.0016     0.0023     0.0029     0.0032   
amplitude a=1.25       0.0010     0.0013     0.0018     0.0024     0.0028     0.0031   
amplitude a=1.5        0.0010     0.0014     0.0019     0.0026     0.0031     0.0035   
hf-noise m=0.5         0.0013     0.0027     0.0051     0.0081     0.0096     0.0102   
hf-noise m=1.0         0.0022     0.0043     0.0076     0.0112     0.0131     0.0143   
hf-noise m=2.0         0.0059     0.0106     0.0146     0.0175     0.0192     0.0200   
blur s=1.0             0.0011     0.0014     0.0019     0.0025     0.0028     0.0030   
blur s=2.0             0.0013     0.0018     0.0025     0.0034     0.0040     0.0044   
wrong-physics          0.0299     0.0548     0.0724     0.0819     0.0836     0.0836   

=== pick_pctile (fraction of the subset better than the pick) ===
model                  K=2        K=4        K=8        K=16       K=24       K=31     
oracle                 0.000      0.000      0.000      0.000      0.000      0.000    
persistence            0.249      0.375      0.437      0.469      0.479      0.487    
mean-delta             0.094      0.106      0.112      0.118      0.122      0.129    
linear                 0.041      0.038      0.036      0.035      0.035      0.035    
UNet                   0.032      0.028      0.027      0.028      0.029      0.030    
displacement k=1       0.045      0.040      0.037      0.036      0.037      0.038    
displacement k=2       0.054      0.051      0.050      0.052      0.053      0.052    
displacement k=4       0.068      0.071      0.071      0.077      0.079      0.079    
amplitude a=0.5        0.043      0.039      0.036      0.036      0.036      0.035    
amplitude a=0.75       0.042      0.039      0.036      0.036      0.035      0.035    
amplitude a=1.25       0.043      0.040      0.038      0.036      0.035      0.034    
amplitude a=1.5        0.045      0.042      0.039      0.039      0.038      0.038    
hf-noise m=0.5         0.054      0.062      0.074      0.090      0.099      0.103    
hf-noise m=1.0         0.067      0.079      0.093      0.111      0.122      0.129    
hf-noise m=2.0         0.106      0.127      0.134      0.144      0.153      0.159    
blur s=1.0             0.045      0.041      0.039      0.036      0.035      0.034    
blur s=2.0             0.049      0.046      0.045      0.046      0.048      0.049    
wrong-physics          0.257      0.394      0.473      0.516      0.523      0.521    

=== paired differences (per slate; sem is the floor, not the sd) ===

  UNet - linear
       K      mean       sd      sem       t     wins  ties
       2   +0.0378   0.0478   0.0068    5.59   41/50      1
       4   +0.0164   0.0199   0.0028    5.85   40/50      0
       8   +0.0116   0.0125   0.0018    6.54   40/50      0
      16   +0.0110   0.0194   0.0027    4.02   37/50      0
      24   +0.0145   0.0322   0.0046    3.19   36/50      1
      31   +0.0177   0.0484   0.0068    2.58   24/50     16

  oracle - linear
       K      mean       sd      sem       t     wins  ties
       2   +0.1653   0.0512   0.0072   22.84   50/50      0
       4   +0.0425   0.0182   0.0026   16.55   50/50      0
       8   +0.0294   0.0172   0.0024   12.13   50/50      0
      16   +0.0322   0.0323   0.0046    7.07   50/50      0
      24   +0.0379   0.0471   0.0067    5.69   49/50      1
      31   +0.0420   0.0604   0.0085    4.91   39/50     11

  linear - mean-delta
       K      mean       sd      sem       t     wins  ties
       2   +0.2096   0.0668   0.0095   22.18   50/50      0
       4   +0.1533   0.0559   0.0079   19.39   50/50      0
       8   +0.1466   0.0784   0.0111   13.22   50/50      0
      16   +0.1414   0.1096   0.0155    9.12   47/50      0
      24   +0.1400   0.1434   0.0203    6.90   45/50      0
      31   +0.1473   0.1771   0.0250    5.88   42/50      1

=== bivariate-normal extrapolation (validate on K<=31 first) ===
  mean within-slate Pearson rho: oracle=+0.969, mean-delta=+0.810, linear=+0.936, UNet=+0.952, displacement k=1=+0.930, displacement k=2=+0.916, displacement k=4=+0.886, amplitude a=0.5=+0.933, amplitude a=0.75=+0.935, amplitude a=1.25=+0.932, amplitude a=1.5=+0.929, hf-noise m=0.5=+0.921, hf-noise m=1.0=+0.886, hf-noise m=2.0=+0.748, blur s=1.0=+0.929, blur s=2.0=+0.921, wrong-physics=-0.037

  model                  K=2        K=4        K=8        K=16       K=24       K=31       K=64       K=128      K=256      K=1000   
  oracle                 1.000      1.000      1.000      1.000      1.000      1.000      1.000      1.000      1.000      1.000    
  mean-delta             0.599      0.744      0.781      0.794      0.798      0.801      0.803      0.805      0.807      0.809    
  linear                 0.771      0.894      0.918      0.925      0.928      0.929      0.931      0.932      0.933      0.934    
  UNet                   0.803      0.917      0.938      0.943      0.945      0.946      0.948      0.949      0.950      0.951    
  displacement k=1       0.759      0.886      0.910      0.918      0.921      0.922      0.924      0.925      0.926      0.928    
  displacement k=2       0.735      0.868      0.895      0.903      0.906      0.908      0.910      0.911      0.912      0.914    
  displacement k=4       0.692      0.830      0.862      0.872      0.875      0.877      0.880      0.881      0.882      0.884    
  amplitude a=0.5        0.765      0.890      0.914      0.922      0.924      0.926      0.927      0.929      0.929      0.931    
  amplitude a=0.75       0.768      0.892      0.916      0.924      0.926      0.928      0.929      0.930      0.931      0.933    
  amplitude a=1.25       0.764      0.889      0.914      0.921      0.924      0.925      0.927      0.928      0.929      0.931    
  amplitude a=1.5        0.758      0.885      0.910      0.918      0.920      0.922      0.923      0.924      0.926      0.927    
  hf-noise m=0.5         0.744      0.874      0.900      0.908      0.911      0.913      0.915      0.916      0.917      0.919    
  hf-noise m=1.0         0.693      0.831      0.862      0.872      0.876      0.877      0.881      0.881      0.883      0.885    
  hf-noise m=2.0         0.537      0.680      0.719      0.732      0.736      0.739      0.742      0.744      0.747      0.748    
  blur s=1.0             0.758      0.885      0.910      0.917      0.920      0.922      0.923      0.924      0.925      0.927    
  blur s=2.0             0.743      0.874      0.900      0.908      0.911      0.913      0.915      0.916      0.917      0.919    
  wrong-physics          -0.022     -0.036     -0.036     -0.038     -0.037     -0.037     -0.038     -0.037     -0.037     -0.038   

wrote runs_exp0026/kcurve_deg_all50.json
