cache: runs_exp0026/dv_cache_all50_deg.pt  goal=center  provenance=622c495f dirty=False
11 slates used (sizes: [32])

=== slateK: fraction of the oracle's advantage over a random pick ===
model                  K=2        K=4        K=8        K=16       K=24       K=31     
oracle                 1.000±0.000  1.000±0.000  1.000±0.000  1.000±0.000  1.000±0.000  1.000±0.000
persistence            -0.058±0.033  -0.051±0.058  -0.050±0.069  -0.039±0.067  -0.042±0.071  -0.051±0.072
mean-delta             0.509±0.258  0.707±0.243  0.900±0.103  0.994±0.007  1.000±0.000  1.000±0.000
linear                 0.577±0.272  0.734±0.240  0.902±0.111  0.998±0.003  1.000±0.000  1.000±0.000
UNet                   0.283±0.281  0.459±0.390  0.678±0.311  0.944±0.071  0.997±0.004  1.000±0.000
displacement k=1       0.565±0.283  0.664±0.313  0.805±0.236  0.980±0.027  1.000±0.000  1.000±0.000
displacement k=2       0.552±0.316  0.560±0.490  0.514±0.682  0.635±0.547  0.861±0.209  1.000±0.000
displacement k=4       0.535±0.346  0.474±0.621  0.233±1.120  -0.455±2.182  -1.182±3.273  -1.818±4.227
amplitude a=0.5        0.572±0.273  0.723±0.248  0.893±0.116  0.996±0.005  1.000±0.000  1.000±0.000
amplitude a=0.75       0.577±0.272  0.734±0.240  0.902±0.111  0.998±0.003  1.000±0.000  1.000±0.000
amplitude a=1.25       0.569±0.275  0.704±0.258  0.862±0.140  0.995±0.005  1.000±0.000  1.000±0.000
amplitude a=1.5        0.570±0.265  0.718±0.240  0.887±0.111  0.995±0.007  1.000±0.000  1.000±0.000
hf-noise m=0.5         -0.246±0.410  -0.998±0.922  -2.433±1.865  -5.036±3.673  -7.086±5.546  -8.348±7.706
hf-noise m=1.0         -0.106±0.420  -0.488±0.866  -1.207±1.735  -2.561±3.545  -3.689±5.406  -4.665±7.045
hf-noise m=2.0         -0.055±0.264  0.127±0.573  0.306±0.659  0.781±0.292  0.961±0.056  1.000±0.000
blur s=1.0             0.563±0.278  0.675±0.285  0.835±0.165  0.988±0.014  1.000±0.000  1.000±0.000
blur s=2.0             0.591±0.276  0.740±0.285  0.856±0.199  0.980±0.030  1.000±0.000  1.000±0.000
wrong-physics          0.091±0.318  0.192±0.609  0.342±0.777  0.614±0.546  0.866±0.202  1.000±0.000

=== regret_dv (chosen - best, Lyapunov units; lower better) ===
model                  K=2        K=4        K=8        K=16       K=24       K=31     
oracle                 0.0000     0.0000     0.0000     0.0000     0.0000     0.0000   
persistence            0.0002     0.0002     0.0002     0.0002     0.0002     0.0002   
mean-delta             0.0000     0.0000     0.0000     0.0000     0.0000     0.0000   
linear                 0.0000     0.0000     0.0000     0.0000     0.0000     0.0000   
UNet                   0.0001     0.0001     0.0000     0.0000     0.0000     0.0000   
displacement k=1       0.0000     0.0000     0.0000     0.0000     0.0000     0.0000   
displacement k=2       0.0000     0.0000     0.0000     0.0000     0.0000     0.0000   
displacement k=4       0.0000     0.0000     0.0001     0.0001     0.0002     0.0002   
amplitude a=0.5        0.0000     0.0000     0.0000     0.0000     0.0000     0.0000   
amplitude a=0.75       0.0000     0.0000     0.0000     0.0000     0.0000     0.0000   
amplitude a=1.25       0.0000     0.0000     0.0000     0.0000     0.0000     0.0000   
amplitude a=1.5        0.0000     0.0000     0.0000     0.0000     0.0000     0.0000   
hf-noise m=0.5         0.0003     0.0006     0.0010     0.0015     0.0014     0.0008   
hf-noise m=1.0         0.0003     0.0004     0.0004     0.0003     0.0001     0.0001   
hf-noise m=2.0         0.0003     0.0004     0.0003     0.0000     0.0000     0.0000   
blur s=1.0             0.0000     0.0000     0.0000     0.0000     0.0000     0.0000   
blur s=2.0             0.0000     0.0000     0.0000     0.0000     0.0000     0.0000   
wrong-physics          0.0001     0.0000     0.0000     0.0000     0.0000     0.0000   

=== pick_pctile (fraction of the subset better than the pick) ===
model                  K=2        K=4        K=8        K=16       K=24       K=31     
oracle                 0.000      0.000      0.000      0.000      0.000      0.000    
persistence            0.020      0.030      0.035      0.038      0.039      0.039    
mean-delta             0.009      0.009      0.004      0.000      0.000      0.000    
linear                 0.008      0.008      0.003      0.000      0.000      0.000    
UNet                   0.013      0.016      0.013      0.003      0.000      0.000    
displacement k=1       0.008      0.010      0.007      0.001      0.000      0.000    
displacement k=2       0.008      0.012      0.014      0.010      0.004      0.000    
displacement k=4       0.008      0.014      0.022      0.041      0.065      0.085    
amplitude a=0.5        0.008      0.009      0.004      0.000      0.000      0.000    
amplitude a=0.75       0.008      0.008      0.003      0.000      0.000      0.000    
amplitude a=1.25       0.008      0.010      0.006      0.000      0.000      0.000    
amplitude a=1.5        0.008      0.009      0.005      0.000      0.000      0.000    
hf-noise m=0.5         0.024      0.055      0.109      0.213      0.295      0.345    
hf-noise m=1.0         0.022      0.043      0.072      0.121      0.152      0.173    
hf-noise m=2.0         0.019      0.023      0.020      0.007      0.001      0.000    
blur s=1.0             0.008      0.011      0.007      0.001      0.000      0.000    
blur s=2.0             0.007      0.008      0.004      0.001      0.000      0.000    
wrong-physics          0.017      0.020      0.019      0.012      0.004      0.000    

=== paired differences (per slate; sem is the floor, not the sd) ===

  UNet - linear
       K      mean       sd      sem       t     wins  ties
       2   -0.2943   0.3888   0.1172   -2.51    2/11      0
       4   -0.2745   0.6791   0.2048   -1.34    2/11      2
       8   -0.2240   0.5594   0.1687   -1.33    2/11      6
      16   -0.0537   0.1248   0.0376   -1.43    1/11      7
      24   -0.0028   0.0092   0.0028   -1.00    0/11     10
      31   +0.0000   0.0000   0.0000     inf    0/11     11

  oracle - linear
       K      mean       sd      sem       t     wins  ties
       2   +0.4227   0.4833   0.1457    2.90    8/11      3
       4   +0.2662   0.4328   0.1305    2.04    5/11      6
       8   +0.0978   0.1983   0.0598    1.64    4/11      7
      16   +0.0025   0.0057   0.0017    1.45    2/11      9
      24   +0.0000   0.0000   0.0000     inf    0/11     11
      31   +0.0000   0.0000   0.0000     inf    0/11     11

  linear - mean-delta
       K      mean       sd      sem       t     wins  ties
       2   +0.0680   0.2543   0.0767    0.89    9/11      1
       4   +0.0264   0.4316   0.1301    0.20    5/11      5
       8   +0.0024   0.2343   0.0706    0.03    3/11      7
      16   +0.0040   0.0140   0.0042    0.95    3/11      7
      24   +0.0000   0.0000   0.0000     inf    0/11     11
      31   +0.0000   0.0000   0.0000     inf    0/11     11

=== bivariate-normal extrapolation (validate on K<=31 first) ===
  mean within-slate Pearson rho: oracle=+0.969, mean-delta=+0.169, linear=+0.251, UNet=+0.066, displacement k=1=+0.259, displacement k=2=+0.264, displacement k=4=+0.253, amplitude a=0.5=+0.252, amplitude a=0.75=+0.251, amplitude a=1.25=+0.248, amplitude a=1.5=+0.248, hf-noise m=0.5=-0.113, hf-noise m=1.0=-0.069, hf-noise m=2.0=-0.027, blur s=1.0=+0.250, blur s=2.0=+0.257, wrong-physics=-0.004

  model                  K=2        K=4        K=8        K=16       K=24       K=31       K=64       K=128      K=256      K=1000   
  oracle                 1.000      1.000      1.000      1.000      1.000      1.000      1.000      1.000      1.000      1.000    
  mean-delta             0.110      0.147      0.165      0.168      0.169      0.170      0.171      0.172      0.171      0.170    
  linear                 0.161      0.219      0.243      0.248      0.249      0.252      0.253      0.255      0.254      0.253    
  UNet                   0.044      0.057      0.066      0.066      0.067      0.067      0.068      0.068      0.067      0.067    
  displacement k=1       0.167      0.226      0.252      0.257      0.257      0.260      0.261      0.263      0.262      0.261    
  displacement k=2       0.170      0.231      0.257      0.261      0.262      0.265      0.266      0.268      0.267      0.266    
  displacement k=4       0.163      0.221      0.245      0.250      0.251      0.254      0.255      0.257      0.256      0.255    
  amplitude a=0.5        0.162      0.220      0.245      0.250      0.250      0.253      0.254      0.256      0.255      0.254    
  amplitude a=0.75       0.162      0.220      0.244      0.249      0.250      0.253      0.253      0.256      0.254      0.253    
  amplitude a=1.25       0.160      0.217      0.241      0.246      0.247      0.249      0.250      0.253      0.251      0.250    
  amplitude a=1.5        0.160      0.217      0.241      0.245      0.246      0.249      0.250      0.252      0.251      0.250    
  hf-noise m=0.5         -0.070     -0.104     -0.112     -0.114     -0.114     -0.115     -0.116     -0.114     -0.115     -0.114   
