cache: runs_exp0026/dv_cache_exp0024_49.pt  goal=corner  provenance=9e78da53 dirty=False
49 slates used (sizes: [31, 32])

=== slateK: fraction of the oracle's advantage over a random pick ===
model                  K=2        K=4        K=8        K=16       K=24       K=31     
mean-delta             0.627±0.019  0.806±0.016  0.828±0.022  0.829±0.031  0.824±0.040  0.814±0.049
linear                 0.835±0.014  0.958±0.005  0.971±0.005  0.968±0.009  0.962±0.013  0.959±0.017
UNet                   0.871±0.012  0.974±0.005  0.982±0.004  0.978±0.008  0.976±0.010  0.975±0.013
oracle                 1.000±0.000  1.000±0.000  1.000±0.000  1.000±0.000  1.000±0.000  1.000±0.000
persistence            0.007±0.005  0.002±0.005  0.002±0.004  0.001±0.004  0.001±0.004  -0.007±0.063

=== regret_dv (chosen - best, Lyapunov units; lower better) ===
model                  K=2        K=4        K=8        K=16       K=24       K=31     
mean-delta             0.0045     0.0077     0.0107     0.0122     0.0130     0.0140   
linear                 0.0009     0.0012     0.0016     0.0023     0.0029     0.0032   
UNet                   0.0005     0.0007     0.0010     0.0016     0.0018     0.0020   
oracle                 0.0000     0.0000     0.0000     0.0000     0.0000     0.0000   
persistence            0.0287     0.0522     0.0672     0.0744     0.0765     0.0782   

=== pick_pctile (fraction of the subset better than the pick) ===
model                  K=2        K=4        K=8        K=16       K=24       K=31     
mean-delta             0.093      0.105      0.111      0.117      0.122      0.129    
linear                 0.041      0.038      0.036      0.036      0.035      0.035    
UNet                   0.032      0.028      0.027      0.028      0.029      0.031    
oracle                 0.000      0.000      0.000      0.000      0.000      0.000    
persistence            0.248      0.374      0.437      0.468      0.479      0.486    

=== paired differences (per slate; sem is the floor, not the sd) ===

  UNet - linear
       K      mean       sd      sem       t     wins  ties
       2   +0.0366   0.0471   0.0067    5.45   40/49      1
       4   +0.0159   0.0199   0.0028    5.59   39/49      0
       8   +0.0111   0.0124   0.0018    6.30   39/49      0
      16   +0.0109   0.0197   0.0028    3.85   36/49      0
      24   +0.0140   0.0325   0.0046    3.02   35/49      1
      31   +0.0165   0.0480   0.0069    2.40   23/49     16

  oracle - linear
       K      mean       sd      sem       t     wins  ties
       2   +0.1653   0.0513   0.0073   22.55   49/49      0
       4   +0.0420   0.0184   0.0026   15.98   49/49      0
       8   +0.0291   0.0174   0.0025   11.67   49/49      0
      16   +0.0324   0.0328   0.0047    6.92   49/49      0
      24   +0.0378   0.0477   0.0068    5.54   48/49      1
      31   +0.0413   0.0608   0.0087    4.75   38/49     11

  linear - mean-delta
       K      mean       sd      sem       t     wins  ties
       2   +0.2082   0.0670   0.0096   21.75   49/49      0
       4   +0.1518   0.0550   0.0079   19.32   49/49      0
       8   +0.1433   0.0754   0.0108   13.30   49/49      0
      16   +0.1384   0.1089   0.0156    8.90   46/49      0
      24   +0.1379   0.1441   0.0206    6.70   44/49      0
      31   +0.1451   0.1782   0.0255    5.70   41/49      1

=== bivariate-normal extrapolation (validate on K<=31 first) ===
  mean within-slate Pearson rho: mean-delta=+0.810, linear=+0.936, UNet=+0.952, oracle=+0.969

  model                  K=2        K=4        K=8        K=16       K=24       K=31       K=64       K=128      K=256      K=1000   
  mean-delta             0.600      0.745      0.782      0.794      0.798      0.801      0.804      0.805      0.807      0.809    
  linear                 0.771      0.894      0.918      0.925      0.928      0.929      0.931      0.932      0.933      0.934    
  UNet                   0.803      0.917      0.938      0.943      0.945      0.946      0.948      0.949      0.950      0.951    
  oracle                 1.000      1.000      1.000      1.000      1.000      1.000      1.000      1.000      1.000      1.000    

wrote runs_exp0026/kcurve_corner_49.json
