cache: runs_expB/n20_L40mm_dv_cache.pt  goal=corner  provenance=4afea641 dirty=False
20 slates used (sizes: [128])

=== slateK: fraction of the oracle's advantage over a random pick ===
model                  K=2        K=4        K=8        K=16       K=32       K=64       K=128    
persistence            -0.004±0.012  0.001±0.010  -0.001±0.007  -0.001±0.007  -0.001±0.007  -0.001±0.007  -0.239±0.310
mean-delta             0.620±0.014  0.811±0.010  0.837±0.012  0.828±0.019  0.798±0.028  0.763±0.036  0.717±0.046
linear                 0.872±0.009  0.968±0.003  0.979±0.001  0.981±0.003  0.979±0.005  0.978±0.008  0.979±0.013
UNet                   0.907±0.007  0.982±0.002  0.991±0.002  0.992±0.002  0.992±0.002  0.992±0.004  0.992±0.008
oracle                 1.000±0.000  1.000±0.000  1.000±0.000  1.000±0.000  1.000±0.000  1.000±0.000  1.000±0.000

=== regret_dv (chosen - best, Lyapunov units; lower better) ===
model                  K=2        K=4        K=8        K=16       K=32       K=64       K=128    
persistence            0.0519     0.0903     0.1147     0.1270     0.1327     0.1357     0.1717   
mean-delta             0.0088     0.0130     0.0175     0.0217     0.0271     0.0329     0.0398   
linear                 0.0010     0.0016     0.0019     0.0023     0.0027     0.0031     0.0030   
UNet                   0.0006     0.0008     0.0008     0.0009     0.0011     0.0011     0.0010   
oracle                 0.0000     0.0000     0.0000     0.0000     0.0000     0.0000     0.0000   

=== pick_pctile (fraction of the subset better than the pick) ===
model                  K=2        K=4        K=8        K=16       K=32       K=64       K=128    
persistence            0.251      0.375      0.438      0.470      0.485      0.492      0.595    
mean-delta             0.095      0.108      0.115      0.127      0.145      0.165      0.195    
linear                 0.032      0.033      0.030      0.027      0.023      0.019      0.016    
UNet                   0.023      0.022      0.018      0.016      0.013      0.011      0.010    
oracle                 0.000      0.000      0.000      0.000      0.000      0.000      0.000    

=== paired differences (per slate; sem is the floor, not the sd) ===

  UNet - linear
       K      mean       sd      sem       t     wins  ties
       2   +0.0342   0.0243   0.0054    6.29   19/20      0
       4   +0.0147   0.0075   0.0017    8.73   20/20      0
       8   +0.0121   0.0050   0.0011   10.84   19/20      0
      16   +0.0114   0.0063   0.0014    8.05   20/20      0
      32   +0.0124   0.0118   0.0026    4.71   18/20      0
      64   +0.0136   0.0187   0.0042    3.25   16/20      0
     128   +0.0134   0.0310   0.0069    1.93    8/20     10

  oracle - linear
       K      mean       sd      sem       t     wins  ties
       2   +0.1276   0.0214   0.0048   26.61   20/20      0
       4   +0.0324   0.0072   0.0016   20.05   20/20      0
       8   +0.0207   0.0032   0.0007   28.91   20/20      0
      16   +0.0193   0.0060   0.0013   14.40   20/20      0
      32   +0.0207   0.0114   0.0025    8.12   20/20      0
      64   +0.0221   0.0182   0.0041    5.44   20/20      0
     128   +0.0210   0.0313   0.0070    3.00   11/20      9

  linear - mean-delta
       K      mean       sd      sem       t     wins  ties
       2   +0.2527   0.0358   0.0080   31.55   20/20      0
       4   +0.1566   0.0243   0.0054   28.85   20/20      0
       8   +0.1419   0.0294   0.0066   21.57   20/20      0
      16   +0.1527   0.0442   0.0099   15.44   20/20      0
      32   +0.1812   0.0639   0.0143   12.69   20/20      0
      64   +0.2152   0.0840   0.0188   11.45   20/20      0
     128   +0.2624   0.1071   0.0239   10.96   20/20      0

=== bivariate-normal extrapolation (validate on K<=31 first) ===
  mean within-slate Pearson rho: mean-delta=+0.802, linear=+0.970, UNet=+0.980, oracle=+0.992

  model                  K=2        K=4        K=8        K=16       K=32       K=64       K=128      K=64       K=128      K=256      K=1000   
  mean-delta             0.591      0.736      0.774      0.787      0.792      0.796      0.797      0.796      0.797      0.799      0.801    
  linear                 0.842      0.944      0.959      0.963      0.965      0.966      0.967      0.966      0.967      0.968      0.968    
  UNet                   0.874      0.961      0.972      0.975      0.977      0.978      0.978      0.978      0.978      0.979      0.979    
  oracle                 1.000      1.000      1.000      1.000      1.000      1.000      1.000      1.000      1.000      1.000      1.000    

wrote runs_expB/n20_L40mm_kcurve_sampled.json
