cache=runs_expB/n20_L10mm_dv_cache.pt goal=corner n_slates=20 provenance=46e2db69 dirty=False

=== slateK_exact (closed form) ===
model            K=2        K=4        K=8        K=16       K=32       K=64       K=128    
persistence      0.0202     0.0208     -0.0017    -0.0217    -0.0289    -0.0314    -0.0367  
mean-delta       0.3107     0.1830     0.0637     -0.0027    -0.0283    -0.0401    -0.0426  
linear           0.7869     0.7934     0.8249     0.8761     0.9125     0.9178     0.9132   
UNet             0.8240     0.8608     0.8806     0.8912     0.8905     0.8847     0.8898   
oracle           1.0000     1.0000     1.0000     1.0000     1.0000     1.0000     1.0000   

=== worstK (adversarial pool) ===
model            K=2        K=4        K=8        K=16       K=32       K=64       K=128    
persistence      1.4822     1.4810     1.4810     1.4810     1.4349     1.3881     1.0367   
mean-delta       1.3235     1.3235     1.3235     1.3235     1.3076     1.2498     1.0426   
linear           0.6232     0.6209     0.5545     0.5356     0.5242     0.5013     -0.0997  
UNet             0.6515     0.6074     0.5957     0.5918     0.5918     0.5913     -0.0784  
oracle           0.0000     0.0000     0.0000     0.0000     0.0000     0.0000     -0.2516  

=== rank_profile (true percentile of the model's r-th pick) ===
model            r=1       r=2       r=3       r=4       r=8       r=16      r=32      r=64      r=128   
persistence      0.271     0.293     0.222     0.299     0.211     0.277     0.358     0.279     0.255   
mean-delta       0.250     0.258     0.231     0.234     0.248     0.262     0.338     0.354     0.258   
linear           0.005     0.018     0.028     0.037     0.076     0.218     0.226     0.277     0.764   
UNet             0.006     0.029     0.027     0.038     0.076     0.182     0.225     0.258     0.986   
oracle           0.000     0.008     0.016     0.023     0.055     0.116     0.230     0.258     0.992   

=== paired slateK_exact differences ===

  UNet - linear
    K=   2 mean=+0.0370 sem=0.0266 t=+1.39 wins=17/20 ties=0
    K=   4 mean=+0.0675 sem=0.0192 t=+3.51 wins=18/20 ties=0
    K=   8 mean=+0.0557 sem=0.0130 t=+4.30 wins=18/20 ties=0
    K=  16 mean=+0.0151 sem=0.0126 t=+1.20 wins=14/20 ties=0
    K=  32 mean=-0.0221 sem=0.0220 t=-1.00 wins=9/20 ties=0
    K=  64 mean=-0.0331 sem=0.0328 t=-1.01 wins=9/20 ties=0
    K= 128 mean=-0.0235 sem=0.0462 t=-0.51 wins=2/20 ties=15

  oracle - linear
    K=   2 mean=+0.2131 sem=0.0196 t=+10.87 wins=20/20 ties=0
    K=   4 mean=+0.2066 sem=0.0164 t=+12.62 wins=20/20 ties=0
    K=   8 mean=+0.1751 sem=0.0142 t=+12.29 wins=20/20 ties=0
    K=  16 mean=+0.1239 sem=0.0125 t=+9.90 wins=20/20 ties=0
    K=  32 mean=+0.0875 sem=0.0133 t=+6.56 wins=20/20 ties=0
    K=  64 mean=+0.0822 sem=0.0222 t=+3.70 wins=20/20 ties=0
    K= 128 mean=+0.0868 sem=0.0373 t=+2.33 wins=6/20 ties=14

  linear - mean-delta
    K=   2 mean=+0.4762 sem=0.0197 t=+24.19 wins=20/20 ties=0
    K=   4 mean=+0.6104 sem=0.0199 t=+30.60 wins=20/20 ties=0
    K=   8 mean=+0.7612 sem=0.0193 t=+39.39 wins=20/20 ties=0
    K=  16 mean=+0.8788 sem=0.0168 t=+52.35 wins=20/20 ties=0
    K=  32 mean=+0.9409 sem=0.0166 t=+56.72 wins=20/20 ties=0
    K=  64 mean=+0.9579 sem=0.0231 t=+41.42 wins=20/20 ties=0
    K= 128 mean=+0.9559 sem=0.0374 t=+25.58 wins=20/20 ties=0

wrote runs_expB/n20_L10mm_kcurve_exact.json
