cache: runs_expB/n20_L10mm_dv_cache.pt  goal=corner  provenance=46e2db69 dirty=False
20 slates used (sizes: [128])

=== slateK: fraction of the oracle's advantage over a random pick ===
model                  K=2        K=4        K=8        K=16       K=32       K=64       K=128    
persistence            -0.002±0.017  -0.003±0.015  0.003±0.010  0.001±0.005  -0.002±0.003  -0.002±0.002  0.056±0.117
mean-delta             0.225±0.028  0.172±0.026  0.094±0.031  0.012±0.030  -0.028±0.026  -0.041±0.021  -0.043±0.023
linear                 0.533±0.035  0.586±0.030  0.651±0.034  0.772±0.031  0.882±0.021  0.911±0.034  0.913±0.070
UNet                   0.574±0.061  0.682±0.054  0.740±0.051  0.829±0.029  0.875±0.039  0.876±0.055  0.890±0.079
oracle                 1.000±0.000  1.000±0.000  1.000±0.000  1.000±0.000  1.000±0.000  1.000±0.000  1.000±0.000

=== regret_dv (chosen - best, Lyapunov units; lower better) ===
model                  K=2        K=4        K=8        K=16       K=32       K=64       K=128    
persistence            0.0018     0.0043     0.0079     0.0122     0.0168     0.0213     0.0248   
mean-delta             0.0012     0.0034     0.0073     0.0122     0.0172     0.0221     0.0269   
linear                 0.0004     0.0008     0.0013     0.0014     0.0014     0.0016     0.0020   
UNet                   0.0003     0.0006     0.0009     0.0013     0.0018     0.0024     0.0027   
oracle                 0.0000     0.0000     0.0000     0.0000     0.0000     0.0000     0.0000   

=== pick_pctile (fraction of the subset better than the pick) ===
model                  K=2        K=4        K=8        K=16       K=32       K=64       K=128    
persistence            0.135      0.204      0.238      0.255      0.264      0.269      0.286    
mean-delta             0.105      0.167      0.206      0.228      0.241      0.248      0.250    
linear                 0.063      0.082      0.072      0.047      0.023      0.011      0.005    
UNet                   0.057      0.064      0.056      0.038      0.021      0.014      0.006    
oracle                 0.000      0.000      0.000      0.000      0.000      0.000      0.000    

=== paired differences (per slate; sem is the floor, not the sd) ===

  UNet - linear
       K      mean       sd      sem       t     wins  ties
       2   +0.0412   0.1376   0.0308    1.34   13/20      1
       4   +0.0961   0.1133   0.0253    3.79   16/20      0
       8   +0.0887   0.1261   0.0282    3.15   17/20      0
      16   +0.0571   0.0659   0.0147    3.88   16/20      0
      32   -0.0071   0.0795   0.0178   -0.40   12/20      0
      64   -0.0353   0.1402   0.0313   -1.13    9/20      0
     128   -0.0235   0.2066   0.0462   -0.51    2/20     15

  oracle - linear
       K      mean       sd      sem       t     wins  ties
       2   +0.4670   0.0836   0.0187   24.98   20/20      0
       4   +0.4136   0.0709   0.0159   26.08   20/20      0
       8   +0.3488   0.0796   0.0178   19.59   20/20      0
      16   +0.2277   0.0730   0.0163   13.94   20/20      0
      32   +0.1175   0.0506   0.0113   10.39   20/20      0
      64   +0.0887   0.0818   0.0183    4.85   20/20      0
     128   +0.0868   0.1669   0.0373    2.33    6/20     14

  linear - mean-delta
       K      mean       sd      sem       t     wins  ties
       2   +0.3077   0.0856   0.0191   16.08   20/20      0
       4   +0.4146   0.0749   0.0167   24.77   20/20      0
       8   +0.5568   0.0879   0.0196   28.33   20/20      0
      16   +0.7602   0.0883   0.0197   38.51   20/20      0
      32   +0.9103   0.0660   0.0148   61.71   20/20      0
      64   +0.9521   0.0897   0.0201   47.44   20/20      0
     128   +0.9559   0.1671   0.0374   25.58   20/20      0

=== bivariate-normal extrapolation (validate on K<=31 first) ===
  mean within-slate Pearson rho: mean-delta=+0.182, linear=+0.697, UNet=+0.763, oracle=+0.992

  model                  K=2        K=4        K=8        K=16       K=32       K=64       K=128      K=64       K=128      K=256      K=1000   
  mean-delta             0.118      0.158      0.178      0.181      0.183      0.184      0.185      0.184      0.185      0.184      0.183    
  linear                 0.490      0.629      0.668      0.682      0.688      0.692      0.694      0.692      0.694      0.696      0.698    
  UNet                   0.552      0.695      0.734      0.746      0.752      0.757      0.758      0.757      0.758      0.761      0.763    
  oracle                 1.000      1.000      1.000      1.000      1.000      1.000      1.000      1.000      1.000      1.000      1.000    

wrote runs_expB/n20_L10mm_kcurve_sampled.json
