cache: runs_expB/n20_L20mm_dv_cache.pt  goal=corner  provenance=4afea641 dirty=False
20 slates used (sizes: [128])

=== slateK: fraction of the oracle's advantage over a random pick ===
model                  K=2        K=4        K=8        K=16       K=32       K=64       K=128    
persistence            0.005±0.012  0.005±0.010  0.003±0.008  0.003±0.007  0.002±0.006  0.002±0.005  -0.094±0.225
mean-delta             0.360±0.027  0.468±0.029  0.458±0.046  0.407±0.062  0.352±0.073  0.302±0.080  0.287±0.106
linear                 0.752±0.018  0.897±0.011  0.944±0.008  0.966±0.006  0.970±0.008  0.967±0.013  0.967±0.027
UNet                   0.810±0.018  0.932±0.009  0.964±0.006  0.975±0.004  0.975±0.007  0.977±0.010  0.982±0.021
oracle                 1.000±0.000  1.000±0.000  1.000±0.000  1.000±0.000  1.000±0.000  1.000±0.000  1.000±0.000

=== regret_dv (chosen - best, Lyapunov units; lower better) ===
model                  K=2        K=4        K=8        K=16       K=32       K=64       K=128    
persistence            0.0118     0.0206     0.0295     0.0377     0.0445     0.0496     0.0571   
mean-delta             0.0053     0.0093     0.0155     0.0228     0.0297     0.0355     0.0382   
linear                 0.0008     0.0010     0.0010     0.0010     0.0012     0.0016     0.0019   
UNet                   0.0004     0.0006     0.0007     0.0007     0.0009     0.0010     0.0009   
oracle                 0.0000     0.0000     0.0000     0.0000     0.0000     0.0000     0.0000   

=== pick_pctile (fraction of the subset better than the pick) ===
model                  K=2        K=4        K=8        K=16       K=32       K=64       K=128    
persistence            0.240      0.361      0.422      0.452      0.467      0.475      0.495    
mean-delta             0.155      0.214      0.240      0.253      0.260      0.264      0.249    
linear                 0.060      0.058      0.035      0.018      0.010      0.007      0.004    
UNet                   0.046      0.045      0.026      0.015      0.010      0.006      0.004    
oracle                 0.000      0.000      0.000      0.000      0.000      0.000      0.000    

=== paired differences (per slate; sem is the floor, not the sd) ===

  UNet - linear
       K      mean       sd      sem       t     wins  ties
       2   +0.0582   0.0397   0.0089    6.56   20/20      0
       4   +0.0346   0.0211   0.0047    7.32   20/20      0
       8   +0.0199   0.0188   0.0042    4.74   18/20      0
      16   +0.0091   0.0155   0.0035    2.61   14/20      0
      32   +0.0055   0.0235   0.0053    1.04   12/20      0
      64   +0.0095   0.0438   0.0098    0.97   12/20      0
     128   +0.0151   0.0909   0.0203    0.75    5/20      9

  oracle - linear
       K      mean       sd      sem       t     wins  ties
       2   +0.2479   0.0424   0.0095   26.16   20/20      0
       4   +0.1029   0.0254   0.0057   18.12   20/20      0
       8   +0.0558   0.0190   0.0042   13.15   20/20      0
      16   +0.0344   0.0141   0.0031   10.95   20/20      0
      32   +0.0302   0.0191   0.0043    7.07   20/20      0
      64   +0.0327   0.0317   0.0071    4.62   20/20      0
     128   +0.0330   0.0642   0.0144    2.30    6/20     14

  linear - mean-delta
       K      mean       sd      sem       t     wins  ties
       2   +0.3921   0.0564   0.0126   31.10   20/20      0
       4   +0.4290   0.0726   0.0162   26.44   20/20      0
       8   +0.4863   0.1070   0.0239   20.32   20/20      0
      16   +0.5589   0.1454   0.0325   17.19   20/20      0
      32   +0.6178   0.1717   0.0384   16.09   20/20      0
      64   +0.6652   0.1835   0.0410   16.21   20/20      0
     128   +0.6799   0.2379   0.0532   12.78   20/20      0

=== bivariate-normal extrapolation (validate on K<=31 first) ===
  mean within-slate Pearson rho: mean-delta=+0.392, linear=+0.897, UNet=+0.938, oracle=+0.992

  model                  K=2        K=4        K=8        K=16       K=32       K=64       K=128      K=64       K=128      K=256      K=1000   
  mean-delta             0.256      0.346      0.377      0.385      0.389      0.392      0.395      0.392      0.395      0.394      0.394    
  linear                 0.707      0.844      0.874      0.883      0.888      0.891      0.892      0.891      0.892      0.893      0.895    
  UNet                   0.774      0.897      0.920      0.927      0.931      0.933      0.934      0.933      0.934      0.935      0.936    
  oracle                 1.000      1.000      1.000      1.000      1.000      1.000      1.000      1.000      1.000      1.000      1.000    

wrote runs_expB/n20_L20mm_kcurve_sampled.json
