   L(mm)     L(px)      corr          L2    L2/|a|
    0.00     0.000    1.0000      0.0000    0.0000
    0.20     0.100    0.9971      0.2483    0.0747
    0.40     0.200    0.9887      0.4963    0.1489
    0.60     0.300    0.9748      0.7436    0.2222
    0.80     0.400    0.9558      0.9900    0.2940
    1.00     0.500    0.9322      1.2350    0.3640
    1.20     0.600    0.9046      1.4784    0.4319
    1.40     0.700    0.8736      1.7199    0.4973
    1.60     0.800    0.8398      1.9593    0.5599
    1.80     0.900    0.8038      2.1962    0.6197
    2.00     1.000    0.7662      2.4305    0.6765
    2.20     1.100    0.7420      2.5184    0.7106
    2.40     1.200    0.7159      2.6088    0.7456
    2.60     1.300    0.6882      2.7017    0.7811
    2.80     1.400    0.6588      2.7967    0.8170
    3.00     1.500    0.6279      2.8940    0.8531
    3.20     1.600    0.5958      2.9934    0.8890
    3.40     1.700    0.5627      3.0948    0.9246
    3.60     1.800    0.5289      3.1982    0.9597
    3.80     1.900    0.4947      3.3036    0.9939
    4.00     2.000    0.4604      3.4108    1.0270
    4.20     2.100    0.4264      3.5199    1.0589
    4.40     2.200    0.3929      3.6307    1.0894
    4.60     2.300    0.3603      3.7432    1.1184
    4.80     2.400    0.3288      3.8573    1.1456
    5.00     2.500    0.2988      3.9729    1.1711
    5.50     2.750    0.2306      4.2679    1.2270
    6.76     3.381    0.1269      4.4817    1.3068
    8.03     4.013    0.0624      4.4961    1.3538
    9.29     4.644    0.0197      4.7614    1.3848
   10.55     5.275   -0.0010      4.8538    1.3995
   11.81     5.907   -0.0117      4.6740    1.4063
   13.08     6.538   -0.0173      4.8009    1.4105
   14.34     7.169   -0.0196      4.9613    1.4125
   15.60     7.801   -0.0217      4.7100    1.4133
   16.86     8.432   -0.0222      4.7712    1.4138
   18.13     9.064   -0.0215      5.0358    1.4140
   19.39     9.695   -0.0228      4.7344    1.4141
   20.65    10.326   -0.0228      4.7400    1.4142
   21.92    10.958   -0.0217      5.0510    1.4142
   23.18    11.589   -0.0228      4.7653    1.4142
   24.44    12.220   -0.0230      4.7166    1.4142
   25.70    12.852   -0.0219      4.9805    1.4142
   26.97    13.483   -0.0226      4.8046    1.4142
   28.23    14.114   -0.0231      4.7020    1.4142
   29.49    14.746   -0.0222      4.9168    1.4142
   30.75    15.377   -0.0224      4.8520    1.4142
   32.02    16.008   -0.0231      4.6967    1.4142
   33.28    16.640   -0.0224      4.8604    1.4142
   34.54    17.271   -0.0222      4.9073    1.4142
   35.81    17.903   -0.0231      4.7006    1.4142
   37.07    18.534   -0.0226      4.8116    1.4142
   38.33    19.165   -0.0220      4.9699    1.4142
   39.59    19.797   -0.0230      4.7136    1.4142
   40.86    20.428   -0.0228      4.7711    1.4142
   42.12    21.059   -0.0217      5.0393    1.4142
   43.38    21.691   -0.0229      4.7358    1.4142
   44.64    22.322   -0.0229      4.7390    1.4142
   45.91    22.953   -0.0217      5.0481    1.4142
   47.17    23.585   -0.0228      4.7668    1.4142
   48.43    24.216   -0.0230      4.7158    1.4142
   49.69    24.847   -0.0220      4.9779    1.4142
   50.96    25.479   -0.0226      4.8063    1.4142
   52.22    26.110   -0.0231      4.7016    1.4142
   53.48    26.742   -0.0222      4.9144    1.4142
   54.75    27.373   -0.0224      4.8541    1.4142
   56.01    28.004   -0.0231      4.6967    1.4142
   57.27    28.636   -0.0224      4.8583    1.4142
   58.53    29.267   -0.0222      4.9097    1.4142
   59.80    29.898   -0.0231      4.7009    1.4142
   61.06    30.530   -0.0226      4.8099    1.4142
   62.32    31.161   -0.0220      4.9725    1.4142
   63.58    31.792   -0.0230      4.7143    1.4142
   64.85    32.424   -0.0228      4.7696    1.4142
   66.11    33.055   -0.0217      5.0422    1.4142
   67.37    33.686   -0.0229      4.7368    1.4142
   68.64    34.318   -0.0229      4.7379    1.4142
   69.90    34.949   -0.0217      5.0452    1.4142
   71.16    35.581   -0.0228      4.7682    1.4142
   72.42    36.212   -0.0230      4.7151    1.4142
   73.69    36.843   -0.0220      4.9752    1.4142
   74.95    37.475   -0.0226      4.8081    1.4142
   76.21    38.106   -0.0231      4.7013    1.4142
   77.47    38.737   -0.0222      4.9120    1.4142
   78.74    39.369   -0.0224      4.8562    1.4142
   80.00    40.000   -0.0231      4.6966    1.4142

Indistinguishable (corr>0.99 and L2<10% of channel norm) up to L=0.20mm
corr first drops below 0.999: L=0.20mm
corr first drops below 0.99: L=0.40mm
corr first drops below 0.95: L=1.00mm
corr first drops below 0.9: L=1.40mm
corr first drops below 0.5: L=3.80mm
